
===========================================================================
report_checks -unconstrained
===========================================================================
======================= max_ss_100C_1v60 Corner ===================================

Startpoint: reset (input port clocked by clk)
Endpoint: _7169_ (recovery check against rising-edge clock clk)
Path Group: asynchronous
Path Type: max

Fanout         Cap        Slew       Delay        Time   Description
---------------------------------------------------------------------------------------------
                                  0.000000    0.000000   clock clk (rise edge)
                                  0.000000    0.000000   clock network delay (propagated)
                                  5.000000    5.000000 v input external delay
     1    0.003512    0.021213    0.011521    5.011521 v reset (in)
                                                         reset (net)
                      0.021214    0.000000    5.011521 v input453/A (sky130_fd_sc_hd__clkdlybuf4s25_1)
     4    0.052071    0.695157    0.906186    5.917707 v input453/X (sky130_fd_sc_hd__clkdlybuf4s25_1)
                                                         net453 (net)
                      0.695794    0.014619    5.932326 v fanout49/A (sky130_fd_sc_hd__buf_1)
     2    0.037952    0.428340    0.676946    6.609272 v fanout49/X (sky130_fd_sc_hd__buf_1)
                                                         net49 (net)
                      0.428368    0.003665    6.612936 v wire571/A (sky130_fd_sc_hd__buf_2)
     6    0.056979    0.260381    0.578583    7.191519 v wire571/X (sky130_fd_sc_hd__buf_2)
                                                         net571 (net)
                      0.261003    0.011240    7.202759 v fanout45/A (sky130_fd_sc_hd__clkdlybuf4s25_1)
     6    0.039298    0.528931    0.895547    8.098307 v fanout45/X (sky130_fd_sc_hd__clkdlybuf4s25_1)
                                                         net45 (net)
                      0.528935    0.002339    8.100646 v fanout42/A (sky130_fd_sc_hd__clkdlybuf4s25_1)
     8    0.039502    0.531831    0.991599    9.092244 v fanout42/X (sky130_fd_sc_hd__clkdlybuf4s25_1)
                                                         net42 (net)
                      0.531831    0.000962    9.093206 v fanout41/A (sky130_fd_sc_hd__clkdlybuf4s25_1)
     5    0.027294    0.376296    0.877072    9.970278 v fanout41/X (sky130_fd_sc_hd__clkdlybuf4s25_1)
                                                         net41 (net)
                      0.376296    0.001177    9.971455 v _6449_/A (sky130_fd_sc_hd__inv_2)
     1    0.005715    0.111827    0.186838   10.158293 ^ _6449_/Y (sky130_fd_sc_hd__inv_2)
                                                         _0190_ (net)
                      0.111827    0.000183   10.158476 ^ _7169_/RESET_B (sky130_fd_sc_hd__dfrtp_2)
                                             10.158476   data arrival time

                                 25.000000   25.000000   clock clk (rise edge)
                                  0.000000   25.000000   clock source latency
     1    0.046119    0.331873    0.236012   25.236012 ^ clk (in)
                                                         clk (net)
                      0.332265    0.000000   25.236012 ^ clkbuf_0_clk/A (sky130_fd_sc_hd__clkbuf_16)
     8    0.153505    0.254155    0.481322   25.717333 ^ clkbuf_0_clk/X (sky130_fd_sc_hd__clkbuf_16)
                                                         clknet_0_clk (net)
                      0.255511    0.014392   25.731726 ^ clkbuf_3_5__f_clk/A (sky130_fd_sc_hd__clkbuf_16)
     6    0.076930    0.144736    0.371283   26.103008 ^ clkbuf_3_5__f_clk/X (sky130_fd_sc_hd__clkbuf_16)
                                                         clknet_3_5__leaf_clk (net)
                      0.145079    0.006077   26.109085 ^ clkbuf_leaf_7_clk/A (sky130_fd_sc_hd__clkbuf_16)
    15    0.059067    0.119537    0.304079   26.413164 ^ clkbuf_leaf_7_clk/X (sky130_fd_sc_hd__clkbuf_16)
                                                         clknet_leaf_7_clk (net)
                      0.119784    0.004629   26.417793 ^ _7169_/CLK (sky130_fd_sc_hd__dfrtp_2)
                                 -0.100000   26.317793   clock uncertainty
                                  0.000000   26.317793   clock reconvergence pessimism
                                  0.443373   26.761166   library recovery time
                                             26.761166   data required time
---------------------------------------------------------------------------------------------
                                             26.761166   data required time
                                            -10.158476   data arrival time
---------------------------------------------------------------------------------------------
                                             16.602692   slack (MET)


Startpoint: _6983_ (rising edge-triggered flip-flop clocked by clk)
Endpoint: alu_result_out[0] (output port clocked by clk)
Path Group: clk
Path Type: max

Fanout         Cap        Slew       Delay        Time   Description
---------------------------------------------------------------------------------------------
                                  0.000000    0.000000   clock clk (rise edge)
                                  0.000000    0.000000   clock source latency
     1    0.046119    0.331873    0.236012    0.236012 ^ clk (in)
                                                         clk (net)
                      0.332265    0.000000    0.236012 ^ clkbuf_0_clk/A (sky130_fd_sc_hd__clkbuf_16)
     8    0.153505    0.254155    0.481323    0.717335 ^ clkbuf_0_clk/X (sky130_fd_sc_hd__clkbuf_16)
                                                         clknet_0_clk (net)
                      0.255325    0.013307    0.730642 ^ clkbuf_3_4__f_clk/A (sky130_fd_sc_hd__clkbuf_16)
     6    0.097926    0.174061    0.394246    1.124888 ^ clkbuf_3_4__f_clk/X (sky130_fd_sc_hd__clkbuf_16)
                                                         clknet_3_4__leaf_clk (net)
                      0.174339    0.004221    1.129109 ^ clkbuf_leaf_5_clk/A (sky130_fd_sc_hd__clkbuf_16)
    15    0.065760    0.128749    0.324615    1.453724 ^ clkbuf_leaf_5_clk/X (sky130_fd_sc_hd__clkbuf_16)
                                                         clknet_leaf_5_clk (net)
                      0.128842    0.003182    1.456906 ^ _6983_/CLK (sky130_fd_sc_hd__dfrtp_2)
     9    0.056613    0.304459    1.071457    2.528363 v _6983_/Q (sky130_fd_sc_hd__dfrtp_2)
                                                         net252 (net)
                      0.304495    0.003257    2.531620 v place444/A (sky130_fd_sc_hd__buf_2)
    10    0.043781    0.204846    0.485433    3.017052 v place444/X (sky130_fd_sc_hd__buf_2)
                                                         net444 (net)
                      0.204860    0.001847    3.018900 v _3313_/A_N (sky130_fd_sc_hd__nand4b_4)
    10    0.078697    0.737547    0.821828    3.840727 v _3313_/Y (sky130_fd_sc_hd__nand4b_4)
                                                         _1263_ (net)
                      0.737604    0.005428    3.846155 v _3314_/B (sky130_fd_sc_hd__or2_2)
     8    0.052919    0.335959    1.181251    5.027406 v _3314_/X (sky130_fd_sc_hd__or2_2)
                                                         _1264_ (net)
                      0.336004    0.003850    5.031257 v _3319_/C (sky130_fd_sc_hd__and4b_4)
     2    0.012127    0.076439    0.497984    5.529241 v _3319_/X (sky130_fd_sc_hd__and4b_4)
                                                         _1269_ (net)
                      0.076439    0.000838    5.530079 v _3339_/A1 (sky130_fd_sc_hd__a211oi_4)
     3    0.018126    0.451539    0.494174    6.024253 ^ _3339_/Y (sky130_fd_sc_hd__a211oi_4)
                                                         _1287_ (net)
                      0.451541    0.001634    6.025887 ^ max_cap558/A (sky130_fd_sc_hd__buf_2)
     7    0.030194    0.243829    0.480833    6.506720 ^ max_cap558/X (sky130_fd_sc_hd__buf_2)
                                                         net558 (net)
                      0.243833    0.001506    6.508226 ^ _3358_/A1 (sky130_fd_sc_hd__o211a_4)
     8    0.049729    0.265264    0.563909    7.072135 ^ _3358_/X (sky130_fd_sc_hd__o211a_4)
                                                         _1304_ (net)
                      0.265292    0.003212    7.075347 ^ place316/A (sky130_fd_sc_hd__buf_2)
     7    0.039519    0.312067    0.457783    7.533130 ^ place316/X (sky130_fd_sc_hd__buf_2)
                                                         net316 (net)
                      0.312119    0.003967    7.537097 ^ place315/A (sky130_fd_sc_hd__buf_2)
    10    0.065070    0.501312    0.608916    8.146013 ^ place315/X (sky130_fd_sc_hd__buf_2)
                                                         net315 (net)
                      0.501539    0.008879    8.154892 ^ _3576_/A2 (sky130_fd_sc_hd__a221oi_2)
     3    0.011786    0.192914    0.340590    8.495481 v _3576_/Y (sky130_fd_sc_hd__a221oi_2)
                                                         _1512_ (net)
                      0.192915    0.000662    8.496143 v _3591_/B (sky130_fd_sc_hd__nor4b_1)
     1    0.006961    0.679684    0.751617    9.247760 ^ _3591_/Y (sky130_fd_sc_hd__nor4b_1)
                                                         _1527_ (net)
                      0.679684    0.000389    9.248149 ^ wire556/A (sky130_fd_sc_hd__clkdlybuf4s25_1)
     2    0.006792    0.131610    0.731641    9.979790 ^ wire556/X (sky130_fd_sc_hd__clkdlybuf4s25_1)
                                                         net556 (net)
                      0.131610    0.000278    9.980067 ^ wire555/A (sky130_fd_sc_hd__clkdlybuf4s25_1)
     1    0.006313    0.124374    0.528848   10.508916 ^ wire555/X (sky130_fd_sc_hd__clkdlybuf4s25_1)
                                                         net555 (net)
                      0.124374    0.000299   10.509215 ^ _4296_/A2 (sky130_fd_sc_hd__a21oi_2)
     1    0.006166    0.133968    0.141879   10.651093 v _4296_/Y (sky130_fd_sc_hd__a21oi_2)
                                                         _2164_ (net)
                      0.133968    0.000440   10.651533 v _4297_/B (sky130_fd_sc_hd__nor2_2)
     1    0.003656    0.117833    0.155234   10.806767 ^ _4297_/Y (sky130_fd_sc_hd__nor2_2)
                                                         _2165_ (net)
                      0.117833    0.000250   10.807018 ^ _4298_/C1 (sky130_fd_sc_hd__a211o_2)
     1    0.004805    0.068812    0.193584   11.000602 ^ _4298_/X (sky130_fd_sc_hd__a211o_2)
                                                         _2166_ (net)
                      0.068812    0.000334   11.000936 ^ _4299_/B1 (sky130_fd_sc_hd__a21o_2)
     5    0.030185    0.247760    0.296066   11.297002 ^ _4299_/X (sky130_fd_sc_hd__a21o_2)
                                                         _2167_ (net)
                      0.247791    0.002841   11.299843 ^ _4370_/A1 (sky130_fd_sc_hd__a211o_2)
     4    0.027372    0.221344    0.453518   11.753362 ^ _4370_/X (sky130_fd_sc_hd__a211o_2)
                                                         _2238_ (net)
                      0.221365    0.002262   11.755624 ^ _4378_/A3 (sky130_fd_sc_hd__a31o_4)
     5    0.034403    0.193580    0.478845   12.234468 ^ _4378_/X (sky130_fd_sc_hd__a31o_4)
                                                         _2246_ (net)
                      0.193773    0.005468   12.239937 ^ _4384_/B (sky130_fd_sc_hd__nand3_2)
     2    0.007273    0.140785    0.219322   12.459259 v _4384_/Y (sky130_fd_sc_hd__nand3_2)
                                                         _2252_ (net)
                      0.140785    0.000465   12.459723 v _4443_/A2 (sky130_fd_sc_hd__a2111o_2)
     3    0.012121    0.160361    0.986160   13.445883 v _4443_/X (sky130_fd_sc_hd__a2111o_2)
                                                         _2311_ (net)
                      0.160529    0.000489   13.446372 v _4454_/A1 (sky130_fd_sc_hd__a211o_2)
     2    0.008852    0.112281    0.639273   14.085645 v _4454_/X (sky130_fd_sc_hd__a211o_2)
                                                         _2322_ (net)
                      0.112281    0.000515   14.086161 v _4455_/C1 (sky130_fd_sc_hd__o211a_2)
     2    0.012971    0.116644    0.278309   14.364470 v _4455_/X (sky130_fd_sc_hd__o211a_2)
                                                         _2323_ (net)
                      0.116646    0.000689   14.365158 v _4457_/A2 (sky130_fd_sc_hd__o21a_2)
     3    0.013566    0.108797    0.435464   14.800623 v _4457_/X (sky130_fd_sc_hd__o21a_2)
                                                         _2325_ (net)
                      0.108798    0.000526   14.801148 v _4459_/A2 (sky130_fd_sc_hd__o211a_2)
     3    0.045131    0.244245    0.648641   15.449789 v _4459_/X (sky130_fd_sc_hd__o211a_2)
                                                         _2327_ (net)
                      0.244704    0.009278   15.459067 v _4465_/A (sky130_fd_sc_hd__nor2_2)
     2    0.028167    0.521991    0.541160   16.000227 ^ _4465_/Y (sky130_fd_sc_hd__nor2_2)
                                                         _2333_ (net)
                      0.522006    0.002341   16.002569 ^ _5650_/A (sky130_fd_sc_hd__inv_2)
     1    0.022668    0.167278    0.296568   16.299137 v _5650_/Y (sky130_fd_sc_hd__inv_2)
                                                         net454 (net)
                      0.167293    0.001640   16.300776 v output454/A (sky130_fd_sc_hd__clkdlybuf4s25_1)
     1    0.035114    0.474900    0.819249   17.120026 v output454/X (sky130_fd_sc_hd__clkdlybuf4s25_1)
                                                         alu_result_out[0] (net)
                      0.474903    0.001858   17.121883 v alu_result_out[0] (out)
                                             17.121883   data arrival time

                                 25.000000   25.000000   clock clk (rise edge)
                                  0.000000   25.000000   clock network delay (propagated)
                                 -0.100000   24.900000   clock uncertainty
                                  0.000000   24.900000   clock reconvergence pessimism
                                 -5.000000   19.899998   output external delay
                                             19.899998   data required time
---------------------------------------------------------------------------------------------
                                             19.899998   data required time
                                            -17.121883   data arrival time
---------------------------------------------------------------------------------------------
                                              2.778116   slack (MET)




===========================================================================
report_checks --slack_max -0.01
============================================================================
======================= max_ss_100C_1v60 Corner ===================================

No paths found.


===========================================================================
 report_check_types -max_slew -max_cap -max_fanout -violators
============================================================================
======================= max_ss_100C_1v60 Corner ===================================

max fanout

Pin                                   Limit Fanout  Slack
---------------------------------------------------------
clkbuf_leaf_22_clk/X                     10     22    -12 (VIOLATED)
clkbuf_leaf_25_clk/X                     10     22    -12 (VIOLATED)
clkbuf_leaf_41_clk/X                     10     21    -11 (VIOLATED)
clkbuf_leaf_26_clk/X                     10     20    -10 (VIOLATED)
clkbuf_leaf_27_clk/X                     10     20    -10 (VIOLATED)
clkbuf_leaf_29_clk/X                     10     20    -10 (VIOLATED)
clkbuf_leaf_31_clk/X                     10     20    -10 (VIOLATED)
clkbuf_leaf_33_clk/X                     10     20    -10 (VIOLATED)
clkbuf_leaf_1_clk/X                      10     19     -9 (VIOLATED)
clkbuf_leaf_21_clk/X                     10     19     -9 (VIOLATED)
clkbuf_leaf_23_clk/X                     10     19     -9 (VIOLATED)
clkbuf_leaf_24_clk/X                     10     19     -9 (VIOLATED)
clkbuf_leaf_32_clk/X                     10     19     -9 (VIOLATED)
clkbuf_leaf_39_clk/X                     10     19     -9 (VIOLATED)
clkbuf_leaf_8_clk/X                      10     19     -9 (VIOLATED)
clkbuf_leaf_10_clk/X                     10     18     -8 (VIOLATED)
clkbuf_leaf_18_clk/X                     10     18     -8 (VIOLATED)
clkbuf_leaf_19_clk/X                     10     18     -8 (VIOLATED)
clkbuf_leaf_28_clk/X                     10     18     -8 (VIOLATED)
clkbuf_leaf_34_clk/X                     10     18     -8 (VIOLATED)
clkbuf_leaf_35_clk/X                     10     18     -8 (VIOLATED)
clkbuf_leaf_38_clk/X                     10     18     -8 (VIOLATED)
clkbuf_leaf_3_clk/X                      10     18     -8 (VIOLATED)
clkbuf_leaf_6_clk/X                      10     18     -8 (VIOLATED)
clkbuf_leaf_16_clk/X                     10     17     -7 (VIOLATED)
clkbuf_leaf_2_clk/X                      10     17     -7 (VIOLATED)
clkbuf_leaf_36_clk/X                     10     17     -7 (VIOLATED)
clkbuf_leaf_37_clk/X                     10     17     -7 (VIOLATED)
clkbuf_leaf_0_clk/X                      10     16     -6 (VIOLATED)
clkbuf_leaf_11_clk/X                     10     16     -6 (VIOLATED)
clkbuf_leaf_12_clk/X                     10     16     -6 (VIOLATED)
clkbuf_leaf_13_clk/X                     10     16     -6 (VIOLATED)
clkbuf_leaf_15_clk/X                     10     16     -6 (VIOLATED)
clkbuf_leaf_17_clk/X                     10     16     -6 (VIOLATED)
clkbuf_leaf_20_clk/X                     10     16     -6 (VIOLATED)
clkbuf_leaf_30_clk/X                     10     16     -6 (VIOLATED)
clkbuf_leaf_40_clk/X                     10     16     -6 (VIOLATED)
clkbuf_leaf_4_clk/X                      10     16     -6 (VIOLATED)
clkbuf_leaf_9_clk/X                      10     16     -6 (VIOLATED)
clkbuf_leaf_14_clk/X                     10     15     -5 (VIOLATED)
clkbuf_leaf_5_clk/X                      10     15     -5 (VIOLATED)
clkbuf_leaf_7_clk/X                      10     15     -5 (VIOLATED)



===========================================================================
report_parasitic_annotation -report_unannotated
============================================================================
Found 45 unannotated drivers.
 clkload0/X
 clkload1/X
 clkload10/Y
 clkload11/Y
 clkload12/Y
 clkload13/X
 clkload14/X
 clkload15/Y
 clkload16/X
 clkload17/Y
 clkload18/X
 clkload19/X
 clkload2/X
 clkload20/Y
 clkload21/Y
 clkload22/Y
 clkload23/X
 clkload24/X
 clkload25/Y
 clkload26/Y
 clkload27/Y
 clkload28/Y
 clkload29/Y
 clkload3/X
 clkload30/X
 clkload31/Y
 clkload32/X
 clkload33/Y
 clkload34/X
 clkload35/X
 clkload36/Y
 clkload37/Y
 clkload38/X
 clkload39/Y
 clkload4/X
 clkload5/X
 clkload6/X
 clkload7/Y
 clkload8/X
 clkload9/Y
 single_cycle_cpu/HI
 single_cycle_cpu_572/HI
 single_cycle_cpu_573/HI
 single_cycle_cpu_574/LO
 single_cycle_cpu_575/LO
Found 0 partially unannotated drivers.

===========================================================================
max slew violation count 0
max fanout violation count 42
max cap violation count 0
============================================================================

===========================================================================
check_setup -verbose -unconstrained_endpoints -multiple_clock -no_clock -no_input_delay -loops -generated_clocks
===========================================================================
