Clock: clk
Sources: clk 
Generated: no
Virtual: yes
Propagated: no
Period: 25.000000

===========================================================================
report_clock_properties
============================================================================
Clock                   Period          Waveform
----------------------------------------------------
clk                  25.000000    0.000000 12.500000

===========================================================================
report_clock_latency
============================================================================
Clock clk
rise -> rise
    min     max
0.000000 0.000000 source latency
1.394856         network latency _6941_/CLK
        1.465792 network latency _7015_/CLK
---------------
1.394856 1.465792 latency
        0.070937 skew

fall -> fall
    min     max
0.000000 0.000000 source latency
1.237195         network latency _6941_/CLK
        1.291048 network latency _7015_/CLK
---------------
1.237195 1.291048 latency
        0.053853 skew



===========================================================================
report_clock_min_period
============================================================================
clk period_min = 17.89 fmax = 55.90
