Clock: clk
Sources: clk 
Generated: no
Virtual: yes
Propagated: no
Period: 25.000000

===========================================================================
report_clock_properties
============================================================================
Clock                   Period          Waveform
----------------------------------------------------
clk                  25.000000    0.000000 12.500000

===========================================================================
report_clock_latency
============================================================================
Clock clk
rise -> rise
    min     max
0.000000 0.000000 source latency
0.796010         network latency _6738_/CLK
        0.834278 network latency _7395_/CLK
---------------
0.796010 0.834278 latency
        0.038267 skew

fall -> fall
    min     max
0.000000 0.000000 source latency
0.682531         network latency _6738_/CLK
        0.711158 network latency _7395_/CLK
---------------
0.682531 0.711158 latency
        0.028628 skew



===========================================================================
report_clock_min_period
============================================================================
clk period_min = 8.57 fmax = 116.63
