
===========================================================================
report_checks -unconstrained
===========================================================================
======================= max_ff_n40C_1v95 Corner ===================================

Startpoint: reset (input port clocked by clk)
Endpoint: _7217_ (recovery check against rising-edge clock clk)
Path Group: asynchronous
Path Type: max

Fanout         Cap        Slew       Delay        Time   Description
---------------------------------------------------------------------------------------------
                                  0.000000    0.000000   clock clk (rise edge)
                                  0.000000    0.000000   clock network delay (propagated)
                                  5.000000    5.000000 v input external delay
     3    0.020375    0.032799    0.022418    5.022418 v reset (in)
                                                         reset (net)
                      0.033088    0.000000    5.022418 v fanout51/A (sky130_fd_sc_hd__buf_1)
     1    0.028009    0.112517    0.129880    5.152298 v fanout51/X (sky130_fd_sc_hd__buf_1)
                                                         net51 (net)
                      0.112726    0.004046    5.156344 v wire582/A (sky130_fd_sc_hd__buf_2)
     6    0.057536    0.097826    0.169558    5.325902 v wire582/X (sky130_fd_sc_hd__buf_2)
                                                         net582 (net)
                      0.102192    0.016218    5.342121 v fanout39/A (sky130_fd_sc_hd__buf_1)
     1    0.020475    0.083567    0.134499    5.476619 v fanout39/X (sky130_fd_sc_hd__buf_1)
                                                         net39 (net)
                      0.083727    0.002814    5.479434 v wire579/A (sky130_fd_sc_hd__buf_2)
     5    0.073019    0.121186    0.176909    5.656342 v wire579/X (sky130_fd_sc_hd__buf_2)
                                                         net579 (net)
                      0.123004    0.011978    5.668321 v fanout29/A (sky130_fd_sc_hd__clkdlybuf4s25_1)
     5    0.047467    0.239437    0.355082    6.023403 v fanout29/X (sky130_fd_sc_hd__clkdlybuf4s25_1)
                                                         net29 (net)
                      0.239860    0.007812    6.031215 v fanout28/A (sky130_fd_sc_hd__clkdlybuf4s25_1)
     7    0.038516    0.196631    0.355706    6.386920 v fanout28/X (sky130_fd_sc_hd__clkdlybuf4s25_1)
                                                         net28 (net)
                      0.196640    0.001490    6.388411 v fanout26/A (sky130_fd_sc_hd__buf_2)
    10    0.088631    0.145428    0.236796    6.625207 v fanout26/X (sky130_fd_sc_hd__buf_2)
                                                         net26 (net)
                      0.145774    0.005958    6.631165 v _6497_/A (sky130_fd_sc_hd__inv_2)
     1    0.005605    0.045277    0.070129    6.701294 ^ _6497_/Y (sky130_fd_sc_hd__inv_2)
                                                         _0238_ (net)
                      0.045278    0.000299    6.701593 ^ _7217_/RESET_B (sky130_fd_sc_hd__dfrtp_2)
                                              6.701593   data arrival time

                                 25.000000   25.000000   clock clk (rise edge)
                                  0.000000   25.000000   clock source latency
     1    0.063436    0.215074    0.153410   25.153408 ^ clk (in)
                                                         clk (net)
                      0.215393    0.000000   25.153408 ^ clkbuf_0_clk/A (sky130_fd_sc_hd__clkbuf_16)
     8    0.155524    0.131330    0.185477   25.338886 ^ clkbuf_0_clk/X (sky130_fd_sc_hd__clkbuf_16)
                                                         clknet_0_clk (net)
                      0.136659    0.020695   25.359581 ^ clkbuf_3_0__f_clk/A (sky130_fd_sc_hd__clkbuf_16)
     6    0.108111    0.096405    0.156721   25.516300 ^ clkbuf_3_0__f_clk/X (sky130_fd_sc_hd__clkbuf_16)
                                                         clknet_3_0__leaf_clk (net)
                      0.096788    0.004963   25.521263 ^ clkbuf_leaf_39_clk/A (sky130_fd_sc_hd__clkbuf_16)
    15    0.064606    0.063276    0.127038   25.648302 ^ clkbuf_leaf_39_clk/X (sky130_fd_sc_hd__clkbuf_16)
                                                         clknet_leaf_39_clk (net)
                      0.063788    0.004457   25.652760 ^ _7217_/CLK (sky130_fd_sc_hd__dfrtp_2)
                                 -0.100000   25.552759   clock uncertainty
                                  0.000000   25.552759   clock reconvergence pessimism
                                  0.135046   25.687805   library recovery time
                                             25.687805   data required time
---------------------------------------------------------------------------------------------
                                             25.687805   data required time
                                             -6.701593   data arrival time
---------------------------------------------------------------------------------------------
                                             18.986210   slack (MET)


Startpoint: _6982_ (rising edge-triggered flip-flop clocked by clk)
Endpoint: alu_result_out[0] (output port clocked by clk)
Path Group: clk
Path Type: max

Fanout         Cap        Slew       Delay        Time   Description
---------------------------------------------------------------------------------------------
                                  0.000000    0.000000   clock clk (rise edge)
                                  0.000000    0.000000   clock source latency
     1    0.063436    0.215074    0.153410    0.153410 ^ clk (in)
                                                         clk (net)
                      0.215393    0.000000    0.153410 ^ clkbuf_0_clk/A (sky130_fd_sc_hd__clkbuf_16)
     8    0.155524    0.131330    0.185476    0.338886 ^ clkbuf_0_clk/X (sky130_fd_sc_hd__clkbuf_16)
                                                         clknet_0_clk (net)
                      0.135968    0.019333    0.358219 ^ clkbuf_3_4__f_clk/A (sky130_fd_sc_hd__clkbuf_16)
     6    0.106411    0.094511    0.157042    0.515261 ^ clkbuf_3_4__f_clk/X (sky130_fd_sc_hd__clkbuf_16)
                                                         clknet_3_4__leaf_clk (net)
                      0.095424    0.007413    0.522674 ^ clkbuf_leaf_3_clk/A (sky130_fd_sc_hd__clkbuf_16)
    16    0.064974    0.063547    0.126517    0.649191 ^ clkbuf_leaf_3_clk/X (sky130_fd_sc_hd__clkbuf_16)
                                                         clknet_leaf_3_clk (net)
                      0.063741    0.002768    0.651959 ^ _6982_/CLK (sky130_fd_sc_hd__dfrtp_2)
    10    0.071134    0.255613    0.384249    1.036209 ^ _6982_/Q (sky130_fd_sc_hd__dfrtp_2)
                                                         net551 (net)
                      0.256082    0.008074    1.044282 ^ place458/A (sky130_fd_sc_hd__buf_2)
    10    0.058416    0.214409    0.229697    1.273980 ^ place458/X (sky130_fd_sc_hd__buf_2)
                                                         net458 (net)
                      0.214501    0.003686    1.277666 ^ _3313_/D (sky130_fd_sc_hd__nand4b_4)
    10    0.099011    0.282468    0.222618    1.500285 v _3313_/Y (sky130_fd_sc_hd__nand4b_4)
                                                         _1263_ (net)
                      0.283024    0.010298    1.510583 v _3314_/B (sky130_fd_sc_hd__or2_2)
     9    0.077379    0.157003    0.369091    1.879674 v _3314_/X (sky130_fd_sc_hd__or2_2)
                                                         _1264_ (net)
                      0.157092    0.003236    1.882910 v _3319_/C (sky130_fd_sc_hd__and4b_4)
     2    0.009148    0.033696    0.183099    2.066009 v _3319_/X (sky130_fd_sc_hd__and4b_4)
                                                         _1269_ (net)
                      0.033696    0.000653    2.066663 v _3339_/A1 (sky130_fd_sc_hd__a211oi_2)
     4    0.023108    0.319714    0.277298    2.343961 ^ _3339_/Y (sky130_fd_sc_hd__a211oi_2)
                                                         _1287_ (net)
                      0.319734    0.002018    2.345979 ^ max_cap572/A (sky130_fd_sc_hd__clkbuf_2)
     4    0.020173    0.090596    0.144913    2.490892 ^ max_cap572/X (sky130_fd_sc_hd__clkbuf_2)
                                                         net572 (net)
                      0.090613    0.001251    2.492143 ^ _3358_/A1 (sky130_fd_sc_hd__o211a_4)
     9    0.060277    0.144462    0.189502    2.681645 ^ _3358_/X (sky130_fd_sc_hd__o211a_4)
                                                         _1304_ (net)
                      0.144800    0.005665    2.687310 ^ place324/A (sky130_fd_sc_hd__buf_2)
    10    0.067790    0.248775    0.237383    2.924693 ^ place324/X (sky130_fd_sc_hd__buf_2)
                                                         net324 (net)
                      0.249104    0.007546    2.932239 ^ _3475_/A2 (sky130_fd_sc_hd__a211oi_2)
     1    0.008150    0.071183    0.071277    3.003516 v _3475_/Y (sky130_fd_sc_hd__a211oi_2)
                                                         _1415_ (net)
                      0.071184    0.000633    3.004149 v wire570/A (sky130_fd_sc_hd__clkbuf_2)
     4    0.026288    0.072884    0.126778    3.130927 v wire570/X (sky130_fd_sc_hd__clkbuf_2)
                                                         net570 (net)
                      0.073143    0.003371    3.134298 v _3485_/A (sky130_fd_sc_hd__or3_4)
     4    0.017348    0.060356    0.265852    3.400149 v _3485_/X (sky130_fd_sc_hd__or3_4)
                                                         _1425_ (net)
                      0.060359    0.000521    3.400670 v _3501_/A1 (sky130_fd_sc_hd__a21o_2)
     3    0.013401    0.044341    0.147799    3.548469 v _3501_/X (sky130_fd_sc_hd__a21o_2)
                                                         _1441_ (net)
                      0.044357    0.000809    3.549278 v _3504_/A1 (sky130_fd_sc_hd__a21oi_2)
     3    0.014013    0.140069    0.143833    3.693112 ^ _3504_/Y (sky130_fd_sc_hd__a21oi_2)
                                                         _1444_ (net)
                      0.140079    0.000942    3.694054 ^ _3523_/A3 (sky130_fd_sc_hd__o311a_4)
     5    0.021641    0.062149    0.133652    3.827705 ^ _3523_/X (sky130_fd_sc_hd__o311a_4)
                                                         _1461_ (net)
                      0.062194    0.001509    3.829214 ^ _4299_/A1 (sky130_fd_sc_hd__a21o_2)
     5    0.039571    0.152180    0.165199    3.994413 ^ _4299_/X (sky130_fd_sc_hd__a21o_2)
                                                         _2167_ (net)
                      0.152477    0.005508    3.999921 ^ _4370_/A1 (sky130_fd_sc_hd__a211o_2)
     4    0.030660    0.113779    0.158279    4.158199 ^ _4370_/X (sky130_fd_sc_hd__a211o_2)
                                                         _2238_ (net)
                      0.113960    0.003704    4.161903 ^ _4378_/A3 (sky130_fd_sc_hd__a31o_4)
     5    0.037861    0.098187    0.152424    4.314327 ^ _4378_/X (sky130_fd_sc_hd__a31o_4)
                                                         _2246_ (net)
                      0.098659    0.005467    4.319794 ^ _4384_/B (sky130_fd_sc_hd__nand3_2)
     2    0.007836    0.049081    0.058782    4.378576 v _4384_/Y (sky130_fd_sc_hd__nand3_2)
                                                         _2252_ (net)
                      0.049089    0.000552    4.379128 v _4443_/A2 (sky130_fd_sc_hd__a2111o_2)
     3    0.016318    0.070616    0.322136    4.701264 v _4443_/X (sky130_fd_sc_hd__a2111o_2)
                                                         _2311_ (net)
                      0.070621    0.001255    4.702519 v _4454_/A1 (sky130_fd_sc_hd__a211o_2)
     2    0.008861    0.045707    0.204947    4.907466 v _4454_/X (sky130_fd_sc_hd__a211o_2)
                                                         _2322_ (net)
                      0.045739    0.000419    4.907885 v _4455_/C1 (sky130_fd_sc_hd__o211a_2)
     2    0.014406    0.049764    0.096671    5.004556 v _4455_/X (sky130_fd_sc_hd__o211a_2)
                                                         _2323_ (net)
                      0.049801    0.000833    5.005389 v _4457_/A2 (sky130_fd_sc_hd__o21a_2)
     3    0.018338    0.049530    0.154137    5.159526 v _4457_/X (sky130_fd_sc_hd__o21a_2)
                                                         _2325_ (net)
                      0.049602    0.001634    5.161160 v _4459_/A2 (sky130_fd_sc_hd__o211a_2)
     3    0.044217    0.091498    0.222821    5.383981 v _4459_/X (sky130_fd_sc_hd__o211a_2)
                                                         _2327_ (net)
                      0.092210    0.006033    5.390014 v _4465_/A (sky130_fd_sc_hd__nor2_2)
     2    0.067857    0.520313    0.422552    5.812566 ^ _4465_/Y (sky130_fd_sc_hd__nor2_2)
                                                         _2333_ (net)
                      0.520552    0.009298    5.821865 ^ _5650_/A (sky130_fd_sc_hd__inv_2)
     1    0.004231    0.068428   -0.014768    5.807097 v _5650_/Y (sky130_fd_sc_hd__inv_2)
                                                         net465 (net)
                      0.068428    0.000274    5.807370 v output465/A (sky130_fd_sc_hd__clkdlybuf4s25_1)
     1    0.038181    0.194329    0.303889    6.111259 v output465/X (sky130_fd_sc_hd__clkdlybuf4s25_1)
                                                         alu_result_out[0] (net)
                      0.194369    0.002678    6.113937 v alu_result_out[0] (out)
                                              6.113937   data arrival time

                                 25.000000   25.000000   clock clk (rise edge)
                                  0.000000   25.000000   clock network delay (propagated)
                                 -0.100000   24.900000   clock uncertainty
                                  0.000000   24.900000   clock reconvergence pessimism
                                 -5.000000   19.899998   output external delay
                                             19.899998   data required time
---------------------------------------------------------------------------------------------
                                             19.899998   data required time
                                             -6.113937   data arrival time
---------------------------------------------------------------------------------------------
                                             13.786061   slack (MET)




===========================================================================
report_checks --slack_max -0.01
============================================================================
======================= max_ff_n40C_1v95 Corner ===================================

No paths found.


===========================================================================
 report_check_types -max_slew -max_cap -max_fanout -violators
============================================================================
======================= max_ff_n40C_1v95 Corner ===================================

max fanout

Pin                                   Limit Fanout  Slack
---------------------------------------------------------
clkbuf_leaf_26_clk/X                     10     20    -10 (VIOLATED)
clkbuf_leaf_28_clk/X                     10     20    -10 (VIOLATED)
clkbuf_leaf_29_clk/X                     10     20    -10 (VIOLATED)
clkbuf_leaf_23_clk/X                     10     19     -9 (VIOLATED)
clkbuf_leaf_25_clk/X                     10     19     -9 (VIOLATED)
clkbuf_leaf_27_clk/X                     10     19     -9 (VIOLATED)
clkbuf_leaf_30_clk/X                     10     19     -9 (VIOLATED)
clkbuf_leaf_31_clk/X                     10     19     -9 (VIOLATED)
clkbuf_leaf_33_clk/X                     10     19     -9 (VIOLATED)
clkbuf_leaf_34_clk/X                     10     19     -9 (VIOLATED)
clkbuf_leaf_35_clk/X                     10     19     -9 (VIOLATED)
clkbuf_leaf_36_clk/X                     10     19     -9 (VIOLATED)
clkbuf_leaf_18_clk/X                     10     18     -8 (VIOLATED)
clkbuf_leaf_21_clk/X                     10     18     -8 (VIOLATED)
clkbuf_leaf_22_clk/X                     10     18     -8 (VIOLATED)
clkbuf_leaf_24_clk/X                     10     18     -8 (VIOLATED)
clkbuf_leaf_32_clk/X                     10     18     -8 (VIOLATED)
clkbuf_leaf_37_clk/X                     10     18     -8 (VIOLATED)
clkbuf_leaf_38_clk/X                     10     18     -8 (VIOLATED)
clkbuf_leaf_14_clk/X                     10     17     -7 (VIOLATED)
clkbuf_leaf_15_clk/X                     10     17     -7 (VIOLATED)
clkbuf_leaf_45_clk/X                     10     17     -7 (VIOLATED)
clkbuf_leaf_3_clk/X                      10     16     -6 (VIOLATED)
clkbuf_leaf_4_clk/X                      10     16     -6 (VIOLATED)
clkbuf_leaf_5_clk/X                      10     16     -6 (VIOLATED)
clkbuf_leaf_6_clk/X                      10     16     -6 (VIOLATED)
clkbuf_leaf_11_clk/X                     10     15     -5 (VIOLATED)
clkbuf_leaf_13_clk/X                     10     15     -5 (VIOLATED)
clkbuf_leaf_16_clk/X                     10     15     -5 (VIOLATED)
clkbuf_leaf_17_clk/X                     10     15     -5 (VIOLATED)
clkbuf_leaf_39_clk/X                     10     15     -5 (VIOLATED)
clkbuf_leaf_40_clk/X                     10     15     -5 (VIOLATED)
clkbuf_leaf_43_clk/X                     10     15     -5 (VIOLATED)
clkbuf_leaf_44_clk/X                     10     15     -5 (VIOLATED)
clkbuf_leaf_8_clk/X                      10     15     -5 (VIOLATED)
clkbuf_leaf_10_clk/X                     10     14     -4 (VIOLATED)
clkbuf_leaf_12_clk/X                     10     14     -4 (VIOLATED)
clkbuf_leaf_41_clk/X                     10     14     -4 (VIOLATED)
clkbuf_leaf_42_clk/X                     10     14     -4 (VIOLATED)
clkbuf_leaf_9_clk/X                      10     14     -4 (VIOLATED)
clkbuf_leaf_19_clk/X                     10     13     -3 (VIOLATED)
clkbuf_leaf_1_clk/X                      10     13     -3 (VIOLATED)
clkbuf_leaf_7_clk/X                      10     13     -3 (VIOLATED)
clkbuf_leaf_20_clk/X                     10     12     -2 (VIOLATED)
clkbuf_leaf_2_clk/X                      10     12     -2 (VIOLATED)
place392/X                               10     12     -2 (VIOLATED)
_5161_/X                                 10     11        (VIOLATED)



===========================================================================
report_parasitic_annotation -report_unannotated
============================================================================
Found 44 unannotated drivers.
 clkload0/X
 clkload1/X
 clkload10/X
 clkload11/X
 clkload12/X
 clkload13/X
 clkload14/X
 clkload15/X
 clkload16/X
 clkload17/X
 clkload18/X
 clkload19/X
 clkload2/X
 clkload20/Y
 clkload21/X
 clkload22/X
 clkload23/X
 clkload24/X
 clkload25/X
 clkload26/X
 clkload27/Y
 clkload28/Y
 clkload29/X
 clkload3/Y
 clkload30/X
 clkload31/Y
 clkload32/Y
 clkload33/X
 clkload34/X
 clkload35/Y
 clkload36/Y
 clkload37/X
 clkload38/Y
 clkload4/Y
 clkload5/Y
 clkload6/Y
 clkload7/Y
 clkload8/X
 clkload9/Y
 single_cycle_cpu/HI
 single_cycle_cpu_583/HI
 single_cycle_cpu_584/HI
 single_cycle_cpu_585/LO
 single_cycle_cpu_586/LO
Found 0 partially unannotated drivers.

===========================================================================
max slew violation count 0
max fanout violation count 47
max cap violation count 0
============================================================================

===========================================================================
check_setup -verbose -unconstrained_endpoints -multiple_clock -no_clock -no_input_delay -loops -generated_clocks
===========================================================================
