[WARNING ORD-0039] .openroad ignored with -python
Unannotated report:
['report_parasitic_annotation -report_unannotated\n',
 '============================================================================\n',
 'Found 44 unannotated drivers.\n',
 ' clkload0/X\n',
 ' clkload1/X\n',
 ' clkload10/X\n',
 ' clkload11/X\n',
 ' clkload12/X\n',
 ' clkload13/X\n',
 ' clkload14/X\n',
 ' clkload15/X\n',
 ' clkload16/X\n',
 ' clkload17/X\n',
 ' clkload18/X\n',
 ' clkload19/X\n',
 ' clkload2/X\n',
 ' clkload20/Y\n',
 ' clkload21/X\n',
 ' clkload22/X\n',
 ' clkload23/X\n',
 ' clkload24/X\n',
 ' clkload25/X\n',
 ' clkload26/X\n',
 ' clkload27/Y\n',
 ' clkload28/Y\n',
 ' clkload29/X\n',
 ' clkload3/Y\n',
 ' clkload30/X\n',
 ' clkload31/Y\n',
 ' clkload32/Y\n',
 ' clkload33/X\n',
 ' clkload34/X\n',
 ' clkload35/Y\n',
 ' clkload36/Y\n',
 ' clkload37/X\n',
 ' clkload38/Y\n',
 ' clkload4/Y\n',
 ' clkload5/Y\n',
 ' clkload6/Y\n',
 ' clkload7/Y\n',
 ' clkload8/X\n',
 ' clkload9/Y\n',
 ' single_cycle_cpu/HI\n',
 ' single_cycle_cpu_583/HI\n',
 ' single_cycle_cpu_584/HI\n',
 ' single_cycle_cpu_585/LO\n',
 ' single_cycle_cpu_586/LO\n',
 'Found 0 partially unannotated drivers.\n',
 '\n']
Reported nets:
['clkload0/X',
 'clkload1/X',
 'clkload10/X',
 'clkload11/X',
 'clkload12/X',
 'clkload13/X',
 'clkload14/X',
 'clkload15/X',
 'clkload16/X',
 'clkload17/X',
 'clkload18/X',
 'clkload19/X',
 'clkload2/X',
 'clkload20/Y',
 'clkload21/X',
 'clkload22/X',
 'clkload23/X',
 'clkload24/X',
 'clkload25/X',
 'clkload26/X',
 'clkload27/Y',
 'clkload28/Y',
 'clkload29/X',
 'clkload3/Y',
 'clkload30/X',
 'clkload31/Y',
 'clkload32/Y',
 'clkload33/X',
 'clkload34/X',
 'clkload35/Y',
 'clkload36/Y',
 'clkload37/X',
 'clkload38/Y',
 'clkload4/Y',
 'clkload5/Y',
 'clkload6/Y',
 'clkload7/Y',
 'clkload8/X',
 'clkload9/Y',
 'single_cycle_cpu/HI',
 'single_cycle_cpu_583/HI',
 'single_cycle_cpu_584/HI',
 'single_cycle_cpu_585/LO',
 'single_cycle_cpu_586/LO']
Filtered nets:
[]
done
