┏━━━━━━━┳━━━━━━━━━┳━━━━━━━━━━┳━━━━━━━━━━━━━━━━━━━━━━━━┳━━━━━━━━━━━━━┳━━━━━━━┓
┃ P / R ┃ Partial ┃ Required ┃ Net                    ┃ Pin         ┃ Layer ┃
┡━━━━━━━╇━━━━━━━━━╇━━━━━━━━━━╇━━━━━━━━━━━━━━━━━━━━━━━━╇━━━━━━━━━━━━━╇━━━━━━━┩
│ 4.16  │ 1663.89 │ 400.00   │ net491                 │ output491/A │ met3  │
│ 3.90  │ 1560.23 │ 400.00   │ net486                 │ output486/A │ met3  │
│ 3.77  │ 1508.39 │ 400.00   │ net489                 │ output489/A │ met3  │
│ 3.25  │ 1301.07 │ 400.00   │ net488                 │ output488/A │ met3  │
│ 2.24  │ 896.68  │ 400.00   │ _1578_                 │ _4664_/B    │ met3  │
│ 1.57  │ 626.69  │ 400.00   │ _3128_                 │ _5661_/D    │ met1  │
│ 1.41  │ 562.57  │ 400.00   │ _2950_                 │ _7412_/A    │ met3  │
│ 1.40  │ 559.49  │ 400.00   │ _1361_                 │ place326/A  │ met1  │
│ 1.31  │ 523.61  │ 400.00   │ net504                 │ output504/A │ met3  │
│ 1.28  │ 511.29  │ 400.00   │ net512                 │ output512/A │ met1  │
│ 1.26  │ 503.23  │ 400.00   │ net491                 │ output491/A │ met2  │
│ 1.11  │ 444.14  │ 400.00   │ _1492_                 │ _3556_/B    │ met1  │
│ 1.10  │ 438.97  │ 400.00   │ net262                 │ output483/A │ met1  │
│ 1.06  │ 423.70  │ 400.00   │ RF.registers[12\][23\] │ _5721_/A0   │ met3  │
│ 1.01  │ 403.00  │ 400.00   │ net474                 │ _4770_/B1   │ met3  │
│ 1.01  │ 403.00  │ 400.00   │ net474                 │ _5663_/A    │ met3  │
└───────┴─────────┴──────────┴────────────────────────┴─────────────┴───────┘
