Reading timing models for corner nom_tt_025C_1v80…
Reading timing library for the 'nom_tt_025C_1v80' corner at '/home/cl4/.ciel/ciel/sky130/versions/8afc8346a57fe1ab7934ba5a6056ea8b43078e71/sky130A/libs.ref/sky130_fd_sc_hd/lib/sky130_fd_sc_hd__tt_025C_1v80.lib'…
Reading OpenROAD database at '/home/cl4/Desktop/training/single_cycle/runs/RUN_2026-08-22_11-22-22/42-openroad-repairantennas/1-openroad-diodeinsertion/single_cycle_cpu.odb'…
Reading design constraints file at '/home/cl4/Desktop/training/single_cycle/src/impl.sdc'…
[INFO] Using clock clk…
[INFO] Setting output delay to: 5.0
[INFO] Setting input delay to: 5.0
[INFO] Setting load to: 0.033442
[INFO] Setting clock uncertainty to: 0.25
[INFO] Setting clock transition to: 0.1499999999999999944488848768742172978818416595458984375
[INFO] Setting timing derate to: 5%
[INFO] No information on clock propagation in input SDC file-- propagating all clocks.
[INFO ORD-0030] Using 12 thread(s).
+ detailed_route -droute_end_iter 64 -or_seed 42 -verbose 1 -output_drc /home/cl4/Desktop/training/single_cycle/runs/RUN_2026-08-22_11-22-22/44-openroad-detailedrouting/drt-run-0/single_cycle_cpu.drc
[INFO DRT-0149] Reading tech and libs.
[WARNING DRT-0349] LEF58_ENCLOSURE with no CUTCLASS is not supported. Skipping for layer mcon
[WARNING DRT-0349] LEF58_ENCLOSURE with no CUTCLASS is not supported. Skipping for layer mcon
[WARNING DRT-0349] LEF58_ENCLOSURE with no CUTCLASS is not supported. Skipping for layer via
[WARNING DRT-0349] LEF58_ENCLOSURE with no CUTCLASS is not supported. Skipping for layer via
[WARNING DRT-0349] LEF58_ENCLOSURE with no CUTCLASS is not supported. Skipping for layer via2
[WARNING DRT-0349] LEF58_ENCLOSURE with no CUTCLASS is not supported. Skipping for layer via2
[WARNING DRT-0349] LEF58_ENCLOSURE with no CUTCLASS is not supported. Skipping for layer via3
[WARNING DRT-0349] LEF58_ENCLOSURE with no CUTCLASS is not supported. Skipping for layer via3
[WARNING DRT-0349] LEF58_ENCLOSURE with no CUTCLASS is not supported. Skipping for layer via4
[WARNING DRT-0349] LEF58_ENCLOSURE with no CUTCLASS is not supported. Skipping for layer via4

Units:                1000
Number of layers:     13
Number of macros:     445
Number of vias:       32
Number of viarulegen: 25

[INFO DRT-0150] Reading design.

Design:                   single_cycle_cpu
Die area:                 ( 0 0 ) ( 360000 360000 )
Number of track patterns: 12
Number of DEF vias:       0
Number of components:     5965
Number of terminals:      100
Number of snets:          2
Number of nets:           4035

[INFO DRT-0167] List of default vias:
  Layer via
    default via: M1M2_PR
  Layer via2
    default via: M2M3_PR
  Layer via3
    default via: M3M4_PR
  Layer via4
    default via: M4M5_PR
[INFO DRT-0162] Library cell analysis.
[INFO DRT-0163] Instance analysis.
[INFO DRT-0164] Number of unique instances = 198.
[INFO DRT-0168] Init region query.
[INFO DRT-0024]   Complete FR_MASTERSLICE.
[INFO DRT-0024]   Complete licon.
[INFO DRT-0024]   Complete li1.
[INFO DRT-0024]   Complete mcon.
[INFO DRT-0024]   Complete met1.
[INFO DRT-0024]   Complete via.
[INFO DRT-0024]   Complete met2.
[INFO DRT-0024]   Complete via2.
[INFO DRT-0024]   Complete met3.
[INFO DRT-0024]   Complete via3.
[INFO DRT-0024]   Complete met4.
[INFO DRT-0024]   Complete via4.
[INFO DRT-0024]   Complete met5.
[INFO DRT-0033] FR_MASTERSLICE shape region query size = 0.
[INFO DRT-0033] licon shape region query size = 0.
[INFO DRT-0033] li1 shape region query size = 140006.
[INFO DRT-0033] mcon shape region query size = 0.
[INFO DRT-0033] met1 shape region query size = 22156.
[INFO DRT-0033] via shape region query size = 9000.
[INFO DRT-0033] met2 shape region query size = 3064.
[INFO DRT-0033] via2 shape region query size = 7500.
[INFO DRT-0033] met3 shape region query size = 4534.
[INFO DRT-0033] via3 shape region query size = 7500.
[INFO DRT-0033] met4 shape region query size = 1934.
[INFO DRT-0033] via4 shape region query size = 378.
[INFO DRT-0033] met5 shape region query size = 432.
[INFO DRT-0165] Start pin access.
[INFO DRT-0076]   Complete 1000 pins.
[INFO DRT-0078]   Complete 1554 pins.
[INFO DRT-0079]   Complete 100 unique inst patterns.
[INFO DRT-0081]   Complete 198 unique inst patterns.
[INFO DRT-0084]   Complete 2944 groups.
#scanned instances     = 5965
#unique  instances     = 198
#stdCellGenAp          = 5479
#stdCellValidPlanarAp  = 76
#stdCellValidViaAp     = 4232
#stdCellPinNoAp        = 0
#stdCellPinCnt         = 13255
#instTermValidViaApCnt = 0
#macroGenAp            = 0
#macroValidPlanarAp    = 0
#macroValidViaAp       = 0
#macroNoAp             = 0
[INFO DRT-0166] Complete pin access.
[INFO DRT-0267] cpu time = 00:03:04, elapsed time = 00:00:17, memory = 160.01 (MB), peak = 158.71 (MB)

[INFO DRT-0157] Number of guides:     32565

[INFO DRT-0169] Post process guides.
[INFO DRT-0176] GCELLGRID X 0 DO 52 STEP 6900 ;
[INFO DRT-0177] GCELLGRID Y 0 DO 52 STEP 6900 ;
[INFO DRT-0028]   Complete FR_MASTERSLICE.
[INFO DRT-0028]   Complete licon.
[INFO DRT-0028]   Complete li1.
[INFO DRT-0028]   Complete mcon.
[INFO DRT-0028]   Complete met1.
[INFO DRT-0028]   Complete via.
[INFO DRT-0028]   Complete met2.
[INFO DRT-0028]   Complete via2.
[INFO DRT-0028]   Complete met3.
[INFO DRT-0028]   Complete via3.
[INFO DRT-0028]   Complete met4.
[INFO DRT-0028]   Complete via4.
[INFO DRT-0028]   Complete met5.
[INFO DRT-0178] Init guide query.
[INFO DRT-0035]   Complete FR_MASTERSLICE (guide).
[INFO DRT-0035]   Complete licon (guide).
[INFO DRT-0035]   Complete li1 (guide).
[INFO DRT-0035]   Complete mcon (guide).
[INFO DRT-0035]   Complete met1 (guide).
[INFO DRT-0035]   Complete via (guide).
[INFO DRT-0035]   Complete met2 (guide).
[INFO DRT-0035]   Complete via2 (guide).
[INFO DRT-0035]   Complete met3 (guide).
[INFO DRT-0035]   Complete via3 (guide).
[INFO DRT-0035]   Complete met4 (guide).
[INFO DRT-0035]   Complete via4 (guide).
[INFO DRT-0035]   Complete met5 (guide).
[INFO DRT-0036] FR_MASTERSLICE guide region query size = 0.
[INFO DRT-0036] licon guide region query size = 0.
[INFO DRT-0036] li1 guide region query size = 11168.
[INFO DRT-0036] mcon guide region query size = 0.
[INFO DRT-0036] met1 guide region query size = 10101.
[INFO DRT-0036] via guide region query size = 0.
[INFO DRT-0036] met2 guide region query size = 5003.
[INFO DRT-0036] via2 guide region query size = 0.
[INFO DRT-0036] met3 guide region query size = 258.
[INFO DRT-0036] via3 guide region query size = 0.
[INFO DRT-0036] met4 guide region query size = 65.
[INFO DRT-0036] via4 guide region query size = 0.
[INFO DRT-0036] met5 guide region query size = 5.
[INFO DRT-0179] Init gr pin query.
[INFO DRT-0267] cpu time = 00:00:00, elapsed time = 00:00:00, memory = 170.80 (MB), peak = 169.59 (MB)
[INFO DRT-0245] skipped writing guide updates to database.
[INFO DRT-0185] Post process initialize RPin region query.
[INFO DRT-0181] Start track assignment.
[INFO DRT-0184] Done with 16236 vertical wires in 2 frboxes and 10364 horizontal wires in 2 frboxes.
[INFO DRT-0186] Done with 1820 vertical wires in 2 frboxes and 3335 horizontal wires in 2 frboxes.
[INFO DRT-0182] Complete track assignment.
[INFO DRT-0267] cpu time = 00:00:07, elapsed time = 00:00:01, memory = 212.06 (MB), peak = 210.85 (MB)
[INFO DRT-0187] Start routing data preparation.
[INFO DRT-0267] cpu time = 00:00:00, elapsed time = 00:00:00, memory = 215.60 (MB), peak = 214.35 (MB)
[INFO DRT-0194] Start detail routing.
[INFO DRT-0195] Start 0th optimization iteration.
    Completing 10% with 0 violations.
    elapsed time = 00:00:01, memory = 486.98 (MB).
    Completing 20% with 0 violations.
    elapsed time = 00:00:02, memory = 430.91 (MB).
    Completing 30% with 451 violations.
    elapsed time = 00:00:05, memory = 531.68 (MB).
    Completing 40% with 451 violations.
    elapsed time = 00:00:07, memory = 569.37 (MB).
    Completing 50% with 451 violations.
    elapsed time = 00:00:09, memory = 503.11 (MB).
    Completing 60% with 984 violations.
    elapsed time = 00:00:11, memory = 629.50 (MB).
    Completing 70% with 984 violations.
    elapsed time = 00:00:12, memory = 636.13 (MB).
    Completing 80% with 1397 violations.
    elapsed time = 00:00:14, memory = 707.86 (MB).
    Completing 90% with 1397 violations.
    elapsed time = 00:00:16, memory = 757.01 (MB).
    Completing 100% with 1817 violations.
    elapsed time = 00:00:18, memory = 709.54 (MB).
[INFO DRT-0199]   Number of violations = 2122.
Viol/Layer         li1   mcon   met1    via   met2   met3
Cut Spacing          0      2      0      0      0      0
Metal Spacing        0      0    330      0    109      2
Recheck              4      0    217      0     81      3
Short                0      0   1220      5    149      0
[INFO DRT-0267] cpu time = 00:02:12, elapsed time = 00:00:19, memory = 1026.18 (MB), peak = 1025.35 (MB)
Total wire length = 154588 um.
Total wire length on LAYER li1 = 0 um.
Total wire length on LAYER met1 = 76163 um.
Total wire length on LAYER met2 = 66329 um.
Total wire length on LAYER met3 = 8635 um.
Total wire length on LAYER met4 = 3338 um.
Total wire length on LAYER met5 = 120 um.
Total number of vias = 29233.
Up-via summary (total 29233):

------------------------
 FR_MASTERSLICE        0
            li1    13007
           met1    15621
           met2      493
           met3      106
           met4        6
------------------------
               29233


[INFO DRT-0195] Start 1st optimization iteration.
    Completing 10% with 2122 violations.
    elapsed time = 00:00:00, memory = 1079.19 (MB).
    Completing 20% with 2122 violations.
    elapsed time = 00:00:03, memory = 1060.47 (MB).
    Completing 30% with 1970 violations.
    elapsed time = 00:00:06, memory = 1123.28 (MB).
    Completing 40% with 1970 violations.
    elapsed time = 00:00:07, memory = 1124.84 (MB).
    Completing 50% with 1970 violations.
    elapsed time = 00:00:13, memory = 1071.29 (MB).
    Completing 60% with 1720 violations.
    elapsed time = 00:00:14, memory = 1095.84 (MB).
    Completing 70% with 1720 violations.
    elapsed time = 00:00:16, memory = 1101.80 (MB).
    Completing 80% with 1403 violations.
    elapsed time = 00:00:17, memory = 1101.86 (MB).
    Completing 90% with 1403 violations.
    elapsed time = 00:00:20, memory = 1106.46 (MB).
    Completing 100% with 1062 violations.
    elapsed time = 00:00:22, memory = 1106.46 (MB).
[INFO DRT-0199]   Number of violations = 1062.
Viol/Layer        mcon   met1   met2
Cut Spacing          1      0      0
Metal Spacing        0    161     39
Short                0    793     68
[INFO DRT-0267] cpu time = 00:02:03, elapsed time = 00:00:22, memory = 1109.46 (MB), peak = 1123.87 (MB)
Total wire length = 153409 um.
Total wire length on LAYER li1 = 0 um.
Total wire length on LAYER met1 = 75525 um.
Total wire length on LAYER met2 = 65748 um.
Total wire length on LAYER met3 = 8699 um.
Total wire length on LAYER met4 = 3306 um.
Total wire length on LAYER met5 = 128 um.
Total number of vias = 29046.
Up-via summary (total 29046):

------------------------
 FR_MASTERSLICE        0
            li1    13018
           met1    15422
           met2      502
           met3       98
           met4        6
------------------------
               29046


[INFO DRT-0195] Start 2nd optimization iteration.
    Completing 10% with 1062 violations.
    elapsed time = 00:00:00, memory = 1109.46 (MB).
    Completing 20% with 1062 violations.
    elapsed time = 00:00:00, memory = 1109.46 (MB).
    Completing 30% with 1062 violations.
    elapsed time = 00:00:03, memory = 1113.69 (MB).
    Completing 40% with 978 violations.
    elapsed time = 00:00:03, memory = 1113.69 (MB).
    Completing 50% with 978 violations.
    elapsed time = 00:00:06, memory = 1118.73 (MB).
    Completing 60% with 925 violations.
    elapsed time = 00:00:08, memory = 1124.11 (MB).
    Completing 70% with 925 violations.
    elapsed time = 00:00:09, memory = 1136.13 (MB).
    Completing 80% with 925 violations.
    elapsed time = 00:00:13, memory = 1136.13 (MB).
    Completing 90% with 876 violations.
    elapsed time = 00:00:14, memory = 1137.87 (MB).
    Completing 100% with 812 violations.
    elapsed time = 00:00:22, memory = 1137.88 (MB).
[INFO DRT-0199]   Number of violations = 812.
Viol/Layer        mcon   met1   met2
Cut Spacing          1      0      0
Metal Spacing        0    114     28
Short                0    612     57
[INFO DRT-0267] cpu time = 00:02:00, elapsed time = 00:00:22, memory = 1137.88 (MB), peak = 1145.26 (MB)
Total wire length = 153075 um.
Total wire length on LAYER li1 = 0 um.
Total wire length on LAYER met1 = 75198 um.
Total wire length on LAYER met2 = 65720 um.
Total wire length on LAYER met3 = 8697 um.
Total wire length on LAYER met4 = 3330 um.
Total wire length on LAYER met5 = 129 um.
Total number of vias = 28951.
Up-via summary (total 28951):

------------------------
 FR_MASTERSLICE        0
            li1    13019
           met1    15320
           met2      507
           met3       99
           met4        6
------------------------
               28951


[INFO DRT-0195] Start 3rd optimization iteration.
    Completing 10% with 812 violations.
    elapsed time = 00:00:00, memory = 1145.39 (MB).
    Completing 20% with 812 violations.
    elapsed time = 00:00:01, memory = 1148.97 (MB).
    Completing 30% with 575 violations.
    elapsed time = 00:00:08, memory = 1151.41 (MB).
    Completing 40% with 575 violations.
    elapsed time = 00:00:09, memory = 1151.41 (MB).
    Completing 50% with 575 violations.
    elapsed time = 00:00:13, memory = 1151.41 (MB).
    Completing 60% with 397 violations.
    elapsed time = 00:00:13, memory = 1158.62 (MB).
    Completing 70% with 397 violations.
    elapsed time = 00:00:16, memory = 1167.32 (MB).
    Completing 80% with 177 violations.
    elapsed time = 00:00:17, memory = 1167.32 (MB).
    Completing 90% with 177 violations.
    elapsed time = 00:00:18, memory = 1167.32 (MB).
    Completing 100% with 44 violations.
    elapsed time = 00:00:22, memory = 1167.33 (MB).
[INFO DRT-0199]   Number of violations = 44.
Viol/Layer        met1   met2
Metal Spacing       16      3
Short               25      0
[INFO DRT-0267] cpu time = 00:01:23, elapsed time = 00:00:22, memory = 1167.33 (MB), peak = 1166.28 (MB)
Total wire length = 152843 um.
Total wire length on LAYER li1 = 0 um.
Total wire length on LAYER met1 = 71799 um.
Total wire length on LAYER met2 = 65772 um.
Total wire length on LAYER met3 = 11729 um.
Total wire length on LAYER met4 = 3412 um.
Total wire length on LAYER met5 = 129 um.
Total number of vias = 29438.
Up-via summary (total 29438):

------------------------
 FR_MASTERSLICE        0
            li1    13015
           met1    15441
           met2      870
           met3      106
           met4        6
------------------------
               29438


[INFO DRT-0195] Start 4th guides tiles iteration.
    Completing 10% with 44 violations.
    elapsed time = 00:00:00, memory = 1167.33 (MB).
    Completing 20% with 44 violations.
    elapsed time = 00:00:00, memory = 1167.33 (MB).
    Completing 30% with 44 violations.
    elapsed time = 00:00:00, memory = 1167.33 (MB).
    Completing 40% with 44 violations.
    elapsed time = 00:00:00, memory = 1167.33 (MB).
    Completing 50% with 6 violations.
    elapsed time = 00:00:00, memory = 1167.33 (MB).
    Completing 60% with 6 violations.
    elapsed time = 00:00:00, memory = 1167.33 (MB).
    Completing 70% with 6 violations.
    elapsed time = 00:00:00, memory = 1167.33 (MB).
    Completing 80% with 6 violations.
    elapsed time = 00:00:00, memory = 1167.33 (MB).
    Completing 90% with 6 violations.
    elapsed time = 00:00:00, memory = 1167.33 (MB).
    Completing 100% with 0 violations.
    elapsed time = 00:00:00, memory = 1167.33 (MB).
[INFO DRT-0199]   Number of violations = 0.
[INFO DRT-0267] cpu time = 00:00:06, elapsed time = 00:00:00, memory = 1167.33 (MB), peak = 1166.28 (MB)
Total wire length = 152839 um.
Total wire length on LAYER li1 = 0 um.
Total wire length on LAYER met1 = 71801 um.
Total wire length on LAYER met2 = 65717 um.
Total wire length on LAYER met3 = 11725 um.
Total wire length on LAYER met4 = 3466 um.
Total wire length on LAYER met5 = 129 um.
Total number of vias = 29437.
Up-via summary (total 29437):

------------------------
 FR_MASTERSLICE        0
            li1    13015
           met1    15431
           met2      877
           met3      108
           met4        6
------------------------
               29437


[INFO DRT-0198] Complete detail routing.
Total wire length = 152839 um.
Total wire length on LAYER li1 = 0 um.
Total wire length on LAYER met1 = 71801 um.
Total wire length on LAYER met2 = 65717 um.
Total wire length on LAYER met3 = 11725 um.
Total wire length on LAYER met4 = 3466 um.
Total wire length on LAYER met5 = 129 um.
Total number of vias = 29437.
Up-via summary (total 29437):

------------------------
 FR_MASTERSLICE        0
            li1    13015
           met1    15431
           met2      877
           met3      108
           met4        6
------------------------
               29437


[INFO DRT-0267] cpu time = 00:07:47, elapsed time = 00:01:27, memory = 1167.50 (MB), peak = 1166.42 (MB)

[INFO DRT-0180] Post processing.
+ check_antennas 
[INFO ANT-0002] Found 4 net violations.
[INFO ANT-0001] Found 4 pin violations.
[INFO] Running antenna repair iteration 1…
+ repair_antennas sky130_fd_sc_hd__diode_2 -ratio_margin 10
[INFO GRT-0012] Found 6 antenna violations.
[INFO GRT-0015] Inserted 7 diodes.
+ detailed_route -droute_end_iter 64 -or_seed 42 -verbose 1 -output_drc /home/cl4/Desktop/training/single_cycle/runs/RUN_2026-08-22_11-22-22/44-openroad-detailedrouting/drt-run-1/single_cycle_cpu.drc
[INFO DRT-0024]   Complete FR_MASTERSLICE.
[INFO DRT-0024]   Complete licon.
[INFO DRT-0024]   Complete li1.
[INFO DRT-0024]   Complete mcon.
[INFO DRT-0024]   Complete met1.
[INFO DRT-0024]   Complete via.
[INFO DRT-0024]   Complete met2.
[INFO DRT-0024]   Complete via2.
[INFO DRT-0024]   Complete met3.
[INFO DRT-0024]   Complete via3.
[INFO DRT-0024]   Complete met4.
[INFO DRT-0024]   Complete via4.
[INFO DRT-0024]   Complete met5.
[INFO DRT-0165] Start pin access.
[INFO DRT-0076]   Complete 1000 pins.
[INFO DRT-0078]   Complete 1554 pins.
[INFO DRT-0079]   Complete 100 unique inst patterns.
[INFO DRT-0081]   Complete 198 unique inst patterns.
[INFO DRT-0084]   Complete 2944 groups.
#scanned instances     = 5972
#unique  instances     = 198
#stdCellGenAp          = 5479
#stdCellValidPlanarAp  = 76
#stdCellValidViaAp     = 4232
#stdCellPinNoAp        = 0
#stdCellPinCnt         = 13255
#instTermValidViaApCnt = 0
#macroGenAp            = 0
#macroValidPlanarAp    = 0
#macroValidViaAp       = 0
#macroNoAp             = 0
[INFO DRT-0166] Complete pin access.
[INFO DRT-0267] cpu time = 00:03:25, elapsed time = 00:00:18, memory = 1168.94 (MB), peak = 1167.93 (MB)

[INFO DRT-0157] Number of guides:     32543

[INFO DRT-0169] Post process guides.
[INFO DRT-0176] GCELLGRID X 0 DO 52 STEP 6900 ;
[INFO DRT-0177] GCELLGRID Y 0 DO 52 STEP 6900 ;
[INFO DRT-0028]   Complete FR_MASTERSLICE.
[INFO DRT-0028]   Complete licon.
[INFO DRT-0028]   Complete li1.
[INFO DRT-0028]   Complete mcon.
[INFO DRT-0028]   Complete met1.
[INFO DRT-0028]   Complete via.
[INFO DRT-0028]   Complete met2.
[INFO DRT-0028]   Complete via2.
[INFO DRT-0028]   Complete met3.
[INFO DRT-0028]   Complete via3.
[INFO DRT-0028]   Complete met4.
[INFO DRT-0028]   Complete via4.
[INFO DRT-0028]   Complete met5.
[INFO DRT-0178] Init guide query.
[INFO DRT-0035]   Complete FR_MASTERSLICE (guide).
[INFO DRT-0035]   Complete licon (guide).
[INFO DRT-0035]   Complete li1 (guide).
[INFO DRT-0035]   Complete mcon (guide).
[INFO DRT-0035]   Complete met1 (guide).
[INFO DRT-0035]   Complete via (guide).
[INFO DRT-0035]   Complete met2 (guide).
[INFO DRT-0035]   Complete via2 (guide).
[INFO DRT-0035]   Complete met3 (guide).
[INFO DRT-0035]   Complete via3 (guide).
[INFO DRT-0035]   Complete met4 (guide).
[INFO DRT-0035]   Complete via4 (guide).
[INFO DRT-0035]   Complete met5 (guide).
[INFO DRT-0036] FR_MASTERSLICE guide region query size = 0.
[INFO DRT-0036] licon guide region query size = 0.
[INFO DRT-0036] li1 guide region query size = 11169.
[INFO DRT-0036] mcon guide region query size = 0.
[INFO DRT-0036] met1 guide region query size = 10102.
[INFO DRT-0036] via guide region query size = 0.
[INFO DRT-0036] met2 guide region query size = 5000.
[INFO DRT-0036] via2 guide region query size = 0.
[INFO DRT-0036] met3 guide region query size = 250.
[INFO DRT-0036] via3 guide region query size = 0.
[INFO DRT-0036] met4 guide region query size = 57.
[INFO DRT-0036] via4 guide region query size = 0.
[INFO DRT-0036] met5 guide region query size = 3.
[INFO DRT-0179] Init gr pin query.
[INFO DRT-0267] cpu time = 00:00:00, elapsed time = 00:00:00, memory = 1168.94 (MB), peak = 1167.93 (MB)
[INFO DRT-0245] skipped writing guide updates to database.
[INFO DRT-0185] Post process initialize RPin region query.
[INFO DRT-0181] Start track assignment.
[INFO DRT-0184] Done with 16226 vertical wires in 2 frboxes and 10355 horizontal wires in 2 frboxes.
[INFO DRT-0186] Done with 1796 vertical wires in 2 frboxes and 3325 horizontal wires in 2 frboxes.
[INFO DRT-0182] Complete track assignment.
[INFO DRT-0267] cpu time = 00:00:07, elapsed time = 00:00:01, memory = 1168.94 (MB), peak = 1167.93 (MB)
[INFO DRT-0187] Start routing data preparation.
[INFO DRT-0267] cpu time = 00:00:00, elapsed time = 00:00:00, memory = 1168.94 (MB), peak = 1167.93 (MB)
[INFO DRT-0194] Start detail routing.
[INFO DRT-0195] Start 0th optimization iteration.
    Completing 10% with 0 violations.
    elapsed time = 00:00:00, memory = 1169.01 (MB).
    Completing 20% with 0 violations.
    elapsed time = 00:00:00, memory = 1169.01 (MB).
    Completing 30% with 30 violations.
    elapsed time = 00:00:01, memory = 1169.01 (MB).
    Completing 40% with 30 violations.
    elapsed time = 00:00:01, memory = 1169.01 (MB).
    Completing 50% with 30 violations.
    elapsed time = 00:00:02, memory = 1169.01 (MB).
    Completing 60% with 56 violations.
    elapsed time = 00:00:02, memory = 1169.01 (MB).
    Completing 70% with 56 violations.
    elapsed time = 00:00:03, memory = 1169.01 (MB).
    Completing 80% with 87 violations.
    elapsed time = 00:00:03, memory = 1169.01 (MB).
    Completing 90% with 87 violations.
    elapsed time = 00:00:04, memory = 1169.27 (MB).
    Completing 100% with 99 violations.
    elapsed time = 00:00:04, memory = 1169.27 (MB).
[INFO DRT-0199]   Number of violations = 112.
Viol/Layer        met1   met2   met3
Metal Spacing        5      0      2
Recheck              7      6      0
Short               61     29      2
[INFO DRT-0267] cpu time = 00:00:42, elapsed time = 00:00:04, memory = 1270.25 (MB), peak = 1269.18 (MB)
Total wire length = 152906 um.
Total wire length on LAYER li1 = 0 um.
Total wire length on LAYER met1 = 72108 um.
Total wire length on LAYER met2 = 65941 um.
Total wire length on LAYER met3 = 11447 um.
Total wire length on LAYER met4 = 3279 um.
Total wire length on LAYER met5 = 129 um.
Total number of vias = 29442.
Up-via summary (total 29442):

------------------------
 FR_MASTERSLICE        0
            li1    13028
           met1    15442
           met2      867
           met3       99
           met4        6
------------------------
               29442


[INFO DRT-0195] Start 1st optimization iteration.
    Completing 10% with 112 violations.
    elapsed time = 00:00:00, memory = 1298.73 (MB).
    Completing 20% with 112 violations.
    elapsed time = 00:00:00, memory = 1270.25 (MB).
    Completing 30% with 113 violations.
    elapsed time = 00:00:01, memory = 1270.49 (MB).
    Completing 40% with 113 violations.
    elapsed time = 00:00:01, memory = 1270.49 (MB).
    Completing 50% with 113 violations.
    elapsed time = 00:00:02, memory = 1270.49 (MB).
    Completing 60% with 97 violations.
    elapsed time = 00:00:02, memory = 1270.49 (MB).
    Completing 70% with 97 violations.
    elapsed time = 00:00:03, memory = 1270.49 (MB).
    Completing 80% with 87 violations.
    elapsed time = 00:00:03, memory = 1270.49 (MB).
    Completing 90% with 87 violations.
    elapsed time = 00:00:04, memory = 1270.49 (MB).
    Completing 100% with 75 violations.
    elapsed time = 00:00:04, memory = 1270.49 (MB).
[INFO DRT-0199]   Number of violations = 75.
Viol/Layer        met1   met2
Metal Spacing        3      7
Short               51     14
[INFO DRT-0267] cpu time = 00:00:43, elapsed time = 00:00:04, memory = 1166.62 (MB), peak = 1297.55 (MB)
Total wire length = 152893 um.
Total wire length on LAYER li1 = 0 um.
Total wire length on LAYER met1 = 72102 um.
Total wire length on LAYER met2 = 65933 um.
Total wire length on LAYER met3 = 11448 um.
Total wire length on LAYER met4 = 3279 um.
Total wire length on LAYER met5 = 129 um.
Total number of vias = 29429.
Up-via summary (total 29429):

------------------------
 FR_MASTERSLICE        0
            li1    13026
           met1    15431
           met2      867
           met3       99
           met4        6
------------------------
               29429


[INFO DRT-0195] Start 2nd optimization iteration.
    Completing 10% with 75 violations.
    elapsed time = 00:00:00, memory = 1166.62 (MB).
    Completing 20% with 75 violations.
    elapsed time = 00:00:00, memory = 1166.62 (MB).
    Completing 30% with 75 violations.
    elapsed time = 00:00:00, memory = 1166.62 (MB).
    Completing 40% with 74 violations.
    elapsed time = 00:00:00, memory = 1166.62 (MB).
    Completing 50% with 74 violations.
    elapsed time = 00:00:00, memory = 1166.62 (MB).
    Completing 60% with 50 violations.
    elapsed time = 00:00:01, memory = 1166.62 (MB).
    Completing 70% with 50 violations.
    elapsed time = 00:00:01, memory = 1166.62 (MB).
    Completing 80% with 50 violations.
    elapsed time = 00:00:01, memory = 1166.62 (MB).
    Completing 90% with 47 violations.
    elapsed time = 00:00:01, memory = 1166.62 (MB).
    Completing 100% with 47 violations.
    elapsed time = 00:00:02, memory = 1166.62 (MB).
[INFO DRT-0199]   Number of violations = 47.
Viol/Layer        met1   met2
Metal Spacing        1      1
Short               29     16
[INFO DRT-0267] cpu time = 00:00:15, elapsed time = 00:00:02, memory = 1270.51 (MB), peak = 1297.55 (MB)
Total wire length = 152876 um.
Total wire length on LAYER li1 = 0 um.
Total wire length on LAYER met1 = 72092 um.
Total wire length on LAYER met2 = 65928 um.
Total wire length on LAYER met3 = 11445 um.
Total wire length on LAYER met4 = 3279 um.
Total wire length on LAYER met5 = 129 um.
Total number of vias = 29431.
Up-via summary (total 29431):

------------------------
 FR_MASTERSLICE        0
            li1    13026
           met1    15433
           met2      867
           met3       99
           met4        6
------------------------
               29431


[INFO DRT-0195] Start 3rd guides tiles iteration.
    Completing 10% with 47 violations.
    elapsed time = 00:00:00, memory = 1270.51 (MB).
    Completing 20% with 47 violations.
    elapsed time = 00:00:00, memory = 1270.51 (MB).
    Completing 30% with 47 violations.
    elapsed time = 00:00:00, memory = 1270.51 (MB).
    Completing 40% with 47 violations.
    elapsed time = 00:00:00, memory = 1270.51 (MB).
    Completing 50% with 47 violations.
    elapsed time = 00:00:00, memory = 1270.51 (MB).
    Completing 60% with 47 violations.
    elapsed time = 00:00:00, memory = 1270.51 (MB).
    Completing 70% with 7 violations.
    elapsed time = 00:00:00, memory = 1209.51 (MB).
    Completing 80% with 7 violations.
    elapsed time = 00:00:00, memory = 1209.51 (MB).
    Completing 90% with 7 violations.
    elapsed time = 00:00:00, memory = 1209.51 (MB).
    Completing 100% with 0 violations.
    elapsed time = 00:00:02, memory = 1209.51 (MB).
[INFO DRT-0199]   Number of violations = 0.
[INFO DRT-0267] cpu time = 00:00:09, elapsed time = 00:00:03, memory = 1270.50 (MB), peak = 1319.17 (MB)
Total wire length = 152839 um.
Total wire length on LAYER li1 = 0 um.
Total wire length on LAYER met1 = 71719 um.
Total wire length on LAYER met2 = 65742 um.
Total wire length on LAYER met3 = 11791 um.
Total wire length on LAYER met4 = 3456 um.
Total wire length on LAYER met5 = 129 um.
Total number of vias = 29457.
Up-via summary (total 29457):

------------------------
 FR_MASTERSLICE        0
            li1    13028
           met1    15433
           met2      889
           met3      101
           met4        6
------------------------
               29457


[INFO DRT-0198] Complete detail routing.
Total wire length = 152839 um.
Total wire length on LAYER li1 = 0 um.
Total wire length on LAYER met1 = 71719 um.
Total wire length on LAYER met2 = 65742 um.
Total wire length on LAYER met3 = 11791 um.
Total wire length on LAYER met4 = 3456 um.
Total wire length on LAYER met5 = 129 um.
Total number of vias = 29457.
Up-via summary (total 29457):

------------------------
 FR_MASTERSLICE        0
            li1    13028
           met1    15433
           met2      889
           met3      101
           met4        6
------------------------
               29457


[INFO DRT-0267] cpu time = 00:01:50, elapsed time = 00:00:15, memory = 1270.50 (MB), peak = 1319.17 (MB)

[INFO DRT-0180] Post processing.
+ check_antennas 
[INFO ANT-0002] Found 0 net violations.
[INFO ANT-0001] Found 0 pin violations.
Setting global connections for newly added cells…
[INFO] Setting global connections...
[INFO ODB-0403] 28 connections made, 0 conflicts skipped.
Updating metrics…
Cell type report:                       Count       Area
  Fill cell                               248     930.89
  Tap cell                               1638    2049.47
  Antenna cell                             17      42.54
  Buffer                                    3      12.51
  Clock buffer                             68    1518.96
  Timing Repair Buffer                   1011    8803.44
  Inverter                                479    1810.49
  Clock inverter                           21     265.25
  Sequential cell                         720   17456.74
  Multi-Input combinational cell         1767   17097.65
  Total                                  5972   49987.94
Writing OpenROAD database to '/home/cl4/Desktop/training/single_cycle/runs/RUN_2026-08-22_11-22-22/44-openroad-detailedrouting/single_cycle_cpu.odb'…
Writing netlist to '/home/cl4/Desktop/training/single_cycle/runs/RUN_2026-08-22_11-22-22/44-openroad-detailedrouting/single_cycle_cpu.nl.v'…
Writing powered netlist to '/home/cl4/Desktop/training/single_cycle/runs/RUN_2026-08-22_11-22-22/44-openroad-detailedrouting/single_cycle_cpu.pnl.v'…
Writing layout to '/home/cl4/Desktop/training/single_cycle/runs/RUN_2026-08-22_11-22-22/44-openroad-detailedrouting/single_cycle_cpu.def'…
Writing timing constraints to '/home/cl4/Desktop/training/single_cycle/runs/RUN_2026-08-22_11-22-22/44-openroad-detailedrouting/single_cycle_cpu.sdc'…
