141. Printing statistics.

=== single_cycle_cpu ===

        +----------Local Count, excluding submodules.
        |        +-Local Area, excluding submodules.
        |        | 
    24973        - wires
    34056        - wire bits
      296        - public wires
     9379        - public wire bits
        5        - ports
       98        - port bits
    34048 2.01E+05 cells
     2516        -   $_ANDNOT_
       59        -   $_AND_
    17667        -   $_MUX_
       84        -   $_NAND_
      134        -   $_NOR_
     2186        -   $_NOT_
      193        -   $_ORNOT_
     1809        -   $_OR_
       57        -   $_XNOR_
      127        -   $_XOR_
     1020 2.68E+04   sky130_fd_sc_hd__dfrtp_2
        4  105.101   sky130_fd_sc_hd__dfstp_2
     8192 1.74E+05   sky130_fd_sc_hd__dfxtp_2

   Area for cell type $_ANDNOT_ is unknown!
   Area for cell type $_AND_ is unknown!
   Area for cell type $_MUX_ is unknown!
   Area for cell type $_NAND_ is unknown!
   Area for cell type $_NOR_ is unknown!
   Area for cell type $_NOT_ is unknown!
   Area for cell type $_ORNOT_ is unknown!
   Area for cell type $_OR_ is unknown!
   Area for cell type $_XNOR_ is unknown!
   Area for cell type $_XOR_ is unknown!

   Chip area for module '\single_cycle_cpu': 201152.921600
     of which used for sequential elements: 201152.921600 (100.00%)

