Clock: clk
Sources: clk 
Generated: no
Virtual: yes
Propagated: no
Period: 25.000000

===========================================================================
report_clock_properties
============================================================================
Clock                   Period          Waveform
----------------------------------------------------
clk                  25.000000    0.000000 12.500000

===========================================================================
report_clock_latency
============================================================================
Clock clk
rise -> rise
    min     max
0.000000 0.000000 source latency
5.722310         network latency _7090_/CLK
        5.808468 network latency _6803_/CLK
---------------
5.722310 5.808468 latency
        0.086158 skew

fall -> fall
    min     max
0.000000 0.000000 source latency
2.834515         network latency _7090_/CLK
        2.914215 network latency _6803_/CLK
---------------
2.834515 2.914215 latency
        0.079700 skew



===========================================================================
report_clock_min_period
============================================================================
clk period_min = 8.58 fmax = 116.60
