Clock: clk
Sources: clk 
Generated: no
Virtual: yes
Propagated: no
Period: 10.000000

===========================================================================
report_clock_properties
============================================================================
Clock                   Period          Waveform
----------------------------------------------------
clk                  10.000000    0.000000  5.000000

===========================================================================
report_clock_latency
============================================================================
Clock clk
rise -> rise
    min     max
0.000000 0.000000 source latency
0.656333         network latency _7791_/CLK
        0.675655 network latency _8068_/CLK
---------------
0.656333 0.675655 latency
        0.019322 skew

fall -> fall
    min     max
0.000000 0.000000 source latency
0.591662         network latency _7791_/CLK
        0.606031 network latency _8068_/CLK
---------------
0.591662 0.606031 latency
        0.014369 skew



===========================================================================
report_clock_min_period
============================================================================
clk period_min = 6.41 fmax = 156.07
