
===========================================================================
report_checks -unconstrained
===========================================================================
======================= max_ss_100C_1v60 Corner ===================================

Startpoint: reset (input port clocked by clk)
Endpoint: _7089_ (recovery check against rising-edge clock clk)
Path Group: asynchronous
Path Type: max

Fanout         Cap        Slew       Delay        Time   Description
---------------------------------------------------------------------------------------------
                                  0.000000    0.000000   clock clk (rise edge)
                                  0.000000    0.000000   clock network delay (propagated)
                                  5.000000    5.000000 v input external delay
     1    0.003502    0.021176    0.011491    5.011491 v reset (in)
                                                         reset (net)
                      0.021176    0.000000    5.011491 v input459/A (sky130_fd_sc_hd__clkdlybuf4s25_1)
     4    0.027671    0.381358    0.681235    5.692726 v input459/X (sky130_fd_sc_hd__clkdlybuf4s25_1)
                                                         net459 (net)
                      0.381390    0.003697    5.696423 v fanout49/A (sky130_fd_sc_hd__buf_2)
     7    0.105911    0.457078    0.695207    6.391631 v fanout49/X (sky130_fd_sc_hd__buf_2)
                                                         net49 (net)
                      0.461125    0.034908    6.426538 v fanout37/A (sky130_fd_sc_hd__clkdlybuf4s25_1)
     6    0.026196    0.362406    0.841704    7.268242 v fanout37/X (sky130_fd_sc_hd__clkdlybuf4s25_1)
                                                         net37 (net)
                      0.362422    0.002756    7.270998 v fanout24/A (sky130_fd_sc_hd__clkdlybuf4s25_1)
     5    0.023127    0.323013    0.779288    8.050287 v fanout24/X (sky130_fd_sc_hd__clkdlybuf4s25_1)
                                                         net24 (net)
                      0.323013    0.001065    8.051352 v fanout23/A (sky130_fd_sc_hd__buf_2)
    10    0.092652    0.401283    0.633403    8.684754 v fanout23/X (sky130_fd_sc_hd__buf_2)
                                                         net23 (net)
                      0.401981    0.012236    8.696990 v fanout22/A (sky130_fd_sc_hd__clkbuf_2)
    10    0.075433    0.513267    0.677566    9.374557 v fanout22/X (sky130_fd_sc_hd__clkbuf_2)
                                                         net22 (net)
                      0.513310    0.004919    9.379476 v _6369_/A (sky130_fd_sc_hd__inv_2)
     1    0.003951    0.120029    0.195297    9.574772 ^ _6369_/Y (sky130_fd_sc_hd__inv_2)
                                                         _0110_ (net)
                      0.120029    0.000205    9.574978 ^ _7089_/SET_B (sky130_fd_sc_hd__dfstp_2)
                                              9.574978   data arrival time

                                 25.000000   25.000000   clock clk (rise edge)
                                  0.000000   25.000000   clock source latency
     1    0.059771    0.429114    0.303963   25.303963 ^ clk (in)
                                                         clk (net)
                      0.429470    0.000000   25.303963 ^ clkbuf_0_clk/A (sky130_fd_sc_hd__clkbuf_16)
     8    0.160141    0.264442    0.527917   25.831879 ^ clkbuf_0_clk/X (sky130_fd_sc_hd__clkbuf_16)
                                                         clknet_0_clk (net)
                      0.265948    0.015566   25.847446 ^ clkbuf_3_0__f_clk/A (sky130_fd_sc_hd__clkbuf_16)
     6    0.093375    0.167145    0.394294   26.241739 ^ clkbuf_3_0__f_clk/X (sky130_fd_sc_hd__clkbuf_16)
                                                         clknet_3_0__leaf_clk (net)
                      0.167393    0.005688   26.247429 ^ clkbuf_leaf_43_clk/A (sky130_fd_sc_hd__clkbuf_16)
    17    0.068416    0.132444    0.324176   26.571604 ^ clkbuf_leaf_43_clk/X (sky130_fd_sc_hd__clkbuf_16)
                                                         clknet_leaf_43_clk (net)
                      0.132655    0.004597   26.576202 ^ _7089_/CLK (sky130_fd_sc_hd__dfstp_2)
                                 -0.100000   26.476202   clock uncertainty
                                  0.000000   26.476202   clock reconvergence pessimism
                                  0.277100   26.753302   library recovery time
                                             26.753302   data required time
---------------------------------------------------------------------------------------------
                                             26.753302   data required time
                                             -9.574978   data arrival time
---------------------------------------------------------------------------------------------
                                             17.178326   slack (MET)


Startpoint: _6983_ (rising edge-triggered flip-flop clocked by clk)
Endpoint: alu_result_out[0] (output port clocked by clk)
Path Group: clk
Path Type: max

Fanout         Cap        Slew       Delay        Time   Description
---------------------------------------------------------------------------------------------
                                  0.000000    0.000000   clock clk (rise edge)
                                  0.000000    0.000000   clock source latency
     1    0.059771    0.429114    0.303964    0.303964 ^ clk (in)
                                                         clk (net)
                      0.429470    0.000000    0.303964 ^ clkbuf_0_clk/A (sky130_fd_sc_hd__clkbuf_16)
     8    0.160141    0.264442    0.527917    0.831880 ^ clkbuf_0_clk/X (sky130_fd_sc_hd__clkbuf_16)
                                                         clknet_0_clk (net)
                      0.265479    0.012758    0.844638 ^ clkbuf_3_4__f_clk/A (sky130_fd_sc_hd__clkbuf_16)
     6    0.099368    0.175478    0.400557    1.245195 ^ clkbuf_3_4__f_clk/X (sky130_fd_sc_hd__clkbuf_16)
                                                         clknet_3_4__leaf_clk (net)
                      0.175593    0.004268    1.249463 ^ clkbuf_leaf_5_clk/A (sky130_fd_sc_hd__clkbuf_16)
    16    0.061975    0.123523    0.321312    1.570775 ^ clkbuf_leaf_5_clk/X (sky130_fd_sc_hd__clkbuf_16)
                                                         clknet_leaf_5_clk (net)
                      0.123733    0.004370    1.575144 ^ _6983_/CLK (sky130_fd_sc_hd__dfrtp_2)
     9    0.054366    0.293614    1.062144    2.637288 v _6983_/Q (sky130_fd_sc_hd__dfrtp_2)
                                                         net252 (net)
                      0.293634    0.002484    2.639772 v place449/A (sky130_fd_sc_hd__buf_2)
    10    0.041205    0.194331    0.472650    3.112422 v place449/X (sky130_fd_sc_hd__buf_2)
                                                         net449 (net)
                      0.194352    0.002097    3.114519 v _3316_/B_N (sky130_fd_sc_hd__nor2b_2)
     2    0.012552    0.124320    0.414523    3.529042 v _3316_/Y (sky130_fd_sc_hd__nor2b_2)
                                                         _1266_ (net)
                      0.124321    0.000815    3.529856 v place447/A (sky130_fd_sc_hd__buf_2)
    10    0.093993    0.402867    0.548330    4.078187 v place447/X (sky130_fd_sc_hd__buf_2)
                                                         net447 (net)
                      0.403120    0.008477    4.086664 v place446/A (sky130_fd_sc_hd__buf_2)
    10    0.047712    0.220698    0.544825    4.631489 v place446/X (sky130_fd_sc_hd__buf_2)
                                                         net446 (net)
                      0.220704    0.001510    4.632999 v _3332_/B (sky130_fd_sc_hd__nand2_2)
     3    0.013349    0.141066    0.224369    4.857368 ^ _3332_/Y (sky130_fd_sc_hd__nand2_2)
                                                         _1281_ (net)
                      0.141067    0.000633    4.858001 ^ _3341_/A (sky130_fd_sc_hd__inv_2)
     2    0.011472    0.064818    0.111270    4.969271 v _3341_/Y (sky130_fd_sc_hd__inv_2)
                                                         net389 (net)
                      0.064826    0.000739    4.970009 v _3345_/A (sky130_fd_sc_hd__nor2_4)
     7    0.068859    0.692938    0.600305    5.570314 ^ _3345_/Y (sky130_fd_sc_hd__nor2_4)
                                                         _1293_ (net)
                      0.692976    0.004338    5.574653 ^ _3346_/A (sky130_fd_sc_hd__inv_2)
     2    0.015342    0.180594    0.302752    5.877404 v _3346_/Y (sky130_fd_sc_hd__inv_2)
                                                         net366 (net)
                      0.180608    0.001597    5.879001 v _3347_/B (sky130_fd_sc_hd__or2_2)
     2    0.006888    0.133851    0.699645    6.578646 v _3347_/X (sky130_fd_sc_hd__or2_2)
                                                         _1294_ (net)
                      0.133851    0.000430    6.579076 v _3352_/A (sky130_fd_sc_hd__nor2_2)
     8    0.042772    0.758613    0.673962    7.253038 ^ _3352_/Y (sky130_fd_sc_hd__nor2_2)
                                                         _1299_ (net)
                      0.758624    0.002495    7.255534 ^ _3358_/A2 (sky130_fd_sc_hd__o211a_4)
     8    0.037580    0.212615    0.637386    7.892920 ^ _3358_/X (sky130_fd_sc_hd__o211a_4)
                                                         _1304_ (net)
                      0.212629    0.001936    7.894855 ^ place318/A (sky130_fd_sc_hd__buf_2)
     8    0.062348    0.481567    0.553058    8.447914 ^ place318/X (sky130_fd_sc_hd__buf_2)
                                                         net318 (net)
                      0.482030    0.012379    8.460292 ^ _3475_/A2 (sky130_fd_sc_hd__a211oi_2)
     1    0.006306    0.144410    0.294143    8.754436 v _3475_/Y (sky130_fd_sc_hd__a211oi_2)
                                                         _1415_ (net)
                      0.144411    0.000477    8.754912 v wire561/A (sky130_fd_sc_hd__clkbuf_2)
     4    0.024652    0.177760    0.323872    9.078784 v wire561/X (sky130_fd_sc_hd__clkbuf_2)
                                                         net561 (net)
                      0.177823    0.003173    9.081957 v _3485_/A (sky130_fd_sc_hd__or3_4)
     4    0.017690    0.155287    0.858828    9.940784 v _3485_/X (sky130_fd_sc_hd__or3_4)
                                                         _1425_ (net)
                      0.155290    0.000980    9.941764 v _3501_/A1 (sky130_fd_sc_hd__a21o_2)
     3    0.011741    0.097489    0.429779   10.371543 v _3501_/X (sky130_fd_sc_hd__a21o_2)
                                                         _1441_ (net)
                      0.097492    0.000712   10.372255 v _3504_/A1 (sky130_fd_sc_hd__a21oi_2)
     3    0.012146    0.282033    0.319536   10.691792 ^ _3504_/Y (sky130_fd_sc_hd__a21oi_2)
                                                         _1444_ (net)
                      0.282033    0.000772   10.692564 ^ _3523_/A3 (sky130_fd_sc_hd__o311a_4)
     5    0.020421    0.143622    0.461887   11.154450 ^ _3523_/X (sky130_fd_sc_hd__o311a_4)
                                                         _1461_ (net)
                      0.143629    0.001151   11.155602 ^ _4299_/A1 (sky130_fd_sc_hd__a21o_2)
     5    0.028118    0.232452    0.401684   11.557285 ^ _4299_/X (sky130_fd_sc_hd__a21o_2)
                                                         _2167_ (net)
                      0.232475    0.002411   11.559696 ^ _4370_/A1 (sky130_fd_sc_hd__a211o_2)
     4    0.027288    0.220184    0.446255   12.005950 ^ _4370_/X (sky130_fd_sc_hd__a211o_2)
                                                         _2238_ (net)
                      0.220277    0.004232   12.010182 ^ _4378_/A3 (sky130_fd_sc_hd__a31o_4)
     5    0.032073    0.183400    0.471476   12.481659 ^ _4378_/X (sky130_fd_sc_hd__a31o_4)
                                                         _2246_ (net)
                      0.183450    0.002905   12.484564 ^ _4384_/B (sky130_fd_sc_hd__nand3_2)
     2    0.006263    0.129567    0.206141   12.690705 v _4384_/Y (sky130_fd_sc_hd__nand3_2)
                                                         _2252_ (net)
                      0.129567    0.000393   12.691098 v _4443_/A2 (sky130_fd_sc_hd__a2111o_2)
     3    0.011643    0.157486    0.977868   13.668967 v _4443_/X (sky130_fd_sc_hd__a2111o_2)
                                                         _2311_ (net)
                      0.157486    0.000582   13.669549 v _4454_/A1 (sky130_fd_sc_hd__a211o_2)
     2    0.007875    0.107895    0.631746   14.301294 v _4454_/X (sky130_fd_sc_hd__a211o_2)
                                                         _2322_ (net)
                      0.107895    0.000264   14.301558 v _4455_/C1 (sky130_fd_sc_hd__o211a_2)
     2    0.013162    0.117601    0.277120   14.578678 v _4455_/X (sky130_fd_sc_hd__o211a_2)
                                                         _2323_ (net)
                      0.117604    0.000743   14.579421 v _4457_/A2 (sky130_fd_sc_hd__o21a_2)
     3    0.013805    0.110059    0.437039   15.016459 v _4457_/X (sky130_fd_sc_hd__o21a_2)
                                                         _2325_ (net)
                      0.110066    0.000950   15.017410 v _4459_/A2 (sky130_fd_sc_hd__o211a_2)
     3    0.048526    0.257911    0.663173   15.680583 v _4459_/X (sky130_fd_sc_hd__o211a_2)
                                                         _2327_ (net)
                      0.258207    0.007812   15.688396 v _4465_/A (sky130_fd_sc_hd__nor2_2)
     2    0.041322    0.737503    0.705615   16.394011 ^ _4465_/Y (sky130_fd_sc_hd__nor2_2)
                                                         _2333_ (net)
                      0.737598    0.007054   16.401064 ^ _5650_/A (sky130_fd_sc_hd__inv_2)
     1    0.005110    0.127617    0.217117   16.618181 v _5650_/Y (sky130_fd_sc_hd__inv_2)
                                                         net460 (net)
                      0.127617    0.000361   16.618542 v output460/A (sky130_fd_sc_hd__clkdlybuf4s25_1)
     1    0.035398    0.478578    0.803714   17.422256 v output460/X (sky130_fd_sc_hd__clkdlybuf4s25_1)
                                                         alu_result_out[0] (net)
                      0.478580    0.001902   17.424158 v alu_result_out[0] (out)
                                             17.424158   data arrival time

                                 25.000000   25.000000   clock clk (rise edge)
                                  0.000000   25.000000   clock network delay (propagated)
                                 -0.100000   24.900000   clock uncertainty
                                  0.000000   24.900000   clock reconvergence pessimism
                                 -5.000000   19.899998   output external delay
                                             19.899998   data required time
---------------------------------------------------------------------------------------------
                                             19.899998   data required time
                                            -17.424158   data arrival time
---------------------------------------------------------------------------------------------
                                              2.475840   slack (MET)




===========================================================================
report_checks --slack_max -0.01
============================================================================
======================= max_ss_100C_1v60 Corner ===================================

No paths found.


===========================================================================
 report_check_types -max_slew -max_cap -max_fanout -violators
============================================================================
======================= max_ss_100C_1v60 Corner ===================================

max fanout

Pin                                   Limit Fanout  Slack
---------------------------------------------------------
clkbuf_leaf_25_clk/X                     10     21    -11 (VIOLATED)
clkbuf_leaf_27_clk/X                     10     21    -11 (VIOLATED)
clkbuf_leaf_29_clk/X                     10     20    -10 (VIOLATED)
clkbuf_leaf_31_clk/X                     10     20    -10 (VIOLATED)
clkbuf_leaf_34_clk/X                     10     20    -10 (VIOLATED)
clkbuf_leaf_37_clk/X                     10     20    -10 (VIOLATED)
clkbuf_leaf_13_clk/X                     10     19     -9 (VIOLATED)
clkbuf_leaf_30_clk/X                     10     19     -9 (VIOLATED)
clkbuf_leaf_32_clk/X                     10     19     -9 (VIOLATED)
clkbuf_leaf_35_clk/X                     10     19     -9 (VIOLATED)
clkbuf_leaf_36_clk/X                     10     19     -9 (VIOLATED)
clkbuf_leaf_7_clk/X                      10     19     -9 (VIOLATED)
clkbuf_leaf_19_clk/X                     10     18     -8 (VIOLATED)
clkbuf_leaf_23_clk/X                     10     18     -8 (VIOLATED)
clkbuf_leaf_28_clk/X                     10     18     -8 (VIOLATED)
clkbuf_leaf_33_clk/X                     10     18     -8 (VIOLATED)
clkbuf_leaf_15_clk/X                     10     17     -7 (VIOLATED)
clkbuf_leaf_17_clk/X                     10     17     -7 (VIOLATED)
clkbuf_leaf_18_clk/X                     10     17     -7 (VIOLATED)
clkbuf_leaf_21_clk/X                     10     17     -7 (VIOLATED)
clkbuf_leaf_24_clk/X                     10     17     -7 (VIOLATED)
clkbuf_leaf_41_clk/X                     10     17     -7 (VIOLATED)
clkbuf_leaf_43_clk/X                     10     17     -7 (VIOLATED)
clkbuf_leaf_11_clk/X                     10     16     -6 (VIOLATED)
clkbuf_leaf_14_clk/X                     10     16     -6 (VIOLATED)
clkbuf_leaf_16_clk/X                     10     16     -6 (VIOLATED)
clkbuf_leaf_2_clk/X                      10     16     -6 (VIOLATED)
clkbuf_leaf_38_clk/X                     10     16     -6 (VIOLATED)
clkbuf_leaf_3_clk/X                      10     16     -6 (VIOLATED)
clkbuf_leaf_42_clk/X                     10     16     -6 (VIOLATED)
clkbuf_leaf_5_clk/X                      10     16     -6 (VIOLATED)
clkbuf_leaf_8_clk/X                      10     16     -6 (VIOLATED)
clkbuf_leaf_9_clk/X                      10     16     -6 (VIOLATED)
clkbuf_leaf_0_clk/X                      10     15     -5 (VIOLATED)
clkbuf_leaf_12_clk/X                     10     15     -5 (VIOLATED)
clkbuf_leaf_20_clk/X                     10     15     -5 (VIOLATED)
clkbuf_leaf_22_clk/X                     10     15     -5 (VIOLATED)
clkbuf_leaf_26_clk/X                     10     15     -5 (VIOLATED)
clkbuf_leaf_39_clk/X                     10     15     -5 (VIOLATED)
clkbuf_leaf_40_clk/X                     10     15     -5 (VIOLATED)
clkbuf_leaf_44_clk/X                     10     15     -5 (VIOLATED)
clkbuf_leaf_10_clk/X                     10     13     -3 (VIOLATED)
clkbuf_leaf_1_clk/X                      10     12     -2 (VIOLATED)
clkbuf_leaf_6_clk/X                      10     12     -2 (VIOLATED)



===========================================================================
report_parasitic_annotation -report_unannotated
============================================================================
Found 42 unannotated drivers.
 clkload0/X
 clkload1/X
 clkload10/X
 clkload11/X
 clkload12/X
 clkload13/X
 clkload14/X
 clkload15/Y
 clkload16/Y
 clkload17/Y
 clkload18/X
 clkload19/Y
 clkload2/X
 clkload20/Y
 clkload21/X
 clkload22/X
 clkload23/X
 clkload24/Y
 clkload25/Y
 clkload26/Y
 clkload27/Y
 clkload28/X
 clkload29/X
 clkload3/X
 clkload30/Y
 clkload31/X
 clkload32/Y
 clkload33/X
 clkload34/X
 clkload35/X
 clkload36/X
 clkload4/X
 clkload5/Y
 clkload6/X
 clkload7/Y
 clkload8/X
 clkload9/Y
 single_cycle_cpu/HI
 single_cycle_cpu_576/HI
 single_cycle_cpu_577/HI
 single_cycle_cpu_578/LO
 single_cycle_cpu_579/LO
Found 0 partially unannotated drivers.

===========================================================================
max slew violation count 0
max fanout violation count 44
max cap violation count 0
============================================================================

===========================================================================
check_setup -verbose -unconstrained_endpoints -multiple_clock -no_clock -no_input_delay -loops -generated_clocks
===========================================================================
