Clock: clk
Sources: clk 
Generated: no
Virtual: yes
Propagated: no
Period: 25.000000

===========================================================================
report_clock_properties
============================================================================
Clock                   Period          Waveform
----------------------------------------------------
clk                  25.000000    0.000000 12.500000

===========================================================================
report_clock_latency
============================================================================
Clock clk
rise -> rise
    min     max
0.000000 0.000000 source latency
1.523330         network latency _6824_/CLK
        1.613122 network latency _7100_/CLK
---------------
1.523330 1.613122 latency
        0.089792 skew

fall -> fall
    min     max
0.000000 0.000000 source latency
1.323699         network latency _6824_/CLK
        1.391363 network latency _7100_/CLK
---------------
1.323699 1.391363 latency
        0.067664 skew



===========================================================================
report_clock_min_period
============================================================================
clk period_min = 18.51 fmax = 54.03
