
===========================================================================
report_checks -unconstrained
===========================================================================
======================= nom_ff_n40C_1v95 Corner ===================================

Startpoint: reset (input port clocked by clk)
Endpoint: _7169_ (recovery check against rising-edge clock clk)
Path Group: asynchronous
Path Type: max

Fanout         Cap        Slew       Delay        Time   Description
---------------------------------------------------------------------------------------------
                                  0.000000    0.000000   clock clk (rise edge)
                                  0.000000    0.000000   clock network delay (propagated)
                                  5.000000    5.000000 v input external delay
     1    0.003585    0.005871    0.002971    5.002971 v reset (in)
                                                         reset (net)
                      0.005872    0.000000    5.002971 v input453/A (sky130_fd_sc_hd__clkdlybuf4s25_1)
     4    0.048658    0.245784    0.314675    5.317647 v input453/X (sky130_fd_sc_hd__clkdlybuf4s25_1)
                                                         net453 (net)
                      0.246286    0.008591    5.326237 v fanout49/A (sky130_fd_sc_hd__buf_1)
     2    0.036247    0.144556    0.219331    5.545568 v fanout49/X (sky130_fd_sc_hd__buf_1)
                                                         net49 (net)
                      0.144580    0.001806    5.547375 v wire571/A (sky130_fd_sc_hd__buf_2)
     6    0.052984    0.090459    0.180528    5.727903 v wire571/X (sky130_fd_sc_hd__buf_2)
                                                         net571 (net)
                      0.091002    0.005748    5.733652 v fanout45/A (sky130_fd_sc_hd__clkdlybuf4s25_1)
     6    0.037197    0.189810    0.308944    6.042595 v fanout45/X (sky130_fd_sc_hd__clkdlybuf4s25_1)
                                                         net45 (net)
                      0.189812    0.000891    6.043486 v fanout42/A (sky130_fd_sc_hd__clkdlybuf4s25_1)
     8    0.038325    0.195333    0.343187    6.386672 v fanout42/X (sky130_fd_sc_hd__clkdlybuf4s25_1)
                                                         net42 (net)
                      0.195333    0.000379    6.387052 v fanout41/A (sky130_fd_sc_hd__clkdlybuf4s25_1)
     5    0.026600    0.138809    0.302048    6.689100 v fanout41/X (sky130_fd_sc_hd__clkdlybuf4s25_1)
                                                         net41 (net)
                      0.138809    0.000451    6.689551 v _6449_/A (sky130_fd_sc_hd__inv_2)
     1    0.005883    0.044979    0.069586    6.759137 ^ _6449_/Y (sky130_fd_sc_hd__inv_2)
                                                         _0190_ (net)
                      0.044979    0.000111    6.759248 ^ _7169_/RESET_B (sky130_fd_sc_hd__dfrtp_2)
                                              6.759248   data arrival time

                                 25.000000   25.000000   clock clk (rise edge)
                                  0.000000   25.000000   clock source latency
     1    0.042967    0.148246    0.105535   25.105534 ^ clk (in)
                                                         clk (net)
                      0.148705    0.000000   25.105534 ^ clkbuf_0_clk/A (sky130_fd_sc_hd__clkbuf_16)
     8    0.144089    0.121211    0.178742   25.284277 ^ clkbuf_0_clk/X (sky130_fd_sc_hd__clkbuf_16)
                                                         clknet_0_clk (net)
                      0.121842    0.007013   25.291290 ^ clkbuf_3_5__f_clk/A (sky130_fd_sc_hd__clkbuf_16)
     6    0.073963    0.070349    0.139259   25.430550 ^ clkbuf_3_5__f_clk/X (sky130_fd_sc_hd__clkbuf_16)
                                                         clknet_3_5__leaf_clk (net)
                      0.070557    0.002691   25.433241 ^ clkbuf_leaf_7_clk/A (sky130_fd_sc_hd__clkbuf_16)
    15    0.059163    0.059080    0.117977   25.551216 ^ clkbuf_leaf_7_clk/X (sky130_fd_sc_hd__clkbuf_16)
                                                         clknet_leaf_7_clk (net)
                      0.059235    0.002078   25.553295 ^ _7169_/CLK (sky130_fd_sc_hd__dfrtp_2)
                                 -0.100000   25.453295   clock uncertainty
                                  0.000000   25.453295   clock reconvergence pessimism
                                  0.134428   25.587723   library recovery time
                                             25.587723   data required time
---------------------------------------------------------------------------------------------
                                             25.587723   data required time
                                             -6.759248   data arrival time
---------------------------------------------------------------------------------------------
                                             18.828474   slack (MET)


Startpoint: _6983_ (rising edge-triggered flip-flop clocked by clk)
Endpoint: alu_result_out[0] (output port clocked by clk)
Path Group: clk
Path Type: max

Fanout         Cap        Slew       Delay        Time   Description
---------------------------------------------------------------------------------------------
                                  0.000000    0.000000   clock clk (rise edge)
                                  0.000000    0.000000   clock source latency
     1    0.042967    0.148246    0.105535    0.105535 ^ clk (in)
                                                         clk (net)
                      0.148705    0.000000    0.105535 ^ clkbuf_0_clk/A (sky130_fd_sc_hd__clkbuf_16)
     8    0.144089    0.121211    0.178743    0.284278 ^ clkbuf_0_clk/X (sky130_fd_sc_hd__clkbuf_16)
                                                         clknet_0_clk (net)
                      0.121715    0.006287    0.290565 ^ clkbuf_3_4__f_clk/A (sky130_fd_sc_hd__clkbuf_16)
     6    0.093720    0.084862    0.150147    0.440712 ^ clkbuf_3_4__f_clk/X (sky130_fd_sc_hd__clkbuf_16)
                                                         clknet_3_4__leaf_clk (net)
                      0.084914    0.001701    0.442413 ^ clkbuf_leaf_5_clk/A (sky130_fd_sc_hd__clkbuf_16)
    15    0.064798    0.063308    0.124857    0.567270 ^ clkbuf_leaf_5_clk/X (sky130_fd_sc_hd__clkbuf_16)
                                                         clknet_leaf_5_clk (net)
                      0.063393    0.001360    0.568631 ^ _6983_/CLK (sky130_fd_sc_hd__dfrtp_2)
     9    0.053458    0.105219    0.334547    0.903178 v _6983_/Q (sky130_fd_sc_hd__dfrtp_2)
                                                         net252 (net)
                      0.105235    0.001357    0.904535 v place444/A (sky130_fd_sc_hd__buf_2)
    10    0.042341    0.075207    0.157215    1.061750 v place444/X (sky130_fd_sc_hd__buf_2)
                                                         net444 (net)
                      0.075212    0.000688    1.062437 v _3313_/A_N (sky130_fd_sc_hd__nand4b_4)
    10    0.073218    0.211448    0.241441    1.303879 v _3313_/Y (sky130_fd_sc_hd__nand4b_4)
                                                         _1263_ (net)
                      0.211489    0.002394    1.306273 v _3314_/B (sky130_fd_sc_hd__or2_2)
     8    0.049861    0.111894    0.314847    1.621119 v _3314_/X (sky130_fd_sc_hd__or2_2)
                                                         _1264_ (net)
                      0.111911    0.001470    1.622590 v _3319_/C (sky130_fd_sc_hd__and4b_4)
     2    0.011741    0.036174    0.167394    1.789984 v _3319_/X (sky130_fd_sc_hd__and4b_4)
                                                         _1269_ (net)
                      0.036174    0.000331    1.790315 v _3339_/A1 (sky130_fd_sc_hd__a211oi_4)
     3    0.016797    0.199626    0.196284    1.986599 ^ _3339_/Y (sky130_fd_sc_hd__a211oi_4)
                                                         _1287_ (net)
                      0.199627    0.000906    1.987505 ^ max_cap558/A (sky130_fd_sc_hd__buf_2)
     7    0.029659    0.112508    0.156151    2.143656 ^ max_cap558/X (sky130_fd_sc_hd__buf_2)
                                                         net558 (net)
                      0.112509    0.000620    2.144276 ^ _3358_/A1 (sky130_fd_sc_hd__o211a_4)
     8    0.047276    0.117447    0.171984    2.316260 ^ _3358_/X (sky130_fd_sc_hd__o211a_4)
                                                         _1304_ (net)
                      0.117469    0.001354    2.317614 ^ place316/A (sky130_fd_sc_hd__buf_2)
     7    0.037681    0.140251    0.166450    2.484064 ^ place316/X (sky130_fd_sc_hd__buf_2)
                                                         net316 (net)
                      0.140291    0.001948    2.486012 ^ place315/A (sky130_fd_sc_hd__buf_2)
    10    0.062644    0.228680    0.229370    2.715382 ^ place315/X (sky130_fd_sc_hd__buf_2)
                                                         net315 (net)
                      0.228841    0.005034    2.720416 ^ _3576_/A2 (sky130_fd_sc_hd__a221oi_2)
     3    0.011404    0.072402    0.072738    2.793154 v _3576_/Y (sky130_fd_sc_hd__a221oi_2)
                                                         _1512_ (net)
                      0.072403    0.000303    2.793457 v _3591_/B (sky130_fd_sc_hd__nor4b_1)
     1    0.006653    0.259501    0.266837    3.060294 ^ _3591_/Y (sky130_fd_sc_hd__nor4b_1)
                                                         _1527_ (net)
                      0.259501    0.000249    3.060543 ^ wire556/A (sky130_fd_sc_hd__clkdlybuf4s25_1)
     2    0.006797    0.059665    0.210300    3.270842 ^ wire556/X (sky130_fd_sc_hd__clkdlybuf4s25_1)
                                                         net556 (net)
                      0.059665    0.000141    3.270983 ^ wire555/A (sky130_fd_sc_hd__clkdlybuf4s25_1)
     1    0.006272    0.055867    0.183342    3.454325 ^ wire555/X (sky130_fd_sc_hd__clkdlybuf4s25_1)
                                                         net555 (net)
                      0.055867    0.000150    3.454475 ^ _4296_/A2 (sky130_fd_sc_hd__a21oi_2)
     1    0.005972    0.055794    0.038255    3.492730 v _4296_/Y (sky130_fd_sc_hd__a21oi_2)
                                                         _2164_ (net)
                      0.055794    0.000208    3.492938 v _4297_/B (sky130_fd_sc_hd__nor2_2)
     1    0.003608    0.052260    0.060200    3.553138 ^ _4297_/Y (sky130_fd_sc_hd__nor2_2)
                                                         _2165_ (net)
                      0.052260    0.000109    3.553247 ^ _4298_/C1 (sky130_fd_sc_hd__a211o_2)
     1    0.004722    0.026801    0.063130    3.616377 ^ _4298_/X (sky130_fd_sc_hd__a211o_2)
                                                         _2166_ (net)
                      0.026801    0.000160    3.616537 ^ _4299_/B1 (sky130_fd_sc_hd__a21o_2)
     5    0.029158    0.113960    0.113974    3.730511 ^ _4299_/X (sky130_fd_sc_hd__a21o_2)
                                                         _2167_ (net)
                      0.113992    0.001593    3.732104 ^ _4370_/A1 (sky130_fd_sc_hd__a211o_2)
     4    0.026345    0.098649    0.144821    3.876925 ^ _4370_/X (sky130_fd_sc_hd__a211o_2)
                                                         _2238_ (net)
                      0.098665    0.001280    3.878205 ^ _4378_/A3 (sky130_fd_sc_hd__a31o_4)
     5    0.032681    0.086168    0.142915    4.021119 ^ _4378_/X (sky130_fd_sc_hd__a31o_4)
                                                         _2246_ (net)
                      0.086303    0.002742    4.023861 ^ _4384_/B (sky130_fd_sc_hd__nand3_2)
     2    0.007090    0.045056    0.055002    4.078864 v _4384_/Y (sky130_fd_sc_hd__nand3_2)
                                                         _2252_ (net)
                      0.045056    0.000210    4.079073 v _4443_/A2 (sky130_fd_sc_hd__a2111o_2)
     3    0.011747    0.062022    0.308793    4.387866 v _4443_/X (sky130_fd_sc_hd__a2111o_2)
                                                         _2311_ (net)
                      0.062022    0.000265    4.388131 v _4454_/A1 (sky130_fd_sc_hd__a211o_2)
     2    0.008607    0.045170    0.201324    4.589456 v _4454_/X (sky130_fd_sc_hd__a211o_2)
                                                         _2322_ (net)
                      0.045198    0.000217    4.589673 v _4455_/C1 (sky130_fd_sc_hd__o211a_2)
     2    0.012371    0.047301    0.093650    4.683322 v _4455_/X (sky130_fd_sc_hd__o211a_2)
                                                         _2323_ (net)
                      0.047301    0.000277    4.683599 v _4457_/A2 (sky130_fd_sc_hd__o21a_2)
     3    0.013034    0.042751    0.145049    4.828648 v _4457_/X (sky130_fd_sc_hd__o21a_2)
                                                         _2325_ (net)
                      0.042751    0.000232    4.828880 v _4459_/A2 (sky130_fd_sc_hd__o211a_2)
     3    0.041154    0.086989    0.217189    5.046070 v _4459_/X (sky130_fd_sc_hd__o211a_2)
                                                         _2327_ (net)
                      0.087638    0.005524    5.051594 v _4465_/A (sky130_fd_sc_hd__nor2_2)
     2    0.026991    0.218899    0.211192    5.262787 ^ _4465_/Y (sky130_fd_sc_hd__nor2_2)
                                                         _2333_ (net)
                      0.218907    0.001120    5.263907 ^ _5650_/A (sky130_fd_sc_hd__inv_2)
     1    0.021846    0.071636    0.059295    5.323203 v _5650_/Y (sky130_fd_sc_hd__inv_2)
                                                         net454 (net)
                      0.071647    0.000699    5.323902 v output454/A (sky130_fd_sc_hd__clkdlybuf4s25_1)
     1    0.035051    0.178695    0.294953    5.618855 v output454/X (sky130_fd_sc_hd__clkdlybuf4s25_1)
                                                         alu_result_out[0] (net)
                      0.178698    0.000944    5.619799 v alu_result_out[0] (out)
                                              5.619799   data arrival time

                                 25.000000   25.000000   clock clk (rise edge)
                                  0.000000   25.000000   clock network delay (propagated)
                                 -0.100000   24.900000   clock uncertainty
                                  0.000000   24.900000   clock reconvergence pessimism
                                 -5.000000   19.899998   output external delay
                                             19.899998   data required time
---------------------------------------------------------------------------------------------
                                             19.899998   data required time
                                             -5.619799   data arrival time
---------------------------------------------------------------------------------------------
                                             14.280200   slack (MET)




===========================================================================
report_checks --slack_max -0.01
============================================================================
======================= nom_ff_n40C_1v95 Corner ===================================

No paths found.


===========================================================================
 report_check_types -max_slew -max_cap -max_fanout -violators
============================================================================
======================= nom_ff_n40C_1v95 Corner ===================================

max fanout

Pin                                   Limit Fanout  Slack
---------------------------------------------------------
clkbuf_leaf_22_clk/X                     10     22    -12 (VIOLATED)
clkbuf_leaf_25_clk/X                     10     22    -12 (VIOLATED)
clkbuf_leaf_41_clk/X                     10     21    -11 (VIOLATED)
clkbuf_leaf_26_clk/X                     10     20    -10 (VIOLATED)
clkbuf_leaf_27_clk/X                     10     20    -10 (VIOLATED)
clkbuf_leaf_29_clk/X                     10     20    -10 (VIOLATED)
clkbuf_leaf_31_clk/X                     10     20    -10 (VIOLATED)
clkbuf_leaf_33_clk/X                     10     20    -10 (VIOLATED)
clkbuf_leaf_1_clk/X                      10     19     -9 (VIOLATED)
clkbuf_leaf_21_clk/X                     10     19     -9 (VIOLATED)
clkbuf_leaf_23_clk/X                     10     19     -9 (VIOLATED)
clkbuf_leaf_24_clk/X                     10     19     -9 (VIOLATED)
clkbuf_leaf_32_clk/X                     10     19     -9 (VIOLATED)
clkbuf_leaf_39_clk/X                     10     19     -9 (VIOLATED)
clkbuf_leaf_8_clk/X                      10     19     -9 (VIOLATED)
clkbuf_leaf_10_clk/X                     10     18     -8 (VIOLATED)
clkbuf_leaf_18_clk/X                     10     18     -8 (VIOLATED)
clkbuf_leaf_19_clk/X                     10     18     -8 (VIOLATED)
clkbuf_leaf_28_clk/X                     10     18     -8 (VIOLATED)
clkbuf_leaf_34_clk/X                     10     18     -8 (VIOLATED)
clkbuf_leaf_35_clk/X                     10     18     -8 (VIOLATED)
clkbuf_leaf_38_clk/X                     10     18     -8 (VIOLATED)
clkbuf_leaf_3_clk/X                      10     18     -8 (VIOLATED)
clkbuf_leaf_6_clk/X                      10     18     -8 (VIOLATED)
clkbuf_leaf_16_clk/X                     10     17     -7 (VIOLATED)
clkbuf_leaf_2_clk/X                      10     17     -7 (VIOLATED)
clkbuf_leaf_36_clk/X                     10     17     -7 (VIOLATED)
clkbuf_leaf_37_clk/X                     10     17     -7 (VIOLATED)
clkbuf_leaf_0_clk/X                      10     16     -6 (VIOLATED)
clkbuf_leaf_11_clk/X                     10     16     -6 (VIOLATED)
clkbuf_leaf_12_clk/X                     10     16     -6 (VIOLATED)
clkbuf_leaf_13_clk/X                     10     16     -6 (VIOLATED)
clkbuf_leaf_15_clk/X                     10     16     -6 (VIOLATED)
clkbuf_leaf_17_clk/X                     10     16     -6 (VIOLATED)
clkbuf_leaf_20_clk/X                     10     16     -6 (VIOLATED)
clkbuf_leaf_30_clk/X                     10     16     -6 (VIOLATED)
clkbuf_leaf_40_clk/X                     10     16     -6 (VIOLATED)
clkbuf_leaf_4_clk/X                      10     16     -6 (VIOLATED)
clkbuf_leaf_9_clk/X                      10     16     -6 (VIOLATED)
clkbuf_leaf_14_clk/X                     10     15     -5 (VIOLATED)
clkbuf_leaf_5_clk/X                      10     15     -5 (VIOLATED)
clkbuf_leaf_7_clk/X                      10     15     -5 (VIOLATED)



===========================================================================
report_parasitic_annotation -report_unannotated
============================================================================
Found 45 unannotated drivers.
 clkload0/X
 clkload1/X
 clkload10/Y
 clkload11/Y
 clkload12/Y
 clkload13/X
 clkload14/X
 clkload15/Y
 clkload16/X
 clkload17/Y
 clkload18/X
 clkload19/X
 clkload2/X
 clkload20/Y
 clkload21/Y
 clkload22/Y
 clkload23/X
 clkload24/X
 clkload25/Y
 clkload26/Y
 clkload27/Y
 clkload28/Y
 clkload29/Y
 clkload3/X
 clkload30/X
 clkload31/Y
 clkload32/X
 clkload33/Y
 clkload34/X
 clkload35/X
 clkload36/Y
 clkload37/Y
 clkload38/X
 clkload39/Y
 clkload4/X
 clkload5/X
 clkload6/X
 clkload7/Y
 clkload8/X
 clkload9/Y
 single_cycle_cpu/HI
 single_cycle_cpu_572/HI
 single_cycle_cpu_573/HI
 single_cycle_cpu_574/LO
 single_cycle_cpu_575/LO
Found 0 partially unannotated drivers.

===========================================================================
max slew violation count 0
max fanout violation count 42
max cap violation count 0
============================================================================

===========================================================================
check_setup -verbose -unconstrained_endpoints -multiple_clock -no_clock -no_input_delay -loops -generated_clocks
===========================================================================
