Clock: clk
Sources: clk 
Generated: no
Virtual: yes
Propagated: no
Period: 25.000000

===========================================================================
report_clock_properties
============================================================================
Clock                   Period          Waveform
----------------------------------------------------
clk                  25.000000    0.000000 12.500000

===========================================================================
report_clock_latency
============================================================================
Clock clk
rise -> rise
    min     max
0.000000 0.000000 source latency
0.544261         network latency _6799_/CLK
        0.573747 network latency _7015_/CLK
---------------
0.544261 0.573747 latency
        0.029486 skew

fall -> fall
    min     max
0.000000 0.000000 source latency
0.468122         network latency _6941_/CLK
        0.491752 network latency _7015_/CLK
---------------
0.468122 0.491752 latency
        0.023630 skew



===========================================================================
report_clock_min_period
============================================================================
clk period_min = 5.57 fmax = 179.51
