Clock: clk
Sources: clk 
Generated: no
Virtual: yes
Propagated: no
Period: 25.000000

===========================================================================
report_clock_properties
============================================================================
Clock                   Period          Waveform
----------------------------------------------------
clk                  25.000000    0.000000 12.500000

===========================================================================
report_clock_latency
============================================================================
Clock clk
rise -> rise
    min     max
0.000000 0.000000 source latency
0.683585         network latency _7101_/CLK
        0.703174 network latency _6769_/CLK
---------------
0.683585 0.703174 latency
        0.019589 skew

fall -> fall
    min     max
0.000000 0.000000 source latency
0.610730         network latency _7101_/CLK
        0.625586 network latency _6769_/CLK
---------------
0.610730 0.625586 latency
        0.014856 skew



===========================================================================
report_clock_min_period
============================================================================
clk period_min = 8.62 fmax = 115.98
