Clock: clk
Sources: clk 
Generated: no
Virtual: yes
Propagated: no
Period: 25.000000

===========================================================================
report_clock_properties
============================================================================
Clock                   Period          Waveform
----------------------------------------------------
clk                  25.000000    0.000000 12.500000

===========================================================================
report_clock_latency
============================================================================
Clock clk
rise -> rise
    min     max
0.000000 0.000000 source latency
0.593457         network latency _6853_/CLK
        0.629840 network latency _7187_/CLK
---------------
0.593457 0.629840 latency
        0.036383 skew

fall -> fall
    min     max
0.000000 0.000000 source latency
0.506155         network latency _6853_/CLK
        0.534678 network latency _7187_/CLK
---------------
0.506155 0.534678 latency
        0.028523 skew



===========================================================================
report_clock_min_period
============================================================================
clk period_min = 5.42 fmax = 184.54
