Clock: clk
Sources: clk 
Generated: no
Virtual: yes
Propagated: no
Period: 25.000000

===========================================================================
report_clock_properties
============================================================================
Clock                   Period          Waveform
----------------------------------------------------
clk                  25.000000    0.000000 12.500000

===========================================================================
report_clock_latency
============================================================================
Clock clk
rise -> rise
    min     max
0.000000 0.000000 source latency
0.666726         network latency _7298_/CLK
        0.680901 network latency _7384_/CLK
---------------
0.666726 0.680901 latency
        0.014175 skew

fall -> fall
    min     max
0.000000 0.000000 source latency
0.598885         network latency _7298_/CLK
        0.609167 network latency _7384_/CLK
---------------
0.598885 0.609167 latency
        0.010282 skew



===========================================================================
report_clock_min_period
============================================================================
clk period_min = 8.07 fmax = 123.88
