Clock: clk
Sources: clk 
Generated: no
Virtual: yes
Propagated: no
Period: 25.000000

===========================================================================
report_clock_properties
============================================================================
Clock                   Period          Waveform
----------------------------------------------------
clk                  25.000000    0.000000 12.500000

===========================================================================
report_clock_latency
============================================================================
Clock clk
rise -> rise
    min     max
0.000000 0.000000 source latency
0.539680         network latency _7058_/CLK
        0.564595 network latency _6688_/CLK
---------------
0.539680 0.564595 latency
        0.024915 skew

fall -> fall
    min     max
0.000000 0.000000 source latency
0.464087         network latency _7058_/CLK
        0.482447 network latency _6688_/CLK
---------------
0.464087 0.482447 latency
        0.018360 skew



===========================================================================
report_clock_min_period
============================================================================
clk period_min = 5.39 fmax = 185.45
