┏━━━━━━━┳━━━━━━━━━┳━━━━━━━━━━┳━━━━━━━━━━━━━━━━━━━━━━━━┳━━━━━━━━━━━━━┳━━━━━━━┓
┃ P / R ┃ Partial ┃ Required ┃ Net                    ┃ Pin         ┃ Layer ┃
┡━━━━━━━╇━━━━━━━━━╇━━━━━━━━━━╇━━━━━━━━━━━━━━━━━━━━━━━━╇━━━━━━━━━━━━━╇━━━━━━━┩
│ 4.03  │ 1612.06 │ 400.00   │ net494                 │ output494/A │ met3  │
│ 3.77  │ 1508.39 │ 400.00   │ net492                 │ output492/A │ met3  │
│ 2.10  │ 840.30  │ 400.00   │ _2950_                 │ _7412_/A    │ met3  │
│ 1.97  │ 786.97  │ 400.00   │ _3128_                 │ _5661_/D    │ met1  │
│ 1.68  │ 673.65  │ 400.00   │ _2861_                 │ _5135_/C1   │ met3  │
│ 1.66  │ 662.54  │ 400.00   │ net327                 │ _4185_/B    │ met3  │
│ 1.66  │ 662.54  │ 400.00   │ net327                 │ place326/A  │ met3  │
│ 1.46  │ 584.44  │ 400.00   │ _2269_                 │ _4402_/C1   │ met3  │
│ 1.43  │ 570.71  │ 400.00   │ net490                 │ output490/A │ met1  │
│ 1.41  │ 562.57  │ 400.00   │ RF.registers[12\][27\] │ _5729_/A0   │ met3  │
│ 1.36  │ 544.39  │ 400.00   │ _2850_                 │ _5121_/A3   │ met3  │
│ 1.34  │ 537.55  │ 400.00   │ _1887_                 │ _4020_/C1   │ met3  │
│ 1.31  │ 524.48  │ 400.00   │ net465                 │ _4961_/B    │ met1  │
│ 1.31  │ 523.61  │ 400.00   │ net531                 │ output531/A │ met3  │
│ 1.15  │ 461.65  │ 400.00   │ net262                 │ output486/A │ met1  │
│ 1.13  │ 450.62  │ 400.00   │ _2542_                 │ _4748_/A2   │ met3  │
│ 1.04  │ 415.46  │ 400.00   │ _1912_                 │ _4045_/C1   │ met1  │
│ 1.02  │ 408.61  │ 400.00   │ RF.registers[12\][13\] │ _5701_/A0   │ met1  │
│ 1.02  │ 406.01  │ 400.00   │ net561                 │ _5131_/B1   │ met3  │
│ 1.00  │ 400.70  │ 400.00   │ net72                  │ _4913_/A1   │ met1  │
└───────┴─────────┴──────────┴────────────────────────┴─────────────┴───────┘
