Clock: clk
Sources: clk 
Generated: no
Virtual: yes
Propagated: no
Period: 25.000000

===========================================================================
report_clock_properties
============================================================================
Clock                   Period          Waveform
----------------------------------------------------
clk                  25.000000    0.000000 12.500000

===========================================================================
report_clock_latency
============================================================================
Clock clk
rise -> rise
    min     max
0.000000 0.000000 source latency
5.699874         network latency _7149_/CLK
        5.800329 network latency _7122_/CLK
---------------
5.699874 5.800329 latency
        0.100455 skew

fall -> fall
    min     max
0.000000 0.000000 source latency
2.819446         network latency _7149_/CLK
        2.913453 network latency _7282_/CLK
---------------
2.819446 2.913453 latency
        0.094007 skew



===========================================================================
report_clock_min_period
============================================================================
clk period_min = 8.58 fmax = 116.50
