Clock: clk
Sources: clk 
Generated: no
Virtual: yes
Propagated: no
Period: 25.000000

===========================================================================
report_clock_properties
============================================================================
Clock                   Period          Waveform
----------------------------------------------------
clk                  25.000000    0.000000 12.500000

===========================================================================
report_clock_latency
============================================================================
Clock clk
rise -> rise
    min     max
0.000000 0.000000 source latency
0.563424         network latency _6854_/CLK
        0.596209 network latency _7015_/CLK
---------------
0.563424 0.596209 latency
        0.032785 skew

fall -> fall
    min     max
0.000000 0.000000 source latency
0.479044         network latency _6854_/CLK
        0.505330 network latency _7015_/CLK
---------------
0.479044 0.505330 latency
        0.026286 skew



===========================================================================
report_clock_min_period
============================================================================
clk period_min = 5.57 fmax = 179.54
