Clock: clk
Sources: clk 
Generated: no
Virtual: yes
Propagated: no
Period: 25.000000

===========================================================================
report_clock_properties
============================================================================
Clock                   Period          Waveform
----------------------------------------------------
clk                  25.000000    0.000000 12.500000

===========================================================================
report_clock_latency
============================================================================
Clock clk
rise -> rise
    min     max
0.000000 0.000000 source latency
0.535778         network latency _7289_/CLK
        0.555779 network latency _7337_/CLK
---------------
0.535778 0.555779 latency
        0.020001 skew

fall -> fall
    min     max
0.000000 0.000000 source latency
0.461267         network latency _7289_/CLK
        0.475850 network latency _7337_/CLK
---------------
0.461267 0.475850 latency
        0.014583 skew



===========================================================================
report_clock_min_period
============================================================================
clk period_min = 5.66 fmax = 176.82
