┏━━━━━━━┳━━━━━━━━━┳━━━━━━━━━━┳━━━━━━━━━━━━━━━━━━━━━━━━┳━━━━━━━━━━━━━┳━━━━━━━┓
┃ P / R ┃ Partial ┃ Required ┃ Net                    ┃ Pin         ┃ Layer ┃
┡━━━━━━━╇━━━━━━━━━╇━━━━━━━━━━╇━━━━━━━━━━━━━━━━━━━━━━━━╇━━━━━━━━━━━━━╇━━━━━━━┩
│ 3.64  │ 1456.56 │ 400.00   │ net510                 │ output510/A │ met3  │
│ 2.97  │ 1187.47 │ 400.00   │ RF.registers[12\][18\] │ _5710_/A0   │ met3  │
│ 2.62  │ 1048.60 │ 400.00   │ RF.registers[12\][23\] │ _5721_/A0   │ met3  │
│ 2.45  │ 979.42  │ 400.00   │ net483                 │ place307/A  │ met3  │
│ 1.78  │ 712.36  │ 400.00   │ net318                 │ _4542_/B    │ met1  │
│ 1.70  │ 681.83  │ 400.00   │ RF.registers[12\][20\] │ _5715_/A0   │ met1  │
│ 1.63  │ 650.85  │ 400.00   │ RF.registers[12\][21\] │ _5717_/A0   │ met1  │
│ 1.61  │ 642.27  │ 400.00   │ net543                 │ output543/A │ met1  │
│ 1.57  │ 627.27  │ 400.00   │ net542                 │ output542/A │ met3  │
│ 1.56  │ 622.92  │ 400.00   │ RF.registers[12\][3\]  │ _5680_/A0   │ met1  │
│ 1.55  │ 621.36  │ 400.00   │ RF.registers[12\][2\]  │ _5678_/A0   │ met1  │
│ 1.53  │ 612.03  │ 400.00   │ _2865_                 │ _5140_/A1   │ met1  │
│ 1.39  │ 555.06  │ 400.00   │ net541                 │ output541/A │ met1  │
│ 1.33  │ 533.53  │ 400.00   │ RF.registers[12\][25\] │ _4416_/A1   │ met1  │
│ 1.32  │ 528.89  │ 400.00   │ net540                 │ output540/A │ met1  │
│ 1.27  │ 508.11  │ 400.00   │ RF.registers[12\][10\] │ _5695_/A0   │ met1  │
│ 1.15  │ 461.65  │ 400.00   │ net507                 │ output507/A │ met1  │
│ 1.15  │ 461.34  │ 400.00   │ net539                 │ output539/A │ met1  │
│ 1.15  │ 459.30  │ 400.00   │ net270                 │ _5117_/B    │ met3  │
│ 1.15  │ 459.30  │ 400.00   │ net270                 │ output490/A │ met3  │
│ 1.14  │ 455.08  │ 400.00   │ _1768_                 │ _3857_/B1   │ met3  │
│ 1.05  │ 419.94  │ 400.00   │ net457                 │ output545/A │ met3  │
│ 1.05  │ 418.58  │ 400.00   │ RF.registers[12\][5\]  │ _5684_/A0   │ met1  │
│ 1.02  │ 406.78  │ 400.00   │ net544                 │ output544/A │ met1  │
│ 1.01  │ 405.69  │ 400.00   │ net267                 │ _4927_/C    │ met1  │
│ 1.01  │ 402.38  │ 400.00   │ net538                 │ output538/A │ met1  │
│ 1.00  │ 401.46  │ 400.00   │ net455                 │ _3532_/A1   │ met2  │
│ 1.00  │ 401.46  │ 400.00   │ net455                 │ output546/A │ met2  │
└───────┴─────────┴──────────┴────────────────────────┴─────────────┴───────┘
