Clock: clk
Sources: clk 
Generated: no
Virtual: yes
Propagated: no
Period: 25.000000

===========================================================================
report_clock_properties
============================================================================
Clock                   Period          Waveform
----------------------------------------------------
clk                  25.000000    0.000000 12.500000

===========================================================================
report_clock_latency
============================================================================
Clock clk
rise -> rise
    min     max
0.000000 0.000000 source latency
0.565777         network latency _6853_/CLK
        0.594398 network latency _7187_/CLK
---------------
0.565777 0.594398 latency
        0.028620 skew

fall -> fall
    min     max
0.000000 0.000000 source latency
0.484094         network latency _6853_/CLK
        0.505667 network latency _7187_/CLK
---------------
0.484094 0.505667 latency
        0.021573 skew



===========================================================================
report_clock_min_period
============================================================================
clk period_min = 5.29 fmax = 188.96
