
===========================================================================
 report_power
============================================================================
======================= nom_tt_025C_1v80 Corner ===================================

Group                    Internal    Switching      Leakage        Total
                            Power        Power        Power        Power (Watts)
------------------------------------------------------------------------
Sequential           1.155127e-03 0.000000e+00 7.617158e-09 1.155135e-03  53.3%
Combinational        1.125103e-05 3.723180e-05 1.477184e-08 4.849760e-05   2.2%
Clock                4.948924e-04 4.691051e-04 4.250420e-08 9.640401e-04  44.5%
Macro                0.000000e+00 0.000000e+00 0.000000e+00 0.000000e+00   0.0%
Pad                  0.000000e+00 0.000000e+00 0.000000e+00 0.000000e+00   0.0%
------------------------------------------------------------------------
Total                1.661271e-03 5.063371e-04 6.489120e-08 2.167673e-03 100.0%
                            76.6%        23.4%         0.0%

