Clock: clk
Sources: clk 
Generated: no
Virtual: yes
Propagated: no
Period: 25.000000

===========================================================================
report_clock_properties
============================================================================
Clock                   Period          Waveform
----------------------------------------------------
clk                  25.000000    0.000000 12.500000

===========================================================================
report_clock_latency
============================================================================
Clock clk
rise -> rise
    min     max
0.000000 0.000000 source latency
1.411715         network latency _6696_/CLK
        1.463321 network latency _7384_/CLK
---------------
1.411715 1.463321 latency
        0.051606 skew

fall -> fall
    min     max
0.000000 0.000000 source latency
1.244960         network latency _6696_/CLK
        1.283898 network latency _7384_/CLK
---------------
1.244960 1.283898 latency
        0.038938 skew



===========================================================================
report_clock_min_period
============================================================================
clk period_min = 17.04 fmax = 58.70
