Clock: clk
Sources: clk 
Generated: no
Virtual: yes
Propagated: no
Period: 25.000000

===========================================================================
report_clock_properties
============================================================================
Clock                   Period          Waveform
----------------------------------------------------
clk                  25.000000    0.000000 12.500000

===========================================================================
report_clock_latency
============================================================================
Clock clk
rise -> rise
    min     max
0.000000 0.000000 source latency
0.802826         network latency _7289_/CLK
        0.831688 network latency _7337_/CLK
---------------
0.802826 0.831688 latency
        0.028862 skew

fall -> fall
    min     max
0.000000 0.000000 source latency
0.688067         network latency _7289_/CLK
        0.709369 network latency _7337_/CLK
---------------
0.688067 0.709369 latency
        0.021301 skew



===========================================================================
report_clock_min_period
============================================================================
clk period_min = 9.24 fmax = 108.26
