
===========================================================================
report_checks -unconstrained
===========================================================================
======================= min_tt_025C_1v80 Corner ===================================

Startpoint: reset (input port clocked by clk)
Endpoint: _7216_ (recovery check against rising-edge clock clk)
Path Group: asynchronous
Path Type: max

Fanout         Cap        Slew       Delay        Time   Description
---------------------------------------------------------------------------------------------
                                  0.000000    0.000000   clock clk (rise edge)
                                  0.000000    0.000000   clock network delay (propagated)
                                  5.000000    5.000000 v input external delay
     3    0.023456    0.053732    0.038510    5.038510 v reset (in)
                                                         reset (net)
                      0.053854    0.000000    5.038510 v fanout51/A (sky130_fd_sc_hd__clkdlybuf4s25_1)
     6    0.043341    0.320910    0.463663    5.502173 v fanout51/X (sky130_fd_sc_hd__clkdlybuf4s25_1)
                                                         net51 (net)
                      0.320990    0.004837    5.507010 v fanout39/A (sky130_fd_sc_hd__buf_1)
     2    0.018614    0.114708    0.254964    5.761974 v fanout39/X (sky130_fd_sc_hd__buf_1)
                                                         net39 (net)
                      0.114717    0.001058    5.763032 v max_cap576/A (sky130_fd_sc_hd__buf_2)
     4    0.051649    0.123644    0.239817    6.002849 v max_cap576/X (sky130_fd_sc_hd__buf_2)
                                                         net576 (net)
                      0.123711    0.002653    6.005502 v fanout29/A (sky130_fd_sc_hd__clkdlybuf4s25_1)
     5    0.024989    0.189052    0.399784    6.405285 v fanout29/X (sky130_fd_sc_hd__clkdlybuf4s25_1)
                                                         net29 (net)
                      0.189052    0.000462    6.405747 v fanout28/A (sky130_fd_sc_hd__clkdlybuf4s25_1)
     7    0.032515    0.242500    0.461365    6.867113 v fanout28/X (sky130_fd_sc_hd__clkdlybuf4s25_1)
                                                         net28 (net)
                      0.242500    0.000812    6.867925 v fanout26/A (sky130_fd_sc_hd__buf_2)
    10    0.064566    0.152448    0.317091    7.185016 v fanout26/X (sky130_fd_sc_hd__buf_2)
                                                         net26 (net)
                      0.152477    0.002068    7.187084 v _6496_/A (sky130_fd_sc_hd__inv_2)
     1    0.004094    0.048143    0.080683    7.267766 ^ _6496_/Y (sky130_fd_sc_hd__inv_2)
                                                         _0237_ (net)
                      0.048143    0.000032    7.267797 ^ _7216_/RESET_B (sky130_fd_sc_hd__dfrtp_2)
                                              7.267797   data arrival time

                                 25.000000   25.000000   clock clk (rise edge)
                                  0.000000   25.000000   clock source latency
     1    0.043027    0.198240    0.140206   25.140205 ^ clk (in)
                                                         clk (net)
                      0.198572    0.000000   25.140205 ^ clkbuf_0_clk/A (sky130_fd_sc_hd__clkbuf_16)
     8    0.129085    0.142818    0.256613   25.396818 ^ clkbuf_0_clk/X (sky130_fd_sc_hd__clkbuf_16)
                                                         clknet_0_clk (net)
                      0.143005    0.003316   25.400135 ^ clkbuf_3_6__f_clk/A (sky130_fd_sc_hd__clkbuf_16)
     6    0.079221    0.096244    0.204597   25.604731 ^ clkbuf_3_6__f_clk/X (sky130_fd_sc_hd__clkbuf_16)
                                                         clknet_3_6__leaf_clk (net)
                      0.096543    0.003848   25.608580 ^ clkbuf_leaf_38_clk/A (sky130_fd_sc_hd__clkbuf_16)
    16    0.055850    0.074160    0.172378   25.780956 ^ clkbuf_leaf_38_clk/X (sky130_fd_sc_hd__clkbuf_16)
                                                         clknet_leaf_38_clk (net)
                      0.074190    0.001403   25.782360 ^ _7216_/CLK (sky130_fd_sc_hd__dfrtp_2)
                                 -0.100000   25.682360   clock uncertainty
                                  0.000000   25.682360   clock reconvergence pessimism
                                  0.227210   25.909571   library recovery time
                                             25.909571   data required time
---------------------------------------------------------------------------------------------
                                             25.909571   data required time
                                             -7.267797   data arrival time
---------------------------------------------------------------------------------------------
                                             18.641773   slack (MET)


Startpoint: _6982_ (rising edge-triggered flip-flop clocked by clk)
Endpoint: alu_result_out[0] (output port clocked by clk)
Path Group: clk
Path Type: max

Fanout         Cap        Slew       Delay        Time   Description
---------------------------------------------------------------------------------------------
                                  0.000000    0.000000   clock clk (rise edge)
                                  0.000000    0.000000   clock source latency
     1    0.043027    0.198240    0.140206    0.140206 ^ clk (in)
                                                         clk (net)
                      0.198572    0.000000    0.140206 ^ clkbuf_0_clk/A (sky130_fd_sc_hd__clkbuf_16)
     8    0.129085    0.142818    0.256613    0.396818 ^ clkbuf_0_clk/X (sky130_fd_sc_hd__clkbuf_16)
                                                         clknet_0_clk (net)
                      0.142999    0.003242    0.400060 ^ clkbuf_3_4__f_clk/A (sky130_fd_sc_hd__clkbuf_16)
     6    0.088937    0.105562    0.212707    0.612768 ^ clkbuf_3_4__f_clk/X (sky130_fd_sc_hd__clkbuf_16)
                                                         clknet_3_4__leaf_clk (net)
                      0.105571    0.001051    0.613819 ^ clkbuf_leaf_4_clk/A (sky130_fd_sc_hd__clkbuf_16)
    12    0.060023    0.078026    0.178514    0.792333 ^ clkbuf_leaf_4_clk/X (sky130_fd_sc_hd__clkbuf_16)
                                                         clknet_leaf_4_clk (net)
                      0.078067    0.001637    0.793970 ^ _6982_/CLK (sky130_fd_sc_hd__dfrtp_2)
     6    0.024329    0.129603    0.427607    1.221577 ^ _6982_/Q (sky130_fd_sc_hd__dfrtp_2)
                                                         net256 (net)
                      0.129603    0.000209    1.221786 ^ place455/A (sky130_fd_sc_hd__buf_2)
     7    0.024545    0.125222    0.196443    1.418229 ^ place455/X (sky130_fd_sc_hd__buf_2)
                                                         net455 (net)
                      0.125222    0.000241    1.418470 ^ place454/A (sky130_fd_sc_hd__buf_2)
     6    0.041619    0.204574    0.251644    1.670114 ^ place454/X (sky130_fd_sc_hd__buf_2)
                                                         net454 (net)
                      0.204574    0.000528    1.670642 ^ place453/A (sky130_fd_sc_hd__buf_2)
     8    0.046525    0.228017    0.288959    1.959601 ^ place453/X (sky130_fd_sc_hd__buf_2)
                                                         net453 (net)
                      0.228017    0.000737    1.960338 ^ _3304_/A (sky130_fd_sc_hd__nand2_2)
     4    0.014892    0.095035    0.120325    2.080663 v _3304_/Y (sky130_fd_sc_hd__nand2_2)
                                                         _1255_ (net)
                      0.095035    0.000119    2.080781 v _3324_/C (sky130_fd_sc_hd__or3_2)
     1    0.005166    0.085352    0.433429    2.514211 v _3324_/X (sky130_fd_sc_hd__or3_2)
                                                         _1273_ (net)
                      0.085352    0.000050    2.514260 v _3325_/A2 (sky130_fd_sc_hd__a21oi_2)
     1    0.006270    0.114223    0.164969    2.679229 ^ _3325_/Y (sky130_fd_sc_hd__a21oi_2)
                                                         _1274_ (net)
                      0.114223    0.000080    2.679310 ^ _3326_/B (sky130_fd_sc_hd__nor2_2)
     4    0.015133    0.052264    0.073316    2.752626 v _3326_/Y (sky130_fd_sc_hd__nor2_2)
                                                         _1275_ (net)
                      0.052264    0.000204    2.752830 v _3339_/A2 (sky130_fd_sc_hd__a211oi_2)
     4    0.019647    0.392115    0.398319    3.151149 ^ _3339_/Y (sky130_fd_sc_hd__a211oi_2)
                                                         _1287_ (net)
                      0.392117    0.000801    3.151950 ^ wire568/A (sky130_fd_sc_hd__clkbuf_2)
     5    0.020085    0.117996    0.242470    3.394419 ^ wire568/X (sky130_fd_sc_hd__clkbuf_2)
                                                         net568 (net)
                      0.117996    0.000288    3.394707 ^ _3358_/A1 (sky130_fd_sc_hd__o211a_4)
     5    0.031410    0.112516    0.234242    3.628949 ^ _3358_/X (sky130_fd_sc_hd__o211a_4)
                                                         _1304_ (net)
                      0.112518    0.000743    3.629692 ^ place323/A (sky130_fd_sc_hd__buf_2)
     8    0.037759    0.186398    0.234505    3.864197 ^ place323/X (sky130_fd_sc_hd__buf_2)
                                                         net323 (net)
                      0.186401    0.001056    3.865253 ^ place321/A (sky130_fd_sc_hd__buf_2)
     9    0.042933    0.211129    0.271724    4.136978 ^ place321/X (sky130_fd_sc_hd__buf_2)
                                                         net321 (net)
                      0.211129    0.000664    4.137641 ^ place320/A (sky130_fd_sc_hd__buf_2)
    10    0.057412    0.279712    0.324623    4.462264 ^ place320/X (sky130_fd_sc_hd__buf_2)
                                                         net320 (net)
                      0.279841    0.004998    4.467262 ^ place319/A (sky130_fd_sc_hd__buf_2)
     7    0.031611    0.158570    0.260552    4.727813 ^ place319/X (sky130_fd_sc_hd__buf_2)
                                                         net319 (net)
                      0.158570    0.000263    4.728076 ^ _4100_/A2 (sky130_fd_sc_hd__a221o_2)
     1    0.005154    0.047779    0.180111    4.908187 ^ _4100_/X (sky130_fd_sc_hd__a221o_2)
                                                         _1968_ (net)
                      0.047779    0.000048    4.908235 ^ _4101_/B1 (sky130_fd_sc_hd__a21oi_2)
     3    0.026503    0.110632    0.069094    4.977328 v _4101_/Y (sky130_fd_sc_hd__a21oi_2)
                                                         _1969_ (net)
                      0.110632    0.000446    4.977774 v _4110_/B (sky130_fd_sc_hd__or4_4)
     5    0.021270    0.114263    0.582002    5.559776 v _4110_/X (sky130_fd_sc_hd__or4_4)
                                                         _1978_ (net)
                      0.114263    0.000164    5.559940 v _4111_/B (sky130_fd_sc_hd__nand2b_2)
     7    0.026719    0.152599    0.173150    5.733090 ^ _4111_/Y (sky130_fd_sc_hd__nand2b_2)
                                                         _1979_ (net)
                      0.152600    0.000400    5.733490 ^ _4209_/C (sky130_fd_sc_hd__and4_2)
     2    0.010634    0.089362    0.273233    6.006724 ^ _4209_/X (sky130_fd_sc_hd__and4_2)
                                                         _2077_ (net)
                      0.089362    0.000103    6.006826 ^ _4384_/A (sky130_fd_sc_hd__nand3_2)
     2    0.006596    0.063719    0.076368    6.083195 v _4384_/Y (sky130_fd_sc_hd__nand3_2)
                                                         _2252_ (net)
                      0.063719    0.000105    6.083299 v _4443_/A2 (sky130_fd_sc_hd__a2111o_2)
     3    0.012277    0.089845    0.508596    6.591896 v _4443_/X (sky130_fd_sc_hd__a2111o_2)
                                                         _2311_ (net)
                      0.089845    0.000237    6.592133 v _4454_/A1 (sky130_fd_sc_hd__a211o_2)
     2    0.008664    0.063025    0.327802    6.919934 v _4454_/X (sky130_fd_sc_hd__a211o_2)
                                                         _2322_ (net)
                      0.063025    0.000098    6.920033 v _4455_/C1 (sky130_fd_sc_hd__o211a_2)
     2    0.011096    0.060536    0.143781    7.063813 v _4455_/X (sky130_fd_sc_hd__o211a_2)
                                                         _2323_ (net)
                      0.060536    0.000099    7.063912 v _4457_/A2 (sky130_fd_sc_hd__o21a_2)
     3    0.013356    0.058025    0.227133    7.291046 v _4457_/X (sky130_fd_sc_hd__o21a_2)
                                                         _2325_ (net)
                      0.058026    0.000281    7.291327 v _4459_/A2 (sky130_fd_sc_hd__o211a_2)
     3    0.025143    0.091586    0.302979    7.594305 v _4459_/X (sky130_fd_sc_hd__o211a_2)
                                                         _2327_ (net)
                      0.091606    0.001345    7.595650 v _4465_/A (sky130_fd_sc_hd__nor2_2)
     2    0.054187    0.581046    0.491110    8.086760 ^ _4465_/Y (sky130_fd_sc_hd__nor2_2)
                                                         _2333_ (net)
                      0.581050    0.001386    8.088146 ^ _5650_/A (sky130_fd_sc_hd__inv_2)
     1    0.002813    0.074392    0.044864    8.133010 v _5650_/Y (sky130_fd_sc_hd__inv_2)
                                                         net463 (net)
                      0.074392    0.000028    8.133039 v output463/A (sky130_fd_sc_hd__clkdlybuf4s25_1)
     1    0.036200    0.268923    0.437200    8.570238 v output463/X (sky130_fd_sc_hd__clkdlybuf4s25_1)
                                                         alu_result_out[0] (net)
                      0.268923    0.000830    8.571068 v alu_result_out[0] (out)
                                              8.571068   data arrival time

                                 25.000000   25.000000   clock clk (rise edge)
                                  0.000000   25.000000   clock network delay (propagated)
                                 -0.100000   24.900000   clock uncertainty
                                  0.000000   24.900000   clock reconvergence pessimism
                                 -5.000000   19.899998   output external delay
                                             19.899998   data required time
---------------------------------------------------------------------------------------------
                                             19.899998   data required time
                                             -8.571068   data arrival time
---------------------------------------------------------------------------------------------
                                             11.328931   slack (MET)




===========================================================================
report_checks --slack_max -0.01
============================================================================
======================= min_tt_025C_1v80 Corner ===================================

No paths found.


===========================================================================
 report_check_types -max_slew -max_cap -max_fanout -violators
============================================================================
======================= min_tt_025C_1v80 Corner ===================================

max fanout

Pin                                   Limit Fanout  Slack
---------------------------------------------------------
clkbuf_leaf_30_clk/X                     10     20    -10 (VIOLATED)
clkbuf_leaf_24_clk/X                     10     19     -9 (VIOLATED)
clkbuf_leaf_26_clk/X                     10     19     -9 (VIOLATED)
clkbuf_leaf_27_clk/X                     10     19     -9 (VIOLATED)
clkbuf_leaf_28_clk/X                     10     19     -9 (VIOLATED)
clkbuf_leaf_29_clk/X                     10     19     -9 (VIOLATED)
clkbuf_leaf_31_clk/X                     10     19     -9 (VIOLATED)
clkbuf_leaf_44_clk/X                     10     19     -9 (VIOLATED)
clkbuf_leaf_19_clk/X                     10     18     -8 (VIOLATED)
clkbuf_leaf_20_clk/X                     10     18     -8 (VIOLATED)
clkbuf_leaf_22_clk/X                     10     18     -8 (VIOLATED)
clkbuf_leaf_23_clk/X                     10     18     -8 (VIOLATED)
clkbuf_leaf_33_clk/X                     10     18     -8 (VIOLATED)
clkbuf_leaf_34_clk/X                     10     18     -8 (VIOLATED)
clkbuf_leaf_35_clk/X                     10     18     -8 (VIOLATED)
clkbuf_leaf_36_clk/X                     10     18     -8 (VIOLATED)
clkbuf_leaf_42_clk/X                     10     18     -8 (VIOLATED)
clkbuf_leaf_14_clk/X                     10     17     -7 (VIOLATED)
clkbuf_leaf_16_clk/X                     10     17     -7 (VIOLATED)
clkbuf_leaf_18_clk/X                     10     17     -7 (VIOLATED)
clkbuf_leaf_32_clk/X                     10     17     -7 (VIOLATED)
clkbuf_leaf_37_clk/X                     10     17     -7 (VIOLATED)
clkbuf_leaf_41_clk/X                     10     17     -7 (VIOLATED)
clkbuf_leaf_7_clk/X                      10     17     -7 (VIOLATED)
clkbuf_leaf_12_clk/X                     10     16     -6 (VIOLATED)
clkbuf_leaf_15_clk/X                     10     16     -6 (VIOLATED)
clkbuf_leaf_38_clk/X                     10     16     -6 (VIOLATED)
clkbuf_leaf_40_clk/X                     10     16     -6 (VIOLATED)
clkbuf_leaf_5_clk/X                      10     16     -6 (VIOLATED)
clkbuf_leaf_6_clk/X                      10     16     -6 (VIOLATED)
clkbuf_leaf_8_clk/X                      10     16     -6 (VIOLATED)
clkbuf_leaf_10_clk/X                     10     15     -5 (VIOLATED)
clkbuf_leaf_11_clk/X                     10     15     -5 (VIOLATED)
clkbuf_leaf_17_clk/X                     10     15     -5 (VIOLATED)
clkbuf_leaf_1_clk/X                      10     15     -5 (VIOLATED)
clkbuf_leaf_21_clk/X                     10     15     -5 (VIOLATED)
clkbuf_leaf_2_clk/X                      10     15     -5 (VIOLATED)
clkbuf_leaf_39_clk/X                     10     15     -5 (VIOLATED)
clkbuf_leaf_3_clk/X                      10     15     -5 (VIOLATED)
clkbuf_leaf_0_clk/X                      10     14     -4 (VIOLATED)
clkbuf_leaf_13_clk/X                     10     14     -4 (VIOLATED)
clkbuf_leaf_25_clk/X                     10     14     -4 (VIOLATED)
clkbuf_leaf_9_clk/X                      10     14     -4 (VIOLATED)
clkbuf_leaf_43_clk/X                     10     13     -3 (VIOLATED)
clkbuf_leaf_4_clk/X                      10     12     -2 (VIOLATED)



===========================================================================
report_parasitic_annotation -report_unannotated
============================================================================
Found 42 unannotated drivers.
 clkload0/X
 clkload1/X
 clkload10/X
 clkload11/X
 clkload12/X
 clkload13/X
 clkload14/X
 clkload15/Y
 clkload16/Y
 clkload17/X
 clkload18/Y
 clkload19/X
 clkload2/X
 clkload20/Y
 clkload21/X
 clkload22/X
 clkload23/X
 clkload24/X
 clkload25/X
 clkload26/Y
 clkload27/Y
 clkload28/X
 clkload29/X
 clkload3/X
 clkload30/X
 clkload31/X
 clkload32/Y
 clkload33/X
 clkload34/X
 clkload35/X
 clkload36/Y
 clkload4/Y
 clkload5/X
 clkload6/Y
 clkload7/X
 clkload8/Y
 clkload9/X
 single_cycle_cpu/HI
 single_cycle_cpu_579/HI
 single_cycle_cpu_580/HI
 single_cycle_cpu_581/LO
 single_cycle_cpu_582/LO
Found 0 partially unannotated drivers.

===========================================================================
max slew violation count 0
max fanout violation count 45
max cap violation count 0
============================================================================

===========================================================================
check_setup -verbose -unconstrained_endpoints -multiple_clock -no_clock -no_input_delay -loops -generated_clocks
===========================================================================
