Clock: clk
Sources: clk 
Generated: no
Virtual: yes
Propagated: no
Period: 25.000000

===========================================================================
report_clock_properties
============================================================================
Clock                   Period          Waveform
----------------------------------------------------
clk                  25.000000    0.000000 12.500000

===========================================================================
report_clock_latency
============================================================================
Clock clk
rise -> rise
    min     max
0.000000 0.000000 source latency
0.761675         network latency _6770_/CLK
        0.797344 network latency _7064_/CLK
---------------
0.761675 0.797344 latency
        0.035668 skew

fall -> fall
    min     max
0.000000 0.000000 source latency
0.660731         network latency _6770_/CLK
        0.688642 network latency _7064_/CLK
---------------
0.660731 0.688642 latency
        0.027911 skew



===========================================================================
report_clock_min_period
============================================================================
clk period_min = 8.75 fmax = 114.34
