Clock: clk
Sources: clk 
Generated: no
Virtual: yes
Propagated: no
Period: 25.000000

===========================================================================
report_clock_properties
============================================================================
Clock                   Period          Waveform
----------------------------------------------------
clk                  25.000000    0.000000 12.500000

===========================================================================
report_clock_latency
============================================================================
Clock clk
rise -> rise
    min     max
0.000000 0.000000 source latency
0.565725         network latency _6941_/CLK
        0.603829 network latency _7015_/CLK
---------------
0.565725 0.603829 latency
        0.038104 skew

fall -> fall
    min     max
0.000000 0.000000 source latency
0.485323         network latency _6941_/CLK
        0.517053 network latency _7015_/CLK
---------------
0.485323 0.517053 latency
        0.031730 skew



===========================================================================
report_clock_min_period
============================================================================
clk period_min = 5.68 fmax = 176.04
