
===========================================================================
report_checks -unconstrained
===========================================================================
======================= nom_tt_025C_1v80 Corner ===================================

Startpoint: reset (input port clocked by clk)
Endpoint: _8438_ (recovery check against rising-edge clock clk)
Path Group: asynchronous
Path Type: max

Fanout         Cap        Slew       Delay        Time   Description
---------------------------------------------------------------------------------------------
                                  0.000000    0.000000   clock clk (rise edge)
                                  0.000000    0.000000   clock network delay (propagated)
                                  2.000000    2.000000 v input external delay
     2    0.006004    0.015787    0.009713    2.009713 v reset (in)
                                                         reset (net)
                      0.015788    0.000000    2.009713 v fanout72/A (sky130_fd_sc_hd__clkdlybuf4s25_1)
     6    0.049288    0.363041    0.479553    2.489266 v fanout72/X (sky130_fd_sc_hd__clkdlybuf4s25_1)
                                                         net72 (net)
                      0.363060    0.002911    2.492177 v fanout60/A (sky130_fd_sc_hd__clkdlybuf4s25_1)
     7    0.034436    0.256245    0.521964    3.014142 v fanout60/X (sky130_fd_sc_hd__clkdlybuf4s25_1)
                                                         net60 (net)
                      0.256245    0.000558    3.014700 v fanout59/A (sky130_fd_sc_hd__clkdlybuf4s25_1)
    10    0.054197    0.397438    0.597633    3.612333 v fanout59/X (sky130_fd_sc_hd__clkdlybuf4s25_1)
                                                         net59 (net)
                      0.397438    0.000002    3.612334 v fanout58/A (sky130_fd_sc_hd__clkdlybuf4s25_1)
     8    0.034700    0.257966    0.531333    4.143667 v fanout58/X (sky130_fd_sc_hd__clkdlybuf4s25_1)
                                                         net58 (net)
                      0.257966    0.000010    4.143677 v fanout56/A (sky130_fd_sc_hd__clkdlybuf4s25_1)
    10    0.050502    0.370545    0.580259    4.723937 v fanout56/X (sky130_fd_sc_hd__clkdlybuf4s25_1)
                                                         net56 (net)
                      0.370545    0.000246    4.724183 v _7679_/A (sky130_fd_sc_hd__inv_2)
     1    0.005510    0.087801    0.137383    4.861567 ^ _7679_/Y (sky130_fd_sc_hd__inv_2)
                                                         _0339_ (net)
                      0.087801    0.000036    4.861602 ^ _8438_/RESET_B (sky130_fd_sc_hd__dfrtp_2)
                                              4.861602   data arrival time

                                 10.000000   10.000000   clock clk (rise edge)
                                  0.000000   10.000000   clock source latency
   759    1.889615    8.390887    5.748913   15.748914 ^ clk (in)
                                                         clk (net)
                      8.391309    0.000000   15.748914 ^ _8438_/CLK (sky130_fd_sc_hd__dfrtp_2)
                                 -0.250000   15.498915   clock uncertainty
                                  0.000000   15.498915   clock reconvergence pessimism
                                  1.351640   16.850555   library recovery time
                                             16.850555   data required time
---------------------------------------------------------------------------------------------
                                             16.850555   data required time
                                             -4.861602   data arrival time
---------------------------------------------------------------------------------------------
                                             11.988953   slack (MET)


Startpoint: _8100_ (rising edge-triggered flip-flop clocked by clk)
Endpoint: alu_result_out[0] (output port clocked by clk)
Path Group: clk
Path Type: max

Fanout         Cap        Slew       Delay        Time   Description
---------------------------------------------------------------------------------------------
                                  0.000000    0.000000   clock clk (rise edge)
                                  0.000000    0.000000   clock source latency
   759    1.889615    8.390887    5.729040    5.729040 ^ clk (in)
                                                         clk (net)
                      8.391038    0.000000    5.729040 ^ _8100_/CLK (sky130_fd_sc_hd__dfrtp_2)
     3    0.007701    0.051646    1.304219    7.033258 v _8100_/Q (sky130_fd_sc_hd__dfrtp_2)
                                                         net1352 (net)
                      0.051646    0.000025    7.033284 v place2608/A (sky130_fd_sc_hd__buf_4)
     7    0.029220    0.053297    0.165568    7.198851 v place2608/X (sky130_fd_sc_hd__buf_4)
                                                         net2608 (net)
                      0.053298    0.000339    7.199190 v place2604/A (sky130_fd_sc_hd__buf_2)
     5    0.020092    0.059282    0.157589    7.356780 v place2604/X (sky130_fd_sc_hd__buf_2)
                                                         net2604 (net)
                      0.059282    0.000194    7.356974 v _3996_/B (sky130_fd_sc_hd__nor4_2)
     4    0.021278    0.554077    0.526621    7.883595 ^ _3996_/Y (sky130_fd_sc_hd__nor4_2)
                                                         _1498_ (net)
                      0.554078    0.000633    7.884228 ^ place2298/A (sky130_fd_sc_hd__buf_4)
    10    0.053355    0.155016    0.306564    8.190791 ^ place2298/X (sky130_fd_sc_hd__buf_4)
                                                         net2298 (net)
                      0.155018    0.000874    8.191666 ^ _4309_/B1 (sky130_fd_sc_hd__a32oi_2)
     1    0.001741    0.060117    0.054333    8.245997 v _4309_/Y (sky130_fd_sc_hd__a32oi_2)
                                                         _1800_ (net)
                      0.060117    0.000002    8.245999 v _4312_/B (sky130_fd_sc_hd__and4b_2)
     1    0.004886    0.047364    0.214587    8.460588 v _4312_/X (sky130_fd_sc_hd__and4b_2)
                                                         _1803_ (net)
                      0.047364    0.000013    8.460601 v _4313_/C (sky130_fd_sc_hd__nand3_2)
     2    0.013814    0.092914    0.101455    8.562056 ^ _4313_/Y (sky130_fd_sc_hd__nand3_2)
                                                         _1804_ (net)
                      0.092914    0.000321    8.562376 ^ _4326_/B1 (sky130_fd_sc_hd__o21ai_2)
     2    0.004928    0.042866    0.063880    8.626255 v _4326_/Y (sky130_fd_sc_hd__o21ai_2)
                                                         _1817_ (net)
                      0.042866    0.000028    8.626283 v _4380_/C1 (sky130_fd_sc_hd__a211o_2)
     2    0.004839    0.053623    0.269219    8.895502 v _4380_/X (sky130_fd_sc_hd__a211o_2)
                                                         _1871_ (net)
                      0.053623    0.000018    8.895520 v _4382_/A2 (sky130_fd_sc_hd__o21a_2)
     2    0.004634    0.038592    0.196958    9.092478 v _4382_/X (sky130_fd_sc_hd__o21a_2)
                                                         _1873_ (net)
                      0.038592    0.000012    9.092489 v _5047_/B1 (sky130_fd_sc_hd__a211o_2)
     1    0.008658    0.065131    0.321615    9.414104 v _5047_/X (sky130_fd_sc_hd__a211o_2)
                                                         _2523_ (net)
                      0.065131    0.000008    9.414112 v _5053_/A1 (sky130_fd_sc_hd__o21bai_4)
     3    0.015637    0.152243    0.182167    9.596279 ^ _5053_/Y (sky130_fd_sc_hd__o21bai_4)
                                                         _2529_ (net)
                      0.152243    0.000343    9.596622 ^ _5089_/A1 (sky130_fd_sc_hd__a21oi_2)
     2    0.012588    0.071868    0.099702    9.696325 v _5089_/Y (sky130_fd_sc_hd__a21oi_2)
                                                         _2565_ (net)
                      0.071868    0.000173    9.696498 v _5105_/A2 (sky130_fd_sc_hd__o21bai_4)
     3    0.018158    0.165777    0.171621    9.868119 ^ _5105_/Y (sky130_fd_sc_hd__o21bai_4)
                                                         _2581_ (net)
                      0.165778    0.000285    9.868404 ^ _5512_/A1 (sky130_fd_sc_hd__a21oi_4)
     4    0.016947    0.069415    0.093981    9.962385 v _5512_/Y (sky130_fd_sc_hd__a21oi_4)
                                                         _2927_ (net)
                      0.069415    0.000179    9.962564 v _5535_/A2 (sky130_fd_sc_hd__o21ai_2)
     1    0.005220    0.109683    0.126685   10.089249 ^ _5535_/Y (sky130_fd_sc_hd__o21ai_2)
                                                         _2950_ (net)
                      0.109683    0.000017   10.089266 ^ _5545_/B1 (sky130_fd_sc_hd__o211ai_2)
     2    0.008169    0.082605    0.117687   10.206953 v _5545_/Y (sky130_fd_sc_hd__o211ai_2)
                                                         _2960_ (net)
                      0.082605    0.000060   10.207013 v _5556_/A1 (sky130_fd_sc_hd__a21oi_2)
     2    0.029040    0.362916    0.339796   10.546809 ^ _5556_/Y (sky130_fd_sc_hd__a21oi_2)
                                                         _2971_ (net)
                      0.362932    0.002068   10.548877 ^ _6663_/A (sky130_fd_sc_hd__inv_2)
     1    0.034683    0.141149    0.171725   10.720602 v _6663_/Y (sky130_fd_sc_hd__inv_2)
                                                         alu_result_out[0] (net)
                      0.141149    0.000271   10.720873 v alu_result_out[0] (out)
                                             10.720873   data arrival time

                                 10.000000   10.000000   clock clk (rise edge)
                                  0.000000   10.000000   clock network delay (propagated)
                                 -0.250000    9.750000   clock uncertainty
                                  0.000000    9.750000   clock reconvergence pessimism
                                 -2.000000    7.750000   output external delay
                                              7.750000   data required time
---------------------------------------------------------------------------------------------
                                              7.750000   data required time
                                            -10.720873   data arrival time
---------------------------------------------------------------------------------------------
                                             -2.970872   slack (VIOLATED)




===========================================================================
report_checks --slack_max -0.01
============================================================================
======================= nom_tt_025C_1v80 Corner ===================================

Startpoint: _8100_ (rising edge-triggered flip-flop clocked by clk)
Endpoint: alu_result_out[0] (output port clocked by clk)
Path Group: clk
Path Type: max

Fanout         Cap        Slew       Delay        Time   Description
---------------------------------------------------------------------------------------------
                                  0.000000    0.000000   clock clk (rise edge)
                                  0.000000    0.000000   clock source latency
   759    1.889615    8.390887    5.729040    5.729040 ^ clk (in)
                                                         clk (net)
                      8.391038    0.000000    5.729040 ^ _8100_/CLK (sky130_fd_sc_hd__dfrtp_2)
     3    0.007701    0.051646    1.304219    7.033258 v _8100_/Q (sky130_fd_sc_hd__dfrtp_2)
                                                         net1352 (net)
                      0.051646    0.000025    7.033284 v place2608/A (sky130_fd_sc_hd__buf_4)
     7    0.029220    0.053297    0.165568    7.198851 v place2608/X (sky130_fd_sc_hd__buf_4)
                                                         net2608 (net)
                      0.053298    0.000339    7.199190 v place2604/A (sky130_fd_sc_hd__buf_2)
     5    0.020092    0.059282    0.157589    7.356780 v place2604/X (sky130_fd_sc_hd__buf_2)
                                                         net2604 (net)
                      0.059282    0.000194    7.356974 v _3996_/B (sky130_fd_sc_hd__nor4_2)
     4    0.021278    0.554077    0.526621    7.883595 ^ _3996_/Y (sky130_fd_sc_hd__nor4_2)
                                                         _1498_ (net)
                      0.554078    0.000633    7.884228 ^ place2298/A (sky130_fd_sc_hd__buf_4)
    10    0.053355    0.155016    0.306564    8.190791 ^ place2298/X (sky130_fd_sc_hd__buf_4)
                                                         net2298 (net)
                      0.155018    0.000874    8.191666 ^ _4309_/B1 (sky130_fd_sc_hd__a32oi_2)
     1    0.001741    0.060117    0.054333    8.245997 v _4309_/Y (sky130_fd_sc_hd__a32oi_2)
                                                         _1800_ (net)
                      0.060117    0.000002    8.245999 v _4312_/B (sky130_fd_sc_hd__and4b_2)
     1    0.004886    0.047364    0.214587    8.460588 v _4312_/X (sky130_fd_sc_hd__and4b_2)
                                                         _1803_ (net)
                      0.047364    0.000013    8.460601 v _4313_/C (sky130_fd_sc_hd__nand3_2)
     2    0.013814    0.092914    0.101455    8.562056 ^ _4313_/Y (sky130_fd_sc_hd__nand3_2)
                                                         _1804_ (net)
                      0.092914    0.000321    8.562376 ^ _4326_/B1 (sky130_fd_sc_hd__o21ai_2)
     2    0.004928    0.042866    0.063880    8.626255 v _4326_/Y (sky130_fd_sc_hd__o21ai_2)
                                                         _1817_ (net)
                      0.042866    0.000028    8.626283 v _4380_/C1 (sky130_fd_sc_hd__a211o_2)
     2    0.004839    0.053623    0.269219    8.895502 v _4380_/X (sky130_fd_sc_hd__a211o_2)
                                                         _1871_ (net)
                      0.053623    0.000018    8.895520 v _4382_/A2 (sky130_fd_sc_hd__o21a_2)
     2    0.004634    0.038592    0.196958    9.092478 v _4382_/X (sky130_fd_sc_hd__o21a_2)
                                                         _1873_ (net)
                      0.038592    0.000012    9.092489 v _5047_/B1 (sky130_fd_sc_hd__a211o_2)
     1    0.008658    0.065131    0.321615    9.414104 v _5047_/X (sky130_fd_sc_hd__a211o_2)
                                                         _2523_ (net)
                      0.065131    0.000008    9.414112 v _5053_/A1 (sky130_fd_sc_hd__o21bai_4)
     3    0.015637    0.152243    0.182167    9.596279 ^ _5053_/Y (sky130_fd_sc_hd__o21bai_4)
                                                         _2529_ (net)
                      0.152243    0.000343    9.596622 ^ _5089_/A1 (sky130_fd_sc_hd__a21oi_2)
     2    0.012588    0.071868    0.099702    9.696325 v _5089_/Y (sky130_fd_sc_hd__a21oi_2)
                                                         _2565_ (net)
                      0.071868    0.000173    9.696498 v _5105_/A2 (sky130_fd_sc_hd__o21bai_4)
     3    0.018158    0.165777    0.171621    9.868119 ^ _5105_/Y (sky130_fd_sc_hd__o21bai_4)
                                                         _2581_ (net)
                      0.165778    0.000285    9.868404 ^ _5512_/A1 (sky130_fd_sc_hd__a21oi_4)
     4    0.016947    0.069415    0.093981    9.962385 v _5512_/Y (sky130_fd_sc_hd__a21oi_4)
                                                         _2927_ (net)
                      0.069415    0.000179    9.962564 v _5535_/A2 (sky130_fd_sc_hd__o21ai_2)
     1    0.005220    0.109683    0.126685   10.089249 ^ _5535_/Y (sky130_fd_sc_hd__o21ai_2)
                                                         _2950_ (net)
                      0.109683    0.000017   10.089266 ^ _5545_/B1 (sky130_fd_sc_hd__o211ai_2)
     2    0.008169    0.082605    0.117687   10.206953 v _5545_/Y (sky130_fd_sc_hd__o211ai_2)
                                                         _2960_ (net)
                      0.082605    0.000060   10.207013 v _5556_/A1 (sky130_fd_sc_hd__a21oi_2)
     2    0.029040    0.362916    0.339796   10.546809 ^ _5556_/Y (sky130_fd_sc_hd__a21oi_2)
                                                         _2971_ (net)
                      0.362932    0.002068   10.548877 ^ _6663_/A (sky130_fd_sc_hd__inv_2)
     1    0.034683    0.141149    0.171725   10.720602 v _6663_/Y (sky130_fd_sc_hd__inv_2)
                                                         alu_result_out[0] (net)
                      0.141149    0.000271   10.720873 v alu_result_out[0] (out)
                                             10.720873   data arrival time

                                 10.000000   10.000000   clock clk (rise edge)
                                  0.000000   10.000000   clock network delay (propagated)
                                 -0.250000    9.750000   clock uncertainty
                                  0.000000    9.750000   clock reconvergence pessimism
                                 -2.000000    7.750000   output external delay
                                              7.750000   data required time
---------------------------------------------------------------------------------------------
                                              7.750000   data required time
                                            -10.720873   data arrival time
---------------------------------------------------------------------------------------------
                                             -2.970872   slack (VIOLATED)




===========================================================================
 report_check_types -max_slew -max_cap -max_fanout -violators
============================================================================
======================= nom_tt_025C_1v80 Corner ===================================

max slew

Pin                                        Limit        Slew       Slack
------------------------------------------------------------------------
_7816_/CLK                              0.750000    8.394911   -7.644911 (VIOLATED)
_7822_/CLK                              0.750000    8.394912   -7.644912 (VIOLATED)
_7861_/CLK                              0.750000    8.394912   -7.644912 (VIOLATED)
_7868_/CLK                              0.750000    8.394912   -7.644912 (VIOLATED)
_7875_/CLK                              0.750000    8.394912   -7.644912 (VIOLATED)
_7882_/CLK                              0.750000    8.394911   -7.644911 (VIOLATED)
_7902_/CLK                              0.750000    8.394915   -7.644914 (VIOLATED)
_7914_/CLK                              0.750000    8.394915   -7.644914 (VIOLATED)
_8042_/CLK                              0.750000    8.394915   -7.644914 (VIOLATED)
_8054_/CLK                              0.750000    8.394915   -7.644914 (VIOLATED)
_8088_/CLK                              0.750000    8.394914   -7.644913 (VIOLATED)
_8094_/CLK                              0.750000    8.394914   -7.644913 (VIOLATED)
_7918_/CLK                              0.750000    8.394904   -7.644904 (VIOLATED)
_7922_/CLK                              0.750000    8.394910   -7.644910 (VIOLATED)
_7930_/CLK                              0.750000    8.394909   -7.644909 (VIOLATED)
_8002_/CLK                              0.750000    8.394910   -7.644910 (VIOLATED)
_7820_/CLK                              0.750000    8.394895   -7.644895 (VIOLATED)
_7826_/CLK                              0.750000    8.394896   -7.644896 (VIOLATED)
_7926_/CLK                              0.750000    8.394900   -7.644900 (VIOLATED)
_7959_/CLK                              0.750000    8.394890   -7.644889 (VIOLATED)
_8092_/CLK                              0.750000    8.394897   -7.644897 (VIOLATED)
_7969_/CLK                              0.750000    8.394889   -7.644888 (VIOLATED)
_8098_/CLK                              0.750000    8.394896   -7.644896 (VIOLATED)
_7817_/CLK                              0.750000    8.394880   -7.644880 (VIOLATED)
_7823_/CLK                              0.750000    8.394880   -7.644880 (VIOLATED)
_8011_/CLK                              0.750000    8.394880   -7.644880 (VIOLATED)
_8021_/CLK                              0.750000    8.394882   -7.644882 (VIOLATED)
_7808_/CLK                              0.750000    8.394872   -7.644872 (VIOLATED)
_7827_/CLK                              0.750000    8.394872   -7.644872 (VIOLATED)
_7834_/CLK                              0.750000    8.394868   -7.644868 (VIOLATED)
_7908_/CLK                              0.750000    8.394874   -7.644874 (VIOLATED)
_7996_/CLK                              0.750000    8.394873   -7.644873 (VIOLATED)
_8045_/CLK                              0.750000    8.394874   -7.644874 (VIOLATED)
_8048_/CLK                              0.750000    8.394874   -7.644874 (VIOLATED)
_8060_/CLK                              0.750000    8.394879   -7.644880 (VIOLATED)
_8068_/CLK                              0.750000    8.394878   -7.644879 (VIOLATED)
_8095_/CLK                              0.750000    8.394881   -7.644881 (VIOLATED)
_8058_/CLK                              0.750000    8.394869   -7.644869 (VIOLATED)
_8062_/CLK                              0.750000    8.394876   -7.644875 (VIOLATED)
_8066_/CLK                              0.750000    8.394868   -7.644868 (VIOLATED)
_8070_/CLK                              0.750000    8.394876   -7.644875 (VIOLATED)
_8076_/CLK                              0.750000    8.394877   -7.644877 (VIOLATED)
_8078_/CLK                              0.750000    8.394872   -7.644872 (VIOLATED)
_8084_/CLK                              0.750000    8.394878   -7.644878 (VIOLATED)
_8089_/CLK                              0.750000    8.394881   -7.644881 (VIOLATED)
_8074_/CLK                              0.750000    8.394864   -7.644864 (VIOLATED)
_8082_/CLK                              0.750000    8.394865   -7.644866 (VIOLATED)
_8086_/CLK                              0.750000    8.394873   -7.644873 (VIOLATED)
_7829_/CLK                              0.750000    8.394853   -7.644852 (VIOLATED)
_7836_/CLK                              0.750000    8.394853   -7.644853 (VIOLATED)
_7841_/CLK                              0.750000    8.394854   -7.644854 (VIOLATED)
_7848_/CLK                              0.750000    8.394861   -7.644861 (VIOLATED)
_7843_/CLK                              0.750000    8.394850   -7.644849 (VIOLATED)
_7850_/CLK                              0.750000    8.394852   -7.644851 (VIOLATED)
_7951_/CLK                              0.750000    8.394855   -7.644855 (VIOLATED)
_7954_/CLK                              0.750000    8.394859   -7.644859 (VIOLATED)
_7961_/CLK                              0.750000    8.394855   -7.644855 (VIOLATED)
_7964_/CLK                              0.750000    8.394858   -7.644858 (VIOLATED)
_8003_/CLK                              0.750000    8.394854   -7.644854 (VIOLATED)
_8006_/CLK                              0.750000    8.394854   -7.644854 (VIOLATED)
_8013_/CLK                              0.750000    8.394854   -7.644854 (VIOLATED)
_8016_/CLK                              0.750000    8.394854   -7.644854 (VIOLATED)
_7858_/CLK                              0.750000    8.394845   -7.644845 (VIOLATED)
_7865_/CLK                              0.750000    8.394845   -7.644845 (VIOLATED)
_8059_/CLK                              0.750000    8.394848   -7.644848 (VIOLATED)
_8067_/CLK                              0.750000    8.394848   -7.644848 (VIOLATED)
_8075_/CLK                              0.750000    8.394845   -7.644845 (VIOLATED)
_8083_/CLK                              0.750000    8.394844   -7.644844 (VIOLATED)
_7802_/CLK                              0.750000    8.394835   -7.644835 (VIOLATED)
_7806_/CLK                              0.750000    8.394831   -7.644831 (VIOLATED)
_7811_/CLK                              0.750000    8.394835   -7.644835 (VIOLATED)
_7813_/CLK                              0.750000    8.394835   -7.644835 (VIOLATED)
_7879_/CLK                              0.750000    8.394835   -7.644835 (VIOLATED)
_7812_/CLK                              0.750000    8.394825   -7.644825 (VIOLATED)
_7814_/CLK                              0.750000    8.394825   -7.644825 (VIOLATED)
_7872_/CLK                              0.750000    8.394826   -7.644825 (VIOLATED)
_7906_/CLK                              0.750000    8.394830   -7.644830 (VIOLATED)
_7911_/CLK                              0.750000    8.394834   -7.644834 (VIOLATED)
_7913_/CLK                              0.750000    8.394835   -7.644835 (VIOLATED)
_7990_/CLK                              0.750000    8.394825   -7.644825 (VIOLATED)
_7994_/CLK                              0.750000    8.394828   -7.644828 (VIOLATED)
_7999_/CLK                              0.750000    8.394831   -7.644831 (VIOLATED)
_8000_/CLK                              0.750000    8.394835   -7.644835 (VIOLATED)
_8001_/CLK                              0.750000    8.394832   -7.644832 (VIOLATED)
_8046_/CLK                              0.750000    8.394829   -7.644829 (VIOLATED)
_8051_/CLK                              0.750000    8.394833   -7.644833 (VIOLATED)
_8052_/CLK                              0.750000    8.394834   -7.644834 (VIOLATED)
_8053_/CLK                              0.750000    8.394832   -7.644832 (VIOLATED)
_7805_/CLK                              0.750000    8.394815   -7.644815 (VIOLATED)
_7866_/CLK                              0.750000    8.394812   -7.644811 (VIOLATED)
_7880_/CLK                              0.750000    8.394812   -7.644811 (VIOLATED)
_7905_/CLK                              0.750000    8.394814   -7.644815 (VIOLATED)
_7912_/CLK                              0.750000    8.394815   -7.644815 (VIOLATED)
_7993_/CLK                              0.750000    8.394806   -7.644806 (VIOLATED)
_7801_/CLK                              0.750000    8.394794   -7.644794 (VIOLATED)
_7901_/CLK                              0.750000    8.394796   -7.644796 (VIOLATED)
_7934_/CLK                              0.750000    8.394794   -7.644794 (VIOLATED)
_7939_/CLK                              0.750000    8.394787   -7.644786 (VIOLATED)
_8041_/CLK                              0.750000    8.394785   -7.644784 (VIOLATED)
_7807_/CLK                              0.750000    8.394772   -7.644771 (VIOLATED)
_7907_/CLK                              0.750000    8.394777   -7.644777 (VIOLATED)
_7989_/CLK                              0.750000    8.394782   -7.644782 (VIOLATED)
_7949_/CLK                              0.750000    8.394769   -7.644769 (VIOLATED)
_7995_/CLK                              0.750000    8.394766   -7.644766 (VIOLATED)
_8047_/CLK                              0.750000    8.394772   -7.644771 (VIOLATED)
_7859_/CLK                              0.750000    8.394757   -7.644757 (VIOLATED)
_7873_/CLK                              0.750000    8.394757   -7.644757 (VIOLATED)
_7797_/CLK                              0.750000    8.394748   -7.644747 (VIOLATED)
_7803_/CLK                              0.750000    8.394748   -7.644747 (VIOLATED)
_7810_/CLK                              0.750000    8.394748   -7.644747 (VIOLATED)
_7903_/CLK                              0.750000    8.394753   -7.644753 (VIOLATED)
_7944_/CLK                              0.750000    8.394753   -7.644753 (VIOLATED)
_7937_/CLK                              0.750000    8.394743   -7.644743 (VIOLATED)
_7991_/CLK                              0.750000    8.394741   -7.644741 (VIOLATED)
_8043_/CLK                              0.750000    8.394746   -7.644745 (VIOLATED)
_8037_/CLK                              0.750000    8.394728   -7.644728 (VIOLATED)
_7985_/CLK                              0.750000    8.394718   -7.644718 (VIOLATED)
_7892_/CLK                              0.750000    8.394693   -7.644693 (VIOLATED)
_7897_/CLK                              0.750000    8.394694   -7.644694 (VIOLATED)
_8032_/CLK                              0.750000    8.394694   -7.644694 (VIOLATED)
_7947_/CLK                              0.750000    8.394548   -7.644548 (VIOLATED)
_7815_/CLK                              0.750000    8.394443   -7.644443 (VIOLATED)
_7821_/CLK                              0.750000    8.394441   -7.644441 (VIOLATED)
_7916_/CLK                              0.750000    8.394438   -7.644437 (VIOLATED)
_7920_/CLK                              0.750000    8.394439   -7.644438 (VIOLATED)
_7932_/CLK                              0.750000    8.394443   -7.644443 (VIOLATED)
_8057_/CLK                              0.750000    8.394443   -7.644443 (VIOLATED)
_8065_/CLK                              0.750000    8.394443   -7.644443 (VIOLATED)
_8073_/CLK                              0.750000    8.394442   -7.644442 (VIOLATED)
_8081_/CLK                              0.750000    8.394443   -7.644443 (VIOLATED)
_8087_/CLK                              0.750000    8.394441   -7.644441 (VIOLATED)
_8093_/CLK                              0.750000    8.394442   -7.644442 (VIOLATED)
_7825_/CLK                              0.750000    8.394425   -7.644426 (VIOLATED)
_7924_/CLK                              0.750000    8.394433   -7.644433 (VIOLATED)
_7928_/CLK                              0.750000    8.394434   -7.644434 (VIOLATED)
_7956_/CLK                              0.750000    8.394427   -7.644427 (VIOLATED)
_7966_/CLK                              0.750000    8.394430   -7.644430 (VIOLATED)
_7819_/CLK                              0.750000    8.394418   -7.644418 (VIOLATED)
_8018_/CLK                              0.750000    8.394423   -7.644422 (VIOLATED)
_8029_/CLK                              0.750000    8.394429   -7.644429 (VIOLATED)
_8091_/CLK                              0.750000    8.394415   -7.644415 (VIOLATED)
_7942_/CLK                              0.750000    8.394406   -7.644406 (VIOLATED)
_7962_/CLK                              0.750000    8.394411   -7.644411 (VIOLATED)
_8004_/CLK                              0.750000    8.394402   -7.644402 (VIOLATED)
_8008_/CLK                              0.750000    8.394405   -7.644405 (VIOLATED)
_8014_/CLK                              0.750000    8.394409   -7.644409 (VIOLATED)
_8097_/CLK                              0.750000    8.394404   -7.644404 (VIOLATED)
_7931_/CLK                              0.750000    8.394392   -7.644392 (VIOLATED)
_7936_/CLK                              0.750000    8.394392   -7.644392 (VIOLATED)
_7904_/CLK                              0.750000    8.394382   -7.644382 (VIOLATED)
_7992_/CLK                              0.750000    8.394377   -7.644377 (VIOLATED)
_7860_/CLK                              0.750000    8.394365   -7.644365 (VIOLATED)
_7867_/CLK                              0.750000    8.394365   -7.644365 (VIOLATED)
_7895_/CLK                              0.750000    8.394308   -7.644308 (VIOLATED)
_7792_/CLK                              0.750000    8.394253   -7.644253 (VIOLATED)
_7795_/CLK                              0.750000    8.394240   -7.644240 (VIOLATED)
_7910_/CLK                              0.750000    8.394201   -7.644201 (VIOLATED)
_7790_/CLK                              0.750000    8.394193   -7.644192 (VIOLATED)
_7800_/CLK                              0.750000    8.394138   -7.644138 (VIOLATED)
_7809_/CLK                              0.750000    8.394118   -7.644118 (VIOLATED)
_7784_/CLK                              0.750000    8.394083   -7.644083 (VIOLATED)
_7796_/CLK                              0.750000    8.394036   -7.644036 (VIOLATED)
_7787_/CLK                              0.750000    8.394021   -7.644021 (VIOLATED)
_7884_/CLK                              0.750000    8.394021   -7.644021 (VIOLATED)
_7887_/CLK                              0.750000    8.394019   -7.644019 (VIOLATED)
_7972_/CLK                              0.750000    8.394020   -7.644020 (VIOLATED)
_8024_/CLK                              0.750000    8.394021   -7.644021 (VIOLATED)
_8049_/CLK                              0.750000    8.394020   -7.644020 (VIOLATED)
_7789_/CLK                              0.750000    8.393960   -7.643960 (VIOLATED)
_7874_/CLK                              0.750000    8.393910   -7.643910 (VIOLATED)
_7881_/CLK                              0.750000    8.393910   -7.643910 (VIOLATED)
_7890_/CLK                              0.750000    8.393916   -7.643916 (VIOLATED)
_7941_/CLK                              0.750000    8.393917   -7.643917 (VIOLATED)
_7946_/CLK                              0.750000    8.393917   -7.643917 (VIOLATED)
_7955_/CLK                              0.750000    8.393914   -7.643914 (VIOLATED)
_7965_/CLK                              0.750000    8.393914   -7.643914 (VIOLATED)
_7978_/CLK                              0.750000    8.393915   -7.643915 (VIOLATED)
_8007_/CLK                              0.750000    8.393913   -7.643913 (VIOLATED)
_7896_/CLK                              0.750000    8.393906   -7.643905 (VIOLATED)
_7983_/CLK                              0.750000    8.393909   -7.643910 (VIOLATED)
_7984_/CLK                              0.750000    8.393909   -7.643909 (VIOLATED)
_8017_/CLK                              0.750000    8.393912   -7.643912 (VIOLATED)
_8030_/CLK                              0.750000    8.393916   -7.643916 (VIOLATED)
_8035_/CLK                              0.750000    8.393910   -7.643910 (VIOLATED)
_8036_/CLK                              0.750000    8.393909   -7.643909 (VIOLATED)
_8523_/CLK                              0.750000    8.393909   -7.643909 (VIOLATED)
_7988_/CLK                              0.750000    8.393899   -7.643899 (VIOLATED)
_8027_/CLK                              0.750000    8.393894   -7.643894 (VIOLATED)
_7799_/CLK                              0.750000    8.393878   -7.643878 (VIOLATED)
_7975_/CLK                              0.750000    8.393883   -7.643883 (VIOLATED)
_8518_/CLK                              0.750000    8.393866   -7.643865 (VIOLATED)
_7889_/CLK                              0.750000    8.393812   -7.643812 (VIOLATED)
_7900_/CLK                              0.750000    8.393814   -7.643814 (VIOLATED)
_7909_/CLK                              0.750000    8.393807   -7.643807 (VIOLATED)
_7977_/CLK                              0.750000    8.393812   -7.643812 (VIOLATED)
_7987_/CLK                              0.750000    8.393812   -7.643812 (VIOLATED)
_7997_/CLK                              0.750000    8.393808   -7.643808 (VIOLATED)
_7998_/CLK                              0.750000    8.393811   -7.643811 (VIOLATED)
_8040_/CLK                              0.750000    8.393813   -7.643813 (VIOLATED)
_8050_/CLK                              0.750000    8.393812   -7.643812 (VIOLATED)
_8231_/CLK                              0.750000    8.393805   -7.643805 (VIOLATED)
_8517_/CLK                              0.750000    8.393789   -7.643789 (VIOLATED)
_7794_/CLK                              0.750000    8.393689   -7.643690 (VIOLATED)
_7804_/CLK                              0.750000    8.393690   -7.643690 (VIOLATED)
_7894_/CLK                              0.750000    8.393688   -7.643689 (VIOLATED)
_7980_/CLK                              0.750000    8.393691   -7.643691 (VIOLATED)
_7982_/CLK                              0.750000    8.393687   -7.643687 (VIOLATED)
_8034_/CLK                              0.750000    8.393688   -7.643688 (VIOLATED)
_8044_/CLK                              0.750000    8.393691   -7.643691 (VIOLATED)
_8228_/CLK                              0.750000    8.393675   -7.643675 (VIOLATED)
_8293_/CLK                              0.750000    8.393675   -7.643674 (VIOLATED)
_8484_/CLK                              0.750000    8.393680   -7.643680 (VIOLATED)
_8487_/CLK                              0.750000    8.393677   -7.643677 (VIOLATED)
_8495_/CLK                              0.750000    8.393684   -7.643684 (VIOLATED)
_8525_/CLK                              0.750000    8.393677   -7.643677 (VIOLATED)
_8226_/CLK                              0.750000    8.393664   -7.643664 (VIOLATED)
_8227_/CLK                              0.750000    8.393665   -7.643665 (VIOLATED)
_8230_/CLK                              0.750000    8.393669   -7.643669 (VIOLATED)
_8327_/CLK                              0.750000    8.393664   -7.643664 (VIOLATED)
_8515_/CLK                              0.750000    8.393666   -7.643666 (VIOLATED)
_8526_/CLK                              0.750000    8.393665   -7.643665 (VIOLATED)
_8482_/CLK                              0.750000    8.393656   -7.643656 (VIOLATED)
_8516_/CLK                              0.750000    8.393610   -7.643610 (VIOLATED)
_8519_/CLK                              0.750000    8.393609   -7.643609 (VIOLATED)
_8322_/CLK                              0.750000    8.393545   -7.643545 (VIOLATED)
_8449_/CLK                              0.750000    8.393519   -7.643519 (VIOLATED)
_8235_/CLK                              0.750000    8.393426   -7.643425 (VIOLATED)
_8388_/CLK                              0.750000    8.393403   -7.643403 (VIOLATED)
_8225_/CLK                              0.750000    8.393334   -7.643334 (VIOLATED)
_8261_/CLK                              0.750000    8.393332   -7.643332 (VIOLATED)
_8295_/CLK                              0.750000    8.393333   -7.643333 (VIOLATED)
_8385_/CLK                              0.750000    8.393332   -7.643332 (VIOLATED)
_8391_/CLK                              0.750000    8.393333   -7.643333 (VIOLATED)
_8417_/CLK                              0.750000    8.393287   -7.643286 (VIOLATED)
_8291_/CLK                              0.750000    8.393238   -7.643238 (VIOLATED)
_8289_/CLK                              0.750000    8.393176   -7.643176 (VIOLATED)
_8321_/CLK                              0.750000    8.393141   -7.643141 (VIOLATED)
_8290_/CLK                              0.750000    8.393078   -7.643077 (VIOLATED)
_8258_/CLK                              0.750000    8.392965   -7.642966 (VIOLATED)
_8257_/CLK                              0.750000    8.392889   -7.642889 (VIOLATED)
_8259_/CLK                              0.750000    8.392891   -7.642891 (VIOLATED)
_8387_/CLK                              0.750000    8.392891   -7.642891 (VIOLATED)
_8478_/CLK                              0.750000    8.392891   -7.642891 (VIOLATED)
_8479_/CLK                              0.750000    8.392892   -7.642892 (VIOLATED)
_7818_/CLK                              0.750000    8.392858   -7.642857 (VIOLATED)
_7824_/CLK                              0.750000    8.392853   -7.642853 (VIOLATED)
_7856_/CLK                              0.750000    8.392858   -7.642857 (VIOLATED)
_7863_/CLK                              0.750000    8.392858   -7.642857 (VIOLATED)
_7870_/CLK                              0.750000    8.392856   -7.642856 (VIOLATED)
_7877_/CLK                              0.750000    8.392857   -7.642856 (VIOLATED)
_8090_/CLK                              0.750000    8.392855   -7.642855 (VIOLATED)
_8096_/CLK                              0.750000    8.392859   -7.642858 (VIOLATED)
_7831_/CLK                              0.750000    8.392847   -7.642847 (VIOLATED)
_7838_/CLK                              0.750000    8.392848   -7.642848 (VIOLATED)
_7915_/CLK                              0.750000    8.392852   -7.642852 (VIOLATED)
_7919_/CLK                              0.750000    8.392852   -7.642852 (VIOLATED)
_7952_/CLK                              0.750000    8.392859   -7.642858 (VIOLATED)
_7845_/CLK                              0.750000    8.392841   -7.642841 (VIOLATED)
_7852_/CLK                              0.750000    8.392844   -7.642844 (VIOLATED)
_7923_/CLK                              0.750000    8.392844   -7.642844 (VIOLATED)
_7927_/CLK                              0.750000    8.392844   -7.642844 (VIOLATED)
_7948_/CLK                              0.750000    8.392838   -7.642838 (VIOLATED)
_7933_/CLK                              0.750000    8.392831   -7.642830 (VIOLATED)
_7935_/CLK                              0.750000    8.392828   -7.642828 (VIOLATED)
_7938_/CLK                              0.750000    8.392830   -7.642830 (VIOLATED)
_7940_/CLK                              0.750000    8.392828   -7.642828 (VIOLATED)
_7943_/CLK                              0.750000    8.392835   -7.642835 (VIOLATED)
_7945_/CLK                              0.750000    8.392827   -7.642827 (VIOLATED)
_7950_/CLK                              0.750000    8.392827   -7.642827 (VIOLATED)
_7953_/CLK                              0.750000    8.392827   -7.642827 (VIOLATED)
_7963_/CLK                              0.750000    8.392826   -7.642826 (VIOLATED)
_8005_/CLK                              0.750000    8.392828   -7.642828 (VIOLATED)
_7830_/CLK                              0.750000    8.392818   -7.642818 (VIOLATED)
_7837_/CLK                              0.750000    8.392818   -7.642818 (VIOLATED)
_8015_/CLK                              0.750000    8.392824   -7.642824 (VIOLATED)
_7899_/CLK                              0.750000    8.392809   -7.642808 (VIOLATED)
_8039_/CLK                              0.750000    8.392808   -7.642807 (VIOLATED)
_7833_/CLK                              0.750000    8.392797   -7.642797 (VIOLATED)
_7840_/CLK                              0.750000    8.392801   -7.642801 (VIOLATED)
_7847_/CLK                              0.750000    8.392783   -7.642784 (VIOLATED)
_7854_/CLK                              0.750000    8.392784   -7.642785 (VIOLATED)
_7893_/CLK                              0.750000    8.392785   -7.642785 (VIOLATED)
_7981_/CLK                              0.750000    8.392784   -7.642785 (VIOLATED)
_8033_/CLK                              0.750000    8.392785   -7.642785 (VIOLATED)
_7855_/CLK                              0.750000    8.392773   -7.642773 (VIOLATED)
_7864_/CLK                              0.750000    8.392777   -7.642777 (VIOLATED)
_8069_/CLK                              0.750000    8.392777   -7.642777 (VIOLATED)
_8288_/CLK                              0.750000    8.392776   -7.642776 (VIOLATED)
_8354_/CLK                              0.750000    8.392776   -7.642776 (VIOLATED)
_8356_/CLK                              0.750000    8.392776   -7.642776 (VIOLATED)
_8416_/CLK                              0.750000    8.392781   -7.642781 (VIOLATED)
_7876_/CLK                              0.750000    8.392762   -7.642762 (VIOLATED)
_7842_/CLK                              0.750000    8.392753   -7.642753 (VIOLATED)
_7844_/CLK                              0.750000    8.392753   -7.642753 (VIOLATED)
_7849_/CLK                              0.750000    8.392753   -7.642753 (VIOLATED)
_7851_/CLK                              0.750000    8.392753   -7.642753 (VIOLATED)
_7862_/CLK                              0.750000    8.392751   -7.642751 (VIOLATED)
_7869_/CLK                              0.750000    8.392751   -7.642751 (VIOLATED)
_7917_/CLK                              0.750000    8.392752   -7.642752 (VIOLATED)
_7921_/CLK                              0.750000    8.392747   -7.642747 (VIOLATED)
_7925_/CLK                              0.750000    8.392752   -7.642752 (VIOLATED)
_7929_/CLK                              0.750000    8.392746   -7.642746 (VIOLATED)
_7957_/CLK                              0.750000    8.392751   -7.642751 (VIOLATED)
_7967_/CLK                              0.750000    8.392749   -7.642749 (VIOLATED)
_8009_/CLK                              0.750000    8.392750   -7.642750 (VIOLATED)
_8019_/CLK                              0.750000    8.392748   -7.642748 (VIOLATED)
_7828_/CLK                              0.750000    8.392736   -7.642736 (VIOLATED)
_7832_/CLK                              0.750000    8.392743   -7.642743 (VIOLATED)
_7835_/CLK                              0.750000    8.392736   -7.642736 (VIOLATED)
_7839_/CLK                              0.750000    8.392742   -7.642742 (VIOLATED)
_7846_/CLK                              0.750000    8.392743   -7.642743 (VIOLATED)
_7853_/CLK                              0.750000    8.392742   -7.642742 (VIOLATED)
_7857_/CLK                              0.750000    8.392733   -7.642733 (VIOLATED)
_7871_/CLK                              0.750000    8.392731   -7.642730 (VIOLATED)
_7878_/CLK                              0.750000    8.392732   -7.642731 (VIOLATED)
_7885_/CLK                              0.750000    8.392736   -7.642736 (VIOLATED)
_7960_/CLK                              0.750000    8.392737   -7.642737 (VIOLATED)
_7970_/CLK                              0.750000    8.392737   -7.642737 (VIOLATED)
_7971_/CLK                              0.750000    8.392741   -7.642741 (VIOLATED)
_7973_/CLK                              0.750000    8.392739   -7.642739 (VIOLATED)
_7986_/CLK                              0.750000    8.392741   -7.642741 (VIOLATED)
_8012_/CLK                              0.750000    8.392737   -7.642737 (VIOLATED)
_8071_/CLK                              0.750000    8.392742   -7.642742 (VIOLATED)
_7968_/CLK                              0.750000    8.392729   -7.642728 (VIOLATED)
_8020_/CLK                              0.750000    8.392730   -7.642729 (VIOLATED)
_8022_/CLK                              0.750000    8.392736   -7.642736 (VIOLATED)
_8023_/CLK                              0.750000    8.392741   -7.642741 (VIOLATED)
_8025_/CLK                              0.750000    8.392732   -7.642732 (VIOLATED)
_8061_/CLK                              0.750000    8.392734   -7.642734 (VIOLATED)
_8077_/CLK                              0.750000    8.392735   -7.642735 (VIOLATED)
_8079_/CLK                              0.750000    8.392742   -7.642742 (VIOLATED)
_8085_/CLK                              0.750000    8.392735   -7.642735 (VIOLATED)
_7958_/CLK                              0.750000    8.392715   -7.642715 (VIOLATED)
_7974_/CLK                              0.750000    8.392719   -7.642720 (VIOLATED)
_8010_/CLK                              0.750000    8.392718   -7.642718 (VIOLATED)
_7886_/CLK                              0.750000    8.392705   -7.642704 (VIOLATED)
_8026_/CLK                              0.750000    8.392705   -7.642704 (VIOLATED)
_7888_/CLK                              0.750000    8.392693   -7.642692 (VIOLATED)
_7976_/CLK                              0.750000    8.392694   -7.642694 (VIOLATED)
_8028_/CLK                              0.750000    8.392699   -7.642699 (VIOLATED)
_8137_/CLK                              0.750000    8.392664   -7.642663 (VIOLATED)
_7791_/CLK                              0.750000    8.392648   -7.642648 (VIOLATED)
_7793_/CLK                              0.750000    8.392645   -7.642645 (VIOLATED)
_7891_/CLK                              0.750000    8.392651   -7.642650 (VIOLATED)
_8031_/CLK                              0.750000    8.392652   -7.642651 (VIOLATED)
_8138_/CLK                              0.750000    8.392658   -7.642658 (VIOLATED)
_7798_/CLK                              0.750000    8.392642   -7.642642 (VIOLATED)
_7898_/CLK                              0.750000    8.392644   -7.642644 (VIOLATED)
_7979_/CLK                              0.750000    8.392652   -7.642651 (VIOLATED)
_8038_/CLK                              0.750000    8.392645   -7.642645 (VIOLATED)
_8055_/CLK                              0.750000    8.392645   -7.642645 (VIOLATED)
_8056_/CLK                              0.750000    8.392650   -7.642649 (VIOLATED)
_8063_/CLK                              0.750000    8.392645   -7.642645 (VIOLATED)
_8064_/CLK                              0.750000    8.392650   -7.642649 (VIOLATED)
_8072_/CLK                              0.750000    8.392646   -7.642646 (VIOLATED)
_8080_/CLK                              0.750000    8.392646   -7.642646 (VIOLATED)
_8256_/CLK                              0.750000    8.392648   -7.642648 (VIOLATED)
_7783_/CLK                              0.750000    8.392633   -7.642633 (VIOLATED)
_8481_/CLK                              0.750000    8.392640   -7.642640 (VIOLATED)
_8488_/CLK                              0.750000    8.392641   -7.642642 (VIOLATED)
_8510_/CLK                              0.750000    8.392638   -7.642638 (VIOLATED)
_8513_/CLK                              0.750000    8.392644   -7.642644 (VIOLATED)
_8514_/CLK                              0.750000    8.392641   -7.642641 (VIOLATED)
_8520_/CLK                              0.750000    8.392646   -7.642646 (VIOLATED)
_8512_/CLK                              0.750000    8.392632   -7.642632 (VIOLATED)
_7785_/CLK                              0.750000    8.392621   -7.642621 (VIOLATED)
_7786_/CLK                              0.750000    8.392620   -7.642620 (VIOLATED)
_7788_/CLK                              0.750000    8.392620   -7.642620 (VIOLATED)
_7883_/CLK                              0.750000    8.392621   -7.642621 (VIOLATED)
_8134_/CLK                              0.750000    8.392628   -7.642627 (VIOLATED)
_8141_/CLK                              0.750000    8.392618   -7.642618 (VIOLATED)
_8480_/CLK                              0.750000    8.392624   -7.642623 (VIOLATED)
_8448_/CLK                              0.750000    8.392613   -7.642613 (VIOLATED)
_8451_/CLK                              0.750000    8.392614   -7.642614 (VIOLATED)
_8483_/CLK                              0.750000    8.392613   -7.642613 (VIOLATED)
_8133_/CLK                              0.750000    8.392603   -7.642603 (VIOLATED)
_8135_/CLK                              0.750000    8.392604   -7.642604 (VIOLATED)
_8136_/CLK                              0.750000    8.392611   -7.642611 (VIOLATED)
_8286_/CLK                              0.750000    8.392590   -7.642590 (VIOLATED)
_8357_/CLK                              0.750000    8.392592   -7.642592 (VIOLATED)
_8144_/CLK                              0.750000    8.392571   -7.642571 (VIOLATED)
_8197_/CLK                              0.750000    8.392538   -7.642539 (VIOLATED)
_8198_/CLK                              0.750000    8.392539   -7.642539 (VIOLATED)
_8199_/CLK                              0.750000    8.392537   -7.642538 (VIOLATED)
_8200_/CLK                              0.750000    8.392538   -7.642539 (VIOLATED)
_8201_/CLK                              0.750000    8.392539   -7.642539 (VIOLATED)
_8205_/CLK                              0.750000    8.392538   -7.642539 (VIOLATED)
_8207_/CLK                              0.750000    8.392537   -7.642538 (VIOLATED)
_8324_/CLK                              0.750000    8.392537   -7.642538 (VIOLATED)
_8414_/CLK                              0.750000    8.392542   -7.642542 (VIOLATED)
_8524_/CLK                              0.750000    8.392538   -7.642539 (VIOLATED)
_8190_/CLK                              0.750000    8.392528   -7.642528 (VIOLATED)
_8193_/CLK                              0.750000    8.392529   -7.642529 (VIOLATED)
_8195_/CLK                              0.750000    8.392528   -7.642528 (VIOLATED)
_8196_/CLK                              0.750000    8.392535   -7.642535 (VIOLATED)
_8323_/CLK                              0.750000    8.392529   -7.642529 (VIOLATED)
_8353_/CLK                              0.750000    8.392532   -7.642532 (VIOLATED)
_8191_/CLK                              0.750000    8.392519   -7.642519 (VIOLATED)
_8192_/CLK                              0.750000    8.392520   -7.642520 (VIOLATED)
_8420_/CLK                              0.750000    8.392521   -7.642520 (VIOLATED)
_8421_/CLK                              0.750000    8.392521   -7.642520 (VIOLATED)
_8446_/CLK                              0.750000    8.392525   -7.642524 (VIOLATED)
_8422_/CLK                              0.750000    8.392513   -7.642513 (VIOLATED)
_8452_/CLK                              0.750000    8.392509   -7.642509 (VIOLATED)
_8453_/CLK                              0.750000    8.392509   -7.642509 (VIOLATED)
_8455_/CLK                              0.750000    8.392511   -7.642512 (VIOLATED)
_8485_/CLK                              0.750000    8.392511   -7.642512 (VIOLATED)
_8521_/CLK                              0.750000    8.392510   -7.642510 (VIOLATED)
_8527_/CLK                              0.750000    8.392511   -7.642512 (VIOLATED)
_8423_/CLK                              0.750000    8.392498   -7.642498 (VIOLATED)
_8147_/CLK                              0.750000    8.392482   -7.642481 (VIOLATED)
_8202_/CLK                              0.750000    8.392488   -7.642488 (VIOLATED)
_8203_/CLK                              0.750000    8.392486   -7.642486 (VIOLATED)
_8204_/CLK                              0.750000    8.392487   -7.642487 (VIOLATED)
_8206_/CLK                              0.750000    8.392488   -7.642488 (VIOLATED)
_8208_/CLK                              0.750000    8.392488   -7.642488 (VIOLATED)
_8211_/CLK                              0.750000    8.392488   -7.642488 (VIOLATED)
_8212_/CLK                              0.750000    8.392486   -7.642486 (VIOLATED)
_8352_/CLK                              0.750000    8.392493   -7.642493 (VIOLATED)
_8229_/CLK                              0.750000    8.392484   -7.642483 (VIOLATED)
_8260_/CLK                              0.750000    8.392484   -7.642483 (VIOLATED)
_8486_/CLK                              0.750000    8.392490   -7.642490 (VIOLATED)
_8292_/CLK                              0.750000    8.392483   -7.642482 (VIOLATED)
_8522_/CLK                              0.750000    8.392488   -7.642488 (VIOLATED)
_8294_/CLK                              0.750000    8.392476   -7.642476 (VIOLATED)
_8325_/CLK                              0.750000    8.392482   -7.642481 (VIOLATED)
_8326_/CLK                              0.750000    8.392480   -7.642480 (VIOLATED)
_8340_/CLK                              0.750000    8.392479   -7.642479 (VIOLATED)
_8528_/CLK                              0.750000    8.392484   -7.642483 (VIOLATED)
_8534_/CLK                              0.750000    8.392486   -7.642486 (VIOLATED)
_8194_/CLK                              0.750000    8.392467   -7.642467 (VIOLATED)
_8500_/CLK                              0.750000    8.392474   -7.642475 (VIOLATED)
_8233_/CLK                              0.750000    8.392464   -7.642464 (VIOLATED)
_8236_/CLK                              0.750000    8.392466   -7.642466 (VIOLATED)
_8237_/CLK                              0.750000    8.392465   -7.642465 (VIOLATED)
_8239_/CLK                              0.750000    8.392465   -7.642465 (VIOLATED)
_8306_/CLK                              0.750000    8.392467   -7.642467 (VIOLATED)
_8425_/CLK                              0.750000    8.392463   -7.642463 (VIOLATED)
_8427_/CLK                              0.750000    8.392465   -7.642465 (VIOLATED)
_8498_/CLK                              0.750000    8.392467   -7.642467 (VIOLATED)
_8499_/CLK                              0.750000    8.392466   -7.642466 (VIOLATED)
_8530_/CLK                              0.750000    8.392467   -7.642467 (VIOLATED)
_8454_/CLK                              0.750000    8.392456   -7.642456 (VIOLATED)
_8457_/CLK                              0.750000    8.392461   -7.642461 (VIOLATED)
_8459_/CLK                              0.750000    8.392467   -7.642467 (VIOLATED)
_8466_/CLK                              0.750000    8.392467   -7.642467 (VIOLATED)
_8489_/CLK                              0.750000    8.392459   -7.642458 (VIOLATED)
_8297_/CLK                              0.750000    8.392447   -7.642448 (VIOLATED)
_8303_/CLK                              0.750000    8.392455   -7.642455 (VIOLATED)
_8386_/CLK                              0.750000    8.392453   -7.642453 (VIOLATED)
_8531_/CLK                              0.750000    8.392454   -7.642454 (VIOLATED)
_8174_/CLK                              0.750000    8.392438   -7.642438 (VIOLATED)
_8265_/CLK                              0.750000    8.392445   -7.642444 (VIOLATED)
_8299_/CLK                              0.750000    8.392435   -7.642436 (VIOLATED)
_8355_/CLK                              0.750000    8.392441   -7.642441 (VIOLATED)
_8389_/CLK                              0.750000    8.392442   -7.642442 (VIOLATED)
_8415_/CLK                              0.750000    8.392442   -7.642442 (VIOLATED)
_8418_/CLK                              0.750000    8.392448   -7.642449 (VIOLATED)
_8419_/CLK                              0.750000    8.392453   -7.642453 (VIOLATED)
_8491_/CLK                              0.750000    8.392444   -7.642443 (VIOLATED)
_8267_/CLK                              0.750000    8.392425   -7.642425 (VIOLATED)
_8296_/CLK                              0.750000    8.392426   -7.642426 (VIOLATED)
_8384_/CLK                              0.750000    8.392426   -7.642426 (VIOLATED)
_8447_/CLK                              0.750000    8.392413   -7.642413 (VIOLATED)
_8263_/CLK                              0.750000    8.392391   -7.642391 (VIOLATED)
_8320_/CLK                              0.750000    8.392394   -7.642394 (VIOLATED)
_8450_/CLK                              0.750000    8.392385   -7.642385 (VIOLATED)
_8424_/CLK                              0.750000    8.392373   -7.642373 (VIOLATED)
_8224_/CLK                              0.750000    8.392356   -7.642356 (VIOLATED)
_8456_/CLK                              0.750000    8.392349   -7.642349 (VIOLATED)
_8382_/CLK                              0.750000    8.392340   -7.642339 (VIOLATED)
_8359_/CLK                              0.750000    8.392330   -7.642330 (VIOLATED)
_8264_/CLK                              0.750000    8.392295   -7.642295 (VIOLATED)
_8170_/CLK                              0.750000    8.392281   -7.642281 (VIOLATED)
_8287_/CLK                              0.750000    8.392281   -7.642281 (VIOLATED)
_8511_/CLK                              0.750000    8.392281   -7.642281 (VIOLATED)
_8328_/CLK                              0.750000    8.392251   -7.642251 (VIOLATED)
_8232_/CLK                              0.750000    8.392240   -7.642240 (VIOLATED)
_8358_/CLK                              0.750000    8.392235   -7.642235 (VIOLATED)
_8140_/CLK                              0.750000    8.392202   -7.642203 (VIOLATED)
_8360_/CLK                              0.750000    8.392098   -7.642099 (VIOLATED)
_8361_/CLK                              0.750000    8.391991   -7.641990 (VIOLATED)
_8222_/CLK                              0.750000    8.391892   -7.641892 (VIOLATED)
_8255_/CLK                              0.750000    8.391870   -7.641870 (VIOLATED)
_8254_/CLK                              0.750000    8.391792   -7.641792 (VIOLATED)
_8223_/CLK                              0.750000    8.391728   -7.641728 (VIOLATED)
_8131_/CLK                              0.750000    8.391654   -7.641654 (VIOLATED)
_8173_/CLK                              0.750000    8.391577   -7.641576 (VIOLATED)
_8262_/CLK                              0.750000    8.391577   -7.641576 (VIOLATED)
_8383_/CLK                              0.750000    8.391576   -7.641576 (VIOLATED)
_8390_/CLK                              0.750000    8.391576   -7.641576 (VIOLATED)
_8392_/CLK                              0.750000    8.391575   -7.641575 (VIOLATED)
_8142_/CLK                              0.750000    8.391506   -7.641506 (VIOLATED)
_8132_/CLK                              0.750000    8.391389   -7.641389 (VIOLATED)
_8318_/CLK                              0.750000    8.391390   -7.641390 (VIOLATED)
_8319_/CLK                              0.750000    8.391389   -7.641389 (VIOLATED)
_8314_/CLK                              0.750000    8.391332   -7.641331 (VIOLATED)
_8217_/CLK                              0.750000    8.391323   -7.641324 (VIOLATED)
_8218_/CLK                              0.750000    8.391323   -7.641324 (VIOLATED)
_8219_/CLK                              0.750000    8.391323   -7.641324 (VIOLATED)
_8251_/CLK                              0.750000    8.391331   -7.641330 (VIOLATED)
_8252_/CLK                              0.750000    8.391335   -7.641336 (VIOLATED)
_8253_/CLK                              0.750000    8.391335   -7.641336 (VIOLATED)
_8280_/CLK                              0.750000    8.391322   -7.641323 (VIOLATED)
_8282_/CLK                              0.750000    8.391330   -7.641330 (VIOLATED)
_8283_/CLK                              0.750000    8.391323   -7.641324 (VIOLATED)
_8346_/CLK                              0.750000    8.391325   -7.641325 (VIOLATED)
_8347_/CLK                              0.750000    8.391324   -7.641324 (VIOLATED)
_8348_/CLK                              0.750000    8.391325   -7.641325 (VIOLATED)
_8349_/CLK                              0.750000    8.391325   -7.641325 (VIOLATED)
_8410_/CLK                              0.750000    8.391327   -7.641327 (VIOLATED)
_8412_/CLK                              0.750000    8.391328   -7.641328 (VIOLATED)
_8441_/CLK                              0.750000    8.391332   -7.641331 (VIOLATED)
_8443_/CLK                              0.750000    8.391329   -7.641329 (VIOLATED)
_8444_/CLK                              0.750000    8.391328   -7.641328 (VIOLATED)
_8445_/CLK                              0.750000    8.391332   -7.641331 (VIOLATED)
_8472_/CLK                              0.750000    8.391330   -7.641330 (VIOLATED)
_8473_/CLK                              0.750000    8.391331   -7.641330 (VIOLATED)
_8474_/CLK                              0.750000    8.391332   -7.641331 (VIOLATED)
_8475_/CLK                              0.750000    8.391331   -7.641330 (VIOLATED)
_8476_/CLK                              0.750000    8.391330   -7.641330 (VIOLATED)
_8477_/CLK                              0.750000    8.391335   -7.641334 (VIOLATED)
_8505_/CLK                              0.750000    8.391331   -7.641330 (VIOLATED)
_8506_/CLK                              0.750000    8.391332   -7.641331 (VIOLATED)
_8507_/CLK                              0.750000    8.391335   -7.641335 (VIOLATED)
_8508_/CLK                              0.750000    8.391333   -7.641332 (VIOLATED)
_8538_/CLK                              0.750000    8.391335   -7.641336 (VIOLATED)
_8539_/CLK                              0.750000    8.391335   -7.641336 (VIOLATED)
_8540_/CLK                              0.750000    8.391335   -7.641335 (VIOLATED)
_8129_/CLK                              0.750000    8.391312   -7.641312 (VIOLATED)
_8130_/CLK                              0.750000    8.391312   -7.641312 (VIOLATED)
_8214_/CLK                              0.750000    8.391311   -7.641311 (VIOLATED)
_8246_/CLK                              0.750000    8.391311   -7.641311 (VIOLATED)
_8278_/CLK                              0.750000    8.391315   -7.641315 (VIOLATED)
_8312_/CLK                              0.750000    8.391321   -7.641322 (VIOLATED)
_8313_/CLK                              0.750000    8.391322   -7.641323 (VIOLATED)
_8315_/CLK                              0.750000    8.391322   -7.641323 (VIOLATED)
_8378_/CLK                              0.750000    8.391319   -7.641319 (VIOLATED)
_8379_/CLK                              0.750000    8.391318   -7.641318 (VIOLATED)
_8281_/CLK                              0.750000    8.391309   -7.641309 (VIOLATED)
_8284_/CLK                              0.750000    8.391309   -7.641309 (VIOLATED)
_8316_/CLK                              0.750000    8.391309   -7.641309 (VIOLATED)
_8406_/CLK                              0.750000    8.391313   -7.641313 (VIOLATED)
_8502_/CLK                              0.750000    8.391319   -7.641319 (VIOLATED)
_8504_/CLK                              0.750000    8.391321   -7.641321 (VIOLATED)
_8509_/CLK                              0.750000    8.391326   -7.641326 (VIOLATED)
_8535_/CLK                              0.750000    8.391315   -7.641315 (VIOLATED)
_8536_/CLK                              0.750000    8.391321   -7.641322 (VIOLATED)
_8407_/CLK                              0.750000    8.391308   -7.641307 (VIOLATED)
_8408_/CLK                              0.750000    8.391309   -7.641308 (VIOLATED)
_8409_/CLK                              0.750000    8.391309   -7.641309 (VIOLATED)
_8411_/CLK                              0.750000    8.391309   -7.641308 (VIOLATED)
_8438_/CLK                              0.750000    8.391309   -7.641308 (VIOLATED)
_8439_/CLK                              0.750000    8.391312   -7.641312 (VIOLATED)
_8440_/CLK                              0.750000    8.391312   -7.641312 (VIOLATED)
_8442_/CLK                              0.750000    8.391311   -7.641311 (VIOLATED)
_8470_/CLK                              0.750000    8.391308   -7.641307 (VIOLATED)
_8497_/CLK                              0.750000    8.391313   -7.641313 (VIOLATED)
_8128_/CLK                              0.750000    8.391298   -7.641298 (VIOLATED)
_8139_/CLK                              0.750000    8.391297   -7.641298 (VIOLATED)
_8160_/CLK                              0.750000    8.391304   -7.641304 (VIOLATED)
_8161_/CLK                              0.750000    8.391310   -7.641310 (VIOLATED)
_8162_/CLK                              0.750000    8.391301   -7.641301 (VIOLATED)
_8150_/CLK                              0.750000    8.391292   -7.641291 (VIOLATED)
_8154_/CLK                              0.750000    8.391295   -7.641295 (VIOLATED)
_8155_/CLK                              0.750000    8.391296   -7.641297 (VIOLATED)
_8157_/CLK                              0.750000    8.391298   -7.641298 (VIOLATED)
_8158_/CLK                              0.750000    8.391301   -7.641301 (VIOLATED)
_8164_/CLK                              0.750000    8.391298   -7.641298 (VIOLATED)
_8165_/CLK                              0.750000    8.391300   -7.641300 (VIOLATED)
_8166_/CLK                              0.750000    8.391298   -7.641298 (VIOLATED)
_8167_/CLK                              0.750000    8.391298   -7.641298 (VIOLATED)
_8169_/CLK                              0.750000    8.391299   -7.641299 (VIOLATED)
_8171_/CLK                              0.750000    8.391300   -7.641300 (VIOLATED)
_8209_/CLK                              0.750000    8.391300   -7.641300 (VIOLATED)
_8210_/CLK                              0.750000    8.391300   -7.641300 (VIOLATED)
_8213_/CLK                              0.750000    8.391299   -7.641299 (VIOLATED)
_8215_/CLK                              0.750000    8.391300   -7.641300 (VIOLATED)
_8216_/CLK                              0.750000    8.391298   -7.641298 (VIOLATED)
_8245_/CLK                              0.750000    8.391299   -7.641299 (VIOLATED)
_8247_/CLK                              0.750000    8.391304   -7.641304 (VIOLATED)
_8248_/CLK                              0.750000    8.391304   -7.641304 (VIOLATED)
_8249_/CLK                              0.750000    8.391311   -7.641311 (VIOLATED)
_8250_/CLK                              0.750000    8.391309   -7.641309 (VIOLATED)
_8341_/CLK                              0.750000    8.391302   -7.641302 (VIOLATED)
_8342_/CLK                              0.750000    8.391308   -7.641307 (VIOLATED)
_8343_/CLK                              0.750000    8.391310   -7.641310 (VIOLATED)
_8344_/CLK                              0.750000    8.391308   -7.641307 (VIOLATED)
_8345_/CLK                              0.750000    8.391309   -7.641308 (VIOLATED)
_8374_/CLK                              0.750000    8.391306   -7.641305 (VIOLATED)
_8380_/CLK                              0.750000    8.391309   -7.641308 (VIOLATED)
_8437_/CLK                              0.750000    8.391297   -7.641298 (VIOLATED)
_8220_/CLK                              0.750000    8.391289   -7.641289 (VIOLATED)
_8221_/CLK                              0.750000    8.391289   -7.641289 (VIOLATED)
_8241_/CLK                              0.750000    8.391289   -7.641289 (VIOLATED)
_8273_/CLK                              0.750000    8.391295   -7.641296 (VIOLATED)
_8468_/CLK                              0.750000    8.391295   -7.641296 (VIOLATED)
_8529_/CLK                              0.750000    8.391296   -7.641297 (VIOLATED)
_8532_/CLK                              0.750000    8.391297   -7.641298 (VIOLATED)
_8533_/CLK                              0.750000    8.391298   -7.641298 (VIOLATED)
_8537_/CLK                              0.750000    8.391297   -7.641298 (VIOLATED)
_8541_/CLK                              0.750000    8.391297   -7.641298 (VIOLATED)
_8244_/CLK                              0.750000    8.391283   -7.641283 (VIOLATED)
_8279_/CLK                              0.750000    8.391288   -7.641288 (VIOLATED)
_8305_/CLK                              0.750000    8.391295   -7.641295 (VIOLATED)
_8285_/CLK                              0.750000    8.391285   -7.641285 (VIOLATED)
_8308_/CLK                              0.750000    8.391291   -7.641291 (VIOLATED)
_8311_/CLK                              0.750000    8.391288   -7.641288 (VIOLATED)
_8317_/CLK                              0.750000    8.391287   -7.641287 (VIOLATED)
_8336_/CLK                              0.750000    8.391292   -7.641291 (VIOLATED)
_8337_/CLK                              0.750000    8.391297   -7.641298 (VIOLATED)
_8338_/CLK                              0.750000    8.391293   -7.641292 (VIOLATED)
_8350_/CLK                              0.750000    8.391297   -7.641298 (VIOLATED)
_8351_/CLK                              0.750000    8.391300   -7.641300 (VIOLATED)
_8369_/CLK                              0.750000    8.391294   -7.641293 (VIOLATED)
_8375_/CLK                              0.750000    8.391299   -7.641299 (VIOLATED)
_8376_/CLK                              0.750000    8.391303   -7.641303 (VIOLATED)
_8377_/CLK                              0.750000    8.391305   -7.641304 (VIOLATED)
_8381_/CLK                              0.750000    8.391307   -7.641306 (VIOLATED)
_8400_/CLK                              0.750000    8.391287   -7.641287 (VIOLATED)
_8401_/CLK                              0.750000    8.391292   -7.641291 (VIOLATED)
_8404_/CLK                              0.750000    8.391295   -7.641296 (VIOLATED)
_8405_/CLK                              0.750000    8.391297   -7.641298 (VIOLATED)
_8274_/CLK                              0.750000    8.391276   -7.641276 (VIOLATED)
_8413_/CLK                              0.750000    8.391283   -7.641284 (VIOLATED)
_8464_/CLK                              0.750000    8.391287   -7.641287 (VIOLATED)
_8471_/CLK                              0.750000    8.391286   -7.641286 (VIOLATED)
_8496_/CLK                              0.750000    8.391294   -7.641293 (VIOLATED)
_8503_/CLK                              0.750000    8.391288   -7.641288 (VIOLATED)
_8368_/CLK                              0.750000    8.391273   -7.641273 (VIOLATED)
_8436_/CLK                              0.750000    8.391278   -7.641278 (VIOLATED)
_8304_/CLK                              0.750000    8.391265   -7.641265 (VIOLATED)
_8370_/CLK                              0.750000    8.391269   -7.641268 (VIOLATED)
_8402_/CLK                              0.750000    8.391265   -7.641265 (VIOLATED)
_8501_/CLK                              0.750000    8.391272   -7.641272 (VIOLATED)
_8148_/CLK                              0.750000    8.391248   -7.641248 (VIOLATED)
_8242_/CLK                              0.750000    8.391255   -7.641255 (VIOLATED)
_8310_/CLK                              0.750000    8.391259   -7.641259 (VIOLATED)
_8372_/CLK                              0.750000    8.391253   -7.641253 (VIOLATED)
_8432_/CLK                              0.750000    8.391256   -7.641256 (VIOLATED)
_8434_/CLK                              0.750000    8.391248   -7.641248 (VIOLATED)
_8149_/CLK                              0.750000    8.391236   -7.641236 (VIOLATED)
_8151_/CLK                              0.750000    8.391243   -7.641243 (VIOLATED)
_8153_/CLK                              0.750000    8.391248   -7.641248 (VIOLATED)
_8156_/CLK                              0.750000    8.391232   -7.641232 (VIOLATED)
_8159_/CLK                              0.750000    8.391232   -7.641233 (VIOLATED)
_8182_/CLK                              0.750000    8.391239   -7.641239 (VIOLATED)
_8243_/CLK                              0.750000    8.391244   -7.641244 (VIOLATED)
_8272_/CLK                              0.750000    8.391231   -7.641231 (VIOLATED)
_8277_/CLK                              0.750000    8.391235   -7.641235 (VIOLATED)
_8309_/CLK                              0.750000    8.391235   -7.641235 (VIOLATED)
_8373_/CLK                              0.750000    8.391233   -7.641233 (VIOLATED)
_8433_/CLK                              0.750000    8.391234   -7.641234 (VIOLATED)
_8465_/CLK                              0.750000    8.391235   -7.641235 (VIOLATED)
_8469_/CLK                              0.750000    8.391235   -7.641235 (VIOLATED)
_8127_/CLK                              0.750000    8.391219   -7.641220 (VIOLATED)
_8181_/CLK                              0.750000    8.391218   -7.641218 (VIOLATED)
_8302_/CLK                              0.750000    8.391225   -7.641225 (VIOLATED)
_8334_/CLK                              0.750000    8.391225   -7.641225 (VIOLATED)
_8335_/CLK                              0.750000    8.391231   -7.641230 (VIOLATED)
_8339_/CLK                              0.750000    8.391226   -7.641226 (VIOLATED)
_8364_/CLK                              0.750000    8.391225   -7.641225 (VIOLATED)
_8367_/CLK                              0.750000    8.391218   -7.641218 (VIOLATED)
_8371_/CLK                              0.750000    8.391224   -7.641224 (VIOLATED)
_8183_/CLK                              0.750000    8.391209   -7.641209 (VIOLATED)
_8366_/CLK                              0.750000    8.391192   -7.641192 (VIOLATED)
_8177_/CLK                              0.750000    8.391170   -7.641170 (VIOLATED)
_8184_/CLK                              0.750000    8.391170   -7.641170 (VIOLATED)
_8240_/CLK                              0.750000    8.391173   -7.641173 (VIOLATED)
_8276_/CLK                              0.750000    8.391173   -7.641173 (VIOLATED)
_8152_/CLK                              0.750000    8.391160   -7.641160 (VIOLATED)
_8268_/CLK                              0.750000    8.391166   -7.641165 (VIOLATED)
_8269_/CLK                              0.750000    8.391172   -7.641172 (VIOLATED)
_8275_/CLK                              0.750000    8.391164   -7.641163 (VIOLATED)
_8307_/CLK                              0.750000    8.391169   -7.641169 (VIOLATED)
_8333_/CLK                              0.750000    8.391169   -7.641169 (VIOLATED)
_8363_/CLK                              0.750000    8.391171   -7.641171 (VIOLATED)
_8396_/CLK                              0.750000    8.391170   -7.641170 (VIOLATED)
_8429_/CLK                              0.750000    8.391169   -7.641169 (VIOLATED)
_8430_/CLK                              0.750000    8.391169   -7.641169 (VIOLATED)
_8431_/CLK                              0.750000    8.391171   -7.641171 (VIOLATED)
_8435_/CLK                              0.750000    8.391171   -7.641171 (VIOLATED)
_8460_/CLK                              0.750000    8.391171   -7.641171 (VIOLATED)
_8462_/CLK                              0.750000    8.391168   -7.641168 (VIOLATED)
_8467_/CLK                              0.750000    8.391172   -7.641172 (VIOLATED)
_8393_/CLK                              0.750000    8.391157   -7.641157 (VIOLATED)
_8403_/CLK                              0.750000    8.391161   -7.641161 (VIOLATED)
_8126_/CLK                              0.750000    8.391149   -7.641149 (VIOLATED)
_8178_/CLK                              0.750000    8.391148   -7.641148 (VIOLATED)
_8362_/CLK                              0.750000    8.391150   -7.641149 (VIOLATED)
_8365_/CLK                              0.750000    8.391152   -7.641152 (VIOLATED)
_8394_/CLK                              0.750000    8.391153   -7.641153 (VIOLATED)
_8397_/CLK                              0.750000    8.391160   -7.641160 (VIOLATED)
_8398_/CLK                              0.750000    8.391160   -7.641160 (VIOLATED)
_8111_/CLK                              0.750000    8.391128   -7.641127 (VIOLATED)
_8175_/CLK                              0.750000    8.391133   -7.641133 (VIOLATED)
_8109_/CLK                              0.750000    8.391109   -7.641109 (VIOLATED)
_8124_/CLK                              0.750000    8.391098   -7.641098 (VIOLATED)
_8110_/CLK                              0.750000    8.391065   -7.641065 (VIOLATED)
_8108_/CLK                              0.750000    8.391050   -7.641051 (VIOLATED)
_8125_/CLK                              0.750000    8.391051   -7.641052 (VIOLATED)
_8271_/CLK                              0.750000    8.391049   -7.641049 (VIOLATED)
_8099_/CLK                              0.750000    8.391039   -7.641039 (VIOLATED)
_8300_/CLK                              0.750000    8.391047   -7.641046 (VIOLATED)
_8301_/CLK                              0.750000    8.391049   -7.641049 (VIOLATED)
_8332_/CLK                              0.750000    8.391047   -7.641047 (VIOLATED)
_8395_/CLK                              0.750000    8.391049   -7.641049 (VIOLATED)
_8399_/CLK                              0.750000    8.391049   -7.641049 (VIOLATED)
_8428_/CLK                              0.750000    8.391047   -7.641047 (VIOLATED)
_8461_/CLK                              0.750000    8.391048   -7.641048 (VIOLATED)
_8463_/CLK                              0.750000    8.391049   -7.641049 (VIOLATED)
_8100_/CLK                              0.750000    8.391038   -7.641038 (VIOLATED)
_8101_/CLK                              0.750000    8.391038   -7.641038 (VIOLATED)
_8102_/CLK                              0.750000    8.391037   -7.641037 (VIOLATED)
_8103_/CLK                              0.750000    8.391038   -7.641038 (VIOLATED)
_8143_/CLK                              0.750000    8.391037   -7.641037 (VIOLATED)
_8145_/CLK                              0.750000    8.391037   -7.641037 (VIOLATED)
_8146_/CLK                              0.750000    8.391036   -7.641036 (VIOLATED)
_8163_/CLK                              0.750000    8.391037   -7.641037 (VIOLATED)
_8168_/CLK                              0.750000    8.391037   -7.641037 (VIOLATED)
_8172_/CLK                              0.750000    8.391038   -7.641038 (VIOLATED)
_8179_/CLK                              0.750000    8.391037   -7.641037 (VIOLATED)
_8180_/CLK                              0.750000    8.391037   -7.641037 (VIOLATED)
_8185_/CLK                              0.750000    8.391037   -7.641037 (VIOLATED)
_8186_/CLK                              0.750000    8.391037   -7.641037 (VIOLATED)
_8187_/CLK                              0.750000    8.391045   -7.641045 (VIOLATED)
_8189_/CLK                              0.750000    8.391050   -7.641050 (VIOLATED)
_8188_/CLK                              0.750000    8.391037   -7.641037 (VIOLATED)
_8234_/CLK                              0.750000    8.391037   -7.641037 (VIOLATED)
_8238_/CLK                              0.750000    8.391038   -7.641038 (VIOLATED)
_8266_/CLK                              0.750000    8.391036   -7.641036 (VIOLATED)
_8298_/CLK                              0.750000    8.391037   -7.641037 (VIOLATED)
_8426_/CLK                              0.750000    8.391037   -7.641037 (VIOLATED)
_8458_/CLK                              0.750000    8.391037   -7.641037 (VIOLATED)
_8490_/CLK                              0.750000    8.391040   -7.641040 (VIOLATED)
_8492_/CLK                              0.750000    8.391047   -7.641047 (VIOLATED)
_8493_/CLK                              0.750000    8.391050   -7.641050 (VIOLATED)
_8494_/CLK                              0.750000    8.391044   -7.641044 (VIOLATED)
_8104_/CLK                              0.750000    8.391025   -7.641024 (VIOLATED)
_8105_/CLK                              0.750000    8.391022   -7.641021 (VIOLATED)
_8106_/CLK                              0.750000    8.391019   -7.641019 (VIOLATED)
_8176_/CLK                              0.750000    8.391026   -7.641026 (VIOLATED)
_8270_/CLK                              0.750000    8.391028   -7.641028 (VIOLATED)
_8329_/CLK                              0.750000    8.391032   -7.641032 (VIOLATED)
_8330_/CLK                              0.750000    8.391034   -7.641034 (VIOLATED)
_8331_/CLK                              0.750000    8.391026   -7.641026 (VIOLATED)
_8107_/CLK                              0.750000    8.391016   -7.641016 (VIOLATED)
_8113_/CLK                              0.750000    8.391017   -7.641017 (VIOLATED)
_8112_/CLK                              0.750000    8.391008   -7.641008 (VIOLATED)
_8123_/CLK                              0.750000    8.391009   -7.641009 (VIOLATED)
_8115_/CLK                              0.750000    8.390985   -7.640984 (VIOLATED)
_8114_/CLK                              0.750000    8.390975   -7.640975 (VIOLATED)
_8116_/CLK                              0.750000    8.390962   -7.640962 (VIOLATED)
_8117_/CLK                              0.750000    8.390955   -7.640955 (VIOLATED)
_8122_/CLK                              0.750000    8.390960   -7.640959 (VIOLATED)
_8118_/CLK                              0.750000    8.390943   -7.640942 (VIOLATED)
_8119_/CLK                              0.750000    8.390934   -7.640934 (VIOLATED)
_8120_/CLK                              0.750000    8.390926   -7.640926 (VIOLATED)
_8121_/CLK                              0.750000    8.390924   -7.640924 (VIOLATED)
clk                                     0.750000    8.390887   -7.640887 (VIOLATED)

max fanout

Pin                                   Limit Fanout  Slack
---------------------------------------------------------
clk                                      10    759   -749 (VIOLATED)

max capacitance

Pin                                        Limit         Cap       Slack
------------------------------------------------------------------------
clk                                     0.200000    1.889615   -1.689615 (VIOLATED)



===========================================================================
report_parasitic_annotation -report_unannotated
============================================================================
Found 5 unannotated drivers.
 _8542_/LO
 _8543_/LO
 _8544_/HI
 _8545_/HI
 _8546_/HI
Found 0 partially unannotated drivers.

===========================================================================
max slew violation count 760
Writing metric design__max_slew_violation__count__corner:nom_tt_025C_1v80: 760
max fanout violation count 1
Writing metric design__max_fanout_violation__count__corner:nom_tt_025C_1v80: 1
max cap violation count 1
Writing metric design__max_cap_violation__count__corner:nom_tt_025C_1v80: 1
============================================================================

===========================================================================
check_setup -verbose -unconstrained_endpoints -multiple_clock -no_clock -no_input_delay -loops -generated_clocks
===========================================================================
