141. Printing statistics.

=== single_cycle_cpu ===

        +----------Local Count, excluding submodules.
        |        +-Local Area, excluding submodules.
        |        | 
     9034        - wires
    11173        - wire bits
       72        - public wires
     2211        - public wire bits
        5        - ports
       98        - port bits
    11165 4.87E+04 cells
     2292        -   $_ANDNOT_
       60        -   $_AND_
     3331        -   $_MUX_
       82        -   $_NAND_
      132        -   $_NOR_
     1284        -   $_NOT_
      191        -   $_ORNOT_
     1561        -   $_OR_
       56        -   $_XNOR_
      128        -   $_XOR_
     1020 2.68E+04   sky130_fd_sc_hd__dfrtp_2
        4  105.101   sky130_fd_sc_hd__dfstp_2
     1024 2.18E+04   sky130_fd_sc_hd__dfxtp_2

   Area for cell type $_ANDNOT_ is unknown!
   Area for cell type $_AND_ is unknown!
   Area for cell type $_MUX_ is unknown!
   Area for cell type $_NAND_ is unknown!
   Area for cell type $_NOR_ is unknown!
   Area for cell type $_NOT_ is unknown!
   Area for cell type $_ORNOT_ is unknown!
   Area for cell type $_OR_ is unknown!
   Area for cell type $_XNOR_ is unknown!
   Area for cell type $_XOR_ is unknown!

   Chip area for module '\single_cycle_cpu': 48686.694400
     of which used for sequential elements: 48686.694400 (100.00%)

