Clock: clk
Sources: clk 
Generated: no
Virtual: yes
Propagated: no
Period: 25.000000

===========================================================================
report_clock_properties
============================================================================
Clock                   Period          Waveform
----------------------------------------------------
clk                  25.000000    0.000000 12.500000

===========================================================================
report_clock_latency
============================================================================
Clock clk
rise -> rise
    min     max
0.000000 0.000000 source latency
0.810560         network latency _7058_/CLK
        0.848601 network latency _6688_/CLK
---------------
0.810560 0.848601 latency
        0.038041 skew

fall -> fall
    min     max
0.000000 0.000000 source latency
0.694290         network latency _7058_/CLK
        0.723174 network latency _6688_/CLK
---------------
0.694290 0.723174 latency
        0.028884 skew



===========================================================================
report_clock_min_period
============================================================================
clk period_min = 8.79 fmax = 113.81
