
===========================================================================
report_checks -unconstrained
===========================================================================
======================= nom_tt_025C_1v80 Corner ===================================

Startpoint: reset (input port clocked by clk)
Endpoint: _7053_ (recovery check against rising-edge clock clk)
Path Group: asynchronous
Path Type: max

Fanout         Cap        Slew       Delay        Time   Description
---------------------------------------------------------------------------------------------
                                  0.000000    0.000000   clock clk (rise edge)
                                  0.000000    0.000000   clock network delay (propagated)
                                  5.000000    5.000000 v input external delay
     2    0.011382    0.027539    0.018523    5.018523 v reset (in)
                                                         reset (net)
                      0.027542    0.000000    5.018523 v fanout74/A (sky130_fd_sc_hd__clkdlybuf4s25_1)
     5    0.042965    0.317596    0.451612    5.470135 v fanout74/X (sky130_fd_sc_hd__clkdlybuf4s25_1)
                                                         net74 (net)
                      0.317608    0.002156    5.472291 v fanout73/A (sky130_fd_sc_hd__clkdlybuf4s25_1)
     5    0.018555    0.145061    0.427607    5.899898 v fanout73/X (sky130_fd_sc_hd__clkdlybuf4s25_1)
                                                         net73 (net)
                      0.145061    0.000064    5.899962 v fanout69/A (sky130_fd_sc_hd__clkdlybuf4s25_1)
     7    0.047773    0.350042    0.526795    6.426757 v fanout69/X (sky130_fd_sc_hd__clkdlybuf4s25_1)
                                                         net69 (net)
                      0.350042    0.000086    6.426843 v fanout68/A (sky130_fd_sc_hd__clkdlybuf4s25_1)
     6    0.026851    0.202211    0.479159    6.906002 v fanout68/X (sky130_fd_sc_hd__clkdlybuf4s25_1)
                                                         net68 (net)
                      0.202211    0.000032    6.906034 v fanout66/A (sky130_fd_sc_hd__clkdlybuf4s25_1)
     8    0.055261    0.403941    0.585453    7.491487 v fanout66/X (sky130_fd_sc_hd__clkdlybuf4s25_1)
                                                         net66 (net)
                      0.403941    0.000500    7.491987 v fanout65/A (sky130_fd_sc_hd__clkdlybuf4s25_1)
    10    0.054067    0.396047    0.634511    8.126498 v fanout65/X (sky130_fd_sc_hd__clkdlybuf4s25_1)
                                                         net65 (net)
                      0.396047    0.000035    8.126533 v _6333_/A (sky130_fd_sc_hd__inv_2)
     1    0.003920    0.085100    0.128629    8.255161 ^ _6333_/Y (sky130_fd_sc_hd__inv_2)
                                                         _0074_ (net)
                      0.085100    0.000006    8.255167 ^ _7053_/RESET_B (sky130_fd_sc_hd__dfrtp_2)
                                              8.255167   data arrival time

                                 25.000000   25.000000   clock clk (rise edge)
                                  0.000000   25.000000   clock source latency
   720    1.853359    8.230958    5.704948   30.704947 ^ clk (in)
                                                         clk (net)
                      8.233485    0.000000   30.704947 ^ _7053_/CLK (sky130_fd_sc_hd__dfrtp_2)
                                 -0.250000   30.454947   clock uncertainty
                                  0.000000   30.454947   clock reconvergence pessimism
                                  1.331981   31.786926   library recovery time
                                             31.786926   data required time
---------------------------------------------------------------------------------------------
                                             31.786926   data required time
                                             -8.255167   data arrival time
---------------------------------------------------------------------------------------------
                                             23.531759   slack (MET)


Startpoint: _6980_ (rising edge-triggered flip-flop clocked by clk)
Endpoint: alu_result_out[31] (output port clocked by clk)
Path Group: clk
Path Type: max

Fanout         Cap        Slew       Delay        Time   Description
---------------------------------------------------------------------------------------------
                                  0.000000    0.000000   clock clk (rise edge)
                                  0.000000    0.000000   clock source latency
   720    1.853359    8.230958    5.661917    5.661917 ^ clk (in)
                                                         clk (net)
                      8.231979    0.000000    5.661917 ^ _6980_/CLK (sky130_fd_sc_hd__dfrtp_2)
     7    0.020362    0.113123    1.370320    7.032237 ^ _6980_/Q (sky130_fd_sc_hd__dfrtp_2)
                                                         net454 (net)
                      0.113123    0.000006    7.032243 ^ place835/A (sky130_fd_sc_hd__buf_2)
     2    0.071041    0.342287    0.340244    7.372487 ^ place835/X (sky130_fd_sc_hd__buf_2)
                                                         net835 (net)
                      0.342287    0.000028    7.372515 ^ _3313_/B (sky130_fd_sc_hd__nand4b_4)
    10    0.042610    0.223852    0.265623    7.638137 v _3313_/Y (sky130_fd_sc_hd__nand4b_4)
                                                         _1263_ (net)
                      0.223935    0.000902    7.639040 v _3403_/B (sky130_fd_sc_hd__or2_4)
     8    0.026622    0.074928    0.338378    7.977418 v _3403_/X (sky130_fd_sc_hd__or2_4)
                                                         _1345_ (net)
                      0.074929    0.000393    7.977811 v _3405_/B1 (sky130_fd_sc_hd__o31a_2)
     3    0.015828    0.081634    0.154246    8.132056 v _3405_/X (sky130_fd_sc_hd__o31a_2)
                                                         _1347_ (net)
                      0.081634    0.000180    8.132236 v _3406_/A (sky130_fd_sc_hd__inv_4)
     4    0.043738    0.123380    0.131362    8.263599 ^ _3406_/Y (sky130_fd_sc_hd__inv_4)
                                                         instruction_out[21] (net)
                      0.123380    0.000165    8.263764 ^ _3415_/C (sky130_fd_sc_hd__and3_4)
     8    0.026587    0.100613    0.248387    8.512151 ^ _3415_/X (sky130_fd_sc_hd__and3_4)
                                                         _1355_ (net)
                      0.100613    0.000219    8.512371 ^ place756/A (sky130_fd_sc_hd__buf_2)
     7    0.022017    0.113236    0.178301    8.690672 ^ place756/X (sky130_fd_sc_hd__buf_2)
                                                         net756 (net)
                      0.113236    0.000171    8.690842 ^ place755/A (sky130_fd_sc_hd__buf_2)
     7    0.024774    0.126210    0.191819    8.882661 ^ place755/X (sky130_fd_sc_hd__buf_2)
                                                         net755 (net)
                      0.126210    0.000237    8.882898 ^ place750/A (sky130_fd_sc_hd__buf_2)
     7    0.026021    0.132031    0.200616    9.083514 ^ place750/X (sky130_fd_sc_hd__buf_2)
                                                         net750 (net)
                      0.132031    0.000296    9.083811 ^ place749/A (sky130_fd_sc_hd__buf_2)
     7    0.023447    0.120057    0.193719    9.277529 ^ place749/X (sky130_fd_sc_hd__buf_2)
                                                         net749 (net)
                      0.120057    0.000030    9.277559 ^ _4306_/A2 (sky130_fd_sc_hd__a22o_2)
     1    0.002106    0.034641    0.150202    9.427761 ^ _4306_/X (sky130_fd_sc_hd__a22o_2)
                                                         _2174_ (net)
                      0.034641    0.000004    9.427766 ^ _4311_/A (sky130_fd_sc_hd__or3_2)
     1    0.002857    0.029089    0.096895    9.524660 ^ _4311_/X (sky130_fd_sc_hd__or3_2)
                                                         _2179_ (net)
                      0.029089    0.000015    9.524675 ^ _4312_/C_N (sky130_fd_sc_hd__or3b_2)
     3    0.015000    0.115340    0.492943   10.017619 v _4312_/X (sky130_fd_sc_hd__or3b_2)
                                                         _2180_ (net)
                      0.115392    0.000297   10.017916 v _4313_/D (sky130_fd_sc_hd__or4_4)
     3    0.010393    0.094703    0.452569   10.470485 v _4313_/X (sky130_fd_sc_hd__or4_4)
                                                         _2181_ (net)
                      0.094703    0.000038   10.470523 v _4315_/A (sky130_fd_sc_hd__nand2_2)
     5    0.015433    0.095411    0.114392   10.584914 ^ _4315_/Y (sky130_fd_sc_hd__nand2_2)
                                                         _2183_ (net)
                      0.095411    0.000081   10.584995 ^ _4366_/B1 (sky130_fd_sc_hd__a32o_2)
     2    0.008241    0.074579    0.150597   10.735592 ^ _4366_/X (sky130_fd_sc_hd__a32o_2)
                                                         _2234_ (net)
                      0.074579    0.000023   10.735616 ^ _4368_/A2 (sky130_fd_sc_hd__a21oi_2)
     1    0.005083    0.058521    0.061088   10.796703 v _4368_/Y (sky130_fd_sc_hd__a21oi_2)
                                                         _2236_ (net)
                      0.058521    0.000028   10.796731 v _4369_/B (sky130_fd_sc_hd__nor2_2)
     1    0.003133    0.065569    0.076871   10.873602 ^ _4369_/Y (sky130_fd_sc_hd__nor2_2)
                                                         _2237_ (net)
                      0.065569    0.000011   10.873612 ^ _4370_/C1 (sky130_fd_sc_hd__a211o_2)
     4    0.021449    0.110177    0.155412   11.029024 ^ _4370_/X (sky130_fd_sc_hd__a211o_2)
                                                         _2238_ (net)
                      0.110177    0.000333   11.029357 ^ _4378_/A3 (sky130_fd_sc_hd__a31o_4)
     5    0.021268    0.082488    0.198711   11.228068 ^ _4378_/X (sky130_fd_sc_hd__a31o_4)
                                                         _2246_ (net)
                      0.082488    0.000317   11.228386 ^ _4384_/B (sky130_fd_sc_hd__nand3_2)
     2    0.004517    0.055561    0.076972   11.305358 v _4384_/Y (sky130_fd_sc_hd__nand3_2)
                                                         _2252_ (net)
                      0.055561    0.000011   11.305368 v _4443_/A2 (sky130_fd_sc_hd__a2111o_2)
     3    0.013550    0.093346    0.510316   11.815684 v _4443_/X (sky130_fd_sc_hd__a2111o_2)
                                                         _2311_ (net)
                      0.093346    0.000204   11.815889 v _4454_/A1 (sky130_fd_sc_hd__a211o_2)
     2    0.008029    0.061253    0.326666   12.142555 v _4454_/X (sky130_fd_sc_hd__a211o_2)
                                                         _2322_ (net)
                      0.061253    0.000018   12.142572 v _4455_/C1 (sky130_fd_sc_hd__o211a_2)
     2    0.011306    0.060990    0.143619   12.286192 v _4455_/X (sky130_fd_sc_hd__o211a_2)
                                                         _2323_ (net)
                      0.060990    0.000052   12.286244 v _4457_/A2 (sky130_fd_sc_hd__o21a_2)
     3    0.010554    0.052828    0.219418   12.505663 v _4457_/X (sky130_fd_sc_hd__o21a_2)
                                                         _2325_ (net)
                      0.052828    0.000060   12.505723 v _4659_/A2 (sky130_fd_sc_hd__o2111a_2)
     1    0.002491    0.039203    0.238570   12.744293 v _4659_/X (sky130_fd_sc_hd__o2111a_2)
                                                         _2461_ (net)
                      0.039203    0.000004   12.744297 v _4663_/B1 (sky130_fd_sc_hd__o32a_2)
     3    0.015463    0.083650    0.225231   12.969527 v _4663_/X (sky130_fd_sc_hd__o32a_2)
                                                         _2465_ (net)
                      0.083651    0.000457   12.969984 v _5654_/A (sky130_fd_sc_hd__inv_2)
     1    0.034480    0.160000    0.157342   13.127325 ^ _5654_/Y (sky130_fd_sc_hd__inv_2)
                                                         alu_result_out[31] (net)
                      0.160000    0.000165   13.127491 ^ alu_result_out[31] (out)
                                             13.127491   data arrival time

                                 25.000000   25.000000   clock clk (rise edge)
                                  0.000000   25.000000   clock network delay (propagated)
                                 -0.250000   24.750000   clock uncertainty
                                  0.000000   24.750000   clock reconvergence pessimism
                                 -5.000000   19.750000   output external delay
                                             19.750000   data required time
---------------------------------------------------------------------------------------------
                                             19.750000   data required time
                                            -13.127491   data arrival time
---------------------------------------------------------------------------------------------
                                              6.622509   slack (MET)




===========================================================================
report_checks --slack_max -0.01
============================================================================
======================= nom_tt_025C_1v80 Corner ===================================

No paths found.


===========================================================================
 report_check_types -max_slew -max_cap -max_fanout -violators
============================================================================
======================= nom_tt_025C_1v80 Corner ===================================

max slew

Pin                                        Limit        Slew       Slack
------------------------------------------------------------------------
_6720_/CLK                              0.750000    8.233880   -7.483880 (VIOLATED)
_6725_/CLK                              0.750000    8.233880   -7.483881 (VIOLATED)
_6810_/CLK                              0.750000    8.233884   -7.483884 (VIOLATED)
_6815_/CLK                              0.750000    8.233882   -7.483882 (VIOLATED)
_6820_/CLK                              0.750000    8.233884   -7.483884 (VIOLATED)
_6825_/CLK                              0.750000    8.233882   -7.483882 (VIOLATED)
_6949_/CLK                              0.750000    8.233883   -7.483883 (VIOLATED)
_6955_/CLK                              0.750000    8.233884   -7.483884 (VIOLATED)
_6961_/CLK                              0.750000    8.233884   -7.483884 (VIOLATED)
_6967_/CLK                              0.750000    8.233884   -7.483884 (VIOLATED)
_6975_/CLK                              0.750000    8.233880   -7.483881 (VIOLATED)
_6691_/CLK                              0.750000    8.233862   -7.483862 (VIOLATED)
_6730_/CLK                              0.750000    8.233866   -7.483865 (VIOLATED)
_6736_/CLK                              0.750000    8.233865   -7.483864 (VIOLATED)
_6742_/CLK                              0.750000    8.233867   -7.483867 (VIOLATED)
_6748_/CLK                              0.750000    8.233867   -7.483867 (VIOLATED)
_6755_/CLK                              0.750000    8.233871   -7.483871 (VIOLATED)
_6761_/CLK                              0.750000    8.233867   -7.483867 (VIOLATED)
_6767_/CLK                              0.750000    8.233874   -7.483874 (VIOLATED)
_6773_/CLK                              0.750000    8.233866   -7.483865 (VIOLATED)
_6812_/CLK                              0.750000    8.233868   -7.483868 (VIOLATED)
_6817_/CLK                              0.750000    8.233870   -7.483870 (VIOLATED)
_6822_/CLK                              0.750000    8.233869   -7.483869 (VIOLATED)
_6827_/CLK                              0.750000    8.233870   -7.483870 (VIOLATED)
_6842_/CLK                              0.750000    8.233871   -7.483871 (VIOLATED)
_6847_/CLK                              0.750000    8.233871   -7.483871 (VIOLATED)
_6859_/CLK                              0.750000    8.233873   -7.483873 (VIOLATED)
_6899_/CLK                              0.750000    8.233874   -7.483874 (VIOLATED)
_6907_/CLK                              0.750000    8.233874   -7.483874 (VIOLATED)
_6830_/CLK                              0.750000    8.233863   -7.483862 (VIOLATED)
_6832_/CLK                              0.750000    8.233867   -7.483866 (VIOLATED)
_6835_/CLK                              0.750000    8.233864   -7.483863 (VIOLATED)
_6837_/CLK                              0.750000    8.233867   -7.483866 (VIOLATED)
_6840_/CLK                              0.750000    8.233864   -7.483863 (VIOLATED)
_6845_/CLK                              0.750000    8.233862   -7.483862 (VIOLATED)
_6851_/CLK                              0.750000    8.233867   -7.483866 (VIOLATED)
_6970_/CLK                              0.750000    8.233864   -7.483863 (VIOLATED)
_6692_/CLK                              0.750000    8.233853   -7.483853 (VIOLATED)
_6693_/CLK                              0.750000    8.233860   -7.483860 (VIOLATED)
_6784_/CLK                              0.750000    8.233854   -7.483854 (VIOLATED)
_6920_/CLK                              0.750000    8.233853   -7.483853 (VIOLATED)
_6952_/CLK                              0.750000    8.233860   -7.483860 (VIOLATED)
_6964_/CLK                              0.750000    8.233858   -7.483858 (VIOLATED)
_6694_/CLK                              0.750000    8.233841   -7.483840 (VIOLATED)
_6872_/CLK                              0.750000    8.233848   -7.483848 (VIOLATED)
_6727_/CLK                              0.750000    8.233829   -7.483828 (VIOLATED)
_6789_/CLK                              0.750000    8.233827   -7.483826 (VIOLATED)
_6925_/CLK                              0.750000    8.233825   -7.483824 (VIOLATED)
_6946_/CLK                              0.750000    8.233828   -7.483827 (VIOLATED)
_6958_/CLK                              0.750000    8.233828   -7.483827 (VIOLATED)
_6977_/CLK                              0.750000    8.233829   -7.483828 (VIOLATED)
_6699_/CLK                              0.750000    8.233815   -7.483816 (VIOLATED)
_6877_/CLK                              0.750000    8.233818   -7.483818 (VIOLATED)
_6782_/CLK                              0.750000    8.233790   -7.483791 (VIOLATED)
_6722_/CLK                              0.750000    8.233764   -7.483764 (VIOLATED)
_6781_/CLK                              0.750000    8.233755   -7.483755 (VIOLATED)
_6794_/CLK                              0.750000    8.233763   -7.483762 (VIOLATED)
_6869_/CLK                              0.750000    8.233760   -7.483759 (VIOLATED)
_6882_/CLK                              0.750000    8.233764   -7.483764 (VIOLATED)
_6917_/CLK                              0.750000    8.233762   -7.483761 (VIOLATED)
_6930_/CLK                              0.750000    8.233764   -7.483764 (VIOLATED)
_6972_/CLK                              0.750000    8.233764   -7.483764 (VIOLATED)
_6723_/CLK                              0.750000    8.233733   -7.483733 (VIOLATED)
_6728_/CLK                              0.750000    8.233735   -7.483735 (VIOLATED)
_6733_/CLK                              0.750000    8.233740   -7.483740 (VIOLATED)
_6739_/CLK                              0.750000    8.233739   -7.483739 (VIOLATED)
_6745_/CLK                              0.750000    8.233739   -7.483739 (VIOLATED)
_6751_/CLK                              0.750000    8.233740   -7.483740 (VIOLATED)
_6833_/CLK                              0.750000    8.233738   -7.483737 (VIOLATED)
_6838_/CLK                              0.750000    8.233736   -7.483736 (VIOLATED)
_6843_/CLK                              0.750000    8.233738   -7.483737 (VIOLATED)
_6848_/CLK                              0.750000    8.233735   -7.483735 (VIOLATED)
_6945_/CLK                              0.750000    8.233736   -7.483736 (VIOLATED)
_6951_/CLK                              0.750000    8.233728   -7.483728 (VIOLATED)
_6957_/CLK                              0.750000    8.233728   -7.483728 (VIOLATED)
_6963_/CLK                              0.750000    8.233736   -7.483736 (VIOLATED)
_6973_/CLK                              0.750000    8.233735   -7.483735 (VIOLATED)
_6978_/CLK                              0.750000    8.233732   -7.483732 (VIOLATED)
_6729_/CLK                              0.750000    8.233716   -7.483716 (VIOLATED)
_6850_/CLK                              0.750000    8.233723   -7.483722 (VIOLATED)
_6735_/CLK                              0.750000    8.233714   -7.483714 (VIOLATED)
_6741_/CLK                              0.750000    8.233717   -7.483717 (VIOLATED)
_6753_/CLK                              0.750000    8.233722   -7.483721 (VIOLATED)
_6759_/CLK                              0.750000    8.233721   -7.483720 (VIOLATED)
_6747_/CLK                              0.750000    8.233712   -7.483713 (VIOLATED)
_6765_/CLK                              0.750000    8.233720   -7.483720 (VIOLATED)
_6771_/CLK                              0.750000    8.233720   -7.483720 (VIOLATED)
_6858_/CLK                              0.750000    8.233719   -7.483719 (VIOLATED)
_6871_/CLK                              0.750000    8.233725   -7.483725 (VIOLATED)
_6898_/CLK                              0.750000    8.233719   -7.483719 (VIOLATED)
_6906_/CLK                              0.750000    8.233723   -7.483722 (VIOLATED)
_6797_/CLK                              0.750000    8.233704   -7.483704 (VIOLATED)
_6836_/CLK                              0.750000    8.233706   -7.483706 (VIOLATED)
_6841_/CLK                              0.750000    8.233709   -7.483709 (VIOLATED)
_6885_/CLK                              0.750000    8.233704   -7.483704 (VIOLATED)
_6934_/CLK                              0.750000    8.233700   -7.483700 (VIOLATED)
_6688_/CLK                              0.750000    8.233691   -7.483691 (VIOLATED)
_6708_/CLK                              0.750000    8.233699   -7.483698 (VIOLATED)
_6732_/CLK                              0.750000    8.233690   -7.483690 (VIOLATED)
_6738_/CLK                              0.750000    8.233689   -7.483689 (VIOLATED)
_6744_/CLK                              0.750000    8.233690   -7.483690 (VIOLATED)
_6750_/CLK                              0.750000    8.233690   -7.483690 (VIOLATED)
_6795_/CLK                              0.750000    8.233693   -7.483693 (VIOLATED)
_6798_/CLK                              0.750000    8.233699   -7.483698 (VIOLATED)
_6831_/CLK                              0.750000    8.233694   -7.483694 (VIOLATED)
_6862_/CLK                              0.750000    8.233696   -7.483696 (VIOLATED)
_6886_/CLK                              0.750000    8.233700   -7.483700 (VIOLATED)
_6910_/CLK                              0.750000    8.233695   -7.483695 (VIOLATED)
_6931_/CLK                              0.750000    8.233692   -7.483692 (VIOLATED)
_6758_/CLK                              0.750000    8.233683   -7.483682 (VIOLATED)
_6770_/CLK                              0.750000    8.233683   -7.483682 (VIOLATED)
_6793_/CLK                              0.750000    8.233682   -7.483682 (VIOLATED)
_6800_/CLK                              0.750000    8.233681   -7.483681 (VIOLATED)
_6846_/CLK                              0.750000    8.233683   -7.483682 (VIOLATED)
_6854_/CLK                              0.750000    8.233683   -7.483682 (VIOLATED)
_6870_/CLK                              0.750000    8.233681   -7.483681 (VIOLATED)
_6896_/CLK                              0.750000    8.233685   -7.483686 (VIOLATED)
_6902_/CLK                              0.750000    8.233684   -7.483683 (VIOLATED)
_6918_/CLK                              0.750000    8.233681   -7.483681 (VIOLATED)
_6919_/CLK                              0.750000    8.233682   -7.483682 (VIOLATED)
_6929_/CLK                              0.750000    8.233682   -7.483682 (VIOLATED)
_6936_/CLK                              0.750000    8.233680   -7.483680 (VIOLATED)
_6944_/CLK                              0.750000    8.233685   -7.483686 (VIOLATED)
_6719_/CLK                              0.750000    8.233667   -7.483667 (VIOLATED)
_6724_/CLK                              0.750000    8.233666   -7.483666 (VIOLATED)
_6757_/CLK                              0.750000    8.233668   -7.483668 (VIOLATED)
_6763_/CLK                              0.750000    8.233673   -7.483673 (VIOLATED)
_6764_/CLK                              0.750000    8.233671   -7.483671 (VIOLATED)
_6769_/CLK                              0.750000    8.233670   -7.483670 (VIOLATED)
_6775_/CLK                              0.750000    8.233673   -7.483673 (VIOLATED)
_6780_/CLK                              0.750000    8.233680   -7.483680 (VIOLATED)
_6783_/CLK                              0.750000    8.233682   -7.483682 (VIOLATED)
_7215_/CLK                              0.750000    8.233688   -7.483688 (VIOLATED)
_6776_/CLK                              0.750000    8.233672   -7.483672 (VIOLATED)
_6911_/CLK                              0.750000    8.233668   -7.483668 (VIOLATED)
_6914_/CLK                              0.750000    8.233675   -7.483675 (VIOLATED)
_6916_/CLK                              0.750000    8.233673   -7.483674 (VIOLATED)
_6950_/CLK                              0.750000    8.233674   -7.483675 (VIOLATED)
_6956_/CLK                              0.750000    8.233674   -7.483675 (VIOLATED)
_6962_/CLK                              0.750000    8.233675   -7.483675 (VIOLATED)
_6968_/CLK                              0.750000    8.233675   -7.483675 (VIOLATED)
_6948_/CLK                              0.750000    8.233665   -7.483665 (VIOLATED)
_6960_/CLK                              0.750000    8.233665   -7.483665 (VIOLATED)
_6746_/CLK                              0.750000    8.233658   -7.483657 (VIOLATED)
_6809_/CLK                              0.750000    8.233663   -7.483663 (VIOLATED)
_6855_/CLK                              0.750000    8.233667   -7.483667 (VIOLATED)
_6863_/CLK                              0.750000    8.233667   -7.483667 (VIOLATED)
_6813_/CLK                              0.750000    8.233660   -7.483659 (VIOLATED)
_6814_/CLK                              0.750000    8.233665   -7.483665 (VIOLATED)
_6818_/CLK                              0.750000    8.233660   -7.483659 (VIOLATED)
_6819_/CLK                              0.750000    8.233665   -7.483665 (VIOLATED)
_6823_/CLK                              0.750000    8.233660   -7.483659 (VIOLATED)
_6824_/CLK                              0.750000    8.233660   -7.483660 (VIOLATED)
_6828_/CLK                              0.750000    8.233660   -7.483659 (VIOLATED)
_6868_/CLK                              0.750000    8.233665   -7.483665 (VIOLATED)
_6903_/CLK                              0.750000    8.233669   -7.483669 (VIOLATED)
_6969_/CLK                              0.750000    8.233665   -7.483665 (VIOLATED)
_6974_/CLK                              0.750000    8.233662   -7.483662 (VIOLATED)
_6690_/CLK                              0.750000    8.233649   -7.483649 (VIOLATED)
_6734_/CLK                              0.750000    8.233651   -7.483651 (VIOLATED)
_6752_/CLK                              0.750000    8.233657   -7.483656 (VIOLATED)
_6888_/CLK                              0.750000    8.233653   -7.483653 (VIOLATED)
_6900_/CLK                              0.750000    8.233653   -7.483653 (VIOLATED)
_6908_/CLK                              0.750000    8.233653   -7.483653 (VIOLATED)
_6749_/CLK                              0.750000    8.233644   -7.483643 (VIOLATED)
_6756_/CLK                              0.750000    8.233647   -7.483647 (VIOLATED)
_6778_/CLK                              0.750000    8.233649   -7.483649 (VIOLATED)
_6935_/CLK                              0.750000    8.233644   -7.483643 (VIOLATED)
_6937_/CLK                              0.750000    8.233644   -7.483643 (VIOLATED)
_6938_/CLK                              0.750000    8.233648   -7.483649 (VIOLATED)
_6941_/CLK                              0.750000    8.233644   -7.483643 (VIOLATED)
_7009_/CLK                              0.750000    8.233644   -7.483643 (VIOLATED)
_6707_/CLK                              0.750000    8.233635   -7.483635 (VIOLATED)
_6709_/CLK                              0.750000    8.233643   -7.483643 (VIOLATED)
_6711_/CLK                              0.750000    8.233644   -7.483643 (VIOLATED)
_6712_/CLK                              0.750000    8.233648   -7.483649 (VIOLATED)
_6714_/CLK                              0.750000    8.233646   -7.483646 (VIOLATED)
_6713_/CLK                              0.750000    8.233636   -7.483636 (VIOLATED)
_6715_/CLK                              0.750000    8.233642   -7.483642 (VIOLATED)
_6717_/CLK                              0.750000    8.233648   -7.483649 (VIOLATED)
_6737_/CLK                              0.750000    8.233648   -7.483649 (VIOLATED)
_6740_/CLK                              0.750000    8.233649   -7.483649 (VIOLATED)
_6762_/CLK                              0.750000    8.233642   -7.483642 (VIOLATED)
_6768_/CLK                              0.750000    8.233647   -7.483647 (VIOLATED)
_6774_/CLK                              0.750000    8.233642   -7.483642 (VIOLATED)
_6785_/CLK                              0.750000    8.233641   -7.483641 (VIOLATED)
_6799_/CLK                              0.750000    8.233643   -7.483643 (VIOLATED)
_6802_/CLK                              0.750000    8.233648   -7.483649 (VIOLATED)
_6816_/CLK                              0.750000    8.233642   -7.483642 (VIOLATED)
_6821_/CLK                              0.750000    8.233643   -7.483643 (VIOLATED)
_6829_/CLK                              0.750000    8.233646   -7.483646 (VIOLATED)
_6834_/CLK                              0.750000    8.233645   -7.483645 (VIOLATED)
_6839_/CLK                              0.750000    8.233647   -7.483647 (VIOLATED)
_6844_/CLK                              0.750000    8.233647   -7.483647 (VIOLATED)
_6873_/CLK                              0.750000    8.233644   -7.483643 (VIOLATED)
_6887_/CLK                              0.750000    8.233644   -7.483643 (VIOLATED)
_6889_/CLK                              0.750000    8.233644   -7.483643 (VIOLATED)
_6890_/CLK                              0.750000    8.233648   -7.483649 (VIOLATED)
_6891_/CLK                              0.750000    8.233641   -7.483641 (VIOLATED)
_6892_/CLK                              0.750000    8.233647   -7.483647 (VIOLATED)
_6893_/CLK                              0.750000    8.233643   -7.483643 (VIOLATED)
_7010_/CLK                              0.750000    8.233642   -7.483642 (VIOLATED)
_6743_/CLK                              0.750000    8.233630   -7.483630 (VIOLATED)
_6801_/CLK                              0.750000    8.233633   -7.483633 (VIOLATED)
_6803_/CLK                              0.750000    8.233634   -7.483634 (VIOLATED)
_6804_/CLK                              0.750000    8.233639   -7.483639 (VIOLATED)
_6805_/CLK                              0.750000    8.233644   -7.483643 (VIOLATED)
_6807_/CLK                              0.750000    8.233639   -7.483639 (VIOLATED)
_6811_/CLK                              0.750000    8.233641   -7.483641 (VIOLATED)
_6826_/CLK                              0.750000    8.233637   -7.483637 (VIOLATED)
_6895_/CLK                              0.750000    8.233640   -7.483640 (VIOLATED)
_6866_/CLK                              0.750000    8.233632   -7.483632 (VIOLATED)
_6921_/CLK                              0.750000    8.233630   -7.483630 (VIOLATED)
_6933_/CLK                              0.750000    8.233635   -7.483635 (VIOLATED)
_6939_/CLK                              0.750000    8.233634   -7.483634 (VIOLATED)
_6940_/CLK                              0.750000    8.233637   -7.483637 (VIOLATED)
_6943_/CLK                              0.750000    8.233640   -7.483640 (VIOLATED)
_7022_/CLK                              0.750000    8.233635   -7.483635 (VIOLATED)
_7339_/CLK                              0.750000    8.233638   -7.483638 (VIOLATED)
_7371_/CLK                              0.750000    8.233639   -7.483639 (VIOLATED)
_7085_/CLK                              0.750000    8.233627   -7.483627 (VIOLATED)
_7086_/CLK                              0.750000    8.233628   -7.483628 (VIOLATED)
_7111_/CLK                              0.750000    8.233633   -7.483633 (VIOLATED)
_7239_/CLK                              0.750000    8.233634   -7.483634 (VIOLATED)
_6721_/CLK                              0.750000    8.233622   -7.483621 (VIOLATED)
_6726_/CLK                              0.750000    8.233620   -7.483619 (VIOLATED)
_6853_/CLK                              0.750000    8.233624   -7.483624 (VIOLATED)
_6861_/CLK                              0.750000    8.233623   -7.483623 (VIOLATED)
_6849_/CLK                              0.750000    8.233611   -7.483611 (VIOLATED)
_6897_/CLK                              0.750000    8.233617   -7.483617 (VIOLATED)
_6901_/CLK                              0.750000    8.233623   -7.483623 (VIOLATED)
_6905_/CLK                              0.750000    8.233617   -7.483617 (VIOLATED)
_6909_/CLK                              0.750000    8.233624   -7.483624 (VIOLATED)
_6947_/CLK                              0.750000    8.233615   -7.483615 (VIOLATED)
_6954_/CLK                              0.750000    8.233619   -7.483618 (VIOLATED)
_6959_/CLK                              0.750000    8.233617   -7.483617 (VIOLATED)
_6966_/CLK                              0.750000    8.233618   -7.483617 (VIOLATED)
_6971_/CLK                              0.750000    8.233622   -7.483621 (VIOLATED)
_6976_/CLK                              0.750000    8.233620   -7.483619 (VIOLATED)
_7405_/CLK                              0.750000    8.233622   -7.483622 (VIOLATED)
_7143_/CLK                              0.750000    8.233612   -7.483612 (VIOLATED)
_7335_/CLK                              0.750000    8.233612   -7.483612 (VIOLATED)
_7403_/CLK                              0.750000    8.233612   -7.483612 (VIOLATED)
_6857_/CLK                              0.750000    8.233601   -7.483601 (VIOLATED)
_6953_/CLK                              0.750000    8.233601   -7.483601 (VIOLATED)
_6965_/CLK                              0.750000    8.233598   -7.483598 (VIOLATED)
_6865_/CLK                              0.750000    8.233585   -7.483585 (VIOLATED)
_6710_/CLK                              0.750000    8.233577   -7.483577 (VIOLATED)
_6718_/CLK                              0.750000    8.233582   -7.483581 (VIOLATED)
_6754_/CLK                              0.750000    8.233581   -7.483580 (VIOLATED)
_6766_/CLK                              0.750000    8.233579   -7.483578 (VIOLATED)
_6772_/CLK                              0.750000    8.233579   -7.483578 (VIOLATED)
_6702_/CLK                              0.750000    8.233568   -7.483568 (VIOLATED)
_6705_/CLK                              0.750000    8.233571   -7.483572 (VIOLATED)
_6706_/CLK                              0.750000    8.233572   -7.483572 (VIOLATED)
_6760_/CLK                              0.750000    8.233570   -7.483571 (VIOLATED)
_6806_/CLK                              0.750000    8.233571   -7.483572 (VIOLATED)
_6808_/CLK                              0.750000    8.233578   -7.483578 (VIOLATED)
_6912_/CLK                              0.750000    8.233574   -7.483574 (VIOLATED)
_6942_/CLK                              0.750000    8.233574   -7.483574 (VIOLATED)
_7027_/CLK                              0.750000    8.233575   -7.483575 (VIOLATED)
_6704_/CLK                              0.750000    8.233562   -7.483562 (VIOLATED)
_6731_/CLK                              0.750000    8.233567   -7.483567 (VIOLATED)
_6777_/CLK                              0.750000    8.233566   -7.483566 (VIOLATED)
_6790_/CLK                              0.750000    8.233567   -7.483567 (VIOLATED)
_6791_/CLK                              0.750000    8.233568   -7.483568 (VIOLATED)
_6792_/CLK                              0.750000    8.233568   -7.483568 (VIOLATED)
_6796_/CLK                              0.750000    8.233572   -7.483572 (VIOLATED)
_6852_/CLK                              0.750000    8.233569   -7.483570 (VIOLATED)
_6856_/CLK                              0.750000    8.233573   -7.483573 (VIOLATED)
_6860_/CLK                              0.750000    8.233569   -7.483569 (VIOLATED)
_6864_/CLK                              0.750000    8.233574   -7.483574 (VIOLATED)
_6879_/CLK                              0.750000    8.233569   -7.483569 (VIOLATED)
_6880_/CLK                              0.750000    8.233569   -7.483570 (VIOLATED)
_6883_/CLK                              0.750000    8.233570   -7.483571 (VIOLATED)
_6884_/CLK                              0.750000    8.233570   -7.483571 (VIOLATED)
_6894_/CLK                              0.750000    8.233575   -7.483575 (VIOLATED)
_6904_/CLK                              0.750000    8.233574   -7.483574 (VIOLATED)
_7070_/CLK                              0.750000    8.233572   -7.483572 (VIOLATED)
_7115_/CLK                              0.750000    8.233576   -7.483576 (VIOLATED)
_7117_/CLK                              0.750000    8.233573   -7.483573 (VIOLATED)
_7147_/CLK                              0.750000    8.233575   -7.483575 (VIOLATED)
_7149_/CLK                              0.750000    8.233574   -7.483574 (VIOLATED)
_7179_/CLK                              0.750000    8.233572   -7.483572 (VIOLATED)
_7180_/CLK                              0.750000    8.233571   -7.483572 (VIOLATED)
_7181_/CLK                              0.750000    8.233575   -7.483575 (VIOLATED)
_7210_/CLK                              0.750000    8.233571   -7.483572 (VIOLATED)
_7211_/CLK                              0.750000    8.233573   -7.483573 (VIOLATED)
_7213_/CLK                              0.750000    8.233570   -7.483571 (VIOLATED)
_7243_/CLK                              0.750000    8.233576   -7.483576 (VIOLATED)
_7245_/CLK                              0.750000    8.233575   -7.483575 (VIOLATED)
_7275_/CLK                              0.750000    8.233574   -7.483574 (VIOLATED)
_7402_/CLK                              0.750000    8.233579   -7.483578 (VIOLATED)
_6926_/CLK                              0.750000    8.233566   -7.483566 (VIOLATED)
_6928_/CLK                              0.750000    8.233566   -7.483566 (VIOLATED)
_6932_/CLK                              0.750000    8.233570   -7.483571 (VIOLATED)
_7276_/CLK                              0.750000    8.233569   -7.483569 (VIOLATED)
_7277_/CLK                              0.750000    8.233569   -7.483570 (VIOLATED)
_6701_/CLK                              0.750000    8.233553   -7.483552 (VIOLATED)
_6876_/CLK                              0.750000    8.233560   -7.483560 (VIOLATED)
_6716_/CLK                              0.750000    8.233550   -7.483550 (VIOLATED)
_6787_/CLK                              0.750000    8.233557   -7.483557 (VIOLATED)
_7340_/CLK                              0.750000    8.233563   -7.483563 (VIOLATED)
_7341_/CLK                              0.750000    8.233564   -7.483564 (VIOLATED)
_6923_/CLK                              0.750000    8.233556   -7.483555 (VIOLATED)
_6927_/CLK                              0.750000    8.233557   -7.483556 (VIOLATED)
_7079_/CLK                              0.750000    8.233549   -7.483549 (VIOLATED)
_7175_/CLK                              0.750000    8.233555   -7.483554 (VIOLATED)
_7303_/CLK                              0.750000    8.233556   -7.483555 (VIOLATED)
_7307_/CLK                              0.750000    8.233557   -7.483556 (VIOLATED)
_7308_/CLK                              0.750000    8.233557   -7.483556 (VIOLATED)
_7309_/CLK                              0.750000    8.233562   -7.483562 (VIOLATED)
_7081_/CLK                              0.750000    8.233543   -7.483544 (VIOLATED)
_7083_/CLK                              0.750000    8.233547   -7.483547 (VIOLATED)
_7084_/CLK                              0.750000    8.233549   -7.483549 (VIOLATED)
_7145_/CLK                              0.750000    8.233548   -7.483548 (VIOLATED)
_7207_/CLK                              0.750000    8.233549   -7.483549 (VIOLATED)
_7271_/CLK                              0.750000    8.233557   -7.483556 (VIOLATED)
_7273_/CLK                              0.750000    8.233544   -7.483545 (VIOLATED)
_7305_/CLK                              0.750000    8.233545   -7.483546 (VIOLATED)
_7337_/CLK                              0.750000    8.233552   -7.483552 (VIOLATED)
_7367_/CLK                              0.750000    8.233557   -7.483557 (VIOLATED)
_7373_/CLK                              0.750000    8.233557   -7.483557 (VIOLATED)
_7369_/CLK                              0.750000    8.233548   -7.483548 (VIOLATED)
_6700_/CLK                              0.750000    8.233540   -7.483539 (VIOLATED)
_6878_/CLK                              0.750000    8.233541   -7.483540 (VIOLATED)
_7372_/CLK                              0.750000    8.233541   -7.483541 (VIOLATED)
_7399_/CLK                              0.750000    8.233546   -7.483546 (VIOLATED)
_7401_/CLK                              0.750000    8.233541   -7.483541 (VIOLATED)
_6703_/CLK                              0.750000    8.233526   -7.483526 (VIOLATED)
_6788_/CLK                              0.750000    8.233524   -7.483524 (VIOLATED)
_6881_/CLK                              0.750000    8.233529   -7.483529 (VIOLATED)
_6924_/CLK                              0.750000    8.233527   -7.483527 (VIOLATED)
_7116_/CLK                              0.750000    8.233525   -7.483525 (VIOLATED)
_7148_/CLK                              0.750000    8.233526   -7.483526 (VIOLATED)
_7177_/CLK                              0.750000    8.233524   -7.483524 (VIOLATED)
_7212_/CLK                              0.750000    8.233525   -7.483525 (VIOLATED)
_7214_/CLK                              0.750000    8.233524   -7.483524 (VIOLATED)
_7244_/CLK                              0.750000    8.233526   -7.483526 (VIOLATED)
_7246_/CLK                              0.750000    8.233524   -7.483524 (VIOLATED)
_7404_/CLK                              0.750000    8.233531   -7.483531 (VIOLATED)
_7026_/CLK                              0.750000    8.233519   -7.483519 (VIOLATED)
_7113_/CLK                              0.750000    8.233516   -7.483515 (VIOLATED)
_7278_/CLK                              0.750000    8.233522   -7.483522 (VIOLATED)
_6697_/CLK                              0.750000    8.233504   -7.483504 (VIOLATED)
_6875_/CLK                              0.750000    8.233509   -7.483509 (VIOLATED)
_6913_/CLK                              0.750000    8.233511   -7.483511 (VIOLATED)
_7024_/CLK                              0.750000    8.233510   -7.483510 (VIOLATED)
_7118_/CLK                              0.750000    8.233513   -7.483513 (VIOLATED)
_6695_/CLK                              0.750000    8.233491   -7.483490 (VIOLATED)
_6698_/CLK                              0.750000    8.233496   -7.483496 (VIOLATED)
_6779_/CLK                              0.750000    8.233494   -7.483494 (VIOLATED)
_7178_/CLK                              0.750000    8.233500   -7.483500 (VIOLATED)
_6867_/CLK                              0.750000    8.233491   -7.483490 (VIOLATED)
_7052_/CLK                              0.750000    8.233485   -7.483485 (VIOLATED)
_7053_/CLK                              0.750000    8.233485   -7.483485 (VIOLATED)
_7082_/CLK                              0.750000    8.233490   -7.483490 (VIOLATED)
_7209_/CLK                              0.750000    8.233491   -7.483490 (VIOLATED)
_6687_/CLK                              0.750000    8.233475   -7.483475 (VIOLATED)
_6786_/CLK                              0.750000    8.233481   -7.483481 (VIOLATED)
_6874_/CLK                              0.750000    8.233477   -7.483476 (VIOLATED)
_6915_/CLK                              0.750000    8.233479   -7.483478 (VIOLATED)
_6922_/CLK                              0.750000    8.233480   -7.483481 (VIOLATED)
_7241_/CLK                              0.750000    8.233483   -7.483483 (VIOLATED)
_7310_/CLK                              0.750000    8.233484   -7.483484 (VIOLATED)
_7370_/CLK                              0.750000    8.233480   -7.483481 (VIOLATED)
_6696_/CLK                              0.750000    8.233462   -7.483462 (VIOLATED)
_7274_/CLK                              0.750000    8.233457   -7.483457 (VIOLATED)
_7146_/CLK                              0.750000    8.233440   -7.483440 (VIOLATED)
_6689_/CLK                              0.750000    8.233416   -7.483416 (VIOLATED)
_7078_/CLK                              0.750000    8.233406   -7.483406 (VIOLATED)
_7242_/CLK                              0.750000    8.233411   -7.483410 (VIOLATED)
_7080_/CLK                              0.750000    8.233395   -7.483395 (VIOLATED)
_7077_/CLK                              0.750000    8.233354   -7.483354 (VIOLATED)
_7075_/CLK                              0.750000    8.233281   -7.483281 (VIOLATED)
_7076_/CLK                              0.750000    8.233116   -7.483116 (VIOLATED)
_7073_/CLK                              0.750000    8.233054   -7.483054 (VIOLATED)
_7071_/CLK                              0.750000    8.232966   -7.482966 (VIOLATED)
_7390_/CLK                              0.750000    8.232922   -7.482921 (VIOLATED)
_7383_/CLK                              0.750000    8.232895   -7.482894 (VIOLATED)
_7391_/CLK                              0.750000    8.232874   -7.482874 (VIOLATED)
_6991_/CLK                              0.750000    8.232861   -7.482861 (VIOLATED)
_7392_/CLK                              0.750000    8.232836   -7.482836 (VIOLATED)
_7377_/CLK                              0.750000    8.232796   -7.482796 (VIOLATED)
_6979_/CLK                              0.750000    8.232746   -7.482746 (VIOLATED)
_7063_/CLK                              0.750000    8.232745   -7.482745 (VIOLATED)
_7064_/CLK                              0.750000    8.232746   -7.482746 (VIOLATED)
_7072_/CLK                              0.750000    8.232753   -7.482752 (VIOLATED)
_7189_/CLK                              0.750000    8.232746   -7.482746 (VIOLATED)
_7378_/CLK                              0.750000    8.232743   -7.482744 (VIOLATED)
_7357_/CLK                              0.750000    8.232716   -7.482716 (VIOLATED)
_7041_/CLK                              0.750000    8.232692   -7.482692 (VIOLATED)
_7376_/CLK                              0.750000    8.232674   -7.482673 (VIOLATED)
_6987_/CLK                              0.750000    8.232647   -7.482647 (VIOLATED)
_6989_/CLK                              0.750000    8.232646   -7.482646 (VIOLATED)
_6990_/CLK                              0.750000    8.232648   -7.482647 (VIOLATED)
_7389_/CLK                              0.750000    8.232643   -7.482643 (VIOLATED)
_7398_/CLK                              0.750000    8.232648   -7.482647 (VIOLATED)
_7196_/CLK                              0.750000    8.232629   -7.482629 (VIOLATED)
_7039_/CLK                              0.750000    8.232583   -7.482583 (VIOLATED)
_7040_/CLK                              0.750000    8.232546   -7.482545 (VIOLATED)
_6988_/CLK                              0.750000    8.232535   -7.482536 (VIOLATED)
_6985_/CLK                              0.750000    8.232526   -7.482526 (VIOLATED)
_6986_/CLK                              0.750000    8.232530   -7.482530 (VIOLATED)
_7065_/CLK                              0.750000    8.232535   -7.482535 (VIOLATED)
_7066_/CLK                              0.750000    8.232534   -7.482534 (VIOLATED)
_7068_/CLK                              0.750000    8.232535   -7.482535 (VIOLATED)
_7069_/CLK                              0.750000    8.232531   -7.482531 (VIOLATED)
_7385_/CLK                              0.750000    8.232533   -7.482533 (VIOLATED)
_7386_/CLK                              0.750000    8.232535   -7.482535 (VIOLATED)
_7388_/CLK                              0.750000    8.232535   -7.482536 (VIOLATED)
_7067_/CLK                              0.750000    8.232518   -7.482518 (VIOLATED)
_7384_/CLK                              0.750000    8.232521   -7.482521 (VIOLATED)
_7036_/CLK                              0.750000    8.232512   -7.482512 (VIOLATED)
_7038_/CLK                              0.750000    8.232511   -7.482511 (VIOLATED)
_7387_/CLK                              0.750000    8.232518   -7.482518 (VIOLATED)
_7029_/CLK                              0.750000    8.232468   -7.482467 (VIOLATED)
_7192_/CLK                              0.750000    8.232462   -7.482462 (VIOLATED)
_7191_/CLK                              0.750000    8.232417   -7.482417 (VIOLATED)
_7013_/CLK                              0.750000    8.232395   -7.482395 (VIOLATED)
_7256_/CLK                              0.750000    8.232381   -7.482381 (VIOLATED)
_7259_/CLK                              0.750000    8.232372   -7.482372 (VIOLATED)
_7184_/CLK                              0.750000    8.232360   -7.482360 (VIOLATED)
_7255_/CLK                              0.750000    8.232315   -7.482315 (VIOLATED)
_7037_/CLK                              0.750000    8.232288   -7.482288 (VIOLATED)
_7127_/CLK                              0.750000    8.232265   -7.482265 (VIOLATED)
_7248_/CLK                              0.750000    8.232263   -7.482262 (VIOLATED)
_7280_/CLK                              0.750000    8.232144   -7.482144 (VIOLATED)
_7312_/CLK                              0.750000    8.232062   -7.482062 (VIOLATED)
_7216_/CLK                              0.750000    8.232021   -7.482021 (VIOLATED)
_6980_/CLK                              0.750000    8.231979   -7.481980 (VIOLATED)
_6981_/CLK                              0.750000    8.231983   -7.481983 (VIOLATED)
_6983_/CLK                              0.750000    8.231983   -7.481983 (VIOLATED)
_6984_/CLK                              0.750000    8.231978   -7.481978 (VIOLATED)
_7035_/CLK                              0.750000    8.231976   -7.481975 (VIOLATED)
_7188_/CLK                              0.750000    8.231982   -7.481982 (VIOLATED)
_7375_/CLK                              0.750000    8.231978   -7.481978 (VIOLATED)
_7379_/CLK                              0.750000    8.231973   -7.481973 (VIOLATED)
_7380_/CLK                              0.750000    8.231974   -7.481974 (VIOLATED)
_7382_/CLK                              0.750000    8.231978   -7.481978 (VIOLATED)
_7011_/CLK                              0.750000    8.231964   -7.481964 (VIOLATED)
_7015_/CLK                              0.750000    8.231962   -7.481962 (VIOLATED)
_7028_/CLK                              0.750000    8.231964   -7.481964 (VIOLATED)
_7058_/CLK                              0.750000    8.231962   -7.481962 (VIOLATED)
_7183_/CLK                              0.750000    8.231967   -7.481967 (VIOLATED)
_7279_/CLK                              0.750000    8.231962   -7.481962 (VIOLATED)
_7311_/CLK                              0.750000    8.231961   -7.481961 (VIOLATED)
_7343_/CLK                              0.750000    8.231964   -7.481964 (VIOLATED)
_7381_/CLK                              0.750000    8.231969   -7.481969 (VIOLATED)
_7152_/CLK                              0.750000    8.231953   -7.481953 (VIOLATED)
_6996_/CLK                              0.750000    8.231906   -7.481906 (VIOLATED)
_6997_/CLK                              0.750000    8.231905   -7.481905 (VIOLATED)
_6998_/CLK                              0.750000    8.231902   -7.481903 (VIOLATED)
_6999_/CLK                              0.750000    8.231903   -7.481903 (VIOLATED)
_7000_/CLK                              0.750000    8.231904   -7.481904 (VIOLATED)
_7001_/CLK                              0.750000    8.231905   -7.481905 (VIOLATED)
_7002_/CLK                              0.750000    8.231910   -7.481910 (VIOLATED)
_7003_/CLK                              0.750000    8.231911   -7.481910 (VIOLATED)
_7004_/CLK                              0.750000    8.231914   -7.481913 (VIOLATED)
_7005_/CLK                              0.750000    8.231916   -7.481916 (VIOLATED)
_7006_/CLK                              0.750000    8.231915   -7.481916 (VIOLATED)
_7007_/CLK                              0.750000    8.231916   -7.481916 (VIOLATED)
_7008_/CLK                              0.750000    8.231915   -7.481916 (VIOLATED)
_7150_/CLK                              0.750000    8.231917   -7.481917 (VIOLATED)
_7182_/CLK                              0.750000    8.231917   -7.481917 (VIOLATED)
_7144_/CLK                              0.750000    8.231894   -7.481894 (VIOLATED)
_7208_/CLK                              0.750000    8.231898   -7.481898 (VIOLATED)
_7203_/CLK                              0.750000    8.231889   -7.481889 (VIOLATED)
_7344_/CLK                              0.750000    8.231894   -7.481894 (VIOLATED)
_7048_/CLK                              0.750000    8.231879   -7.481879 (VIOLATED)
_7050_/CLK                              0.750000    8.231879   -7.481879 (VIOLATED)
_7051_/CLK                              0.750000    8.231878   -7.481878 (VIOLATED)
_7141_/CLK                              0.750000    8.231878   -7.481878 (VIOLATED)
_7142_/CLK                              0.750000    8.231878   -7.481878 (VIOLATED)
_7173_/CLK                              0.750000    8.231877   -7.481877 (VIOLATED)
_7176_/CLK                              0.750000    8.231876   -7.481877 (VIOLATED)
_7205_/CLK                              0.750000    8.231878   -7.481878 (VIOLATED)
_7237_/CLK                              0.750000    8.231878   -7.481878 (VIOLATED)
_7269_/CLK                              0.750000    8.231877   -7.481877 (VIOLATED)
_7272_/CLK                              0.750000    8.231875   -7.481876 (VIOLATED)
_7336_/CLK                              0.750000    8.231878   -7.481878 (VIOLATED)
_7368_/CLK                              0.750000    8.231877   -7.481877 (VIOLATED)
_7171_/CLK                              0.750000    8.231867   -7.481867 (VIOLATED)
_7112_/CLK                              0.750000    8.231852   -7.481852 (VIOLATED)
_7238_/CLK                              0.750000    8.231850   -7.481850 (VIOLATED)
_7139_/CLK                              0.750000    8.231842   -7.481842 (VIOLATED)
_7025_/CLK                              0.750000    8.231828   -7.481828 (VIOLATED)
_7054_/CLK                              0.750000    8.231829   -7.481829 (VIOLATED)
_7109_/CLK                              0.750000    8.231828   -7.481828 (VIOLATED)
_7114_/CLK                              0.750000    8.231828   -7.481828 (VIOLATED)
_7128_/CLK                              0.750000    8.231829   -7.481829 (VIOLATED)
_7159_/CLK                              0.750000    8.231828   -7.481828 (VIOLATED)
_7160_/CLK                              0.750000    8.231829   -7.481829 (VIOLATED)
_7185_/CLK                              0.750000    8.231826   -7.481826 (VIOLATED)
_7250_/CLK                              0.750000    8.231827   -7.481827 (VIOLATED)
_7306_/CLK                              0.750000    8.231830   -7.481830 (VIOLATED)
_7331_/CLK                              0.750000    8.231835   -7.481835 (VIOLATED)
_7333_/CLK                              0.750000    8.231824   -7.481823 (VIOLATED)
_7338_/CLK                              0.750000    8.231829   -7.481829 (VIOLATED)
_7342_/CLK                              0.750000    8.231830   -7.481830 (VIOLATED)
_7374_/CLK                              0.750000    8.231829   -7.481829 (VIOLATED)
_7201_/CLK                              0.750000    8.231815   -7.481815 (VIOLATED)
_7267_/CLK                              0.750000    8.231819   -7.481819 (VIOLATED)
_7270_/CLK                              0.750000    8.231824   -7.481824 (VIOLATED)
_7233_/CLK                              0.750000    8.231811   -7.481811 (VIOLATED)
_7365_/CLK                              0.750000    8.231818   -7.481818 (VIOLATED)
_7366_/CLK                              0.750000    8.231821   -7.481821 (VIOLATED)
_7393_/CLK                              0.750000    8.231821   -7.481821 (VIOLATED)
_7395_/CLK                              0.750000    8.231826   -7.481826 (VIOLATED)
_7397_/CLK                              0.750000    8.231828   -7.481828 (VIOLATED)
_7400_/CLK                              0.750000    8.231823   -7.481822 (VIOLATED)
_7406_/CLK                              0.750000    8.231828   -7.481828 (VIOLATED)
_6995_/CLK                              0.750000    8.231820   -7.481820 (VIOLATED)
_7046_/CLK                              0.750000    8.231819   -7.481819 (VIOLATED)
_7265_/CLK                              0.750000    8.231807   -7.481806 (VIOLATED)
_7329_/CLK                              0.750000    8.231804   -7.481804 (VIOLATED)
_7137_/CLK                              0.750000    8.231794   -7.481794 (VIOLATED)
_7140_/CLK                              0.750000    8.231792   -7.481792 (VIOLATED)
_7169_/CLK                              0.750000    8.231794   -7.481794 (VIOLATED)
_7172_/CLK                              0.750000    8.231792   -7.481792 (VIOLATED)
_7174_/CLK                              0.750000    8.231798   -7.481798 (VIOLATED)
_7206_/CLK                              0.750000    8.231796   -7.481796 (VIOLATED)
_7236_/CLK                              0.750000    8.231793   -7.481793 (VIOLATED)
_7334_/CLK                              0.750000    8.231795   -7.481795 (VIOLATED)
_7363_/CLK                              0.750000    8.231795   -7.481795 (VIOLATED)
_7074_/CLK                              0.750000    8.231780   -7.481780 (VIOLATED)
_7204_/CLK                              0.750000    8.231785   -7.481785 (VIOLATED)
_7268_/CLK                              0.750000    8.231791   -7.481791 (VIOLATED)
_7106_/CLK                              0.750000    8.231772   -7.481773 (VIOLATED)
_7266_/CLK                              0.750000    8.231775   -7.481775 (VIOLATED)
_7330_/CLK                              0.750000    8.231778   -7.481778 (VIOLATED)
_7361_/CLK                              0.750000    8.231774   -7.481774 (VIOLATED)
_7362_/CLK                              0.750000    8.231774   -7.481774 (VIOLATED)
_7167_/CLK                              0.750000    8.231765   -7.481765 (VIOLATED)
_7231_/CLK                              0.750000    8.231762   -7.481762 (VIOLATED)
_7134_/CLK                              0.750000    8.231753   -7.481753 (VIOLATED)
_7135_/CLK                              0.750000    8.231755   -7.481755 (VIOLATED)
_7168_/CLK                              0.750000    8.231754   -7.481754 (VIOLATED)
_7332_/CLK                              0.750000    8.231754   -7.481754 (VIOLATED)
_7103_/CLK                              0.750000    8.231745   -7.481744 (VIOLATED)
_7138_/CLK                              0.750000    8.231751   -7.481751 (VIOLATED)
_7170_/CLK                              0.750000    8.231751   -7.481751 (VIOLATED)
_7199_/CLK                              0.750000    8.231755   -7.481755 (VIOLATED)
_7364_/CLK                              0.750000    8.231750   -7.481750 (VIOLATED)
_7166_/CLK                              0.750000    8.231741   -7.481741 (VIOLATED)
_7262_/CLK                              0.750000    8.231748   -7.481748 (VIOLATED)
_7263_/CLK                              0.750000    8.231755   -7.481755 (VIOLATED)
_7108_/CLK                              0.750000    8.231724   -7.481724 (VIOLATED)
_7249_/CLK                              0.750000    8.231730   -7.481729 (VIOLATED)
_7281_/CLK                              0.750000    8.231730   -7.481730 (VIOLATED)
_7327_/CLK                              0.750000    8.231734   -7.481735 (VIOLATED)
_7359_/CLK                              0.750000    8.231733   -7.481733 (VIOLATED)
_7326_/CLK                              0.750000    8.231719   -7.481719 (VIOLATED)
_7358_/CLK                              0.750000    8.231723   -7.481723 (VIOLATED)
_7294_/CLK                              0.750000    8.231696   -7.481696 (VIOLATED)
_7020_/CLK                              0.750000    8.231687   -7.481687 (VIOLATED)
_7023_/CLK                              0.750000    8.231687   -7.481687 (VIOLATED)
_7102_/CLK                              0.750000    8.231681   -7.481680 (VIOLATED)
_7105_/CLK                              0.750000    8.231685   -7.481685 (VIOLATED)
_7107_/CLK                              0.750000    8.231684   -7.481684 (VIOLATED)
_7110_/CLK                              0.750000    8.231681   -7.481680 (VIOLATED)
_7235_/CLK                              0.750000    8.231684   -7.481684 (VIOLATED)
_7240_/CLK                              0.750000    8.231682   -7.481681 (VIOLATED)
_7234_/CLK                              0.750000    8.231671   -7.481671 (VIOLATED)
_7297_/CLK                              0.750000    8.231674   -7.481674 (VIOLATED)
_7299_/CLK                              0.750000    8.231682   -7.481681 (VIOLATED)
_7301_/CLK                              0.750000    8.231682   -7.481681 (VIOLATED)
_7302_/CLK                              0.750000    8.231682   -7.481682 (VIOLATED)
_7304_/CLK                              0.750000    8.231687   -7.481687 (VIOLATED)
_7018_/CLK                              0.750000    8.231678   -7.481678 (VIOLATED)
_7328_/CLK                              0.750000    8.231681   -7.481680 (VIOLATED)
_7360_/CLK                              0.750000    8.231681   -7.481680 (VIOLATED)
_7017_/CLK                              0.750000    8.231664   -7.481664 (VIOLATED)
_7295_/CLK                              0.750000    8.231658   -7.481658 (VIOLATED)
_7296_/CLK                              0.750000    8.231665   -7.481664 (VIOLATED)
_7298_/CLK                              0.750000    8.231668   -7.481667 (VIOLATED)
_7300_/CLK                              0.750000    8.231661   -7.481661 (VIOLATED)
_7101_/CLK                              0.750000    8.231641   -7.481640 (VIOLATED)
_7133_/CLK                              0.750000    8.231646   -7.481646 (VIOLATED)
_7165_/CLK                              0.750000    8.231646   -7.481646 (VIOLATED)
_7230_/CLK                              0.750000    8.231652   -7.481652 (VIOLATED)
_7232_/CLK                              0.750000    8.231646   -7.481646 (VIOLATED)
_7261_/CLK                              0.750000    8.231647   -7.481647 (VIOLATED)
_7292_/CLK                              0.750000    8.231645   -7.481645 (VIOLATED)
_7324_/CLK                              0.750000    8.231646   -7.481646 (VIOLATED)
_7229_/CLK                              0.750000    8.231622   -7.481622 (VIOLATED)
_7313_/CLK                              0.750000    8.231622   -7.481622 (VIOLATED)
_6992_/CLK                              0.750000    8.231601   -7.481600 (VIOLATED)
_6993_/CLK                              0.750000    8.231601   -7.481600 (VIOLATED)
_6994_/CLK                              0.750000    8.231600   -7.481599 (VIOLATED)
_7019_/CLK                              0.750000    8.231595   -7.481595 (VIOLATED)
_7021_/CLK                              0.750000    8.231597   -7.481597 (VIOLATED)
_7043_/CLK                              0.750000    8.231593   -7.481593 (VIOLATED)
_7044_/CLK                              0.750000    8.231597   -7.481597 (VIOLATED)
_7047_/CLK                              0.750000    8.231600   -7.481599 (VIOLATED)
_7049_/CLK                              0.750000    8.231601   -7.481600 (VIOLATED)
_7202_/CLK                              0.750000    8.231601   -7.481600 (VIOLATED)
_7228_/CLK                              0.750000    8.231602   -7.481601 (VIOLATED)
_7394_/CLK                              0.750000    8.231602   -7.481601 (VIOLATED)
_7396_/CLK                              0.750000    8.231602   -7.481601 (VIOLATED)
_7016_/CLK                              0.750000    8.231577   -7.481576 (VIOLATED)
_7042_/CLK                              0.750000    8.231583   -7.481583 (VIOLATED)
_7045_/CLK                              0.750000    8.231589   -7.481589 (VIOLATED)
_7198_/CLK                              0.750000    8.231591   -7.481591 (VIOLATED)
_7104_/CLK                              0.750000    8.231579   -7.481579 (VIOLATED)
_7136_/CLK                              0.750000    8.231580   -7.481580 (VIOLATED)
_7200_/CLK                              0.750000    8.231586   -7.481586 (VIOLATED)
_7264_/CLK                              0.750000    8.231580   -7.481580 (VIOLATED)
_7197_/CLK                              0.750000    8.231571   -7.481571 (VIOLATED)
_7293_/CLK                              0.750000    8.231578   -7.481577 (VIOLATED)
_7012_/CLK                              0.750000    8.231563   -7.481562 (VIOLATED)
_7257_/CLK                              0.750000    8.231560   -7.481560 (VIOLATED)
_7260_/CLK                              0.750000    8.231565   -7.481566 (VIOLATED)
_7258_/CLK                              0.750000    8.231556   -7.481556 (VIOLATED)
_7325_/CLK                              0.750000    8.231563   -7.481562 (VIOLATED)
_7034_/CLK                              0.750000    8.231546   -7.481546 (VIOLATED)
_7087_/CLK                              0.750000    8.231547   -7.481547 (VIOLATED)
_7097_/CLK                              0.750000    8.231550   -7.481550 (VIOLATED)
_7100_/CLK                              0.750000    8.231550   -7.481550 (VIOLATED)
_7119_/CLK                              0.750000    8.231548   -7.481548 (VIOLATED)
_7289_/CLK                              0.750000    8.231552   -7.481552 (VIOLATED)
_7120_/CLK                              0.750000    8.231544   -7.481544 (VIOLATED)
_7321_/CLK                              0.750000    8.231550   -7.481550 (VIOLATED)
_7353_/CLK                              0.750000    8.231551   -7.481551 (VIOLATED)
_7354_/CLK                              0.750000    8.231550   -7.481550 (VIOLATED)
_7356_/CLK                              0.750000    8.231551   -7.481551 (VIOLATED)
_7121_/CLK                              0.750000    8.231537   -7.481536 (VIOLATED)
_7158_/CLK                              0.750000    8.231542   -7.481542 (VIOLATED)
_7247_/CLK                              0.750000    8.231544   -7.481544 (VIOLATED)
_7251_/CLK                              0.750000    8.231544   -7.481544 (VIOLATED)
_7253_/CLK                              0.750000    8.231548   -7.481548 (VIOLATED)
_7254_/CLK                              0.750000    8.231545   -7.481545 (VIOLATED)
_7163_/CLK                              0.750000    8.231536   -7.481535 (VIOLATED)
_7190_/CLK                              0.750000    8.231539   -7.481538 (VIOLATED)
_7014_/CLK                              0.750000    8.231518   -7.481518 (VIOLATED)
_7129_/CLK                              0.750000    8.231520   -7.481520 (VIOLATED)
_7132_/CLK                              0.750000    8.231520   -7.481520 (VIOLATED)
_7193_/CLK                              0.750000    8.231520   -7.481520 (VIOLATED)
_7225_/CLK                              0.750000    8.231519   -7.481519 (VIOLATED)
_7226_/CLK                              0.750000    8.231519   -7.481519 (VIOLATED)
_7320_/CLK                              0.750000    8.231524   -7.481523 (VIOLATED)
_7352_/CLK                              0.750000    8.231518   -7.481518 (VIOLATED)
_7031_/CLK                              0.750000    8.231503   -7.481503 (VIOLATED)
_7351_/CLK                              0.750000    8.231509   -7.481509 (VIOLATED)
_7186_/CLK                              0.750000    8.231501   -7.481500 (VIOLATED)
_7098_/CLK                              0.750000    8.231489   -7.481489 (VIOLATED)
_7153_/CLK                              0.750000    8.231490   -7.481490 (VIOLATED)
_7154_/CLK                              0.750000    8.231492   -7.481492 (VIOLATED)
_7122_/CLK                              0.750000    8.231483   -7.481483 (VIOLATED)
_7130_/CLK                              0.750000    8.231485   -7.481485 (VIOLATED)
_7290_/CLK                              0.750000    8.231482   -7.481482 (VIOLATED)
_7322_/CLK                              0.750000    8.231485   -7.481485 (VIOLATED)
_7227_/CLK                              0.750000    8.231447   -7.481447 (VIOLATED)
_7288_/CLK                              0.750000    8.231452   -7.481452 (VIOLATED)
_7291_/CLK                              0.750000    8.231419   -7.481418 (VIOLATED)
_6982_/CLK                              0.750000    8.231392   -7.481392 (VIOLATED)
_7030_/CLK                              0.750000    8.231398   -7.481398 (VIOLATED)
_7033_/CLK                              0.750000    8.231400   -7.481400 (VIOLATED)
_7088_/CLK                              0.750000    8.231398   -7.481398 (VIOLATED)
_7126_/CLK                              0.750000    8.231399   -7.481399 (VIOLATED)
_7187_/CLK                              0.750000    8.231399   -7.481399 (VIOLATED)
_7055_/CLK                              0.750000    8.231387   -7.481387 (VIOLATED)
_7056_/CLK                              0.750000    8.231394   -7.481393 (VIOLATED)
_7057_/CLK                              0.750000    8.231389   -7.481389 (VIOLATED)
_7059_/CLK                              0.750000    8.231394   -7.481393 (VIOLATED)
_7060_/CLK                              0.750000    8.231394   -7.481393 (VIOLATED)
_7061_/CLK                              0.750000    8.231389   -7.481389 (VIOLATED)
_7062_/CLK                              0.750000    8.231388   -7.481388 (VIOLATED)
_7094_/CLK                              0.750000    8.231390   -7.481390 (VIOLATED)
_7124_/CLK                              0.750000    8.231381   -7.481381 (VIOLATED)
_7125_/CLK                              0.750000    8.231384   -7.481384 (VIOLATED)
_7151_/CLK                              0.750000    8.231384   -7.481385 (VIOLATED)
_7156_/CLK                              0.750000    8.231380   -7.481380 (VIOLATED)
_7157_/CLK                              0.750000    8.231385   -7.481386 (VIOLATED)
_7287_/CLK                              0.750000    8.231384   -7.481385 (VIOLATED)
_7221_/CLK                              0.750000    8.231371   -7.481371 (VIOLATED)
_7252_/CLK                              0.750000    8.231375   -7.481375 (VIOLATED)
_7091_/CLK                              0.750000    8.231361   -7.481361 (VIOLATED)
_7092_/CLK                              0.750000    8.231366   -7.481366 (VIOLATED)
_7093_/CLK                              0.750000    8.231365   -7.481365 (VIOLATED)
_7095_/CLK                              0.750000    8.231360   -7.481360 (VIOLATED)
_7123_/CLK                              0.750000    8.231367   -7.481367 (VIOLATED)
_7155_/CLK                              0.750000    8.231365   -7.481365 (VIOLATED)
_7219_/CLK                              0.750000    8.231360   -7.481360 (VIOLATED)
_7220_/CLK                              0.750000    8.231363   -7.481363 (VIOLATED)
_7283_/CLK                              0.750000    8.231368   -7.481368 (VIOLATED)
_7315_/CLK                              0.750000    8.231371   -7.481370 (VIOLATED)
_7347_/CLK                              0.750000    8.231371   -7.481370 (VIOLATED)
_7348_/CLK                              0.750000    8.231371   -7.481370 (VIOLATED)
_7349_/CLK                              0.750000    8.231371   -7.481371 (VIOLATED)
_7350_/CLK                              0.750000    8.231372   -7.481372 (VIOLATED)
_7222_/CLK                              0.750000    8.231356   -7.481355 (VIOLATED)
_7284_/CLK                              0.750000    8.231362   -7.481362 (VIOLATED)
_7285_/CLK                              0.750000    8.231368   -7.481368 (VIOLATED)
_7316_/CLK                              0.750000    8.231370   -7.481369 (VIOLATED)
_7317_/CLK                              0.750000    8.231369   -7.481369 (VIOLATED)
_7318_/CLK                              0.750000    8.231371   -7.481370 (VIOLATED)
_7319_/CLK                              0.750000    8.231374   -7.481374 (VIOLATED)
_7323_/CLK                              0.750000    8.231374   -7.481374 (VIOLATED)
_7032_/CLK                              0.750000    8.231361   -7.481361 (VIOLATED)
_7286_/CLK                              0.750000    8.231351   -7.481351 (VIOLATED)
_7096_/CLK                              0.750000    8.231337   -7.481337 (VIOLATED)
_7099_/CLK                              0.750000    8.231337   -7.481337 (VIOLATED)
_7131_/CLK                              0.750000    8.231339   -7.481339 (VIOLATED)
_7161_/CLK                              0.750000    8.231341   -7.481341 (VIOLATED)
_7162_/CLK                              0.750000    8.231340   -7.481340 (VIOLATED)
_7164_/CLK                              0.750000    8.231341   -7.481341 (VIOLATED)
_7194_/CLK                              0.750000    8.231341   -7.481341 (VIOLATED)
_7195_/CLK                              0.750000    8.231339   -7.481339 (VIOLATED)
_7217_/CLK                              0.750000    8.231343   -7.481343 (VIOLATED)
_7218_/CLK                              0.750000    8.231339   -7.481339 (VIOLATED)
_7223_/CLK                              0.750000    8.231335   -7.481335 (VIOLATED)
_7224_/CLK                              0.750000    8.231337   -7.481337 (VIOLATED)
_7282_/CLK                              0.750000    8.231333   -7.481333 (VIOLATED)
_7314_/CLK                              0.750000    8.231331   -7.481330 (VIOLATED)
_7345_/CLK                              0.750000    8.231334   -7.481334 (VIOLATED)
_7346_/CLK                              0.750000    8.231332   -7.481331 (VIOLATED)
_7355_/CLK                              0.750000    8.231338   -7.481338 (VIOLATED)
_7089_/CLK                              0.750000    8.231303   -7.481303 (VIOLATED)
_7090_/CLK                              0.750000    8.231304   -7.481304 (VIOLATED)
clk                                     0.750000    8.230958   -7.480958 (VIOLATED)

max fanout

Pin                                   Limit Fanout  Slack
---------------------------------------------------------
clk                                      10    720   -710 (VIOLATED)

max capacitance

Pin                                        Limit         Cap       Slack
------------------------------------------------------------------------
clk                                     0.200000    1.853359   -1.653359 (VIOLATED)



===========================================================================
report_parasitic_annotation -report_unannotated
============================================================================
Found 5 unannotated drivers.
 _7407_/LO
 _7408_/LO
 _7409_/HI
 _7410_/HI
 _7411_/HI
Found 0 partially unannotated drivers.

===========================================================================
max slew violation count 721
Writing metric design__max_slew_violation__count__corner:nom_tt_025C_1v80: 721
max fanout violation count 1
Writing metric design__max_fanout_violation__count__corner:nom_tt_025C_1v80: 1
max cap violation count 1
Writing metric design__max_cap_violation__count__corner:nom_tt_025C_1v80: 1
============================================================================

===========================================================================
check_setup -verbose -unconstrained_endpoints -multiple_clock -no_clock -no_input_delay -loops -generated_clocks
===========================================================================
