Clock: clk
Sources: clk 
Generated: no
Virtual: yes
Propagated: no
Period: 25.000000

===========================================================================
report_clock_properties
============================================================================
Clock                   Period          Waveform
----------------------------------------------------
clk                  25.000000    0.000000 12.500000

===========================================================================
report_clock_latency
============================================================================
Clock clk
rise -> rise
    min     max
0.000000 0.000000 source latency
5.629977         network latency _7089_/CLK
        5.713960 network latency _6820_/CLK
---------------
5.629977 5.713960 latency
        0.083983 skew

fall -> fall
    min     max
0.000000 0.000000 source latency
2.783411         network latency _7089_/CLK
        2.861215 network latency _6961_/CLK
---------------
2.783411 2.861215 latency
        0.077804 skew



===========================================================================
report_clock_min_period
============================================================================
clk period_min = 8.25 fmax = 121.28
