
===========================================================================
Violator List
============================================================================
[hold in-reg] reset -> _7070_/RESET_B : -1.737442
[hold in-reg] reset -> _7354_/RESET_B : -1.340952
[hold in-reg] reset -> _7356_/RESET_B : -1.339076
[hold in-reg] reset -> _6979_/RESET_B : -1.324593
[hold in-reg] reset -> _7379_/RESET_B : -1.323699
[hold in-reg] reset -> _7183_/RESET_B : -1.322697
[hold in-reg] reset -> _7380_/RESET_B : -1.322508
[hold in-reg] reset -> _7382_/RESET_B : -1.321916
[hold in-reg] reset -> _7398_/RESET_B : -1.320327
[hold in-reg] reset -> _6980_/RESET_B : -1.298306
[hold in-reg] reset -> _7006_/RESET_B : -1.295828
[hold in-reg] reset -> _7007_/RESET_B : -1.295559
[hold in-reg] reset -> _7008_/RESET_B : -1.295271
[hold in-reg] reset -> _7010_/RESET_B : -1.276476
[hold in-reg] reset -> _7086_/RESET_B : -1.275955
[hold in-reg] reset -> _7085_/RESET_B : -1.275874
[hold in-reg] reset -> _7009_/RESET_B : -1.275660
[hold in-reg] reset -> _7403_/RESET_B : -1.274731
[hold in-reg] reset -> _7302_/RESET_B : -1.239906
[hold in-reg] reset -> _7397_/RESET_B : -1.238810
[hold in-reg] reset -> _7406_/RESET_B : -1.237657
[hold in-reg] reset -> _7396_/RESET_B : -1.227478
[hold in-reg] reset -> _7394_/RESET_B : -1.227237
[hold in-reg] reset -> _7103_/RESET_B : -0.958792
[hold in-reg] reset -> _7327_/RESET_B : -0.958356
[hold in-reg] reset -> _7332_/RESET_B : -0.957721
[hold in-reg] reset -> _7108_/RESET_B : -0.956961
[hold in-reg] reset -> _7295_/RESET_B : -0.954818
[hold in-reg] reset -> _7300_/RESET_B : -0.954672
[hold in-reg] reset -> _7350_/RESET_B : -0.948276
[hold in-reg] reset -> _7318_/RESET_B : -0.947066
[hold in-reg] reset -> _7317_/RESET_B : -0.947028
[hold in-reg] reset -> _7364_/RESET_B : -0.925096
[hold in-reg] reset -> _7232_/RESET_B : -0.922513
[hold in-reg] reset -> _7229_/RESET_B : -0.921901
[hold in-reg] reset -> _7228_/RESET_B : -0.920733
[hold in-reg] reset -> _7132_/RESET_B : -0.916962
[hold in-reg] reset -> _7159_/RESET_B : -0.916915
[hold in-reg] reset -> _7160_/RESET_B : -0.914733
[hold in-reg] reset -> _7193_/RESET_B : -0.910506
[hold in-reg] reset -> _7320_/RESET_B : -0.902380
[hold in-reg] reset -> _7346_/RESET_B : -0.892855
[hold in-reg] reset -> _7223_/RESET_B : -0.892705
[hold in-reg] reset -> _7102_/RESET_B : -0.841555
[hold in-reg] reset -> _7376_/RESET_B : -0.841375
[hold in-reg] reset -> _7101_/RESET_B : -0.839261
[hold in-reg] reset -> _7168_/RESET_B : -0.838944
[hold in-reg] reset -> _7262_/RESET_B : -0.838443
[hold in-reg] reset -> _7166_/RESET_B : -0.837332
[hold in-reg] reset -> _7384_/RESET_B : -0.836642
[hold in-reg] reset -> _7387_/RESET_B : -0.834762
[hold in-reg] reset -> _7289_/RESET_B : -0.834359
[hold in-reg] reset -> _7261_/RESET_B : -0.833946
[hold in-reg] reset -> _7226_/RESET_B : -0.833083
[hold in-reg] reset -> _7014_/RESET_B : -0.832824
[hold in-reg] reset -> _7098_/RESET_B : -0.831208
[hold in-reg] reset -> _7197_/RESET_B : -0.830935
[hold in-reg] reset -> _7290_/RESET_B : -0.830582
[hold in-reg] reset -> _7257_/RESET_B : -0.828754
[hold in-reg] reset -> _7375_/RESET_B : -0.818879
[hold in-reg] reset -> _6984_/RESET_B : -0.818074
[hold in-reg] reset -> _7164_/RESET_B : -0.817620
[hold in-reg] reset -> _7381_/RESET_B : -0.817103
[hold in-reg] reset -> _7282_/RESET_B : -0.807068
[hold in-reg] reset -> _7358_/RESET_B : -0.803702
[hold in-reg] reset -> _7326_/RESET_B : -0.803656
[hold in-reg] reset -> _7133_/RESET_B : -0.800413
[hold in-reg] reset -> _7165_/RESET_B : -0.800141
[hold in-reg] reset -> _7324_/RESET_B : -0.800116
[hold in-reg] reset -> _7230_/RESET_B : -0.799626
[hold in-reg] reset -> _7293_/RESET_B : -0.796903
[hold in-reg] reset -> _7129_/RESET_B : -0.793981
[hold in-reg] reset -> _7357_/RESET_B : -0.787043
[hold in-reg] reset -> _7196_/RESET_B : -0.784706
[hold in-reg] reset -> _7161_/RESET_B : -0.784042
[hold in-reg] reset -> _7194_/RESET_B : -0.781094
[hold in-reg] reset -> _7227_/RESET_B : -0.778906
[hold in-reg] reset -> _7288_/RESET_B : -0.778555
[hold in-reg] reset -> _7040_/RESET_B : -0.777665
[hold in-reg] reset -> _7291_/RESET_B : -0.777018
[hold in-reg] reset -> _7287_/RESET_B : -0.775327
[hold in-reg] reset -> _7095_/RESET_B : -0.774242
[hold in-reg] reset -> _7096_/RESET_B : -0.772074
[hold in-reg] reset -> _7090_/RESET_B : -0.771232
[hold in-reg] reset -> _7099_/RESET_B : -0.770717
[hold in-reg] reset -> _7294_/RESET_B : -0.770228
[hold in-reg] reset -> _7328_/RESET_B : -0.768968
[hold in-reg] reset -> _7296_/RESET_B : -0.768259
[hold in-reg] reset -> _7292_/RESET_B : -0.767534
[hold in-reg] reset -> _7088_/RESET_B : -0.765002
[hold in-reg] reset -> _7093_/RESET_B : -0.764139
[hold in-reg] reset -> _7091_/RESET_B : -0.764059
[hold in-reg] reset -> _7104_/RESET_B : -0.763960
[hold in-reg] reset -> _7285_/RESET_B : -0.763941
[hold in-reg] reset -> _7284_/RESET_B : -0.763907
[hold in-reg] reset -> _7219_/RESET_B : -0.763807
[hold in-reg] reset -> _7092_/RESET_B : -0.763773
[hold in-reg] reset -> _7283_/RESET_B : -0.763589
[hold in-reg] reset -> _7016_/RESET_B : -0.763470
[hold in-reg] reset -> _7222_/RESET_B : -0.763360
[hold in-reg] reset -> _7100_/RESET_B : -0.762973
[hold in-reg] reset -> _7286_/RESET_B : -0.762801
[hold in-reg] reset -> _7097_/RESET_B : -0.762448
[hold in-reg] reset -> _6991_/RESET_B : -0.760311
[hold in-reg] reset -> _7036_/RESET_B : -0.760175
[hold in-reg] reset -> _7012_/RESET_B : -0.760007
[hold in-reg] reset -> _7192_/RESET_B : -0.758587
[hold in-reg] reset -> _7191_/RESET_B : -0.756998
[hold in-reg] reset -> _7256_/RESET_B : -0.755998
[hold in-reg] reset -> _7021_/RESET_B : -0.754991
[hold in-reg] reset -> _7255_/RESET_B : -0.754227
[hold in-reg] reset -> _7134_/RESET_B : -0.751789
[hold in-reg] reset -> _7117_/RESET_B : -0.750797
[hold in-reg] reset -> _7045_/RESET_B : -0.746782
[hold in-reg] reset -> _7200_/RESET_B : -0.746552
[hold in-reg] reset -> _7260_/RESET_B : -0.746515
[hold in-reg] reset -> _7264_/RESET_B : -0.746161
[hold in-reg] reset -> _7198_/RESET_B : -0.746104
[hold in-reg] reset -> _7136_/RESET_B : -0.746011
[hold in-reg] reset -> _7367_/RESET_B : -0.745275
[hold in-reg] reset -> _7373_/RESET_B : -0.745006
[hold in-reg] reset -> _7152_/RESET_B : -0.744504
[hold in-reg] reset -> _7279_/RESET_B : -0.741042
[hold in-reg] reset -> _7344_/RESET_B : -0.739310
[hold in-reg] reset -> _6996_/RESET_B : -0.732344
[hold in-reg] reset -> _6997_/RESET_B : -0.731430
[hold in-reg] reset -> _6998_/RESET_B : -0.730873
[hold in-reg] reset -> _7190_/RESET_B : -0.728519
[hold in-reg] reset -> _7120_/RESET_B : -0.728328
[hold in-reg] reset -> _7158_/RESET_B : -0.728299
[hold in-reg] reset -> _6995_/RESET_B : -0.728117
[hold in-reg] reset -> _7034_/RESET_B : -0.727586
[hold in-reg] reset -> _7351_/RESET_B : -0.726728
[hold in-reg] reset -> _7153_/RESET_B : -0.726119
[hold in-reg] reset -> _7308_/RESET_B : -0.725014
[hold in-reg] reset -> _7309_/RESET_B : -0.725008
[hold in-reg] reset -> _7341_/RESET_B : -0.724924
[hold in-reg] reset -> _7352_/RESET_B : -0.724757
[hold in-reg] reset -> _7303_/RESET_B : -0.724501
[hold in-reg] reset -> _7307_/RESET_B : -0.724397
[hold in-reg] reset -> _7310_/RESET_B : -0.724347
[hold in-reg] reset -> _7118_/RESET_B : -0.724298
[hold in-reg] reset -> _7215_/RESET_B : -0.723530
[hold in-reg] reset -> _7247_/RESET_B : -0.721257
[hold in-reg] reset -> _7126_/RESET_B : -0.721224
[hold in-reg] reset -> _7390_/RESET_B : -0.720975
[hold in-reg] reset -> _7391_/RESET_B : -0.720529
[hold in-reg] reset -> _7392_/RESET_B : -0.719207
[hold in-reg] reset -> _6994_/RESET_B : -0.718524
[hold in-reg] reset -> _7032_/RESET_B : -0.717855
[hold in-reg] reset -> _7389_/RESET_B : -0.713023
[hold in-reg] reset -> _7065_/RESET_B : -0.711281
[hold in-reg] reset -> _7388_/RESET_B : -0.710954
[hold in-reg] reset -> _7386_/RESET_B : -0.710847
[hold in-reg] reset -> _7068_/RESET_B : -0.710587
[hold in-reg] reset -> _7066_/RESET_B : -0.710074
[hold in-reg] reset -> _7385_/RESET_B : -0.710064
[hold in-reg] reset -> _7333_/RESET_B : -0.707206
[hold in-reg] reset -> _7329_/RESET_B : -0.706867
[hold in-reg] reset -> _7172_/RESET_B : -0.706137
[hold in-reg] reset -> _7140_/RESET_B : -0.705093
[hold in-reg] reset -> _7182_/RESET_B : -0.704713
[hold in-reg] reset -> _7004_/RESET_B : -0.704662
[hold in-reg] reset -> _7330_/RESET_B : -0.704610
[hold in-reg] reset -> _7003_/RESET_B : -0.704515
[hold in-reg] reset -> _7005_/RESET_B : -0.704459
[hold in-reg] reset -> _7002_/RESET_B : -0.704206
[hold in-reg] reset -> _7001_/RESET_B : -0.704106
[hold in-reg] reset -> _7000_/RESET_B : -0.703914
[hold in-reg] reset -> _7138_/RESET_B : -0.703423
[hold in-reg] reset -> _6999_/RESET_B : -0.702922
[hold in-reg] reset -> _7234_/RESET_B : -0.700386
[hold in-reg] reset -> _7297_/RESET_B : -0.700319
[hold in-reg] reset -> _7184_/RESET_B : -0.697219
[hold in-reg] reset -> _7366_/RESET_B : -0.695417
[hold in-reg] reset -> _7365_/RESET_B : -0.695398
[hold in-reg] reset -> _7311_/RESET_B : -0.682983
[hold in-reg] reset -> _7185_/RESET_B : -0.678400
[hold in-reg] reset -> _7342_/RESET_B : -0.675525
[hold in-reg] reset -> _7063_/RESET_B : -0.667127
[hold in-reg] reset -> _7064_/RESET_B : -0.666941
[hold in-reg] reset -> _7119_/RESET_B : -0.666380
[hold in-reg] reset -> _7251_/RESET_B : -0.666260
[hold in-reg] reset -> _7231_/RESET_B : -0.664847
[hold in-reg] reset -> _7106_/RESET_B : -0.664776
[hold in-reg] reset -> _7299_/RESET_B : -0.662159
[hold in-reg] reset -> _7107_/RESET_B : -0.662136
[hold in-reg] reset -> _7301_/RESET_B : -0.662061
[hold in-reg] reset -> _7018_/RESET_B : -0.661673
[hold in-reg] reset -> _7240_/RESET_B : -0.661246
[hold in-reg] reset -> _7298_/RESET_B : -0.661081
[hold in-reg] reset -> _7110_/RESET_B : -0.660987
[hold in-reg] reset -> _7017_/RESET_B : -0.659467
[hold in-reg] reset -> _7187_/RESET_B : -0.659222
[hold in-reg] reset -> _7033_/RESET_B : -0.658931
[hold in-reg] reset -> _7151_/RESET_B : -0.657517
[hold in-reg] reset -> _7345_/RESET_B : -0.652515
[hold in-reg] reset -> _7035_/RESET_B : -0.643223
[hold in-reg] reset -> _6983_/RESET_B : -0.643144
[hold in-reg] reset -> _6981_/RESET_B : -0.641608
[hold in-reg] reset -> _7083_/RESET_B : -0.622022
[hold in-reg] reset -> _7081_/RESET_B : -0.621894
[hold in-reg] reset -> _7079_/RESET_B : -0.621299
[hold in-reg] reset -> _7084_/RESET_B : -0.620307
[hold in-reg] reset -> _7082_/RESET_B : -0.619977
[hold in-reg] reset -> _7077_/RESET_B : -0.616692
[hold in-reg] reset -> _7059_/RESET_B : -0.615750
[hold in-reg] reset -> _6982_/RESET_B : -0.614840
[hold in-reg] reset -> _7075_/RESET_B : -0.614477
[hold in-reg] reset -> _7349_/RESET_B : -0.613749
[hold in-reg] reset -> _7060_/RESET_B : -0.613198
[hold in-reg] reset -> _7210_/RESET_B : -0.607403
[hold in-reg] reset -> _7211_/RESET_B : -0.605930
[hold in-reg] reset -> _7402_/RESET_B : -0.604504
[hold in-reg] reset -> _7405_/RESET_B : -0.603939
[hold in-reg] reset -> _7401_/RESET_B : -0.603576
[hold in-reg] reset -> _7399_/RESET_B : -0.603182
[hold in-reg] reset -> _7404_/RESET_B : -0.602354
[hold in-reg] reset -> _7078_/RESET_B : -0.601211
[hold in-reg] reset -> _6990_/RESET_B : -0.596091
[hold in-reg] reset -> _7076_/RESET_B : -0.593779
[hold in-reg] reset -> _6988_/RESET_B : -0.593587
[hold in-reg] reset -> _7071_/RESET_B : -0.593511
[hold in-reg] reset -> _7073_/RESET_B : -0.592562
[hold in-reg] reset -> _6989_/RESET_B : -0.592466
[hold in-reg] reset -> _7072_/RESET_B : -0.585902
[hold in-reg] reset -> _7041_/RESET_B : -0.584280
[hold in-reg] reset -> _7039_/RESET_B : -0.581667
[hold in-reg] reset -> _6986_/RESET_B : -0.579619
[hold in-reg] reset -> _7038_/RESET_B : -0.579361
[hold in-reg] reset -> _6985_/RESET_B : -0.578193
[hold in-reg] reset -> _6987_/RESET_B : -0.562500
[hold in-reg] reset -> _7393_/RESET_B : -0.557134
[hold in-reg] reset -> _7395_/RESET_B : -0.546843
[hold in-reg] reset -> _7089_/SET_B : -0.504693
[hold in-reg] reset -> _7058_/SET_B : -0.412526
[hold in-reg] reset -> _7253_/RESET_B : -0.361571
[hold in-reg] reset -> _7055_/RESET_B : -0.353564
[hold in-reg] reset -> _7062_/RESET_B : -0.353377
[hold in-reg] reset -> _7156_/RESET_B : -0.353332
[hold in-reg] reset -> _7061_/RESET_B : -0.353219
[hold in-reg] reset -> _7057_/RESET_B : -0.353158
[hold in-reg] reset -> _7124_/RESET_B : -0.353002
[hold in-reg] reset -> _7348_/RESET_B : -0.352545
[hold in-reg] reset -> _7347_/RESET_B : -0.352458
[hold in-reg] reset -> _7252_/RESET_B : -0.351848
[hold in-reg] reset -> _7254_/RESET_B : -0.350718
[hold in-reg] reset -> _7056_/SET_B : -0.347313
[hold in-reg] reset -> _7359_/RESET_B : -0.345995
[hold in-reg] reset -> _7360_/RESET_B : -0.345599
[hold in-reg] reset -> _7157_/RESET_B : -0.344159
[hold in-reg] reset -> _7125_/RESET_B : -0.343715
[hold in-reg] reset -> _7123_/RESET_B : -0.343200
[hold in-reg] reset -> _7316_/RESET_B : -0.343178
[hold in-reg] reset -> _7315_/RESET_B : -0.343137
[hold in-reg] reset -> _7155_/RESET_B : -0.343109
[hold in-reg] reset -> _7221_/RESET_B : -0.342651
[hold in-reg] reset -> _7220_/RESET_B : -0.341305
[hold in-reg] reset -> _7321_/RESET_B : -0.338791
[hold in-reg] reset -> _7225_/RESET_B : -0.337334
[hold in-reg] reset -> _7162_/RESET_B : -0.326542
[hold in-reg] reset -> _7195_/RESET_B : -0.326256
[hold in-reg] reset -> _7277_/RESET_B : -0.325991
[hold in-reg] reset -> _7276_/RESET_B : -0.325849
[hold in-reg] reset -> _7275_/RESET_B : -0.325343
[hold in-reg] reset -> _7212_/RESET_B : -0.324834
[hold in-reg] reset -> _7249_/RESET_B : -0.284341
[hold in-reg] reset -> _7313_/RESET_B : -0.283002
[hold in-reg] reset -> _7121_/RESET_B : -0.278710
[hold in-reg] reset -> _7319_/RESET_B : -0.270250
[hold in-reg] reset -> _7323_/RESET_B : -0.268419
[hold in-reg] reset -> _7217_/RESET_B : -0.267359
[hold in-reg] reset -> _7383_/RESET_B : -0.231248
[hold in-reg] reset -> _7377_/RESET_B : -0.228340
[hold in-reg] reset -> _7378_/RESET_B : -0.226617
[hold in-reg] reset -> _7189_/RESET_B : -0.226187
[hold in-reg] reset -> _7013_/RESET_B : -0.225858
[hold in-reg] reset -> _7069_/RESET_B : -0.219965
[hold in-reg] reset -> _7067_/RESET_B : -0.219669
[hold in-reg] reset -> _7029_/RESET_B : -0.218899
[hold in-reg] reset -> _7250_/RESET_B : -0.210903
[hold in-reg] reset -> _7028_/RESET_B : -0.202101
[hold in-reg] reset -> _7343_/RESET_B : -0.198793
[hold in-reg] reset -> _7163_/RESET_B : -0.198072
[hold in-reg] reset -> _7031_/RESET_B : -0.196258
[hold in-reg] reset -> _7186_/RESET_B : -0.195899
[hold in-reg] reset -> _7154_/RESET_B : -0.195563
[hold in-reg] reset -> _7130_/RESET_B : -0.195433
[hold in-reg] reset -> _7322_/RESET_B : -0.195158
[hold in-reg] reset -> _7094_/RESET_B : -0.188132
[hold in-reg] reset -> _7131_/RESET_B : -0.187364
[hold in-reg] reset -> _7188_/RESET_B : -0.186257
[hold in-reg] reset -> _7179_/RESET_B : -0.185933
[hold in-reg] reset -> _7115_/RESET_B : -0.185709
[hold in-reg] reset -> _7116_/RESET_B : -0.185227
[hold in-reg] reset -> _7148_/RESET_B : -0.185003
[hold in-reg] reset -> _7246_/RESET_B : -0.184979
[hold in-reg] reset -> _7214_/RESET_B : -0.184757
[hold in-reg] reset -> _7278_/RESET_B : -0.183695
[hold in-reg] reset -> _7259_/RESET_B : -0.140251
[hold in-reg] reset -> _7037_/RESET_B : -0.138189
[hold in-reg] reset -> _7127_/RESET_B : -0.137273
[hold in-reg] reset -> _7248_/RESET_B : -0.136965
[hold in-reg] reset -> _7150_/RESET_B : -0.136152
[hold in-reg] reset -> _7280_/RESET_B : -0.133388
[hold in-reg] reset -> _7312_/RESET_B : -0.128781
[hold in-reg] reset -> _7128_/RESET_B : -0.121489
[hold in-reg] reset -> _7146_/RESET_B : -0.114269
[hold in-reg] reset -> _7242_/RESET_B : -0.113682
[hold in-reg] reset -> _7080_/RESET_B : -0.113561
[hold in-reg] reset -> _7258_/RESET_B : -0.110075
[hold in-reg] reset -> _7325_/RESET_B : -0.109165
[hold in-reg] reset -> _7353_/RESET_B : -0.107116
[hold in-reg] reset -> _7173_/RESET_B : -0.088523
[hold in-reg] reset -> _7238_/RESET_B : -0.088062
[hold in-reg] reset -> _7139_/RESET_B : -0.087641
[hold in-reg] reset -> _7331_/RESET_B : -0.086934
[hold in-reg] reset -> _7087_/SET_B : -0.085938
[hold in-reg] reset -> _7174_/RESET_B : -0.085712
[hold in-reg] reset -> _7334_/RESET_B : -0.085568
[hold in-reg] reset -> _7237_/RESET_B : -0.085463
[hold in-reg] reset -> _7169_/RESET_B : -0.085114
[hold in-reg] reset -> _7233_/RESET_B : -0.084928
[hold in-reg] reset -> _7235_/RESET_B : -0.079619
[hold in-reg] reset -> _7048_/RESET_B : -0.067638
[hold in-reg] reset -> _7201_/RESET_B : -0.067379
[hold in-reg] reset -> _7400_/RESET_B : -0.066900
[hold in-reg] reset -> _7046_/RESET_B : -0.066018
[hold in-reg] reset -> _7268_/RESET_B : -0.065128
[hold in-reg] reset -> _7074_/RESET_B : -0.064579
[hold in-reg] reset -> _7370_/RESET_B : -0.064431
[hold in-reg] reset -> _7372_/RESET_B : -0.064311
[hold in-reg] reset -> _7362_/RESET_B : -0.063561
[hold in-reg] reset -> _7361_/RESET_B : -0.063396
[hold in-reg] reset -> _7199_/RESET_B : -0.063089
[hold in-reg] reset -> _7263_/RESET_B : -0.062666
[hold in-reg] reset -> _7202_/RESET_B : -0.056256
[hold in-reg] reset -> _7044_/RESET_B : -0.056037
[hold in-reg] reset -> _7049_/RESET_B : -0.056007
[hold in-reg] reset -> _7047_/RESET_B : -0.055707
[hold in-reg] reset -> _7043_/RESET_B : -0.055411
[hold in-reg] reset -> _7265_/RESET_B : -0.054617
[hold in-reg] reset -> _7137_/RESET_B : -0.054137
[hold in-reg] reset -> _7206_/RESET_B : -0.054082
[hold in-reg] reset -> _7144_/RESET_B : -0.053853
[hold in-reg] reset -> _7042_/RESET_B : -0.053743
[hold in-reg] reset -> _7363_/RESET_B : -0.053577
[hold in-reg] reset -> _7204_/RESET_B : -0.053539
[hold in-reg] reset -> _7142_/RESET_B : -0.053316
[hold in-reg] reset -> _7051_/RESET_B : -0.053187
[hold in-reg] reset -> _7208_/RESET_B : -0.053108
[hold in-reg] reset -> _7266_/RESET_B : -0.052959
[hold in-reg] reset -> _7176_/RESET_B : -0.052676
[hold in-reg] reset -> _7170_/RESET_B : -0.052038
[hold in-reg] reset -> _7272_/RESET_B : -0.051930
[hold in-reg] reset -> _7368_/RESET_B : -0.051919
[hold in-reg] reset -> _7109_/RESET_B : -0.051840
[hold in-reg] reset -> _7269_/RESET_B : -0.051758
[hold in-reg] reset -> _7167_/RESET_B : -0.051721
[hold in-reg] reset -> _7236_/RESET_B : -0.051617
[hold in-reg] reset -> _7135_/RESET_B : -0.051113
[hold in-reg] reset -> _7374_/RESET_B : -0.049805
[hold in-reg] reset -> _7019_/RESET_B : -0.047418
[hold in-reg] reset -> _7336_/RESET_B : -0.032957
[hold in-reg] reset -> _7338_/RESET_B : -0.032221
[hold in-reg] reset -> _7025_/RESET_B : -0.032116
[hold in-reg] reset -> _7306_/RESET_B : -0.031969
[hold in-reg] reset -> _7112_/RESET_B : -0.031901
[hold in-reg] reset -> _7114_/RESET_B : -0.031616
[hold in-reg] reset -> _7304_/RESET_B : -0.025252
[hold in-reg] reset -> _7020_/RESET_B : -0.025227
[hold in-reg] reset -> _7023_/RESET_B : -0.025001
[hold in-reg] reset -> _7105_/RESET_B : -0.022724
[hold in-reg] reset -> _7205_/RESET_B : -0.017930
[hold in-reg] reset -> _7141_/RESET_B : -0.017886
[hold in-reg] reset -> _7050_/RESET_B : -0.017713
[hold in-reg] reset -> _7203_/RESET_B : -0.016196
[hold in-reg] reset -> _7054_/RESET_B : -0.015598
[hold in-reg] reset -> _7267_/RESET_B : -0.015486
[hold in-reg] reset -> _7171_/RESET_B : -0.015369
[hold in-reg] reset -> _7270_/RESET_B : -0.013285
Writing metric timing__hold_vio__count__corner:nom_tt_025C_1v80: 381
Writing metric timing__hold_r2r__ws__corner:nom_tt_025C_1v80: 0.284027
Writing metric timing__hold_r2r_vio__count__corner:nom_tt_025C_1v80: 0
Writing metric timing__setup_vio__count__corner:nom_tt_025C_1v80: 0
Writing metric timing__setup_r2r__ws__corner:nom_tt_025C_1v80: 16.754614
Writing metric timing__setup_r2r_vio__count__corner:nom_tt_025C_1v80: 0
