Clock: clk
Sources: clk 
Generated: no
Virtual: yes
Propagated: no
Period: 25.000000

===========================================================================
report_clock_properties
============================================================================
Clock                   Period          Waveform
----------------------------------------------------
clk                  25.000000    0.000000 12.500000

===========================================================================
report_clock_latency
============================================================================
Clock clk
rise -> rise
    min     max
0.000000 0.000000 source latency
1.394367         network latency _7058_/CLK
        1.450319 network latency _6688_/CLK
---------------
1.394367 1.450319 latency
        0.055953 skew

fall -> fall
    min     max
0.000000 0.000000 source latency
1.230634         network latency _7058_/CLK
        1.274652 network latency _6688_/CLK
---------------
1.230634 1.274652 latency
        0.044017 skew



===========================================================================
report_clock_min_period
============================================================================
clk period_min = 16.91 fmax = 59.15
