Reading timing models for corner nom_tt_025C_1v80…
Reading timing library for the 'nom_tt_025C_1v80' corner at '/home/cl4/.ciel/ciel/sky130/versions/8afc8346a57fe1ab7934ba5a6056ea8b43078e71/sky130A/libs.ref/sky130_fd_sc_hd/lib/sky130_fd_sc_hd__tt_025C_1v80.lib'…
Reading OpenROAD database at '/home/cl4/Desktop/training/single_cycle/runs/RUN_2026-08-24_12-15-21/42-openroad-repairantennas/1-openroad-diodeinsertion/single_cycle_cpu.odb'…
Reading design constraints file at '/home/cl4/Desktop/training/single_cycle/src/impl.sdc'…
[INFO] Using clock clk…
[INFO] Setting output delay to: 5.0
[INFO] Setting input delay to: 5.0
[INFO] Setting load to: 0.033442
[INFO] Setting clock uncertainty to: 0.25
[INFO] Setting clock transition to: 0.1499999999999999944488848768742172978818416595458984375
[INFO] Setting timing derate to: 5%
[INFO] No information on clock propagation in input SDC file-- propagating all clocks.
[INFO ORD-0030] Using 12 thread(s).
+ detailed_route -droute_end_iter 64 -or_seed 42 -verbose 1 -output_drc /home/cl4/Desktop/training/single_cycle/runs/RUN_2026-08-24_12-15-21/44-openroad-detailedrouting/drt-run-0/single_cycle_cpu.drc
[INFO DRT-0149] Reading tech and libs.
[WARNING DRT-0349] LEF58_ENCLOSURE with no CUTCLASS is not supported. Skipping for layer mcon
[WARNING DRT-0349] LEF58_ENCLOSURE with no CUTCLASS is not supported. Skipping for layer mcon
[WARNING DRT-0349] LEF58_ENCLOSURE with no CUTCLASS is not supported. Skipping for layer via
[WARNING DRT-0349] LEF58_ENCLOSURE with no CUTCLASS is not supported. Skipping for layer via
[WARNING DRT-0349] LEF58_ENCLOSURE with no CUTCLASS is not supported. Skipping for layer via2
[WARNING DRT-0349] LEF58_ENCLOSURE with no CUTCLASS is not supported. Skipping for layer via2
[WARNING DRT-0349] LEF58_ENCLOSURE with no CUTCLASS is not supported. Skipping for layer via3
[WARNING DRT-0349] LEF58_ENCLOSURE with no CUTCLASS is not supported. Skipping for layer via3
[WARNING DRT-0349] LEF58_ENCLOSURE with no CUTCLASS is not supported. Skipping for layer via4
[WARNING DRT-0349] LEF58_ENCLOSURE with no CUTCLASS is not supported. Skipping for layer via4

Units:                1000
Number of layers:     13
Number of macros:     445
Number of vias:       32
Number of viarulegen: 25

[INFO DRT-0150] Reading design.

Design:                   single_cycle_cpu
Die area:                 ( 0 0 ) ( 360000 360000 )
Number of track patterns: 12
Number of DEF vias:       0
Number of components:     5755
Number of terminals:      100
Number of snets:          2
Number of nets:           4053

[INFO DRT-0167] List of default vias:
  Layer via
    default via: M1M2_PR
  Layer via2
    default via: M2M3_PR
  Layer via3
    default via: M3M4_PR
  Layer via4
    default via: M4M5_PR
[INFO DRT-0162] Library cell analysis.
[INFO DRT-0163] Instance analysis.
[INFO DRT-0164] Number of unique instances = 197.
[INFO DRT-0168] Init region query.
[INFO DRT-0024]   Complete FR_MASTERSLICE.
[INFO DRT-0024]   Complete licon.
[INFO DRT-0024]   Complete li1.
[INFO DRT-0024]   Complete mcon.
[INFO DRT-0024]   Complete met1.
[INFO DRT-0024]   Complete via.
[INFO DRT-0024]   Complete met2.
[INFO DRT-0024]   Complete via2.
[INFO DRT-0024]   Complete met3.
[INFO DRT-0024]   Complete via3.
[INFO DRT-0024]   Complete met4.
[INFO DRT-0024]   Complete via4.
[INFO DRT-0024]   Complete met5.
[INFO DRT-0033] FR_MASTERSLICE shape region query size = 0.
[INFO DRT-0033] licon shape region query size = 0.
[INFO DRT-0033] li1 shape region query size = 139480.
[INFO DRT-0033] mcon shape region query size = 0.
[INFO DRT-0033] met1 shape region query size = 21168.
[INFO DRT-0033] via shape region query size = 5664.
[INFO DRT-0033] met2 shape region query size = 1936.
[INFO DRT-0033] via2 shape region query size = 4720.
[INFO DRT-0033] met3 shape region query size = 2882.
[INFO DRT-0033] via3 shape region query size = 4720.
[INFO DRT-0033] met4 shape region query size = 1184.
[INFO DRT-0033] via4 shape region query size = 288.
[INFO DRT-0033] met5 shape region query size = 240.
[INFO DRT-0165] Start pin access.
[INFO DRT-0076]   Complete 1000 pins.
[INFO DRT-0078]   Complete 1552 pins.
[INFO DRT-0079]   Complete 100 unique inst patterns.
[INFO DRT-0081]   Complete 197 unique inst patterns.
[INFO DRT-0084]   Complete 3015 groups.
#scanned instances     = 5755
#unique  instances     = 197
#stdCellGenAp          = 5493
#stdCellValidPlanarAp  = 69
#stdCellValidViaAp     = 4288
#stdCellPinNoAp        = 0
#stdCellPinCnt         = 13292
#instTermValidViaApCnt = 0
#macroGenAp            = 0
#macroValidPlanarAp    = 0
#macroValidViaAp       = 0
#macroNoAp             = 0
[INFO DRT-0166] Complete pin access.
[INFO DRT-0267] cpu time = 00:02:51, elapsed time = 00:00:15, memory = 159.52 (MB), peak = 158.56 (MB)

[INFO DRT-0157] Number of guides:     32067

[INFO DRT-0169] Post process guides.
[INFO DRT-0176] GCELLGRID X 0 DO 52 STEP 6900 ;
[INFO DRT-0177] GCELLGRID Y 0 DO 52 STEP 6900 ;
[INFO DRT-0028]   Complete FR_MASTERSLICE.
[INFO DRT-0028]   Complete licon.
[INFO DRT-0028]   Complete li1.
[INFO DRT-0028]   Complete mcon.
[INFO DRT-0028]   Complete met1.
[INFO DRT-0028]   Complete via.
[INFO DRT-0028]   Complete met2.
[INFO DRT-0028]   Complete via2.
[INFO DRT-0028]   Complete met3.
[INFO DRT-0028]   Complete via3.
[INFO DRT-0028]   Complete met4.
[INFO DRT-0028]   Complete via4.
[INFO DRT-0028]   Complete met5.
[INFO DRT-0178] Init guide query.
[INFO DRT-0035]   Complete FR_MASTERSLICE (guide).
[INFO DRT-0035]   Complete licon (guide).
[INFO DRT-0035]   Complete li1 (guide).
[INFO DRT-0035]   Complete mcon (guide).
[INFO DRT-0035]   Complete met1 (guide).
[INFO DRT-0035]   Complete via (guide).
[INFO DRT-0035]   Complete met2 (guide).
[INFO DRT-0035]   Complete via2 (guide).
[INFO DRT-0035]   Complete met3 (guide).
[INFO DRT-0035]   Complete via3 (guide).
[INFO DRT-0035]   Complete met4 (guide).
[INFO DRT-0035]   Complete via4 (guide).
[INFO DRT-0035]   Complete met5 (guide).
[INFO DRT-0036] FR_MASTERSLICE guide region query size = 0.
[INFO DRT-0036] licon guide region query size = 0.
[INFO DRT-0036] li1 guide region query size = 11138.
[INFO DRT-0036] mcon guide region query size = 0.
[INFO DRT-0036] met1 guide region query size = 9900.
[INFO DRT-0036] via guide region query size = 0.
[INFO DRT-0036] met2 guide region query size = 4853.
[INFO DRT-0036] via2 guide region query size = 0.
[INFO DRT-0036] met3 guide region query size = 278.
[INFO DRT-0036] via3 guide region query size = 0.
[INFO DRT-0036] met4 guide region query size = 73.
[INFO DRT-0036] via4 guide region query size = 0.
[INFO DRT-0036] met5 guide region query size = 8.
[INFO DRT-0179] Init gr pin query.
[INFO DRT-0267] cpu time = 00:00:00, elapsed time = 00:00:00, memory = 169.97 (MB), peak = 168.73 (MB)
[INFO DRT-0245] skipped writing guide updates to database.
[INFO DRT-0185] Post process initialize RPin region query.
[INFO DRT-0181] Start track assignment.
[INFO DRT-0184] Done with 16064 vertical wires in 2 frboxes and 10186 horizontal wires in 2 frboxes.
[INFO DRT-0186] Done with 1596 vertical wires in 2 frboxes and 3232 horizontal wires in 2 frboxes.
[INFO DRT-0182] Complete track assignment.
[INFO DRT-0267] cpu time = 00:00:07, elapsed time = 00:00:01, memory = 192.75 (MB), peak = 207.61 (MB)
[INFO DRT-0187] Start routing data preparation.
[INFO DRT-0267] cpu time = 00:00:00, elapsed time = 00:00:00, memory = 196.50 (MB), peak = 207.61 (MB)
[INFO DRT-0194] Start detail routing.
[INFO DRT-0195] Start 0th optimization iteration.
    Completing 10% with 0 violations.
    elapsed time = 00:00:00, memory = 460.68 (MB).
    Completing 20% with 0 violations.
    elapsed time = 00:00:03, memory = 430.58 (MB).
    Completing 30% with 524 violations.
    elapsed time = 00:00:05, memory = 543.76 (MB).
    Completing 40% with 524 violations.
    elapsed time = 00:00:06, memory = 569.20 (MB).
    Completing 50% with 524 violations.
    elapsed time = 00:00:09, memory = 444.42 (MB).
    Completing 60% with 903 violations.
    elapsed time = 00:00:10, memory = 572.68 (MB).
    Completing 70% with 903 violations.
    elapsed time = 00:00:12, memory = 598.20 (MB).
    Completing 80% with 1357 violations.
    elapsed time = 00:00:15, memory = 646.50 (MB).
    Completing 90% with 1357 violations.
    elapsed time = 00:00:18, memory = 721.27 (MB).
    Completing 100% with 1749 violations.
    elapsed time = 00:00:20, memory = 649.76 (MB).
[INFO DRT-0199]   Number of violations = 2120.
Viol/Layer         li1   mcon   met1    via   met2   met3   met4   via4   met5
Cut Spacing          0      3      0      0      0      0      0      0      0
Metal Spacing        0      0    383      0    114      5      1      0      0
Min Hole             0      0      1      0      0      0      0      0      0
Recheck              5      0    257      0    105      0      2      0      2
Short                0      1   1071      9    159      0      0      1      1
[INFO DRT-0267] cpu time = 00:02:10, elapsed time = 00:00:20, memory = 978.79 (MB), peak = 977.66 (MB)
Total wire length = 157606 um.
Total wire length on LAYER li1 = 0 um.
Total wire length on LAYER met1 = 73484 um.
Total wire length on LAYER met2 = 69242 um.
Total wire length on LAYER met3 = 11877 um.
Total wire length on LAYER met4 = 2911 um.
Total wire length on LAYER met5 = 90 um.
Total number of vias = 29106.
Up-via summary (total 29106):

------------------------
 FR_MASTERSLICE        0
            li1    13044
           met1    15455
           met2      469
           met3      126
           met4       12
------------------------
               29106


[INFO DRT-0195] Start 1st optimization iteration.
    Completing 10% with 2120 violations.
    elapsed time = 00:00:00, memory = 1060.24 (MB).
    Completing 20% with 2120 violations.
    elapsed time = 00:00:03, memory = 1081.86 (MB).
    Completing 30% with 1824 violations.
    elapsed time = 00:00:04, memory = 1057.80 (MB).
    Completing 40% with 1824 violations.
    elapsed time = 00:00:06, memory = 1066.35 (MB).
    Completing 50% with 1824 violations.
    elapsed time = 00:00:08, memory = 1070.28 (MB).
    Completing 60% with 1614 violations.
    elapsed time = 00:00:09, memory = 1096.67 (MB).
    Completing 70% with 1614 violations.
    elapsed time = 00:00:12, memory = 1099.43 (MB).
    Completing 80% with 1216 violations.
    elapsed time = 00:00:13, memory = 1099.43 (MB).
    Completing 90% with 1216 violations.
    elapsed time = 00:00:16, memory = 1105.27 (MB).
    Completing 100% with 847 violations.
    elapsed time = 00:00:18, memory = 1111.17 (MB).
[INFO DRT-0199]   Number of violations = 847.
Viol/Layer        mcon   met1   met2   met3   met4
Cut Spacing          3      0      0      0      0
Metal Spacing        0    106     39      5      1
Short                0    620     73      0      0
[INFO DRT-0267] cpu time = 00:01:59, elapsed time = 00:00:18, memory = 1111.58 (MB), peak = 1110.28 (MB)
Total wire length = 156581 um.
Total wire length on LAYER li1 = 0 um.
Total wire length on LAYER met1 = 73006 um.
Total wire length on LAYER met2 = 68594 um.
Total wire length on LAYER met3 = 12010 um.
Total wire length on LAYER met4 = 2888 um.
Total wire length on LAYER met5 = 81 um.
Total number of vias = 28886.
Up-via summary (total 28886):

------------------------
 FR_MASTERSLICE        0
            li1    13048
           met1    15222
           met2      484
           met3      122
           met4       10
------------------------
               28886


[INFO DRT-0195] Start 2nd optimization iteration.
    Completing 10% with 847 violations.
    elapsed time = 00:00:00, memory = 1111.58 (MB).
    Completing 20% with 847 violations.
    elapsed time = 00:00:01, memory = 1126.42 (MB).
    Completing 30% with 847 violations.
    elapsed time = 00:00:04, memory = 1129.68 (MB).
    Completing 40% with 870 violations.
    elapsed time = 00:00:04, memory = 1129.68 (MB).
    Completing 50% with 870 violations.
    elapsed time = 00:00:06, memory = 1129.68 (MB).
    Completing 60% with 827 violations.
    elapsed time = 00:00:08, memory = 1136.24 (MB).
    Completing 70% with 827 violations.
    elapsed time = 00:00:09, memory = 1191.61 (MB).
    Completing 80% with 827 violations.
    elapsed time = 00:00:13, memory = 1137.33 (MB).
    Completing 90% with 851 violations.
    elapsed time = 00:00:14, memory = 1137.33 (MB).
    Completing 100% with 793 violations.
    elapsed time = 00:00:18, memory = 1143.05 (MB).
[INFO DRT-0199]   Number of violations = 793.
Viol/Layer        met1   met2   met3
Metal Spacing      158     23      3
Short              552     57      0
[INFO DRT-0267] cpu time = 00:01:42, elapsed time = 00:00:18, memory = 1146.04 (MB), peak = 1191.40 (MB)
Total wire length = 156232 um.
Total wire length on LAYER li1 = 0 um.
Total wire length on LAYER met1 = 72767 um.
Total wire length on LAYER met2 = 68436 um.
Total wire length on LAYER met3 = 12050 um.
Total wire length on LAYER met4 = 2899 um.
Total wire length on LAYER met5 = 79 um.
Total number of vias = 28726.
Up-via summary (total 28726):

------------------------
 FR_MASTERSLICE        0
            li1    13026
           met1    15075
           met2      496
           met3      119
           met4       10
------------------------
               28726


[INFO DRT-0195] Start 3rd optimization iteration.
    Completing 10% with 793 violations.
    elapsed time = 00:00:00, memory = 1147.96 (MB).
    Completing 20% with 793 violations.
    elapsed time = 00:00:01, memory = 1149.85 (MB).
    Completing 30% with 598 violations.
    elapsed time = 00:00:03, memory = 1152.19 (MB).
    Completing 40% with 598 violations.
    elapsed time = 00:00:03, memory = 1154.93 (MB).
    Completing 50% with 598 violations.
    elapsed time = 00:00:07, memory = 1164.19 (MB).
    Completing 60% with 441 violations.
    elapsed time = 00:00:07, memory = 1166.79 (MB).
    Completing 70% with 441 violations.
    elapsed time = 00:00:10, memory = 1180.85 (MB).
    Completing 80% with 237 violations.
    elapsed time = 00:00:11, memory = 1168.32 (MB).
    Completing 90% with 237 violations.
    elapsed time = 00:00:13, memory = 1170.57 (MB).
    Completing 100% with 20 violations.
    elapsed time = 00:00:15, memory = 1170.57 (MB).
[INFO DRT-0199]   Number of violations = 20.
Viol/Layer        mcon   met1   met2
Cut Spacing          1      0      0
Metal Spacing        0     12      2
Short                0      1      4
[INFO DRT-0267] cpu time = 00:01:17, elapsed time = 00:00:15, memory = 1170.57 (MB), peak = 1191.40 (MB)
Total wire length = 156090 um.
Total wire length on LAYER li1 = 0 um.
Total wire length on LAYER met1 = 69924 um.
Total wire length on LAYER met2 = 68432 um.
Total wire length on LAYER met3 = 14705 um.
Total wire length on LAYER met4 = 2948 um.
Total wire length on LAYER met5 = 79 um.
Total number of vias = 29260.
Up-via summary (total 29260):

------------------------
 FR_MASTERSLICE        0
            li1    13027
           met1    15251
           met2      843
           met3      129
           met4       10
------------------------
               29260


[INFO DRT-0195] Start 4th guides tiles iteration.
    Completing 10% with 20 violations.
    elapsed time = 00:00:00, memory = 1170.57 (MB).
    Completing 20% with 20 violations.
    elapsed time = 00:00:00, memory = 1170.57 (MB).
    Completing 30% with 20 violations.
    elapsed time = 00:00:00, memory = 1170.57 (MB).
    Completing 40% with 20 violations.
    elapsed time = 00:00:00, memory = 1170.57 (MB).
    Completing 50% with 20 violations.
    elapsed time = 00:00:00, memory = 1170.57 (MB).
    Completing 60% with 20 violations.
    elapsed time = 00:00:00, memory = 1170.57 (MB).
    Completing 70% with 4 violations.
    elapsed time = 00:00:00, memory = 1170.57 (MB).
    Completing 80% with 4 violations.
    elapsed time = 00:00:00, memory = 1170.57 (MB).
    Completing 90% with 4 violations.
    elapsed time = 00:00:00, memory = 1170.57 (MB).
    Completing 100% with 2 violations.
    elapsed time = 00:00:00, memory = 1170.57 (MB).
[INFO DRT-0199]   Number of violations = 2.
Viol/Layer        met2
Metal Spacing        2
[INFO DRT-0267] cpu time = 00:00:05, elapsed time = 00:00:00, memory = 1170.57 (MB), peak = 1191.40 (MB)
Total wire length = 156091 um.
Total wire length on LAYER li1 = 0 um.
Total wire length on LAYER met1 = 69889 um.
Total wire length on LAYER met2 = 68407 um.
Total wire length on LAYER met3 = 14753 um.
Total wire length on LAYER met4 = 2962 um.
Total wire length on LAYER met5 = 79 um.
Total number of vias = 29266.
Up-via summary (total 29266):

------------------------
 FR_MASTERSLICE        0
            li1    13028
           met1    15249
           met2      848
           met3      131
           met4       10
------------------------
               29266


[INFO DRT-0195] Start 5th guides tiles iteration.
    Completing 100% with 2 violations.
    elapsed time = 00:00:00, memory = 1170.57 (MB).
[INFO DRT-0199]   Number of violations = 2.
Viol/Layer        met2
Metal Spacing        2
[INFO DRT-0267] cpu time = 00:00:02, elapsed time = 00:00:00, memory = 1170.57 (MB), peak = 1191.40 (MB)
Total wire length = 156091 um.
Total wire length on LAYER li1 = 0 um.
Total wire length on LAYER met1 = 69889 um.
Total wire length on LAYER met2 = 68407 um.
Total wire length on LAYER met3 = 14753 um.
Total wire length on LAYER met4 = 2962 um.
Total wire length on LAYER met5 = 79 um.
Total number of vias = 29266.
Up-via summary (total 29266):

------------------------
 FR_MASTERSLICE        0
            li1    13028
           met1    15249
           met2      848
           met3      131
           met4       10
------------------------
               29266


[INFO DRT-0195] Start 6th stubborn tiles iteration.
    Completing 10% with 2 violations.
    elapsed time = 00:00:00, memory = 1170.69 (MB).
    Completing 20% with 2 violations.
    elapsed time = 00:00:01, memory = 1176.92 (MB).
    Completing 30% with 2 violations.
    elapsed time = 00:00:02, memory = 1194.76 (MB).
    Completing 40% with 2 violations.
    elapsed time = 00:00:02, memory = 1206.25 (MB).
    Completing 50% with 2 violations.
    elapsed time = 00:00:03, memory = 1288.91 (MB).
    Completing 60% with 2 violations.
    elapsed time = 00:00:04, memory = 1381.91 (MB).
    Completing 70% with 2 violations.
    elapsed time = 00:00:05, memory = 1395.99 (MB).
    Completing 80% with 2 violations.
    elapsed time = 00:00:07, memory = 1482.40 (MB).
    Completing 90% with 2 violations.
    elapsed time = 00:00:18, memory = 1523.87 (MB).
    Completing 100% with 0 violations.
    elapsed time = 00:00:31, memory = 1452.83 (MB).
[INFO DRT-0199]   Number of violations = 0.
[INFO DRT-0267] cpu time = 00:03:04, elapsed time = 00:00:31, memory = 1452.83 (MB), peak = 1522.75 (MB)
Total wire length = 156086 um.
Total wire length on LAYER li1 = 0 um.
Total wire length on LAYER met1 = 69892 um.
Total wire length on LAYER met2 = 68402 um.
Total wire length on LAYER met3 = 14749 um.
Total wire length on LAYER met4 = 2962 um.
Total wire length on LAYER met5 = 79 um.
Total number of vias = 29263.
Up-via summary (total 29263):

------------------------
 FR_MASTERSLICE        0
            li1    13028
           met1    15248
           met2      846
           met3      131
           met4       10
------------------------
               29263


[INFO DRT-0198] Complete detail routing.
Total wire length = 156086 um.
Total wire length on LAYER li1 = 0 um.
Total wire length on LAYER met1 = 69892 um.
Total wire length on LAYER met2 = 68402 um.
Total wire length on LAYER met3 = 14749 um.
Total wire length on LAYER met4 = 2962 um.
Total wire length on LAYER met5 = 79 um.
Total number of vias = 29263.
Up-via summary (total 29263):

------------------------
 FR_MASTERSLICE        0
            li1    13028
           met1    15248
           met2      846
           met3      131
           met4       10
------------------------
               29263


[INFO DRT-0267] cpu time = 00:10:23, elapsed time = 00:01:45, memory = 1453.00 (MB), peak = 1522.75 (MB)

[INFO DRT-0180] Post processing.
+ check_antennas 
[INFO ANT-0002] Found 4 net violations.
[INFO ANT-0001] Found 4 pin violations.
[INFO] Running antenna repair iteration 1…
+ repair_antennas sky130_fd_sc_hd__diode_2 -ratio_margin 10
[INFO GRT-0012] Found 5 antenna violations.
[INFO GRT-0015] Inserted 5 diodes.
+ detailed_route -droute_end_iter 64 -or_seed 42 -verbose 1 -output_drc /home/cl4/Desktop/training/single_cycle/runs/RUN_2026-08-24_12-15-21/44-openroad-detailedrouting/drt-run-1/single_cycle_cpu.drc
[INFO DRT-0024]   Complete FR_MASTERSLICE.
[INFO DRT-0024]   Complete licon.
[INFO DRT-0024]   Complete li1.
[INFO DRT-0024]   Complete mcon.
[INFO DRT-0024]   Complete met1.
[INFO DRT-0024]   Complete via.
[INFO DRT-0024]   Complete met2.
[INFO DRT-0024]   Complete via2.
[INFO DRT-0024]   Complete met3.
[INFO DRT-0024]   Complete via3.
[INFO DRT-0024]   Complete met4.
[INFO DRT-0024]   Complete via4.
[INFO DRT-0024]   Complete met5.
[INFO DRT-0165] Start pin access.
[INFO DRT-0076]   Complete 1000 pins.
[INFO DRT-0078]   Complete 1552 pins.
[INFO DRT-0079]   Complete 100 unique inst patterns.
[INFO DRT-0081]   Complete 197 unique inst patterns.
[INFO DRT-0084]   Complete 3015 groups.
#scanned instances     = 5760
#unique  instances     = 197
#stdCellGenAp          = 5493
#stdCellValidPlanarAp  = 69
#stdCellValidViaAp     = 4288
#stdCellPinNoAp        = 0
#stdCellPinCnt         = 13292
#instTermValidViaApCnt = 0
#macroGenAp            = 0
#macroValidPlanarAp    = 0
#macroValidViaAp       = 0
#macroNoAp             = 0
[INFO DRT-0166] Complete pin access.
[INFO DRT-0267] cpu time = 00:03:18, elapsed time = 00:00:18, memory = 1434.43 (MB), peak = 1522.75 (MB)

[INFO DRT-0157] Number of guides:     32051

[INFO DRT-0169] Post process guides.
[INFO DRT-0176] GCELLGRID X 0 DO 52 STEP 6900 ;
[INFO DRT-0177] GCELLGRID Y 0 DO 52 STEP 6900 ;
[INFO DRT-0028]   Complete FR_MASTERSLICE.
[INFO DRT-0028]   Complete licon.
[INFO DRT-0028]   Complete li1.
[INFO DRT-0028]   Complete mcon.
[INFO DRT-0028]   Complete met1.
[INFO DRT-0028]   Complete via.
[INFO DRT-0028]   Complete met2.
[INFO DRT-0028]   Complete via2.
[INFO DRT-0028]   Complete met3.
[INFO DRT-0028]   Complete via3.
[INFO DRT-0028]   Complete met4.
[INFO DRT-0028]   Complete via4.
[INFO DRT-0028]   Complete met5.
[INFO DRT-0178] Init guide query.
[INFO DRT-0035]   Complete FR_MASTERSLICE (guide).
[INFO DRT-0035]   Complete licon (guide).
[INFO DRT-0035]   Complete li1 (guide).
[INFO DRT-0035]   Complete mcon (guide).
[INFO DRT-0035]   Complete met1 (guide).
[INFO DRT-0035]   Complete via (guide).
[INFO DRT-0035]   Complete met2 (guide).
[INFO DRT-0035]   Complete via2 (guide).
[INFO DRT-0035]   Complete met3 (guide).
[INFO DRT-0035]   Complete via3 (guide).
[INFO DRT-0035]   Complete met4 (guide).
[INFO DRT-0035]   Complete via4 (guide).
[INFO DRT-0035]   Complete met5 (guide).
[INFO DRT-0036] FR_MASTERSLICE guide region query size = 0.
[INFO DRT-0036] licon guide region query size = 0.
[INFO DRT-0036] li1 guide region query size = 11140.
[INFO DRT-0036] mcon guide region query size = 0.
[INFO DRT-0036] met1 guide region query size = 9899.
[INFO DRT-0036] via guide region query size = 0.
[INFO DRT-0036] met2 guide region query size = 4850.
[INFO DRT-0036] via2 guide region query size = 0.
[INFO DRT-0036] met3 guide region query size = 274.
[INFO DRT-0036] via3 guide region query size = 0.
[INFO DRT-0036] met4 guide region query size = 68.
[INFO DRT-0036] via4 guide region query size = 0.
[INFO DRT-0036] met5 guide region query size = 6.
[INFO DRT-0179] Init gr pin query.
[INFO DRT-0267] cpu time = 00:00:00, elapsed time = 00:00:00, memory = 1434.43 (MB), peak = 1522.75 (MB)
[INFO DRT-0245] skipped writing guide updates to database.
[INFO DRT-0185] Post process initialize RPin region query.
[INFO DRT-0181] Start track assignment.
[INFO DRT-0184] Done with 16058 vertical wires in 2 frboxes and 10179 horizontal wires in 2 frboxes.
[INFO DRT-0186] Done with 1606 vertical wires in 2 frboxes and 3226 horizontal wires in 2 frboxes.
[INFO DRT-0182] Complete track assignment.
[INFO DRT-0267] cpu time = 00:00:07, elapsed time = 00:00:01, memory = 1434.43 (MB), peak = 1522.75 (MB)
[INFO DRT-0187] Start routing data preparation.
[INFO DRT-0267] cpu time = 00:00:00, elapsed time = 00:00:00, memory = 1434.43 (MB), peak = 1522.75 (MB)
[INFO DRT-0194] Start detail routing.
[INFO DRT-0195] Start 0th optimization iteration.
    Completing 10% with 0 violations.
    elapsed time = 00:00:00, memory = 1434.77 (MB).
    Completing 20% with 0 violations.
    elapsed time = 00:00:00, memory = 1434.77 (MB).
    Completing 30% with 30 violations.
    elapsed time = 00:00:01, memory = 1458.24 (MB).
    Completing 40% with 30 violations.
    elapsed time = 00:00:01, memory = 1434.77 (MB).
    Completing 50% with 30 violations.
    elapsed time = 00:00:02, memory = 1434.77 (MB).
    Completing 60% with 42 violations.
    elapsed time = 00:00:02, memory = 1439.96 (MB).
    Completing 70% with 42 violations.
    elapsed time = 00:00:03, memory = 1439.96 (MB).
    Completing 80% with 64 violations.
    elapsed time = 00:00:03, memory = 1440.30 (MB).
    Completing 90% with 64 violations.
    elapsed time = 00:00:04, memory = 1463.23 (MB).
    Completing 100% with 70 violations.
    elapsed time = 00:00:04, memory = 1440.30 (MB).
[INFO DRT-0199]   Number of violations = 83.
Viol/Layer         li1   met1   met2
Metal Spacing        0      4      2
Recheck              1      7      5
Short                0     46     18
[INFO DRT-0267] cpu time = 00:00:40, elapsed time = 00:00:04, memory = 1540.07 (MB), peak = 1539.36 (MB)
Total wire length = 156123 um.
Total wire length on LAYER li1 = 0 um.
Total wire length on LAYER met1 = 69988 um.
Total wire length on LAYER met2 = 68501 um.
Total wire length on LAYER met3 = 14680 um.
Total wire length on LAYER met4 = 2873 um.
Total wire length on LAYER met5 = 79 um.
Total number of vias = 29261.
Up-via summary (total 29261):

------------------------
 FR_MASTERSLICE        0
            li1    13032
           met1    15250
           met2      840
           met3      129
           met4       10
------------------------
               29261


[INFO DRT-0195] Start 1st optimization iteration.
    Completing 10% with 83 violations.
    elapsed time = 00:00:00, memory = 1541.02 (MB).
    Completing 20% with 83 violations.
    elapsed time = 00:00:00, memory = 1541.02 (MB).
    Completing 30% with 58 violations.
    elapsed time = 00:00:01, memory = 1541.02 (MB).
    Completing 40% with 58 violations.
    elapsed time = 00:00:01, memory = 1541.02 (MB).
    Completing 50% with 58 violations.
    elapsed time = 00:00:02, memory = 1541.02 (MB).
    Completing 60% with 52 violations.
    elapsed time = 00:00:02, memory = 1563.65 (MB).
    Completing 70% with 52 violations.
    elapsed time = 00:00:02, memory = 1541.21 (MB).
    Completing 80% with 23 violations.
    elapsed time = 00:00:03, memory = 1564.71 (MB).
    Completing 90% with 23 violations.
    elapsed time = 00:00:03, memory = 1541.21 (MB).
    Completing 100% with 16 violations.
    elapsed time = 00:00:04, memory = 1541.21 (MB).
[INFO DRT-0199]   Number of violations = 16.
Viol/Layer        met1   met2
Short               13      3
[INFO DRT-0267] cpu time = 00:00:39, elapsed time = 00:00:04, memory = 1541.34 (MB), peak = 1564.05 (MB)
Total wire length = 156117 um.
Total wire length on LAYER li1 = 0 um.
Total wire length on LAYER met1 = 69994 um.
Total wire length on LAYER met2 = 68487 um.
Total wire length on LAYER met3 = 14676 um.
Total wire length on LAYER met4 = 2878 um.
Total wire length on LAYER met5 = 79 um.
Total number of vias = 29267.
Up-via summary (total 29267):

------------------------
 FR_MASTERSLICE        0
            li1    13034
           met1    15255
           met2      839
           met3      129
           met4       10
------------------------
               29267


[INFO DRT-0195] Start 2nd optimization iteration.
    Completing 10% with 16 violations.
    elapsed time = 00:00:00, memory = 1541.34 (MB).
    Completing 20% with 16 violations.
    elapsed time = 00:00:00, memory = 1541.34 (MB).
    Completing 30% with 16 violations.
    elapsed time = 00:00:00, memory = 1541.34 (MB).
    Completing 40% with 19 violations.
    elapsed time = 00:00:00, memory = 1541.34 (MB).
    Completing 50% with 19 violations.
    elapsed time = 00:00:00, memory = 1541.34 (MB).
    Completing 60% with 18 violations.
    elapsed time = 00:00:01, memory = 1438.57 (MB).
    Completing 70% with 18 violations.
    elapsed time = 00:00:01, memory = 1438.57 (MB).
    Completing 80% with 18 violations.
    elapsed time = 00:00:02, memory = 1440.52 (MB).
    Completing 90% with 17 violations.
    elapsed time = 00:00:02, memory = 1440.52 (MB).
    Completing 100% with 14 violations.
    elapsed time = 00:00:02, memory = 1440.52 (MB).
[INFO DRT-0199]   Number of violations = 14.
Viol/Layer        met1   met2
Short               11      3
[INFO DRT-0267] cpu time = 00:00:15, elapsed time = 00:00:02, memory = 1543.16 (MB), peak = 1564.05 (MB)
Total wire length = 156111 um.
Total wire length on LAYER li1 = 0 um.
Total wire length on LAYER met1 = 69993 um.
Total wire length on LAYER met2 = 68488 um.
Total wire length on LAYER met3 = 14676 um.
Total wire length on LAYER met4 = 2873 um.
Total wire length on LAYER met5 = 79 um.
Total number of vias = 29262.
Up-via summary (total 29262):

------------------------
 FR_MASTERSLICE        0
            li1    13033
           met1    15251
           met2      839
           met3      129
           met4       10
------------------------
               29262


[INFO DRT-0195] Start 3rd guides tiles iteration.
    Completing 10% with 14 violations.
    elapsed time = 00:00:00, memory = 1543.16 (MB).
    Completing 20% with 14 violations.
    elapsed time = 00:00:00, memory = 1543.16 (MB).
    Completing 30% with 14 violations.
    elapsed time = 00:00:00, memory = 1543.16 (MB).
    Completing 40% with 14 violations.
    elapsed time = 00:00:00, memory = 1543.16 (MB).
    Completing 50% with 1 violations.
    elapsed time = 00:00:00, memory = 1543.16 (MB).
    Completing 60% with 1 violations.
    elapsed time = 00:00:00, memory = 1543.16 (MB).
    Completing 70% with 1 violations.
    elapsed time = 00:00:00, memory = 1543.16 (MB).
    Completing 80% with 1 violations.
    elapsed time = 00:00:00, memory = 1543.16 (MB).
    Completing 100% with 0 violations.
    elapsed time = 00:00:01, memory = 1482.16 (MB).
[INFO DRT-0199]   Number of violations = 0.
[INFO DRT-0267] cpu time = 00:00:07, elapsed time = 00:00:01, memory = 1543.16 (MB), peak = 1564.05 (MB)
Total wire length = 156094 um.
Total wire length on LAYER li1 = 0 um.
Total wire length on LAYER met1 = 69855 um.
Total wire length on LAYER met2 = 68407 um.
Total wire length on LAYER met3 = 14798 um.
Total wire length on LAYER met4 = 2953 um.
Total wire length on LAYER met5 = 79 um.
Total number of vias = 29269.
Up-via summary (total 29269):

------------------------
 FR_MASTERSLICE        0
            li1    13033
           met1    15246
           met2      849
           met3      131
           met4       10
------------------------
               29269


[INFO DRT-0198] Complete detail routing.
Total wire length = 156094 um.
Total wire length on LAYER li1 = 0 um.
Total wire length on LAYER met1 = 69855 um.
Total wire length on LAYER met2 = 68407 um.
Total wire length on LAYER met3 = 14798 um.
Total wire length on LAYER met4 = 2953 um.
Total wire length on LAYER met5 = 79 um.
Total number of vias = 29269.
Up-via summary (total 29269):

------------------------
 FR_MASTERSLICE        0
            li1    13033
           met1    15246
           met2      849
           met3      131
           met4       10
------------------------
               29269


[INFO DRT-0267] cpu time = 00:01:43, elapsed time = 00:00:13, memory = 1543.16 (MB), peak = 1564.05 (MB)

[INFO DRT-0180] Post processing.
+ check_antennas 
[INFO ANT-0002] Found 0 net violations.
[INFO ANT-0001] Found 0 pin violations.
Setting global connections for newly added cells…
[INFO] Setting global connections...
[INFO ODB-0403] 20 connections made, 0 conflicts skipped.
Updating metrics…
Cell type report:                       Count       Area
  Fill cell                               234     878.34
  Tap cell                               1428    1786.71
  Antenna cell                             10      25.02
  Buffer                                    3      12.51
  Clock buffer                             81    1669.10
  Timing Repair Buffer                   1027    8951.08
  Inverter                                479    1810.49
  Clock inverter                           11     173.92
  Sequential cell                         720   17456.74
  Multi-Input combinational cell         1767   17083.88
  Total                                  5760   49847.81
Writing OpenROAD database to '/home/cl4/Desktop/training/single_cycle/runs/RUN_2026-08-24_12-15-21/44-openroad-detailedrouting/single_cycle_cpu.odb'…
Writing netlist to '/home/cl4/Desktop/training/single_cycle/runs/RUN_2026-08-24_12-15-21/44-openroad-detailedrouting/single_cycle_cpu.nl.v'…
Writing powered netlist to '/home/cl4/Desktop/training/single_cycle/runs/RUN_2026-08-24_12-15-21/44-openroad-detailedrouting/single_cycle_cpu.pnl.v'…
Writing layout to '/home/cl4/Desktop/training/single_cycle/runs/RUN_2026-08-24_12-15-21/44-openroad-detailedrouting/single_cycle_cpu.def'…
Writing timing constraints to '/home/cl4/Desktop/training/single_cycle/runs/RUN_2026-08-24_12-15-21/44-openroad-detailedrouting/single_cycle_cpu.sdc'…
