Clock: clk
Sources: clk 
Generated: no
Virtual: yes
Propagated: no
Period: 25.000000

===========================================================================
report_clock_properties
============================================================================
Clock                   Period          Waveform
----------------------------------------------------
clk                  25.000000    0.000000 12.500000

===========================================================================
report_clock_latency
============================================================================
Clock clk
rise -> rise
    min     max
0.000000 0.000000 source latency
1.495165         network latency _6752_/CLK
        1.577083 network latency _7257_/CLK
---------------
1.495165 1.577083 latency
        0.081919 skew

fall -> fall
    min     max
0.000000 0.000000 source latency
1.300919         network latency _6752_/CLK
        1.362078 network latency _7257_/CLK
---------------
1.300919 1.362078 latency
        0.061158 skew



===========================================================================
report_clock_min_period
============================================================================
clk period_min = 18.05 fmax = 55.40
