
===========================================================================
report_checks -unconstrained
===========================================================================
======================= min_ff_n40C_1v95 Corner ===================================

Startpoint: reset (input port clocked by clk)
Endpoint: _7089_ (recovery check against rising-edge clock clk)
Path Group: asynchronous
Path Type: max

Fanout         Cap        Slew       Delay        Time   Description
---------------------------------------------------------------------------------------------
                                  0.000000    0.000000   clock clk (rise edge)
                                  0.000000    0.000000   clock network delay (propagated)
                                  5.000000    5.000000 v input external delay
     1    0.003315    0.005485    0.002710    5.002710 v reset (in)
                                                         reset (net)
                      0.005485    0.000000    5.002710 v input456/A (sky130_fd_sc_hd__clkdlybuf4s25_1)
     4    0.043640    0.222327    0.297736    5.300447 v input456/X (sky130_fd_sc_hd__clkdlybuf4s25_1)
                                                         net456 (net)
                      0.222606    0.005836    5.306283 v fanout49/A (sky130_fd_sc_hd__buf_1)
     2    0.035133    0.140031    0.210196    5.516479 v fanout49/X (sky130_fd_sc_hd__buf_1)
                                                         net49 (net)
                      0.140061    0.001948    5.518427 v fanout37/A (sky130_fd_sc_hd__clkdlybuf4s25_1)
     6    0.025750    0.134922    0.284502    5.802928 v fanout37/X (sky130_fd_sc_hd__clkdlybuf4s25_1)
                                                         net37 (net)
                      0.134928    0.000988    5.803916 v fanout24/A (sky130_fd_sc_hd__clkdlybuf4s25_1)
     5    0.024417    0.128401    0.278483    6.082400 v fanout24/X (sky130_fd_sc_hd__clkdlybuf4s25_1)
                                                         net24 (net)
                      0.128401    0.000490    6.082890 v fanout23/A (sky130_fd_sc_hd__clkbuf_2)
    10    0.078573    0.202147    0.246421    6.329310 v fanout23/X (sky130_fd_sc_hd__clkbuf_2)
                                                         net23 (net)
                      0.202224    0.001656    6.330966 v fanout22/A (sky130_fd_sc_hd__buf_2)
    10    0.079620    0.129981    0.233086    6.564051 v fanout22/X (sky130_fd_sc_hd__buf_2)
                                                         net22 (net)
                      0.130041    0.002645    6.566697 v _6369_/A (sky130_fd_sc_hd__inv_2)
     1    0.003904    0.037455    0.059604    6.626301 ^ _6369_/Y (sky130_fd_sc_hd__inv_2)
                                                         _0110_ (net)
                      0.037455    0.000028    6.626328 ^ _7089_/SET_B (sky130_fd_sc_hd__dfstp_2)
                                              6.626328   data arrival time

                                 25.000000   25.000000   clock clk (rise edge)
                                  0.000000   25.000000   clock source latency
     1    0.050673    0.172808    0.121890   25.121889 ^ clk (in)
                                                         clk (net)
                      0.172926    0.000000   25.121889 ^ clkbuf_0_clk/A (sky130_fd_sc_hd__clkbuf_16)
     8    0.135715    0.115334    0.179565   25.301455 ^ clkbuf_0_clk/X (sky130_fd_sc_hd__clkbuf_16)
                                                         clknet_0_clk (net)
                      0.115547    0.003988   25.305443 ^ clkbuf_3_1__f_clk/A (sky130_fd_sc_hd__clkbuf_16)
     6    0.092532    0.083576    0.148548   25.453989 ^ clkbuf_3_1__f_clk/X (sky130_fd_sc_hd__clkbuf_16)
                                                         clknet_3_1__leaf_clk (net)
                      0.083583    0.000881   25.454870 ^ clkbuf_leaf_0_clk/A (sky130_fd_sc_hd__clkbuf_16)
    16    0.063190    0.061966    0.123942   25.578814 ^ clkbuf_leaf_0_clk/X (sky130_fd_sc_hd__clkbuf_16)
                                                         clknet_leaf_0_clk (net)
                      0.062005    0.001403   25.580215 ^ _7089_/CLK (sky130_fd_sc_hd__dfstp_2)
                                 -0.100000   25.480215   clock uncertainty
                                  0.000000   25.480215   clock reconvergence pessimism
                                  0.088376   25.568592   library recovery time
                                             25.568592   data required time
---------------------------------------------------------------------------------------------
                                             25.568592   data required time
                                             -6.626328   data arrival time
---------------------------------------------------------------------------------------------
                                             18.942263   slack (MET)


Startpoint: _6980_ (rising edge-triggered flip-flop clocked by clk)
Endpoint: alu_result_out[0] (output port clocked by clk)
Path Group: clk
Path Type: max

Fanout         Cap        Slew       Delay        Time   Description
---------------------------------------------------------------------------------------------
                                  0.000000    0.000000   clock clk (rise edge)
                                  0.000000    0.000000   clock source latency
     1    0.050673    0.172808    0.121891    0.121891 ^ clk (in)
                                                         clk (net)
                      0.172926    0.000000    0.121891 ^ clkbuf_0_clk/A (sky130_fd_sc_hd__clkbuf_16)
     8    0.135715    0.115334    0.179564    0.301455 ^ clkbuf_0_clk/X (sky130_fd_sc_hd__clkbuf_16)
                                                         clknet_0_clk (net)
                      0.115502    0.003555    0.305010 ^ clkbuf_3_4__f_clk/A (sky130_fd_sc_hd__clkbuf_16)
     6    0.081691    0.075652    0.142345    0.447354 ^ clkbuf_3_4__f_clk/X (sky130_fd_sc_hd__clkbuf_16)
                                                         clknet_3_4__leaf_clk (net)
                      0.075764    0.001824    0.449178 ^ clkbuf_leaf_6_clk/A (sky130_fd_sc_hd__clkbuf_16)
    15    0.056990    0.057438    0.118637    0.567815 ^ clkbuf_leaf_6_clk/X (sky130_fd_sc_hd__clkbuf_16)
                                                         clknet_leaf_6_clk (net)
                      0.057474    0.001310    0.569125 ^ _6980_/CLK (sky130_fd_sc_hd__dfrtp_2)
     3    0.015616    0.065985    0.252258    0.821383 ^ _6980_/Q (sky130_fd_sc_hd__dfrtp_2)
                                                         net258 (net)
                      0.065985    0.000071    0.821455 ^ place452/A (sky130_fd_sc_hd__buf_2)
    10    0.051710    0.190447    0.189497    1.010952 ^ place452/X (sky130_fd_sc_hd__buf_2)
                                                         net452 (net)
                      0.190453    0.000859    1.011811 ^ place451/A (sky130_fd_sc_hd__buf_2)
     9    0.069051    0.252329    0.251133    1.262944 ^ place451/X (sky130_fd_sc_hd__buf_2)
                                                         net451 (net)
                      0.252360    0.002337    1.265280 ^ _3313_/B (sky130_fd_sc_hd__nand4b_4)
    10    0.062642    0.195990    0.191303    1.456583 v _3313_/Y (sky130_fd_sc_hd__nand4b_4)
                                                         _1263_ (net)
                      0.196002    0.001266    1.457849 v _3403_/B (sky130_fd_sc_hd__or2_4)
     8    0.060006    0.085844    0.261774    1.719622 v _3403_/X (sky130_fd_sc_hd__or2_4)
                                                         _1345_ (net)
                      0.085844    0.000307    1.719930 v _3405_/B1 (sky130_fd_sc_hd__o31a_2)
     3    0.040322    0.098780    0.140458    1.860388 v _3405_/X (sky130_fd_sc_hd__o31a_2)
                                                         _1347_ (net)
                      0.098849    0.002382    1.862770 v _3406_/A (sky130_fd_sc_hd__inv_4)
     4    0.020075    0.054414    0.079054    1.941824 ^ _3406_/Y (sky130_fd_sc_hd__inv_4)
                                                         net499 (net)
                      0.054414    0.000288    1.942112 ^ _3415_/C (sky130_fd_sc_hd__and3_4)
    10    0.039610    0.097866    0.162798    2.104910 ^ _3415_/X (sky130_fd_sc_hd__and3_4)
                                                         _1355_ (net)
                      0.097866    0.000055    2.104965 ^ place354/A (sky130_fd_sc_hd__buf_2)
     9    0.052478    0.193092    0.197969    2.302934 ^ place354/X (sky130_fd_sc_hd__buf_2)
                                                         net354 (net)
                      0.193159    0.002979    2.305913 ^ place353/A (sky130_fd_sc_hd__buf_2)
     8    0.034630    0.129776    0.167897    2.473809 ^ place353/X (sky130_fd_sc_hd__buf_2)
                                                         net353 (net)
                      0.129833    0.001169    2.474978 ^ place352/A (sky130_fd_sc_hd__buf_2)
    10    0.053770    0.197608    0.207587    2.682566 ^ place352/X (sky130_fd_sc_hd__buf_2)
                                                         net352 (net)
                      0.197675    0.003035    2.685601 ^ place351/A (sky130_fd_sc_hd__buf_2)
     7    0.032757    0.123219    0.163967    2.849567 ^ place351/X (sky130_fd_sc_hd__buf_2)
                                                         net351 (net)
                      0.123219    0.000511    2.850079 ^ _4090_/A2 (sky130_fd_sc_hd__a211o_2)
     1    0.003364    0.022909    0.090861    2.940939 ^ _4090_/X (sky130_fd_sc_hd__a211o_2)
                                                         _1958_ (net)
                      0.022909    0.000024    2.940963 ^ _4091_/C1 (sky130_fd_sc_hd__a221o_2)
     1    0.004253    0.030281    0.057408    2.998372 ^ _4091_/X (sky130_fd_sc_hd__a221o_2)
                                                         _1959_ (net)
                      0.030281    0.000062    2.998433 ^ _4092_/C1 (sky130_fd_sc_hd__a221o_2)
     1    0.010827    0.051607    0.077256    3.075689 ^ _4092_/X (sky130_fd_sc_hd__a221o_2)
                                                         _1960_ (net)
                      0.051610    0.000420    3.076109 ^ _4093_/C_N (sky130_fd_sc_hd__or3b_2)
     3    0.016893    0.080922    0.292521    3.368630 v _4093_/X (sky130_fd_sc_hd__or3b_2)
                                                         _1961_ (net)
                      0.080930    0.000755    3.369385 v _4094_/B (sky130_fd_sc_hd__or2_2)
     3    0.011575    0.053876    0.197777    3.567163 v _4094_/X (sky130_fd_sc_hd__or2_2)
                                                         _1962_ (net)
                      0.053876    0.000083    3.567246 v _4096_/A (sky130_fd_sc_hd__nand2_2)
     9    0.040502    0.162762    0.140630    3.707876 ^ _4096_/Y (sky130_fd_sc_hd__nand2_2)
                                                         _1964_ (net)
                      0.162765    0.000577    3.708453 ^ _4209_/A (sky130_fd_sc_hd__and4_2)
     2    0.010785    0.061430    0.165245    3.873698 ^ _4209_/X (sky130_fd_sc_hd__and4_2)
                                                         _2077_ (net)
                      0.061430    0.000113    3.873812 ^ _4384_/A (sky130_fd_sc_hd__nand3_2)
     2    0.005474    0.039720    0.040349    3.914160 v _4384_/Y (sky130_fd_sc_hd__nand3_2)
                                                         _2252_ (net)
                      0.039720    0.000051    3.914211 v _4443_/A2 (sky130_fd_sc_hd__a2111o_2)
     3    0.011540    0.061540    0.306364    4.220575 v _4443_/X (sky130_fd_sc_hd__a2111o_2)
                                                         _2311_ (net)
                      0.061540    0.000119    4.220694 v _4454_/A1 (sky130_fd_sc_hd__a211o_2)
     2    0.007911    0.043792    0.199472    4.420166 v _4454_/X (sky130_fd_sc_hd__a211o_2)
                                                         _2322_ (net)
                      0.043792    0.000057    4.420223 v _4455_/C1 (sky130_fd_sc_hd__o211a_2)
     2    0.011226    0.045322    0.091198    4.511421 v _4455_/X (sky130_fd_sc_hd__o211a_2)
                                                         _2323_ (net)
                      0.045322    0.000114    4.511535 v _4457_/A2 (sky130_fd_sc_hd__o21a_2)
     3    0.013076    0.042660    0.144518    4.656053 v _4457_/X (sky130_fd_sc_hd__o21a_2)
                                                         _2325_ (net)
                      0.042660    0.000191    4.656243 v _4459_/A2 (sky130_fd_sc_hd__o211a_2)
     3    0.039543    0.084188    0.216174    4.872418 v _4459_/X (sky130_fd_sc_hd__o211a_2)
                                                         _2327_ (net)
                      0.084307    0.002816    4.875233 v _4465_/A (sky130_fd_sc_hd__nor2_2)
     2    0.033167    0.264133    0.242380    5.117614 ^ _4465_/Y (sky130_fd_sc_hd__nor2_2)
                                                         _2333_ (net)
                      0.264145    0.001489    5.119102 ^ _5650_/A (sky130_fd_sc_hd__inv_2)
     1    0.002823    0.039010    0.002283    5.121385 v _5650_/Y (sky130_fd_sc_hd__inv_2)
                                                         net457 (net)
                      0.039010    0.000028    5.121413 v output457/A (sky130_fd_sc_hd__clkdlybuf4s25_1)
     1    0.034998    0.178403    0.282489    5.403902 v output457/X (sky130_fd_sc_hd__clkdlybuf4s25_1)
                                                         alu_result_out[0] (net)
                      0.178403    0.000512    5.404414 v alu_result_out[0] (out)
                                              5.404414   data arrival time

                                 25.000000   25.000000   clock clk (rise edge)
                                  0.000000   25.000000   clock network delay (propagated)
                                 -0.100000   24.900000   clock uncertainty
                                  0.000000   24.900000   clock reconvergence pessimism
                                 -5.000000   19.899998   output external delay
                                             19.899998   data required time
---------------------------------------------------------------------------------------------
                                             19.899998   data required time
                                             -5.404414   data arrival time
---------------------------------------------------------------------------------------------
                                             14.495584   slack (MET)




===========================================================================
report_checks --slack_max -0.01
============================================================================
======================= min_ff_n40C_1v95 Corner ===================================

No paths found.


===========================================================================
 report_check_types -max_slew -max_cap -max_fanout -violators
============================================================================
======================= min_ff_n40C_1v95 Corner ===================================

max fanout

Pin                                   Limit Fanout  Slack
---------------------------------------------------------
clkbuf_leaf_24_clk/X                     10     21    -11 (VIOLATED)
clkbuf_leaf_27_clk/X                     10     21    -11 (VIOLATED)
clkbuf_leaf_32_clk/X                     10     21    -11 (VIOLATED)
clkbuf_leaf_34_clk/X                     10     21    -11 (VIOLATED)
clkbuf_leaf_36_clk/X                     10     21    -11 (VIOLATED)
clkbuf_leaf_29_clk/X                     10     20    -10 (VIOLATED)
clkbuf_leaf_35_clk/X                     10     20    -10 (VIOLATED)
clkbuf_leaf_11_clk/X                     10     19     -9 (VIOLATED)
clkbuf_leaf_25_clk/X                     10     19     -9 (VIOLATED)
clkbuf_leaf_37_clk/X                     10     19     -9 (VIOLATED)
clkbuf_leaf_38_clk/X                     10     19     -9 (VIOLATED)
clkbuf_leaf_42_clk/X                     10     19     -9 (VIOLATED)
clkbuf_leaf_8_clk/X                      10     19     -9 (VIOLATED)
clkbuf_leaf_16_clk/X                     10     18     -8 (VIOLATED)
clkbuf_leaf_1_clk/X                      10     18     -8 (VIOLATED)
clkbuf_leaf_10_clk/X                     10     17     -7 (VIOLATED)
clkbuf_leaf_18_clk/X                     10     17     -7 (VIOLATED)
clkbuf_leaf_20_clk/X                     10     17     -7 (VIOLATED)
clkbuf_leaf_21_clk/X                     10     17     -7 (VIOLATED)
clkbuf_leaf_23_clk/X                     10     17     -7 (VIOLATED)
clkbuf_leaf_33_clk/X                     10     17     -7 (VIOLATED)
clkbuf_leaf_41_clk/X                     10     17     -7 (VIOLATED)
clkbuf_leaf_0_clk/X                      10     16     -6 (VIOLATED)
clkbuf_leaf_14_clk/X                     10     16     -6 (VIOLATED)
clkbuf_leaf_15_clk/X                     10     16     -6 (VIOLATED)
clkbuf_leaf_19_clk/X                     10     16     -6 (VIOLATED)
clkbuf_leaf_2_clk/X                      10     16     -6 (VIOLATED)
clkbuf_leaf_30_clk/X                     10     16     -6 (VIOLATED)
clkbuf_leaf_31_clk/X                     10     16     -6 (VIOLATED)
clkbuf_leaf_39_clk/X                     10     16     -6 (VIOLATED)
clkbuf_leaf_3_clk/X                      10     16     -6 (VIOLATED)
clkbuf_leaf_40_clk/X                     10     16     -6 (VIOLATED)
clkbuf_leaf_43_clk/X                     10     16     -6 (VIOLATED)
clkbuf_leaf_12_clk/X                     10     15     -5 (VIOLATED)
clkbuf_leaf_22_clk/X                     10     15     -5 (VIOLATED)
clkbuf_leaf_28_clk/X                     10     15     -5 (VIOLATED)
clkbuf_leaf_44_clk/X                     10     15     -5 (VIOLATED)
clkbuf_leaf_4_clk/X                      10     15     -5 (VIOLATED)
clkbuf_leaf_6_clk/X                      10     15     -5 (VIOLATED)
clkbuf_leaf_9_clk/X                      10     15     -5 (VIOLATED)
clkbuf_leaf_13_clk/X                     10     14     -4 (VIOLATED)
clkbuf_leaf_17_clk/X                     10     14     -4 (VIOLATED)
clkbuf_leaf_7_clk/X                      10     14     -4 (VIOLATED)
place327/X                               10     12     -2 (VIOLATED)



===========================================================================
report_parasitic_annotation -report_unannotated
============================================================================
Found 44 unannotated drivers.
 clkload0/X
 clkload1/X
 clkload10/X
 clkload11/X
 clkload12/X
 clkload13/X
 clkload14/Y
 clkload15/Y
 clkload16/Y
 clkload17/X
 clkload18/X
 clkload19/Y
 clkload2/X
 clkload20/Y
 clkload21/Y
 clkload22/X
 clkload23/X
 clkload24/X
 clkload25/X
 clkload26/Y
 clkload27/Y
 clkload28/Y
 clkload29/X
 clkload3/X
 clkload30/Y
 clkload31/Y
 clkload32/X
 clkload33/X
 clkload34/Y
 clkload35/X
 clkload36/X
 clkload37/X
 clkload38/Y
 clkload4/X
 clkload5/X
 clkload6/Y
 clkload7/Y
 clkload8/X
 clkload9/X
 single_cycle_cpu/HI
 single_cycle_cpu_575/HI
 single_cycle_cpu_576/HI
 single_cycle_cpu_577/LO
 single_cycle_cpu_578/LO
Found 0 partially unannotated drivers.

===========================================================================
max slew violation count 0
max fanout violation count 44
max cap violation count 0
============================================================================

===========================================================================
check_setup -verbose -unconstrained_endpoints -multiple_clock -no_clock -no_input_delay -loops -generated_clocks
===========================================================================
