[WARNING ORD-0039] .openroad ignored with -python
Unannotated report:
['report_parasitic_annotation -report_unannotated\n',
 '============================================================================\n',
 'Found 44 unannotated drivers.\n',
 ' clkload0/X\n',
 ' clkload1/X\n',
 ' clkload10/X\n',
 ' clkload11/X\n',
 ' clkload12/X\n',
 ' clkload13/X\n',
 ' clkload14/Y\n',
 ' clkload15/Y\n',
 ' clkload16/Y\n',
 ' clkload17/X\n',
 ' clkload18/X\n',
 ' clkload19/Y\n',
 ' clkload2/X\n',
 ' clkload20/Y\n',
 ' clkload21/Y\n',
 ' clkload22/X\n',
 ' clkload23/X\n',
 ' clkload24/X\n',
 ' clkload25/X\n',
 ' clkload26/Y\n',
 ' clkload27/Y\n',
 ' clkload28/Y\n',
 ' clkload29/X\n',
 ' clkload3/X\n',
 ' clkload30/Y\n',
 ' clkload31/Y\n',
 ' clkload32/X\n',
 ' clkload33/X\n',
 ' clkload34/Y\n',
 ' clkload35/X\n',
 ' clkload36/X\n',
 ' clkload37/X\n',
 ' clkload38/Y\n',
 ' clkload4/X\n',
 ' clkload5/X\n',
 ' clkload6/Y\n',
 ' clkload7/Y\n',
 ' clkload8/X\n',
 ' clkload9/X\n',
 ' single_cycle_cpu/HI\n',
 ' single_cycle_cpu_575/HI\n',
 ' single_cycle_cpu_576/HI\n',
 ' single_cycle_cpu_577/LO\n',
 ' single_cycle_cpu_578/LO\n',
 'Found 0 partially unannotated drivers.\n',
 '\n']
Reported nets:
['clkload0/X',
 'clkload1/X',
 'clkload10/X',
 'clkload11/X',
 'clkload12/X',
 'clkload13/X',
 'clkload14/Y',
 'clkload15/Y',
 'clkload16/Y',
 'clkload17/X',
 'clkload18/X',
 'clkload19/Y',
 'clkload2/X',
 'clkload20/Y',
 'clkload21/Y',
 'clkload22/X',
 'clkload23/X',
 'clkload24/X',
 'clkload25/X',
 'clkload26/Y',
 'clkload27/Y',
 'clkload28/Y',
 'clkload29/X',
 'clkload3/X',
 'clkload30/Y',
 'clkload31/Y',
 'clkload32/X',
 'clkload33/X',
 'clkload34/Y',
 'clkload35/X',
 'clkload36/X',
 'clkload37/X',
 'clkload38/Y',
 'clkload4/X',
 'clkload5/X',
 'clkload6/Y',
 'clkload7/Y',
 'clkload8/X',
 'clkload9/X',
 'single_cycle_cpu/HI',
 'single_cycle_cpu_575/HI',
 'single_cycle_cpu_576/HI',
 'single_cycle_cpu_577/LO',
 'single_cycle_cpu_578/LO']
Filtered nets:
[]
done
