Clock: clk
Sources: clk 
Generated: no
Virtual: yes
Propagated: no
Period: 25.000000

===========================================================================
report_clock_properties
============================================================================
Clock                   Period          Waveform
----------------------------------------------------
clk                  25.000000    0.000000 12.500000

===========================================================================
report_clock_latency
============================================================================
Clock clk
rise -> rise
    min     max
0.000000 0.000000 source latency
0.569146         network latency _7298_/CLK
        0.598232 network latency _7384_/CLK
---------------
0.569146 0.598232 latency
        0.029086 skew

fall -> fall
    min     max
0.000000 0.000000 source latency
0.484559         network latency _7298_/CLK
        0.507825 network latency _7384_/CLK
---------------
0.484559 0.507825 latency
        0.023266 skew



===========================================================================
report_clock_min_period
============================================================================
clk period_min = 5.46 fmax = 183.13
