[WARNING ORD-0039] .openroad ignored with -python
                                Cells by Master                                 
┏━━━━━━━━━━━━━━━━━━━━━━━━━━━━━━━━━━━━━━━━━━━━━━━━━━━━━━━━━━━━━━━━┳━━━━━━━━━━━━━┓
┃ Cell                                                           ┃ Count       ┃
┡━━━━━━━━━━━━━━━━━━━━━━━━━━━━━━━━━━━━━━━━━━━━━━━━━━━━━━━━━━━━━━━━╇━━━━━━━━━━━━━┩
│ sky130_fd_sc_hd__a2111o_2                                      │ 3           │
│ sky130_fd_sc_hd__a211o_2                                       │ 75          │
│ sky130_fd_sc_hd__a211oi_2                                      │ 7           │
│ sky130_fd_sc_hd__a211oi_4                                      │ 1           │
│ sky130_fd_sc_hd__a21bo_2                                       │ 21          │
│ sky130_fd_sc_hd__a21boi_2                                      │ 3           │
│ sky130_fd_sc_hd__a21o_2                                        │ 74          │
│ sky130_fd_sc_hd__a21oi_2                                       │ 51          │
│ sky130_fd_sc_hd__a21oi_4                                       │ 2           │
│ sky130_fd_sc_hd__a221o_2                                       │ 200         │
│ sky130_fd_sc_hd__a221oi_2                                      │ 3           │
│ sky130_fd_sc_hd__a22o_2                                        │ 215         │
│ sky130_fd_sc_hd__a22oi_2                                       │ 1           │
│ sky130_fd_sc_hd__a2bb2o_2                                      │ 4           │
│ sky130_fd_sc_hd__a2bb2o_4                                      │ 1           │
│ sky130_fd_sc_hd__a311o_2                                       │ 2           │
│ sky130_fd_sc_hd__a311oi_2                                      │ 3           │
│ sky130_fd_sc_hd__a31o_2                                        │ 27          │
│ sky130_fd_sc_hd__a31o_4                                        │ 2           │
│ sky130_fd_sc_hd__a31oi_2                                       │ 4           │
│ sky130_fd_sc_hd__a31oi_4                                       │ 2           │
│ sky130_fd_sc_hd__a32o_2                                        │ 6           │
│ sky130_fd_sc_hd__a41o_2                                        │ 2           │
│ sky130_fd_sc_hd__and2_2                                        │ 112         │
│ sky130_fd_sc_hd__and2_4                                        │ 2           │
│ sky130_fd_sc_hd__and2b_2                                       │ 12          │
│ sky130_fd_sc_hd__and3_2                                        │ 41          │
│ sky130_fd_sc_hd__and3_4                                        │ 5           │
│ sky130_fd_sc_hd__and3b_2                                       │ 11          │
│ sky130_fd_sc_hd__and4_2                                        │ 9           │
│ sky130_fd_sc_hd__and4_4                                        │ 2           │
│ sky130_fd_sc_hd__and4b_4                                       │ 1           │
│ sky130_fd_sc_hd__and4bb_4                                      │ 1           │
│ sky130_fd_sc_hd__buf_1                                         │ 12          │
│ sky130_fd_sc_hd__buf_2                                         │ 236         │
│ sky130_fd_sc_hd__buf_4                                         │ 1           │
│ sky130_fd_sc_hd__bufinv_16                                     │ 1           │
│ sky130_fd_sc_hd__clkbuf_1                                      │ 12          │
│ sky130_fd_sc_hd__clkbuf_16                                     │ 57          │
│ sky130_fd_sc_hd__clkbuf_2                                      │ 12          │
│ sky130_fd_sc_hd__clkbuf_8                                      │ 10          │
│ sky130_fd_sc_hd__clkdlybuf4s25_1                               │ 113         │
│ sky130_fd_sc_hd__clkinv_2                                      │ 5           │
│ sky130_fd_sc_hd__clkinv_4                                      │ 2           │
│ sky130_fd_sc_hd__conb_1                                        │ 5           │
│ sky130_fd_sc_hd__decap_3                                       │ 9500        │
│ sky130_fd_sc_hd__dfrtp_2                                       │ 424         │
│ sky130_fd_sc_hd__dfstp_2                                       │ 4           │
│ sky130_fd_sc_hd__dfxtp_2                                       │ 292         │
│ sky130_fd_sc_hd__diode_2                                       │ 11          │
│ sky130_fd_sc_hd__dlygate4sd3_1                                 │ 646         │
│ sky130_fd_sc_hd__fill_1                                        │ 1399        │
│ sky130_fd_sc_hd__fill_2                                        │ 1117        │
│ sky130_fd_sc_hd__inv_2                                         │ 475         │
│ sky130_fd_sc_hd__inv_4                                         │ 5           │
│ sky130_fd_sc_hd__inv_6                                         │ 3           │
│ sky130_fd_sc_hd__inv_8                                         │ 1           │
│ sky130_fd_sc_hd__mux2_2                                        │ 232         │
│ sky130_fd_sc_hd__mux2_4                                        │ 4           │
│ sky130_fd_sc_hd__mux4_2                                        │ 4           │
│ sky130_fd_sc_hd__nand2_2                                       │ 79          │
│ sky130_fd_sc_hd__nand2_4                                       │ 1           │
│ sky130_fd_sc_hd__nand2b_2                                      │ 4           │
│ sky130_fd_sc_hd__nand2b_4                                      │ 1           │
│ sky130_fd_sc_hd__nand3_2                                       │ 4           │
│ sky130_fd_sc_hd__nand3b_2                                      │ 1           │
│ sky130_fd_sc_hd__nand4b_4                                      │ 1           │
│ sky130_fd_sc_hd__nand4bb_2                                     │ 1           │
│ sky130_fd_sc_hd__nor2_2                                        │ 127         │
│ sky130_fd_sc_hd__nor2_4                                        │ 2           │
│ sky130_fd_sc_hd__nor2b_2                                       │ 6           │
│ sky130_fd_sc_hd__nor3_2                                        │ 5           │
│ sky130_fd_sc_hd__nor3b_2                                       │ 1           │
│ sky130_fd_sc_hd__nor4_1                                        │ 1           │
│ sky130_fd_sc_hd__nor4_2                                        │ 6           │
│ sky130_fd_sc_hd__nor4b_2                                       │ 1           │
│ sky130_fd_sc_hd__nor4bb_1                                      │ 1           │
│ sky130_fd_sc_hd__o2111a_2                                      │ 7           │
│ sky130_fd_sc_hd__o211a_2                                       │ 21          │
│ sky130_fd_sc_hd__o211a_4                                       │ 1           │
│ sky130_fd_sc_hd__o211ai_2                                      │ 15          │
│ sky130_fd_sc_hd__o211ai_4                                      │ 2           │
│ sky130_fd_sc_hd__o21a_2                                        │ 59          │
│ sky130_fd_sc_hd__o21a_4                                        │ 1           │
│ sky130_fd_sc_hd__o21ai_2                                       │ 32          │
│ sky130_fd_sc_hd__o21ba_2                                       │ 7           │
│ sky130_fd_sc_hd__o21bai_2                                      │ 2           │
│ sky130_fd_sc_hd__o221a_2                                       │ 8           │
│ sky130_fd_sc_hd__o221ai_2                                      │ 1           │
│ sky130_fd_sc_hd__o22a_2                                        │ 10          │
│ sky130_fd_sc_hd__o2bb2a_2                                      │ 5           │
│ sky130_fd_sc_hd__o311a_2                                       │ 2           │
│ sky130_fd_sc_hd__o311a_4                                       │ 1           │
│ sky130_fd_sc_hd__o31a_2                                        │ 14          │
│ sky130_fd_sc_hd__o31ai_1                                       │ 2           │
│ sky130_fd_sc_hd__o31ai_2                                       │ 4           │
│ sky130_fd_sc_hd__o31ai_4                                       │ 1           │
│ sky130_fd_sc_hd__o32a_2                                        │ 7           │
│ sky130_fd_sc_hd__or2_2                                         │ 67          │
│ sky130_fd_sc_hd__or2_4                                         │ 5           │
│ sky130_fd_sc_hd__or2b_2                                        │ 11          │
│ sky130_fd_sc_hd__or3_2                                         │ 16          │
│ sky130_fd_sc_hd__or3_4                                         │ 8           │
│ sky130_fd_sc_hd__or3b_2                                        │ 16          │
│ sky130_fd_sc_hd__or3b_4                                        │ 5           │
│ sky130_fd_sc_hd__or4_2                                         │ 3           │
│ sky130_fd_sc_hd__or4_4                                         │ 4           │
│ sky130_fd_sc_hd__or4b_2                                        │ 2           │
│ sky130_fd_sc_hd__or4b_4                                        │ 1           │
│ sky130_fd_sc_hd__tapvpwrvgnd_1                                 │ 1276        │
│ sky130_fd_sc_hd__xnor2_2                                       │ 19          │
│ sky130_fd_sc_hd__xor2_2                                        │ 15          │
│ sky130_fd_sc_hd__xor2_4                                        │ 1           │
└────────────────────────────────────────────────────────────────┴─────────────┘
                               Cells by Function                                
┏━━━━━━━━━━━━━━━━━━━━━━━━━━━━━━━━━━━━━━━━━━━━━━━━━━━━━━━━━━━━━━━━┳━━━━━━━━━━━━━┓
┃ Cell Function                                                  ┃ Count       ┃
┡━━━━━━━━━━━━━━━━━━━━━━━━━━━━━━━━━━━━━━━━━━━━━━━━━━━━━━━━━━━━━━━━╇━━━━━━━━━━━━━┩
│ sky130_fd_sc_hd__a2111o                                        │ 3           │
│ sky130_fd_sc_hd__a211o                                         │ 75          │
│ sky130_fd_sc_hd__a211oi                                        │ 8           │
│ sky130_fd_sc_hd__a21bo                                         │ 21          │
│ sky130_fd_sc_hd__a21boi                                        │ 3           │
│ sky130_fd_sc_hd__a21o                                          │ 74          │
│ sky130_fd_sc_hd__a21oi                                         │ 53          │
│ sky130_fd_sc_hd__a221o                                         │ 200         │
│ sky130_fd_sc_hd__a221oi                                        │ 3           │
│ sky130_fd_sc_hd__a22o                                          │ 215         │
│ sky130_fd_sc_hd__a22oi                                         │ 1           │
│ sky130_fd_sc_hd__a2bb2o                                        │ 5           │
│ sky130_fd_sc_hd__a311o                                         │ 2           │
│ sky130_fd_sc_hd__a311oi                                        │ 3           │
│ sky130_fd_sc_hd__a31o                                          │ 29          │
│ sky130_fd_sc_hd__a31oi                                         │ 6           │
│ sky130_fd_sc_hd__a32o                                          │ 6           │
│ sky130_fd_sc_hd__a41o                                          │ 2           │
│ sky130_fd_sc_hd__and2                                          │ 114         │
│ sky130_fd_sc_hd__and2b                                         │ 12          │
│ sky130_fd_sc_hd__and3                                          │ 46          │
│ sky130_fd_sc_hd__and3b                                         │ 11          │
│ sky130_fd_sc_hd__and4                                          │ 11          │
│ sky130_fd_sc_hd__and4b                                         │ 1           │
│ sky130_fd_sc_hd__and4bb                                        │ 1           │
│ sky130_fd_sc_hd__buf                                           │ 249         │
│ sky130_fd_sc_hd__bufinv                                        │ 1           │
│ sky130_fd_sc_hd__clkbuf                                        │ 91          │
│ sky130_fd_sc_hd__clkdlybuf4s25                                 │ 113         │
│ sky130_fd_sc_hd__clkinv                                        │ 7           │
│ sky130_fd_sc_hd__conb                                          │ 5           │
│ sky130_fd_sc_hd__decap                                         │ 9500        │
│ sky130_fd_sc_hd__dfrtp                                         │ 424         │
│ sky130_fd_sc_hd__dfstp                                         │ 4           │
│ sky130_fd_sc_hd__dfxtp                                         │ 292         │
│ sky130_fd_sc_hd__diode                                         │ 11          │
│ sky130_fd_sc_hd__dlygate4sd3                                   │ 646         │
│ sky130_fd_sc_hd__fill                                          │ 2516        │
│ sky130_fd_sc_hd__inv                                           │ 484         │
│ sky130_fd_sc_hd__mux2                                          │ 236         │
│ sky130_fd_sc_hd__mux4                                          │ 4           │
│ sky130_fd_sc_hd__nand2                                         │ 80          │
│ sky130_fd_sc_hd__nand2b                                        │ 5           │
│ sky130_fd_sc_hd__nand3                                         │ 4           │
│ sky130_fd_sc_hd__nand3b                                        │ 1           │
│ sky130_fd_sc_hd__nand4b                                        │ 1           │
│ sky130_fd_sc_hd__nand4bb                                       │ 1           │
│ sky130_fd_sc_hd__nor2                                          │ 129         │
│ sky130_fd_sc_hd__nor2b                                         │ 6           │
│ sky130_fd_sc_hd__nor3                                          │ 5           │
│ sky130_fd_sc_hd__nor3b                                         │ 1           │
│ sky130_fd_sc_hd__nor4                                          │ 7           │
│ sky130_fd_sc_hd__nor4b                                         │ 1           │
│ sky130_fd_sc_hd__nor4bb                                        │ 1           │
│ sky130_fd_sc_hd__o2111a                                        │ 7           │
│ sky130_fd_sc_hd__o211a                                         │ 22          │
│ sky130_fd_sc_hd__o211ai                                        │ 17          │
│ sky130_fd_sc_hd__o21a                                          │ 60          │
│ sky130_fd_sc_hd__o21ai                                         │ 32          │
│ sky130_fd_sc_hd__o21ba                                         │ 7           │
│ sky130_fd_sc_hd__o21bai                                        │ 2           │
│ sky130_fd_sc_hd__o221a                                         │ 8           │
│ sky130_fd_sc_hd__o221ai                                        │ 1           │
│ sky130_fd_sc_hd__o22a                                          │ 10          │
│ sky130_fd_sc_hd__o2bb2a                                        │ 5           │
│ sky130_fd_sc_hd__o311a                                         │ 3           │
│ sky130_fd_sc_hd__o31a                                          │ 14          │
│ sky130_fd_sc_hd__o31ai                                         │ 7           │
│ sky130_fd_sc_hd__o32a                                          │ 7           │
│ sky130_fd_sc_hd__or2                                           │ 72          │
│ sky130_fd_sc_hd__or2b                                          │ 11          │
│ sky130_fd_sc_hd__or3                                           │ 24          │
│ sky130_fd_sc_hd__or3b                                          │ 21          │
│ sky130_fd_sc_hd__or4                                           │ 7           │
│ sky130_fd_sc_hd__or4b                                          │ 3           │
│ sky130_fd_sc_hd__tapvpwrvgnd                                   │ 1276        │
│ sky130_fd_sc_hd__xnor2                                         │ 19          │
│ sky130_fd_sc_hd__xor2                                          │ 16          │
└────────────────────────────────────────────────────────────────┴─────────────┘
                                  Cells by SCL                                  
┏━━━━━━━━━━━━━━━━━━━━━━━━━━━━━━━━━━━━━━━━━━━━━━━━━━━━━━━┳━━━━━━━━━━━━━━━━━━━━━━┓
┃ SCL                                                   ┃ Count                ┃
┡━━━━━━━━━━━━━━━━━━━━━━━━━━━━━━━━━━━━━━━━━━━━━━━━━━━━━━━╇━━━━━━━━━━━━━━━━━━━━━━┩
│ sky130_fd_sc_hd                                       │ 17381                │
└───────────────────────────────────────────────────────┴──────────────────────┘
                             Buffers by Cell Master                             
┏━━━━━━━━━━━━━━━━━━━━━━━━━━━━━━━━━━━━━━━━━━━━━━━━━━━━━━━━━━━━━━━━┳━━━━━━━━━━━━━┓
┃ Buffer                                                         ┃ Count       ┃
┡━━━━━━━━━━━━━━━━━━━━━━━━━━━━━━━━━━━━━━━━━━━━━━━━━━━━━━━━━━━━━━━━╇━━━━━━━━━━━━━┩
│ sky130_fd_sc_hd__buf_1                                         │ 12          │
│ sky130_fd_sc_hd__buf_2                                         │ 236         │
│ sky130_fd_sc_hd__buf_4                                         │ 1           │
│ sky130_fd_sc_hd__clkbuf_1                                      │ 12          │
│ sky130_fd_sc_hd__clkbuf_16                                     │ 57          │
│ sky130_fd_sc_hd__clkbuf_2                                      │ 12          │
│ sky130_fd_sc_hd__clkbuf_8                                      │ 10          │
│ sky130_fd_sc_hd__clkdlybuf4s25_1                               │ 113         │
│ sky130_fd_sc_hd__dlygate4sd3_1                                 │ 646         │
└────────────────────────────────────────────────────────────────┴─────────────┘
