Clock: clk
Sources: clk 
Generated: no
Virtual: no
Propagated: no
Period: 25.000000

===========================================================================
report_clock_properties
============================================================================
Clock                   Period          Waveform
----------------------------------------------------
clk                  25.000000    0.000000 12.500000

===========================================================================
report_clock_latency
============================================================================
Clock clk
rise -> rise
    min     max
0.000000 0.000000 source latency
4.117599         network latency _6687_/CLK
        4.117599 network latency _6687_/CLK
---------------
4.117599 4.117599 latency
        0.000000 skew

fall -> fall
    min     max
0.000000 0.000000 source latency
2.000712         network latency _6687_/CLK
        2.000712 network latency _6687_/CLK
---------------
2.000712 2.000712 latency
        0.000000 skew



===========================================================================
report_clock_min_period
============================================================================
clk period_min = 7.13 fmax = 140.21
