Clock: clk
Sources: clk 
Generated: no
Virtual: yes
Propagated: no
Period: 25.000000

===========================================================================
report_clock_properties
============================================================================
Clock                   Period          Waveform
----------------------------------------------------
clk                  25.000000    0.000000 12.500000

===========================================================================
report_clock_latency
============================================================================
Clock clk
rise -> rise
    min     max
0.000000 0.000000 source latency
0.677830         network latency _6912_/CLK
        0.692490 network latency _7064_/CLK
---------------
0.677830 0.692490 latency
        0.014660 skew

fall -> fall
    min     max
0.000000 0.000000 source latency
0.604157         network latency _6912_/CLK
        0.615678 network latency _7099_/CLK
---------------
0.604157 0.615678 latency
        0.011521 skew



===========================================================================
report_clock_min_period
============================================================================
clk period_min = 8.19 fmax = 122.14
