Reading timing models for corner nom_tt_025C_1v80…
Reading timing library for the 'nom_tt_025C_1v80' corner at '/home/cl4/.ciel/ciel/sky130/versions/8afc8346a57fe1ab7934ba5a6056ea8b43078e71/sky130A/libs.ref/sky130_fd_sc_hd/lib/sky130_fd_sc_hd__tt_025C_1v80.lib'…
Reading OpenROAD database at '/home/cl4/Desktop/training/single_cycle/runs/RUN_2026-08-22_12-24-55/26-odb-customioplacement/single_cycle_cpu.odb'…
Reading design constraints file at '/home/cl4/Desktop/training/single_cycle/src/impl.sdc'…
[INFO] Using clock clk…
[INFO] Setting output delay to: 5.0
[INFO] Setting input delay to: 5.0
[INFO] Setting load to: 0.033442
[INFO] Setting clock uncertainty to: 0.25
[INFO] Setting clock transition to: 0.1499999999999999944488848768742172978818416595458984375
[INFO] Setting timing derate to: 5%
[INFO] No information on clock propagation in input SDC file-- propagating all clocks.
[INFO] Setting signal min routing layer to: met1 and clock min routing layer to met1. 
[INFO] Setting signal max routing layer to: met5 and clock max routing layer to met5. 
+ global_placement -density 0.6 -timing_driven -routability_driven -pad_right 0 -pad_left 0 -init_wirelength_coef 0.25
[INFO GPL-0001] ---- Initialize GPL Main Data Structures
[INFO GPL-0002] DBU: 1000
[INFO GPL-0003] SiteSize: (  0.460  2.720 ) um
[INFO GPL-0004] CoreBBox: ( 15.180 16.320 ) ( 345.000 342.720 ) um
[INFO GPL-0036] Movable instances area:      40859.187 um^2
[INFO GPL-0037] Total instances area:        43668.131 um^2
[INFO GPL-0035] Pin density area adjust:      3493.631 um^2
[INFO GPL-0032] ---- Initialize Region: Top-level
[INFO GPL-0006] Number of instances:              5879
[INFO GPL-0007] Movable instances:                4114
[INFO GPL-0008] Fixed instances:                  1765
[INFO GPL-0009] Dummy instances:                     0
[INFO GPL-0010] Number of nets:                   4116
[INFO GPL-0011] Number of pins:                  13479
[INFO GPL-0012] Die BBox:  (  0.000  0.000 ) ( 360.000 360.000 ) um
[INFO GPL-0013] Core BBox: ( 15.180 16.320 ) ( 345.000 342.720 ) um
[INFO GPL-0016] Core area:                  107653.248 um^2
[INFO GPL-0014] Region name: top-level.
[INFO GPL-0015] Region area:                107653.248 um^2
[INFO GPL-0017] Fixed instances area:         2808.944 um^2
[INFO GPL-0018] Movable instances area:      44352.818 um^2
[INFO GPL-0019] Utilization:                    42.304 %
[INFO GPL-0020] Standard cells area:         44352.818 um^2
[INFO GPL-0021] Large instances area:            0.000 um^2
[INFO GPL-0005] ---- Execute Conjugate Gradient Initial Placement.
[INFO GPL-0051] Source of initial instance position counters:
	Odb location = 0	Core center = 4114	Region center = 0
[InitialPlace]  Iter: 1 conjugate gradient residual: 0.00010149 HPWL: 65770510
[InitialPlace]  Iter: 2 conjugate gradient residual: 0.00000011 HPWL: 62601963
[InitialPlace]  Iter: 3 conjugate gradient residual: 0.00000008 HPWL: 62469581
[InitialPlace]  Iter: 4 conjugate gradient residual: 0.00000010 HPWL: 62421947
[InitialPlace]  Iter: 5 conjugate gradient residual: 0.00000010 HPWL: 62299360
[INFO GPL-0033] ---- Initialize Nesterov Region: Top-level
[INFO GPL-0023] Placement target density:       0.6000
[INFO GPL-0024] Movable insts average area:     10.781 um^2
[INFO GPL-0025] Ideal bin area:                 17.968 um^2
[INFO GPL-0026] Ideal bin count:                  5991
[INFO GPL-0027] Total bin area:             107653.248 um^2
[INFO GPL-0028] Bin count (X, Y):          64 ,     64
[INFO GPL-0029] Bin size (W * H):       5.153 *  5.100 um
[INFO GPL-0030] Number of bins:                   4096
[INFO GPL-0007] ---- Execute Nesterov Global Placement.
[INFO GPL-0031] HPWL: Half-Perimeter Wirelength
Iteration | Overflow |     HPWL (um) |  HPWL(%) |   Penalty | Group
---------------------------------------------------------------
        0 |   0.9782 |  3.730458e+04 |   +0.00% |  1.48e-15 |      
       10 |   0.9162 |  4.988513e+04 |  +33.72% |  2.41e-15 |      
       20 |   0.9019 |  5.185272e+04 |   +3.94% |  3.92e-15 |      
       30 |   0.9033 |  5.174094e+04 |   -0.22% |  6.39e-15 |      
       40 |   0.9035 |  5.134633e+04 |   -0.76% |  1.04e-14 |      
       50 |   0.9041 |  5.120367e+04 |   -0.28% |  1.70e-14 |      
       60 |   0.9046 |  5.118042e+04 |   -0.05% |  2.76e-14 |      
       70 |   0.9042 |  5.123139e+04 |   +0.10% |  4.50e-14 |      
       80 |   0.9044 |  5.128206e+04 |   +0.10% |  7.33e-14 |      
       90 |   0.9045 |  5.127998e+04 |   -0.00% |  1.19e-13 |      
      100 |   0.9041 |  5.129560e+04 |   +0.03% |  1.94e-13 |      
      110 |   0.9039 |  5.138162e+04 |   +0.17% |  3.17e-13 |      
      120 |   0.9035 |  5.150663e+04 |   +0.24% |  5.16e-13 |      
      130 |   0.9029 |  5.167985e+04 |   +0.34% |  8.40e-13 |      
      140 |   0.9015 |  5.196677e+04 |   +0.56% |  1.37e-12 |      
      150 |   0.8998 |  5.244586e+04 |   +0.92% |  2.23e-12 |      
      160 |   0.8968 |  5.319271e+04 |   +1.42% |  3.63e-12 |      
      170 |   0.8917 |  5.430114e+04 |   +2.08% |  5.91e-12 |      
      180 |   0.8852 |  5.585214e+04 |   +2.86% |  9.63e-12 |      
      190 |   0.8762 |  5.793614e+04 |   +3.73% |  1.57e-11 |      
      200 |   0.8618 |  6.059071e+04 |   +4.58% |  2.55e-11 |      
      210 |   0.8446 |  6.374094e+04 |   +5.20% |  4.16e-11 |      
      220 |   0.8205 |  6.737868e+04 |   +5.71% |  6.77e-11 |      
      230 |   0.7921 |  7.146945e+04 |   +6.07% |  1.10e-10 |      
      240 |   0.7575 |  7.535203e+04 |   +5.43% |  1.80e-10 |      
      250 |   0.7194 |  7.913314e+04 |   +5.02% |  2.92e-10 |      
      260 |   0.6767 |  8.269656e+04 |   +4.50% |  4.76e-10 |      
      270 |   0.6332 |  8.621373e+04 |   +4.25% |  7.75e-10 |      
[INFO GPL-0100] Timing-driven iteration 1/2, virtual: false.
[INFO GPL-0101]    Iter: 271, overflow: 0.633, keep resizer changes at: 1, HPWL: 86213730
Iteration |   Area    | Resized | Buffers | Nets repaired | Remaining
---------------------------------------------------------------------
        0 |     +0.0% |       0 |       0 |             0 |      4121
    final |     +1.8% |       4 |      73 |            10 |         0
---------------------------------------------------------------------
[INFO RSZ-0034] Found 5 slew violations.
[INFO RSZ-0035] Found 6 fanout violations.
[INFO RSZ-0039] Resized 4 instances.
[INFO RSZ-0038] Inserted 73 buffers in 10 nets.
   Iter   |    Area   | Removed | Inserted |   Pins
          |           | Buffers | Buffers  | Remaining
-------------------------------------------------------
        0 |     +0.0% |       0 |        0 |      2965
      290 |     -1.3% |     136 |        1 |      2675
      580 |     -1.4% |     140 |        3 |      2385
      870 |     -1.3% |     173 |       39 |      2095
     1160 |     -1.8% |     232 |       41 |      1805
     1450 |     -2.5% |     318 |       52 |      1515
     1740 |     -2.9% |     443 |      124 |      1225
     2030 |     -2.8% |     496 |      179 |       935
     2320 |     -5.6% |     794 |      189 |       645
     2610 |     -8.9% |    1162 |      189 |       355
     2900 |     -8.9% |    1162 |      189 |        65
    final |     -9.6% |    1217 |      243 |         0
-------------------------------------------------------
[INFO GPL-0106] Timing-driven: worst slack 7.22e-09
[INFO GPL-0107] Timing-driven: repair_design delta area: -3247.110 um^2 (-7.32%)
[INFO GPL-0108] Timing-driven: repair_design, gpl delta gcells: -901 (-21.90%)
[INFO GPL-0109] Timing-driven: repair_design, gcells created: 316, deleted: 1217
[INFO GPL-0110] Timing-driven: new target density: 0.5690293
Iteration | Overflow |     HPWL (um) |  HPWL(%) |   Penalty | Group
---------------------------------------------------------------
      280 |   0.6145 |  8.808366e+04 |   +2.17% |  1.26e-09 |      
[INFO GPL-0038] Routability snapshot saved at iter = 284
      283 |   0.5978 |  8.882710e+04 |          |           |      
      290 |   0.5562 |  9.104112e+04 |   +3.36% |  2.05e-09 |      
      300 |   0.5034 |  9.245591e+04 |   +1.55% |  3.35e-09 |      
      310 |   0.4559 |  9.502428e+04 |   +2.78% |  5.45e-09 |      
      320 |   0.3997 |  9.921491e+04 |   +4.41% |  8.87e-09 |      
      330 |   0.3563 |  1.017815e+05 |   +2.59% |  1.44e-08 |      
      340 |   0.3238 |  1.025665e+05 |   +0.77% |  2.22e-08 |      
[INFO GPL-0040] Routability iteration: 1
[INFO GPL-0041] Total routing overflow: 11.1590
[INFO GPL-0042] Number of overflowed tiles: 117 (4.33%)
[INFO GPL-0043] Average top 0.5% routing congestion: 1.2771
[INFO GPL-0044] Average top 1.0% routing congestion: 1.2269
[INFO GPL-0045] Average top 2.0% routing congestion: 1.1648
[INFO GPL-0046] Average top 5.0% routing congestion: 1.0811
[INFO GPL-0047] Routability iteration weighted routing congestion: 1.2520
[INFO GPL-0048] Routing congestion (1.2520) lower than previous minimum (1e+30). Updating minimum.
[INFO GPL-0051] Inflated area:                1778.954 um^2 (+4.33%)
[INFO GPL-0052] Placement target density:       0.5690
[INFO GPL-0076] Removing fillers, count: Before: 1791, After: 1620 (-9.55%)
[INFO GPL-0077] Filler area (um^2)     : Before: 18553.767, After: 16780.501 (-9.56%)
[INFO GPL-0078] Removed fillers count: 171, area removed: 1771.275 um^2. Remaining area to be compensated by modifying density: 7.678 um^2
[INFO GPL-0058] White space area:           104844.304 um^2 (+0.00%)
[INFO GPL-0059] Movable instances area:      59659.477 um^2 (+0.00%)
[INFO GPL-0060] Total filler area:           16780.501 um^2 (-9.56%)
[INFO GPL-0061] Total non-inflated area:     59665.163 um^2 (+0.01%)
[INFO GPL-0062] Total inflated area:         61444.116 um^2 (+0.01%)
[INFO GPL-0063] New Target Density:             0.5690
[INFO GPL-0087] Routability end iteration: increase inflation and revert back to snapshot.
Iteration | Overflow |     HPWL (um) |  HPWL(%) |   Penalty | Group
---------------------------------------------------------------
      350 |   0.5919 |  9.065457e+04 |  -11.61% |  1.66e-09 |      
      360 |   0.5326 |  9.428467e+04 |   +4.00% |  2.44e-09 |      
      370 |   0.4983 |  9.484282e+04 |   +0.59% |  3.59e-09 |      
      380 |   0.4605 |  9.726989e+04 |   +2.56% |  5.29e-09 |      
      390 |   0.4132 |  1.000337e+05 |   +2.84% |  7.80e-09 |      
      400 |   0.3779 |  1.026577e+05 |   +2.62% |  1.15e-08 |      
      410 |   0.3490 |  1.039879e+05 |   +1.30% |  1.69e-08 |      
      420 |   0.3141 |  1.055119e+05 |   +1.47% |  2.49e-08 |      
[INFO GPL-0040] Routability iteration: 2
[INFO GPL-0041] Total routing overflow: 5.7804
[INFO GPL-0042] Number of overflowed tiles: 85 (3.14%)
[INFO GPL-0043] Average top 0.5% routing congestion: 1.1718
[INFO GPL-0044] Average top 1.0% routing congestion: 1.1331
[INFO GPL-0045] Average top 2.0% routing congestion: 1.0956
[INFO GPL-0046] Average top 5.0% routing congestion: 1.0343
[INFO GPL-0047] Routability iteration weighted routing congestion: 1.1524
[INFO GPL-0048] Routing congestion (1.1524) lower than previous minimum (1.252). Updating minimum.
[INFO GPL-0051] Inflated area:                 624.233 um^2 (+1.46%)
[INFO GPL-0052] Placement target density:       0.5690
[INFO GPL-0076] Removing fillers, count: Before: 1620, After: 1560 (-3.70%)
[INFO GPL-0077] Filler area (um^2)     : Before: 16780.501, After: 16159.001 (-3.70%)
[INFO GPL-0078] Removed fillers count: 60, area removed: 621.500 um^2. Remaining area to be compensated by modifying density: 2.733 um^2
[INFO GPL-0058] White space area:           104844.304 um^2 (+0.00%)
[INFO GPL-0059] Movable instances area:      59659.477 um^2 (+0.00%)
[INFO GPL-0060] Total filler area:           16159.001 um^2 (-3.70%)
[INFO GPL-0061] Total non-inflated area:     59667.896 um^2 (+0.00%)
[INFO GPL-0062] Total inflated area:         60292.129 um^2 (+0.00%)
[INFO GPL-0063] New Target Density:             0.5690
[INFO GPL-0087] Routability end iteration: increase inflation and revert back to snapshot.
Iteration | Overflow |     HPWL (um) |  HPWL(%) |   Penalty | Group
---------------------------------------------------------------
      430 |   0.5851 |  9.208703e+04 |  -12.72% |  1.72e-09 |      
      440 |   0.5252 |  9.535610e+04 |   +3.55% |  2.54e-09 |      
      450 |   0.4957 |  9.619279e+04 |   +0.88% |  3.74e-09 |      
      460 |   0.4570 |  9.846136e+04 |   +2.36% |  5.50e-09 |      
      470 |   0.4133 |  1.011496e+05 |   +2.73% |  8.11e-09 |      
      480 |   0.3768 |  1.038688e+05 |   +2.69% |  1.19e-08 |      
      490 |   0.3442 |  1.050651e+05 |   +1.15% |  1.76e-08 |      
      500 |   0.3100 |  1.066759e+05 |   +1.53% |  2.59e-08 |      
[INFO GPL-0040] Routability iteration: 3
[INFO GPL-0041] Total routing overflow: 4.7473
[INFO GPL-0042] Number of overflowed tiles: 77 (2.85%)
[INFO GPL-0043] Average top 0.5% routing congestion: 1.1411
[INFO GPL-0044] Average top 1.0% routing congestion: 1.1169
[INFO GPL-0045] Average top 2.0% routing congestion: 1.0825
[INFO GPL-0046] Average top 5.0% routing congestion: 1.0249
[INFO GPL-0047] Routability iteration weighted routing congestion: 1.1290
[INFO GPL-0048] Routing congestion (1.1290) lower than previous minimum (1.152). Updating minimum.
[INFO GPL-0051] Inflated area:                 444.273 um^2 (+1.02%)
[INFO GPL-0052] Placement target density:       0.5690
[INFO GPL-0076] Removing fillers, count: Before: 1560, After: 1518 (-2.69%)
[INFO GPL-0077] Filler area (um^2)     : Before: 16159.001, After: 15723.951 (-2.69%)
[INFO GPL-0078] Removed fillers count: 42, area removed: 435.050 um^2. Remaining area to be compensated by modifying density: 9.223 um^2
[INFO GPL-0058] White space area:           104844.304 um^2 (+0.00%)
[INFO GPL-0059] Movable instances area:      59659.477 um^2 (+0.00%)
[INFO GPL-0060] Total filler area:           15723.951 um^2 (-2.69%)
[INFO GPL-0061] Total non-inflated area:     59677.120 um^2 (+0.02%)
[INFO GPL-0062] Total inflated area:         60121.393 um^2 (+0.02%)
[INFO GPL-0063] New Target Density:             0.5690
[INFO GPL-0087] Routability end iteration: increase inflation and revert back to snapshot.
Iteration | Overflow |     HPWL (um) |  HPWL(%) |   Penalty | Group
---------------------------------------------------------------
      510 |   0.5602 |  9.473368e+04 |  -11.19% |  1.93e-09 |      
      520 |   0.5118 |  9.626274e+04 |   +1.61% |  2.85e-09 |      
      530 |   0.4835 |  9.738730e+04 |   +1.17% |  4.20e-09 |      
      540 |   0.4399 |  1.000099e+05 |   +2.69% |  6.18e-09 |      
      550 |   0.4029 |  1.026636e+05 |   +2.65% |  9.10e-09 |      
      560 |   0.3670 |  1.049459e+05 |   +2.22% |  1.34e-08 |      
      570 |   0.3361 |  1.060299e+05 |   +1.03% |  1.97e-08 |      
      580 |   0.2991 |  1.076719e+05 |   +1.55% |  2.91e-08 |      
[INFO GPL-0040] Routability iteration: 4
[INFO GPL-0041] Total routing overflow: 5.0343
[INFO GPL-0042] Number of overflowed tiles: 85 (3.14%)
[INFO GPL-0043] Average top 0.5% routing congestion: 1.1514
[INFO GPL-0044] Average top 1.0% routing congestion: 1.1199
[INFO GPL-0045] Average top 2.0% routing congestion: 1.0851
[INFO GPL-0046] Average top 5.0% routing congestion: 1.0288
[INFO GPL-0047] Routability iteration weighted routing congestion: 1.1357
[INFO GPL-0049] Routing congestion (1.1357) higher than minimum (1.1290). Consecutive non-improvement count: 1.
[INFO GPL-0051] Inflated area:                 503.217 um^2 (+1.14%)
[INFO GPL-0052] Placement target density:       0.5690
[INFO GPL-0076] Removing fillers, count: Before: 1518, After: 1470 (-3.16%)
[INFO GPL-0077] Filler area (um^2)     : Before: 15723.951, After: 15226.751 (-3.16%)
[INFO GPL-0078] Removed fillers count: 48, area removed: 497.200 um^2. Remaining area to be compensated by modifying density: 6.017 um^2
[INFO GPL-0058] White space area:           104844.304 um^2 (+0.00%)
[INFO GPL-0059] Movable instances area:      59659.477 um^2 (+0.00%)
[INFO GPL-0060] Total filler area:           15226.751 um^2 (-3.16%)
[INFO GPL-0061] Total non-inflated area:     59683.136 um^2 (+0.01%)
[INFO GPL-0062] Total inflated area:         60186.353 um^2 (+0.01%)
[INFO GPL-0063] New Target Density:             0.5690
[INFO GPL-0087] Routability end iteration: increase inflation and revert back to snapshot.
Iteration | Overflow |     HPWL (um) |  HPWL(%) |   Penalty | Group
---------------------------------------------------------------
      590 |   0.5362 |  9.671883e+04 |  -10.17% |  2.17e-09 |      
      600 |   0.5045 |  9.727913e+04 |   +0.58% |  3.20e-09 |      
      610 |   0.4714 |  9.867649e+04 |   +1.44% |  4.71e-09 |      
      620 |   0.4282 |  1.013941e+05 |   +2.75% |  6.94e-09 |      
      630 |   0.3910 |  1.043772e+05 |   +2.94% |  1.02e-08 |      
      640 |   0.3562 |  1.061211e+05 |   +1.67% |  1.51e-08 |      
      650 |   0.3266 |  1.072217e+05 |   +1.04% |  2.22e-08 |      
[INFO GPL-0040] Routability iteration: 5
[INFO GPL-0041] Total routing overflow: 4.7758
[INFO GPL-0042] Number of overflowed tiles: 82 (3.03%)
[INFO GPL-0043] Average top 0.5% routing congestion: 1.1447
[INFO GPL-0044] Average top 1.0% routing congestion: 1.1135
[INFO GPL-0045] Average top 2.0% routing congestion: 1.0786
[INFO GPL-0046] Average top 5.0% routing congestion: 1.0260
[INFO GPL-0047] Routability iteration weighted routing congestion: 1.1291
[INFO GPL-0049] Routing congestion (1.1291) higher than minimum (1.1290). Consecutive non-improvement count: 2.
[INFO GPL-0051] Inflated area:                 476.971 um^2 (+1.07%)
[INFO GPL-0052] Placement target density:       0.5690
[INFO GPL-0076] Removing fillers, count: Before: 1470, After: 1424 (-3.13%)
[INFO GPL-0077] Filler area (um^2)     : Before: 15226.751, After: 14750.268 (-3.13%)
[INFO GPL-0078] Removed fillers count: 46, area removed: 476.483 um^2. Remaining area to be compensated by modifying density: 0.488 um^2
[INFO GPL-0058] White space area:           104844.304 um^2 (+0.00%)
[INFO GPL-0059] Movable instances area:      59659.477 um^2 (+0.00%)
[INFO GPL-0060] Total filler area:           14750.268 um^2 (-3.13%)
[INFO GPL-0061] Total non-inflated area:     59683.624 um^2 (+0.00%)
[INFO GPL-0062] Total inflated area:         60160.595 um^2 (+0.00%)
[INFO GPL-0063] New Target Density:             0.5690
[INFO GPL-0087] Routability end iteration: increase inflation and revert back to snapshot.
Iteration | Overflow |     HPWL (um) |  HPWL(%) |   Penalty | Group
---------------------------------------------------------------
      660 |   0.6264 |  8.922752e+04 |  -16.78% |  1.53e-09 |      
      670 |   0.5299 |  9.786224e+04 |   +9.68% |  2.26e-09 |      
      680 |   0.5027 |  9.831887e+04 |   +0.47% |  3.33e-09 |      
      690 |   0.4665 |  9.973081e+04 |   +1.44% |  4.90e-09 |      
      700 |   0.4267 |  1.022173e+05 |   +2.49% |  7.22e-09 |      
      710 |   0.3881 |  1.054781e+05 |   +3.19% |  1.06e-08 |      
      720 |   0.3541 |  1.070309e+05 |   +1.47% |  1.57e-08 |      
      730 |   0.3222 |  1.082994e+05 |   +1.19% |  2.31e-08 |      
[INFO GPL-0040] Routability iteration: 6
[INFO GPL-0041] Total routing overflow: 4.1917
[INFO GPL-0042] Number of overflowed tiles: 81 (3.00%)
[INFO GPL-0043] Average top 0.5% routing congestion: 1.1335
[INFO GPL-0044] Average top 1.0% routing congestion: 1.1049
[INFO GPL-0045] Average top 2.0% routing congestion: 1.0715
[INFO GPL-0046] Average top 5.0% routing congestion: 1.0226
[INFO GPL-0047] Routability iteration weighted routing congestion: 1.1192
[INFO GPL-0048] Routing congestion (1.1192) lower than previous minimum (1.129). Updating minimum.
[INFO GPL-0051] Inflated area:                 439.931 um^2 (+0.98%)
[INFO GPL-0052] Placement target density:       0.5690
[INFO GPL-0076] Removing fillers, count: Before: 1424, After: 1382 (-2.95%)
[INFO GPL-0077] Filler area (um^2)     : Before: 14750.268, After: 14315.218 (-2.95%)
[INFO GPL-0078] Removed fillers count: 42, area removed: 435.050 um^2. Remaining area to be compensated by modifying density: 4.881 um^2
[INFO GPL-0058] White space area:           104844.304 um^2 (+0.00%)
[INFO GPL-0059] Movable instances area:      59659.477 um^2 (+0.00%)
[INFO GPL-0060] Total filler area:           14315.218 um^2 (-2.95%)
[INFO GPL-0061] Total non-inflated area:     59688.505 um^2 (+0.01%)
[INFO GPL-0062] Total inflated area:         60128.436 um^2 (+0.01%)
[INFO GPL-0063] New Target Density:             0.5690
[INFO GPL-0087] Routability end iteration: increase inflation and revert back to snapshot.
Iteration | Overflow |     HPWL (um) |  HPWL(%) |   Penalty | Group
---------------------------------------------------------------
      740 |   0.6298 |  8.922752e+04 |  -17.61% |  1.53e-09 |      
      750 |   0.5271 |  9.844188e+04 |  +10.33% |  2.26e-09 |      
      760 |   0.5026 |  9.914566e+04 |   +0.71% |  3.33e-09 |      
      770 |   0.4673 |  1.003739e+05 |   +1.24% |  4.90e-09 |      
      780 |   0.4278 |  1.028544e+05 |   +2.47% |  7.21e-09 |      
      790 |   0.3904 |  1.061456e+05 |   +3.20% |  1.06e-08 |      
      800 |   0.3534 |  1.074775e+05 |   +1.25% |  1.57e-08 |      
      810 |   0.3246 |  1.087015e+05 |   +1.14% |  2.31e-08 |      
[INFO GPL-0040] Routability iteration: 7
[INFO GPL-0041] Total routing overflow: 4.0634
[INFO GPL-0042] Number of overflowed tiles: 78 (2.88%)
[INFO GPL-0043] Average top 0.5% routing congestion: 1.1185
[INFO GPL-0044] Average top 1.0% routing congestion: 1.0971
[INFO GPL-0045] Average top 2.0% routing congestion: 1.0696
[INFO GPL-0046] Average top 5.0% routing congestion: 1.0195
[INFO GPL-0047] Routability iteration weighted routing congestion: 1.1078
[INFO GPL-0048] Routing congestion (1.1078) lower than previous minimum (1.119). Updating minimum.
[INFO GPL-0051] Inflated area:                 354.600 um^2 (+0.78%)
[INFO GPL-0052] Placement target density:       0.5690
[INFO GPL-0076] Removing fillers, count: Before: 1382, After: 1348 (-2.46%)
[INFO GPL-0077] Filler area (um^2)     : Before: 14315.218, After: 13963.034 (-2.46%)
[INFO GPL-0078] Removed fillers count: 34, area removed: 352.183 um^2. Remaining area to be compensated by modifying density: 2.417 um^2
[INFO GPL-0058] White space area:           104844.304 um^2 (+0.00%)
[INFO GPL-0059] Movable instances area:      59659.477 um^2 (+0.00%)
[INFO GPL-0060] Total filler area:           13963.034 um^2 (-2.46%)
[INFO GPL-0061] Total non-inflated area:     59690.922 um^2 (+0.00%)
[INFO GPL-0062] Total inflated area:         60045.522 um^2 (+0.00%)
[INFO GPL-0063] New Target Density:             0.5690
[INFO GPL-0087] Routability end iteration: increase inflation and revert back to snapshot.
Iteration | Overflow |     HPWL (um) |  HPWL(%) |   Penalty | Group
---------------------------------------------------------------
      820 |   0.6325 |  8.922752e+04 |  -17.92% |  1.53e-09 |      
      830 |   0.5251 |  9.907025e+04 |  +11.03% |  2.26e-09 |      
      840 |   0.5021 |  9.985586e+04 |   +0.79% |  3.33e-09 |      
      850 |   0.4668 |  1.007844e+05 |   +0.93% |  4.90e-09 |      
      860 |   0.4299 |  1.034132e+05 |   +2.61% |  7.21e-09 |      
      870 |   0.3911 |  1.067958e+05 |   +3.27% |  1.06e-08 |      
      880 |   0.3536 |  1.082143e+05 |   +1.33% |  1.56e-08 |      
      890 |   0.3232 |  1.093224e+05 |   +1.02% |  2.31e-08 |      
[INFO GPL-0040] Routability iteration: 8
[INFO GPL-0041] Total routing overflow: 3.6350
[INFO GPL-0042] Number of overflowed tiles: 79 (2.92%)
[INFO GPL-0043] Average top 0.5% routing congestion: 1.1159
[INFO GPL-0044] Average top 1.0% routing congestion: 1.0909
[INFO GPL-0045] Average top 2.0% routing congestion: 1.0627
[INFO GPL-0046] Average top 5.0% routing congestion: 1.0186
[INFO GPL-0047] Routability iteration weighted routing congestion: 1.1034
[INFO GPL-0048] Routing congestion (1.1034) lower than previous minimum (1.108). Updating minimum.
[INFO GPL-0051] Inflated area:                 371.157 um^2 (+0.81%)
[INFO GPL-0052] Placement target density:       0.5690
[INFO GPL-0076] Removing fillers, count: Before: 1348, After: 1313 (-2.60%)
[INFO GPL-0077] Filler area (um^2)     : Before: 13963.034, After: 13600.493 (-2.60%)
[INFO GPL-0078] Removed fillers count: 35, area removed: 362.542 um^2. Remaining area to be compensated by modifying density: 8.615 um^2
[INFO GPL-0058] White space area:           104844.304 um^2 (+0.00%)
[INFO GPL-0059] Movable instances area:      59659.477 um^2 (+0.00%)
[INFO GPL-0060] Total filler area:           13600.493 um^2 (-2.60%)
[INFO GPL-0061] Total non-inflated area:     59699.537 um^2 (+0.01%)
[INFO GPL-0062] Total inflated area:         60070.694 um^2 (+0.01%)
[INFO GPL-0063] New Target Density:             0.5690
[INFO GPL-0087] Routability end iteration: increase inflation and revert back to snapshot.
Iteration | Overflow |     HPWL (um) |  HPWL(%) |   Penalty | Group
---------------------------------------------------------------
      900 |   0.6258 |  9.004697e+04 |  -17.63% |  1.59e-09 |      
      910 |   0.5205 |  1.000053e+05 |  +11.06% |  2.35e-09 |      
      920 |   0.5001 |  1.006643e+05 |   +0.66% |  3.46e-09 |      
      930 |   0.4628 |  1.013804e+05 |   +0.71% |  5.09e-09 |      
      940 |   0.4258 |  1.042507e+05 |   +2.83% |  7.50e-09 |      
      950 |   0.3827 |  1.074621e+05 |   +3.08% |  1.10e-08 |      
      960 |   0.3523 |  1.084708e+05 |   +0.94% |  1.63e-08 |      
      970 |   0.3235 |  1.096392e+05 |   +1.08% |  2.40e-08 |      
[INFO GPL-0040] Routability iteration: 9
[INFO GPL-0041] Total routing overflow: 3.8525
[INFO GPL-0042] Number of overflowed tiles: 80 (2.96%)
[INFO GPL-0043] Average top 0.5% routing congestion: 1.1158
[INFO GPL-0044] Average top 1.0% routing congestion: 1.0887
[INFO GPL-0045] Average top 2.0% routing congestion: 1.0649
[INFO GPL-0046] Average top 5.0% routing congestion: 1.0200
[INFO GPL-0047] Routability iteration weighted routing congestion: 1.1022
[INFO GPL-0048] Routing congestion (1.1022) lower than previous minimum (1.103). Updating minimum.
[INFO GPL-0051] Inflated area:                 395.627 um^2 (+0.86%)
[INFO GPL-0052] Placement target density:       0.5690
[INFO GPL-0076] Removing fillers, count: Before: 1313, After: 1275 (-2.89%)
[INFO GPL-0077] Filler area (um^2)     : Before: 13600.493, After: 13206.876 (-2.89%)
[INFO GPL-0078] Removed fillers count: 38, area removed: 393.617 um^2. Remaining area to be compensated by modifying density: 2.010 um^2
[INFO GPL-0058] White space area:           104844.304 um^2 (+0.00%)
[INFO GPL-0059] Movable instances area:      59659.477 um^2 (+0.00%)
[INFO GPL-0060] Total filler area:           13206.876 um^2 (-2.89%)
[INFO GPL-0061] Total non-inflated area:     59701.547 um^2 (+0.00%)
[INFO GPL-0062] Total inflated area:         60097.174 um^2 (+0.00%)
[INFO GPL-0063] New Target Density:             0.5690
[INFO GPL-0087] Routability end iteration: increase inflation and revert back to snapshot.
Iteration | Overflow |     HPWL (um) |  HPWL(%) |   Penalty | Group
---------------------------------------------------------------
      980 |   0.6285 |  9.008250e+04 |  -17.84% |  1.59e-09 |      
      990 |   0.5184 |  1.008457e+05 |  +11.95% |  2.35e-09 |      
     1000 |   0.4996 |  1.014557e+05 |   +0.60% |  3.46e-09 |      
     1010 |   0.4635 |  1.020544e+05 |   +0.59% |  5.09e-09 |      
     1020 |   0.4261 |  1.049431e+05 |   +2.83% |  7.50e-09 |      
     1030 |   0.3836 |  1.081020e+05 |   +3.01% |  1.10e-08 |      
     1040 |   0.3540 |  1.089032e+05 |   +0.74% |  1.63e-08 |      
     1050 |   0.3241 |  1.101824e+05 |   +1.17% |  2.40e-08 |      
[INFO GPL-0040] Routability iteration: 10
[INFO GPL-0041] Total routing overflow: 3.8389
[INFO GPL-0042] Number of overflowed tiles: 82 (3.03%)
[INFO GPL-0043] Average top 0.5% routing congestion: 1.1162
[INFO GPL-0044] Average top 1.0% routing congestion: 1.0911
[INFO GPL-0045] Average top 2.0% routing congestion: 1.0640
[INFO GPL-0046] Average top 5.0% routing congestion: 1.0205
[INFO GPL-0047] Routability iteration weighted routing congestion: 1.1036
[INFO GPL-0049] Routing congestion (1.1036) higher than minimum (1.1022). Consecutive non-improvement count: 1.
[INFO GPL-0051] Inflated area:                 364.360 um^2 (+0.78%)
[INFO GPL-0052] Placement target density:       0.5690
[INFO GPL-0076] Removing fillers, count: Before: 1275, After: 1240 (-2.75%)
[INFO GPL-0077] Filler area (um^2)     : Before: 13206.876, After: 12844.334 (-2.75%)
[INFO GPL-0078] Removed fillers count: 35, area removed: 362.542 um^2. Remaining area to be compensated by modifying density: 1.818 um^2
[INFO GPL-0058] White space area:           104844.304 um^2 (+0.00%)
[INFO GPL-0059] Movable instances area:      59659.477 um^2 (+0.00%)
[INFO GPL-0060] Total filler area:           12844.334 um^2 (-2.75%)
[INFO GPL-0061] Total non-inflated area:     59703.366 um^2 (+0.00%)
[INFO GPL-0062] Total inflated area:         60067.726 um^2 (+0.00%)
[INFO GPL-0063] New Target Density:             0.5690
[INFO GPL-0087] Routability end iteration: increase inflation and revert back to snapshot.
Iteration | Overflow |     HPWL (um) |  HPWL(%) |   Penalty | Group
---------------------------------------------------------------
     1060 |   0.6309 |  9.011630e+04 |  -18.21% |  1.59e-09 |      
     1070 |   0.5164 |  1.016288e+05 |  +12.78% |  2.35e-09 |      
     1080 |   0.5004 |  1.021860e+05 |   +0.55% |  3.46e-09 |      
     1090 |   0.4636 |  1.027092e+05 |   +0.51% |  5.09e-09 |      
     1100 |   0.4279 |  1.055790e+05 |   +2.79% |  7.50e-09 |      
     1110 |   0.3866 |  1.088680e+05 |   +3.12% |  1.10e-08 |      
     1120 |   0.3533 |  1.097960e+05 |   +0.85% |  1.63e-08 |      
     1130 |   0.3283 |  1.109984e+05 |   +1.10% |  2.40e-08 |      
[INFO GPL-0040] Routability iteration: 11
[INFO GPL-0041] Total routing overflow: 3.3911
[INFO GPL-0042] Number of overflowed tiles: 85 (3.14%)
[INFO GPL-0043] Average top 0.5% routing congestion: 1.1051
[INFO GPL-0044] Average top 1.0% routing congestion: 1.0812
[INFO GPL-0045] Average top 2.0% routing congestion: 1.0568
[INFO GPL-0046] Average top 5.0% routing congestion: 1.0175
[INFO GPL-0047] Routability iteration weighted routing congestion: 1.0932
[INFO GPL-0048] Routing congestion (1.0932) lower than previous minimum (1.102). Updating minimum.
[INFO GPL-0051] Inflated area:                 294.882 um^2 (+0.63%)
[INFO GPL-0052] Placement target density:       0.5690
[INFO GPL-0076] Removing fillers, count: Before: 1240, After: 1212 (-2.26%)
[INFO GPL-0077] Filler area (um^2)     : Before: 12844.334, After: 12554.301 (-2.26%)
[INFO GPL-0078] Removed fillers count: 28, area removed: 290.033 um^2. Remaining area to be compensated by modifying density: 4.849 um^2
[INFO GPL-0058] White space area:           104844.304 um^2 (+0.00%)
[INFO GPL-0059] Movable instances area:      59659.477 um^2 (+0.00%)
[INFO GPL-0060] Total filler area:           12554.301 um^2 (-2.26%)
[INFO GPL-0061] Total non-inflated area:     59708.214 um^2 (+0.01%)
[INFO GPL-0062] Total inflated area:         60003.096 um^2 (+0.01%)
[INFO GPL-0063] New Target Density:             0.5690
[INFO GPL-0087] Routability end iteration: increase inflation and revert back to snapshot.
Iteration | Overflow |     HPWL (um) |  HPWL(%) |   Penalty | Group
---------------------------------------------------------------
     1140 |   0.6329 |  9.014651e+04 |  -18.79% |  1.59e-09 |      
     1150 |   0.5130 |  1.019958e+05 |  +13.14% |  2.35e-09 |      
     1160 |   0.4995 |  1.028648e+05 |   +0.85% |  3.46e-09 |      
     1170 |   0.4638 |  1.031084e+05 |   +0.24% |  5.09e-09 |      
     1180 |   0.4273 |  1.059577e+05 |   +2.76% |  7.50e-09 |      
     1190 |   0.3868 |  1.093940e+05 |   +3.24% |  1.10e-08 |      
     1200 |   0.3520 |  1.102714e+05 |   +0.80% |  1.63e-08 |      
     1210 |   0.3261 |  1.116428e+05 |   +1.24% |  2.40e-08 |      
[INFO GPL-0040] Routability iteration: 12
[INFO GPL-0041] Total routing overflow: 3.3318
[INFO GPL-0042] Number of overflowed tiles: 85 (3.14%)
[INFO GPL-0043] Average top 0.5% routing congestion: 1.1046
[INFO GPL-0044] Average top 1.0% routing congestion: 1.0790
[INFO GPL-0045] Average top 2.0% routing congestion: 1.0548
[INFO GPL-0046] Average top 5.0% routing congestion: 1.0170
[INFO GPL-0047] Routability iteration weighted routing congestion: 1.0918
[INFO GPL-0048] Routing congestion (1.0918) lower than previous minimum (1.093). Updating minimum.
[INFO GPL-0051] Inflated area:                 283.445 um^2 (+0.60%)
[INFO GPL-0052] Placement target density:       0.5690
[INFO GPL-0076] Removing fillers, count: Before: 1212, After: 1185 (-2.23%)
[INFO GPL-0077] Filler area (um^2)     : Before: 12554.301, After: 12274.626 (-2.23%)
[INFO GPL-0078] Removed fillers count: 27, area removed: 279.675 um^2. Remaining area to be compensated by modifying density: 3.770 um^2
[INFO GPL-0058] White space area:           104844.304 um^2 (+0.00%)
[INFO GPL-0059] Movable instances area:      59659.477 um^2 (+0.00%)
[INFO GPL-0060] Total filler area:           12274.626 um^2 (-2.23%)
[INFO GPL-0061] Total non-inflated area:     59711.985 um^2 (+0.01%)
[INFO GPL-0062] Total inflated area:         59995.430 um^2 (+0.01%)
[INFO GPL-0063] New Target Density:             0.5690
[INFO GPL-0087] Routability end iteration: increase inflation and revert back to snapshot.
Iteration | Overflow |     HPWL (um) |  HPWL(%) |   Penalty | Group
---------------------------------------------------------------
     1220 |   0.6450 |  8.922752e+04 |  -20.08% |  1.53e-09 |      
     1230 |   0.5181 |  1.023771e+05 |  +14.74% |  2.26e-09 |      
     1240 |   0.5014 |  1.035171e+05 |   +1.11% |  3.32e-09 |      
     1250 |   0.4680 |  1.034372e+05 |   -0.08% |  4.90e-09 |      
     1260 |   0.4310 |  1.060843e+05 |   +2.56% |  7.21e-09 |      
     1270 |   0.3912 |  1.096435e+05 |   +3.36% |  1.06e-08 |      
     1280 |   0.3571 |  1.107302e+05 |   +0.99% |  1.56e-08 |      
     1290 |   0.3267 |  1.118673e+05 |   +1.03% |  2.30e-08 |      
[INFO GPL-0040] Routability iteration: 13
[INFO GPL-0041] Total routing overflow: 3.6069
[INFO GPL-0042] Number of overflowed tiles: 83 (3.07%)
[INFO GPL-0043] Average top 0.5% routing congestion: 1.1004
[INFO GPL-0044] Average top 1.0% routing congestion: 1.0817
[INFO GPL-0045] Average top 2.0% routing congestion: 1.0601
[INFO GPL-0046] Average top 5.0% routing congestion: 1.0184
[INFO GPL-0047] Routability iteration weighted routing congestion: 1.0911
[INFO GPL-0049] Routing congestion (1.0911) higher than minimum (1.0918). Consecutive non-improvement count: 1.
[INFO GPL-0051] Inflated area:                 311.825 um^2 (+0.66%)
[INFO GPL-0052] Placement target density:       0.5690
[INFO GPL-0076] Removing fillers, count: Before: 1185, After: 1155 (-2.53%)
[INFO GPL-0077] Filler area (um^2)     : Before: 12274.626, After: 11963.876 (-2.53%)
[INFO GPL-0078] Removed fillers count: 30, area removed: 310.750 um^2. Remaining area to be compensated by modifying density: 1.074 um^2
[INFO GPL-0058] White space area:           104844.304 um^2 (+0.00%)
[INFO GPL-0059] Movable instances area:      59659.477 um^2 (+0.00%)
[INFO GPL-0060] Total filler area:           11963.876 um^2 (-2.53%)
[INFO GPL-0061] Total non-inflated area:     59713.059 um^2 (+0.00%)
[INFO GPL-0062] Total inflated area:         60024.884 um^2 (+0.00%)
[INFO GPL-0063] New Target Density:             0.5690
[INFO GPL-0087] Routability end iteration: increase inflation and revert back to snapshot.
Iteration | Overflow |     HPWL (um) |  HPWL(%) |   Penalty | Group
---------------------------------------------------------------
     1300 |   0.6471 |  8.922752e+04 |  -20.24% |  1.53e-09 |      
     1310 |   0.5142 |  1.030225e+05 |  +15.46% |  2.26e-09 |      
     1320 |   0.5013 |  1.042688e+05 |   +1.21% |  3.32e-09 |      
     1330 |   0.4685 |  1.039576e+05 |   -0.30% |  4.90e-09 |      
     1340 |   0.4308 |  1.066495e+05 |   +2.59% |  7.21e-09 |      
     1350 |   0.3917 |  1.101474e+05 |   +3.28% |  1.06e-08 |      
     1360 |   0.3553 |  1.112941e+05 |   +1.04% |  1.56e-08 |      
     1370 |   0.3270 |  1.123618e+05 |   +0.96% |  2.30e-08 |      
     1380 |   0.2963 |  1.139292e+05 |   +1.40% |  3.39e-08 |      
[INFO GPL-0040] Routability iteration: 14
[INFO GPL-0041] Total routing overflow: 3.1852
[INFO GPL-0042] Number of overflowed tiles: 75 (2.77%)
[INFO GPL-0043] Average top 0.5% routing congestion: 1.1019
[INFO GPL-0044] Average top 1.0% routing congestion: 1.0799
[INFO GPL-0045] Average top 2.0% routing congestion: 1.0554
[INFO GPL-0046] Average top 5.0% routing congestion: 1.0155
[INFO GPL-0047] Routability iteration weighted routing congestion: 1.0909
[INFO GPL-0049] Routing congestion (1.0909) higher than minimum (1.0918). Consecutive non-improvement count: 2.
[INFO GPL-0051] Inflated area:                 244.455 um^2 (+0.51%)
[INFO GPL-0052] Placement target density:       0.5690
[INFO GPL-0076] Removing fillers, count: Before: 1155, After: 1132 (-1.99%)
[INFO GPL-0077] Filler area (um^2)     : Before: 11963.876, After: 11725.634 (-1.99%)
[INFO GPL-0078] Removed fillers count: 23, area removed: 238.242 um^2. Remaining area to be compensated by modifying density: 6.214 um^2
[INFO GPL-0058] White space area:           104844.304 um^2 (+0.00%)
[INFO GPL-0059] Movable instances area:      59659.477 um^2 (+0.00%)
[INFO GPL-0060] Total filler area:           11725.634 um^2 (-1.99%)
[INFO GPL-0061] Total non-inflated area:     59719.273 um^2 (+0.01%)
[INFO GPL-0062] Total inflated area:         59963.728 um^2 (+0.01%)
[INFO GPL-0063] New Target Density:             0.5690
[INFO GPL-0087] Routability end iteration: increase inflation and revert back to snapshot.
Iteration | Overflow |     HPWL (um) |  HPWL(%) |   Penalty | Group
---------------------------------------------------------------
     1390 |   0.5165 |  1.033804e+05 |   -9.26% |  2.17e-09 |      
     1400 |   0.5036 |  1.045627e+05 |   +1.14% |  3.20e-09 |      
     1410 |   0.4721 |  1.042161e+05 |   -0.33% |  4.71e-09 |      
     1420 |   0.4358 |  1.065766e+05 |   +2.26% |  6.94e-09 |      
     1430 |   0.3965 |  1.101301e+05 |   +3.33% |  1.02e-08 |      
     1440 |   0.3566 |  1.115798e+05 |   +1.32% |  1.50e-08 |      
     1450 |   0.3317 |  1.125542e+05 |   +0.87% |  2.22e-08 |      
     1460 |   0.2990 |  1.141947e+05 |   +1.46% |  3.27e-08 |      
[INFO GPL-0040] Routability iteration: 15
[INFO GPL-0041] Total routing overflow: 3.2013
[INFO GPL-0042] Number of overflowed tiles: 75 (2.77%)
[INFO GPL-0043] Average top 0.5% routing congestion: 1.0916
[INFO GPL-0044] Average top 1.0% routing congestion: 1.0757
[INFO GPL-0045] Average top 2.0% routing congestion: 1.0541
[INFO GPL-0046] Average top 5.0% routing congestion: 1.0143
[INFO GPL-0047] Routability iteration weighted routing congestion: 1.0837
[INFO GPL-0048] Routing congestion (1.0837) lower than previous minimum (1.092). Updating minimum.
[INFO GPL-0051] Inflated area:                 261.015 um^2 (+0.54%)
[INFO GPL-0052] Placement target density:       0.5690
[INFO GPL-0076] Removing fillers, count: Before: 1132, After: 1107 (-2.21%)
[INFO GPL-0077] Filler area (um^2)     : Before: 11725.634, After: 11466.676 (-2.21%)
[INFO GPL-0078] Removed fillers count: 25, area removed: 258.958 um^2. Remaining area to be compensated by modifying density: 2.057 um^2
[INFO GPL-0058] White space area:           104844.304 um^2 (+0.00%)
[INFO GPL-0059] Movable instances area:      59659.477 um^2 (+0.00%)
[INFO GPL-0060] Total filler area:           11466.676 um^2 (-2.21%)
[INFO GPL-0061] Total non-inflated area:     59721.329 um^2 (+0.00%)
[INFO GPL-0062] Total inflated area:         59982.344 um^2 (+0.00%)
[INFO GPL-0063] New Target Density:             0.5690
[INFO GPL-0087] Routability end iteration: increase inflation and revert back to snapshot.
Iteration | Overflow |     HPWL (um) |  HPWL(%) |   Penalty | Group
---------------------------------------------------------------
     1470 |   0.5140 |  1.044015e+05 |   -8.58% |  2.17e-09 |      
     1480 |   0.5026 |  1.050999e+05 |   +0.67% |  3.20e-09 |      
     1490 |   0.4715 |  1.047289e+05 |   -0.35% |  4.71e-09 |      
     1500 |   0.4348 |  1.069121e+05 |   +2.08% |  6.94e-09 |      
     1510 |   0.3959 |  1.104526e+05 |   +3.31% |  1.02e-08 |      
     1520 |   0.3575 |  1.119085e+05 |   +1.32% |  1.50e-08 |      
     1530 |   0.3324 |  1.129443e+05 |   +0.93% |  2.22e-08 |      
     1540 |   0.3002 |  1.145602e+05 |   +1.43% |  3.26e-08 |      
[INFO GPL-0040] Routability iteration: 16
[INFO GPL-0041] Total routing overflow: 2.7164
[INFO GPL-0042] Number of overflowed tiles: 70 (2.59%)
[INFO GPL-0043] Average top 0.5% routing congestion: 1.0857
[INFO GPL-0044] Average top 1.0% routing congestion: 1.0678
[INFO GPL-0045] Average top 2.0% routing congestion: 1.0474
[INFO GPL-0046] Average top 5.0% routing congestion: 1.0098
[INFO GPL-0047] Routability iteration weighted routing congestion: 1.0768
[INFO GPL-0048] Routing congestion (1.0768) lower than previous minimum (1.084). Updating minimum.
[INFO GPL-0051] Inflated area:                 247.103 um^2 (+0.51%)
[INFO GPL-0052] Placement target density:       0.5690
[INFO GPL-0076] Removing fillers, count: Before: 1107, After: 1084 (-2.08%)
[INFO GPL-0077] Filler area (um^2)     : Before: 11466.676, After: 11228.434 (-2.08%)
[INFO GPL-0078] Removed fillers count: 23, area removed: 238.242 um^2. Remaining area to be compensated by modifying density: 8.862 um^2
[INFO GPL-0058] White space area:           104844.304 um^2 (+0.00%)
[INFO GPL-0059] Movable instances area:      59659.477 um^2 (+0.00%)
[INFO GPL-0060] Total filler area:           11228.434 um^2 (-2.08%)
[INFO GPL-0061] Total non-inflated area:     59730.191 um^2 (+0.01%)
[INFO GPL-0062] Total inflated area:         59977.294 um^2 (+0.01%)
[INFO GPL-0063] New Target Density:             0.5690
[INFO GPL-0087] Routability end iteration: increase inflation and revert back to snapshot.
Iteration | Overflow |     HPWL (um) |  HPWL(%) |   Penalty | Group
---------------------------------------------------------------
     1550 |   0.5254 |  1.039316e+05 |   -9.28% |  2.09e-09 |      
     1560 |   0.5041 |  1.056247e+05 |   +1.63% |  3.08e-09 |      
     1570 |   0.4729 |  1.051095e+05 |   -0.49% |  4.53e-09 |      
     1580 |   0.4397 |  1.068694e+05 |   +1.67% |  6.67e-09 |      
     1590 |   0.3987 |  1.104299e+05 |   +3.33% |  9.83e-09 |      
     1600 |   0.3613 |  1.121964e+05 |   +1.60% |  1.45e-08 |      
     1610 |   0.3352 |  1.130812e+05 |   +0.79% |  2.13e-08 |      
     1620 |   0.3030 |  1.147947e+05 |   +1.52% |  3.14e-08 |      
[INFO GPL-0040] Routability iteration: 17
[INFO GPL-0041] Total routing overflow: 2.8474
[INFO GPL-0042] Number of overflowed tiles: 77 (2.85%)
[INFO GPL-0043] Average top 0.5% routing congestion: 1.0893
[INFO GPL-0044] Average top 1.0% routing congestion: 1.0705
[INFO GPL-0045] Average top 2.0% routing congestion: 1.0486
[INFO GPL-0046] Average top 5.0% routing congestion: 1.0119
[INFO GPL-0047] Routability iteration weighted routing congestion: 1.0799
[INFO GPL-0049] Routing congestion (1.0799) higher than minimum (1.0768). Consecutive non-improvement count: 1.
[INFO GPL-0051] Inflated area:                 244.489 um^2 (+0.50%)
[INFO GPL-0052] Placement target density:       0.5690
[INFO GPL-0076] Removing fillers, count: Before: 1084, After: 1061 (-2.12%)
[INFO GPL-0077] Filler area (um^2)     : Before: 11228.434, After: 10990.192 (-2.12%)
[INFO GPL-0078] Removed fillers count: 23, area removed: 238.242 um^2. Remaining area to be compensated by modifying density: 6.248 um^2
[INFO GPL-0058] White space area:           104844.304 um^2 (+0.00%)
[INFO GPL-0059] Movable instances area:      59659.477 um^2 (+0.00%)
[INFO GPL-0060] Total filler area:           10990.192 um^2 (-2.12%)
[INFO GPL-0061] Total non-inflated area:     59736.438 um^2 (+0.01%)
[INFO GPL-0062] Total inflated area:         59980.928 um^2 (+0.01%)
[INFO GPL-0063] New Target Density:             0.5690
[INFO GPL-0087] Routability end iteration: increase inflation and revert back to snapshot.
Iteration | Overflow |     HPWL (um) |  HPWL(%) |   Penalty | Group
---------------------------------------------------------------
     1630 |   0.5226 |  1.044753e+05 |   -8.99% |  2.09e-09 |      
     1640 |   0.5038 |  1.061626e+05 |   +1.61% |  3.08e-09 |      
     1650 |   0.4719 |  1.055465e+05 |   -0.58% |  4.53e-09 |      
     1660 |   0.4390 |  1.074720e+05 |   +1.82% |  6.67e-09 |      
     1670 |   0.4008 |  1.110231e+05 |   +3.30% |  9.83e-09 |      
     1680 |   0.3621 |  1.126471e+05 |   +1.46% |  1.45e-08 |      
     1690 |   0.3331 |  1.135718e+05 |   +0.82% |  2.13e-08 |      
     1700 |   0.3010 |  1.150720e+05 |   +1.32% |  3.14e-08 |      
[INFO GPL-0040] Routability iteration: 18
[INFO GPL-0041] Total routing overflow: 2.5169
[INFO GPL-0042] Number of overflowed tiles: 69 (2.55%)
[INFO GPL-0043] Average top 0.5% routing congestion: 1.0864
[INFO GPL-0044] Average top 1.0% routing congestion: 1.0666
[INFO GPL-0045] Average top 2.0% routing congestion: 1.0445
[INFO GPL-0046] Average top 5.0% routing congestion: 1.0072
[INFO GPL-0047] Routability iteration weighted routing congestion: 1.0765
[INFO GPL-0049] Routing congestion (1.0765) higher than minimum (1.0768). Consecutive non-improvement count: 2.
[INFO GPL-0051] Inflated area:                 233.492 um^2 (+0.48%)
[INFO GPL-0052] Placement target density:       0.5690
[INFO GPL-0076] Removing fillers, count: Before: 1061, After: 1039 (-2.07%)
[INFO GPL-0077] Filler area (um^2)     : Before: 10990.192, After: 10762.309 (-2.07%)
[INFO GPL-0078] Removed fillers count: 22, area removed: 227.883 um^2. Remaining area to be compensated by modifying density: 5.608 um^2
[INFO GPL-0058] White space area:           104844.304 um^2 (+0.00%)
[INFO GPL-0059] Movable instances area:      59659.477 um^2 (+0.00%)
[INFO GPL-0060] Total filler area:           10762.309 um^2 (-2.07%)
[INFO GPL-0061] Total non-inflated area:     59742.047 um^2 (+0.01%)
[INFO GPL-0062] Total inflated area:         59975.538 um^2 (+0.01%)
[INFO GPL-0063] New Target Density:             0.5690
[INFO GPL-0087] Routability end iteration: increase inflation and revert back to snapshot.
Iteration | Overflow |     HPWL (um) |  HPWL(%) |   Penalty | Group
---------------------------------------------------------------
     1710 |   0.5287 |  1.043380e+05 |   -9.33% |  2.01e-09 |      
     1720 |   0.5042 |  1.065523e+05 |   +2.12% |  2.96e-09 |      
     1730 |   0.4760 |  1.060426e+05 |   -0.48% |  4.36e-09 |      
     1740 |   0.4430 |  1.076013e+05 |   +1.47% |  6.42e-09 |      
     1750 |   0.4003 |  1.110664e+05 |   +3.22% |  9.45e-09 |      
     1760 |   0.3635 |  1.128799e+05 |   +1.63% |  1.39e-08 |      
     1770 |   0.3391 |  1.137201e+05 |   +0.74% |  2.05e-08 |      
     1780 |   0.3035 |  1.152525e+05 |   +1.35% |  3.02e-08 |      
[INFO GPL-0040] Routability iteration: 19
[INFO GPL-0041] Total routing overflow: 3.5063
[INFO GPL-0042] Number of overflowed tiles: 78 (2.88%)
[INFO GPL-0043] Average top 0.5% routing congestion: 1.1057
[INFO GPL-0044] Average top 1.0% routing congestion: 1.0838
[INFO GPL-0045] Average top 2.0% routing congestion: 1.0600
[INFO GPL-0046] Average top 5.0% routing congestion: 1.0163
[INFO GPL-0047] Routability iteration weighted routing congestion: 1.0947
[INFO GPL-0049] Routing congestion (1.0947) higher than minimum (1.0768). Consecutive non-improvement count: 3.
[INFO GPL-0051] Inflated area:                 348.410 um^2 (+0.71%)
[INFO GPL-0052] Placement target density:       0.5690
[INFO GPL-0076] Removing fillers, count: Before: 1039, After: 1006 (-3.18%)
[INFO GPL-0077] Filler area (um^2)     : Before: 10762.309, After: 10420.484 (-3.18%)
[INFO GPL-0078] Removed fillers count: 33, area removed: 341.825 um^2. Remaining area to be compensated by modifying density: 6.585 um^2
[INFO GPL-0054] No improvement in routing congestion for 3 consecutive iterations (limit is 3).
[INFO GPL-0055] Reverting inflation values and target density from the iteration with minimum observed routing congestion.
[INFO GPL-0056] Minimum observed routing congestion: 1.0768
[INFO GPL-0057] Target density at minimum routing congestion: 0.5690
[INFO GPL-0080] Restoring 101 previously removed fillers.
[INFO GPL-0081] Number of fillers before restoration 1006 and after 1107 . Relative change: +10.04%%
[INFO GPL-0082] Total filler area before restoration 10420.48 and after 11466.68 (um^2). Relative change: +10.04%%
[INFO GPL-0089] Routability finished. Reverting to minimal observed routing congestion, could not reach target.
Iteration | Overflow |     HPWL (um) |  HPWL(%) |   Penalty | Group
---------------------------------------------------------------
     1790 |   0.5316 |  1.021608e+05 |  -11.36% |  2.01e-09 |      
     1800 |   0.4999 |  1.042735e+05 |   +2.07% |  2.96e-09 |      
     1810 |   0.4723 |  1.045685e+05 |   +0.28% |  4.36e-09 |      
     1820 |   0.4379 |  1.063249e+05 |   +1.68% |  6.42e-09 |      
     1830 |   0.3974 |  1.097135e+05 |   +3.19% |  9.46e-09 |      
     1840 |   0.3618 |  1.119972e+05 |   +2.08% |  1.39e-08 |      
     1850 |   0.3314 |  1.128851e+05 |   +0.79% |  2.05e-08 |      
     1860 |   0.2994 |  1.143781e+05 |   +1.32% |  3.02e-08 |      
     1870 |   0.2723 |  1.153037e+05 |   +0.81% |  4.45e-08 |      
     1880 |   0.2439 |  1.156442e+05 |   +0.30% |  6.56e-08 |      
     1890 |   0.2174 |  1.161729e+05 |   +0.46% |  9.66e-08 |      
     1900 |   0.1937 |  1.166497e+05 |   +0.41% |  1.42e-07 |      
[INFO GPL-0100] Timing-driven iteration 2/2, virtual: false.
[INFO GPL-0101]    Iter: 1901, overflow: 0.194, keep resizer changes at: 1, HPWL: 116649667
Iteration |   Area    | Resized | Buffers | Nets repaired | Remaining
---------------------------------------------------------------------
        0 |     +0.0% |       0 |       0 |             0 |      3220
    final |     +0.0% |       0 |       0 |             0 |         0
---------------------------------------------------------------------
   Iter   |    Area   | Removed | Inserted |   Pins
          |           | Buffers | Buffers  | Remaining
-------------------------------------------------------
        0 |     +0.0% |       0 |        0 |      2967
      290 |     +0.0% |       1 |        1 |      2677
      580 |     +0.0% |       3 |        3 |      2387
      870 |     +0.0% |      38 |       40 |      2097
     1160 |     +0.0% |      40 |       42 |      1807
     1450 |     +0.1% |      51 |       55 |      1517
     1740 |     +0.1% |     123 |      130 |      1227
     2030 |     +0.1% |     177 |      185 |       937
     2320 |     +0.1% |     187 |      197 |       647
     2610 |     +0.1% |     187 |      197 |       357
     2900 |     +0.1% |     187 |      197 |        67
    final |     +0.2% |     241 |      255 |         0
-------------------------------------------------------
[INFO GPL-0106] Timing-driven: worst slack 6.18e-09
[INFO GPL-0107] Timing-driven: repair_design delta area: -113.435 um^2 (-0.23%)
[INFO GPL-0108] Timing-driven: repair_design, gpl delta gcells: 14 (+0.44%)
[INFO GPL-0109] Timing-driven: repair_design, gcells created: 255, deleted: 241
[INFO GPL-0110] Timing-driven: new target density: 0.5754531
Iteration | Overflow |     HPWL (um) |  HPWL(%) |   Penalty | Group
---------------------------------------------------------------
     1910 |   0.1812 |  1.168552e+05 |   +0.18% |  2.10e-07 |      
     1920 |   0.1565 |  1.154620e+05 |   -1.19% |  3.09e-07 |      
     1930 |   0.1327 |  1.146561e+05 |   -0.70% |  4.55e-07 |      
     1940 |   0.1132 |  1.147595e+05 |   +0.09% |  6.70e-07 |      
     1949 |   0.0989 |  1.147841e+05 |          |  9.87e-07 |      
---------------------------------------------------------------
[INFO GPL-1001] Global placement finished at iteration 1949
[INFO GPL-1003] Routability mode iteration count: 1557
[INFO GPL-1005] Routability final weighted congestion: 1.0981
[INFO GPL-1002] Placed Cell Area            48141.2181
[INFO GPL-1003] Available Free Area         104844.3040
[INFO GPL-1004] Minimum Feasible Density        0.4300 (cell_area / free_area)
[INFO GPL-1006]   Suggested Target Densities:
[INFO GPL-1007]     - For 90% usage of free space: 0.5102
[INFO GPL-1008]     - For 80% usage of free space: 0.5740
[INFO GPL-1009]     - For 50% usage of free space: 0.9183
[INFO GPL-1011] Original area (um^2): 44352.82
[INFO GPL-1012] Total routability artificial inflation: 7148.95 (+16.12%)
[INFO GPL-1013] Total timing-driven delta area: -3360.55 (-7.58%)
[INFO GPL-1014] Final placement area: 48141.22 (+8.54%)
Setting global connections for newly added cells…
[INFO] Setting global connections...
[INFO ODB-0403] 1032 connections made, 0 conflicts skipped.
Updating metrics…
Cell type report:                       Count       Area
  Fill cell                               240     900.86
  Tap cell                               1525    1908.08
  Buffer                                    3      12.51
  Timing Repair Buffer                    258    1301.25
  Inverter                                479    1810.49
  Sequential cell                         720   17456.74
  Multi-Input combinational cell         1767   17103.90
  Total                                  4992   40493.84
Writing OpenROAD database to '/home/cl4/Desktop/training/single_cycle/runs/RUN_2026-08-22_12-24-55/28-openroad-globalplacement/single_cycle_cpu.odb'…
Writing netlist to '/home/cl4/Desktop/training/single_cycle/runs/RUN_2026-08-22_12-24-55/28-openroad-globalplacement/single_cycle_cpu.nl.v'…
Writing powered netlist to '/home/cl4/Desktop/training/single_cycle/runs/RUN_2026-08-22_12-24-55/28-openroad-globalplacement/single_cycle_cpu.pnl.v'…
Writing layout to '/home/cl4/Desktop/training/single_cycle/runs/RUN_2026-08-22_12-24-55/28-openroad-globalplacement/single_cycle_cpu.def'…
Writing timing constraints to '/home/cl4/Desktop/training/single_cycle/runs/RUN_2026-08-22_12-24-55/28-openroad-globalplacement/single_cycle_cpu.sdc'…
