Clock: clk
Sources: clk 
Generated: no
Virtual: yes
Propagated: no
Period: 25.000000

===========================================================================
report_clock_properties
============================================================================
Clock                   Period          Waveform
----------------------------------------------------
clk                  25.000000    0.000000 12.500000

===========================================================================
report_clock_latency
============================================================================
Clock clk
rise -> rise
    min     max
0.000000 0.000000 source latency
0.600180         network latency _6752_/CLK
        0.641166 network latency _7257_/CLK
---------------
0.600180 0.641166 latency
        0.040985 skew

fall -> fall
    min     max
0.000000 0.000000 source latency
0.506358         network latency _6752_/CLK
        0.539546 network latency _7257_/CLK
---------------
0.506358 0.539546 latency
        0.033189 skew



===========================================================================
report_clock_min_period
============================================================================
clk period_min = 5.93 fmax = 168.77
