Clock: clk
Sources: clk 
Generated: no
Virtual: yes
Propagated: no
Period: 10.000000

===========================================================================
report_clock_properties
============================================================================
Clock                   Period          Waveform
----------------------------------------------------
clk                  10.000000    0.000000  5.000000

===========================================================================
report_clock_latency
============================================================================
Clock clk
rise -> rise
    min     max
0.000000 0.000000 source latency
0.657144         network latency _7793_/CLK
        0.675131 network latency _8068_/CLK
---------------
0.657144 0.675131 latency
        0.017987 skew

fall -> fall
    min     max
0.000000 0.000000 source latency
0.592268         network latency _7793_/CLK
        0.605644 network latency _8068_/CLK
---------------
0.592268 0.605644 latency
        0.013376 skew



===========================================================================
report_clock_min_period
============================================================================
clk period_min = 5.90 fmax = 169.61
