Clock: clk
Sources: clk 
Generated: no
Virtual: yes
Propagated: no
Period: 25.000000

===========================================================================
report_clock_properties
============================================================================
Clock                   Period          Waveform
----------------------------------------------------
clk                  25.000000    0.000000 12.500000

===========================================================================
report_clock_latency
============================================================================
Clock clk
rise -> rise
    min     max
0.000000 0.000000 source latency
0.684812         network latency _6809_/CLK
        0.703378 network latency _7100_/CLK
---------------
0.684812 0.703378 latency
        0.018566 skew

fall -> fall
    min     max
0.000000 0.000000 source latency
0.613328         network latency _6809_/CLK
        0.628262 network latency _7100_/CLK
---------------
0.613328 0.628262 latency
        0.014934 skew



===========================================================================
report_clock_min_period
============================================================================
clk period_min = 8.46 fmax = 118.15
