
===========================================================================
report_checks -unconstrained
===========================================================================
======================= max_tt_025C_1v80 Corner ===================================

Startpoint: reset (input port clocked by clk)
Endpoint: _7037_ (recovery check against rising-edge clock clk)
Path Group: asynchronous
Path Type: max

Fanout         Cap        Slew       Delay        Time   Description
---------------------------------------------------------------------------------------------
                                  0.000000    0.000000   clock clk (rise edge)
                                  0.000000    0.000000   clock network delay (propagated)
                                  5.000000    5.000000 v input external delay
     3    0.023114    0.053176    0.038502    5.038502 v reset (in)
                                                         reset (net)
                      0.053495    0.000000    5.038502 v fanout51/A (sky130_fd_sc_hd__clkdlybuf4s25_1)
     6    0.062460    0.457574    0.561236    5.599739 v fanout51/X (sky130_fd_sc_hd__clkdlybuf4s25_1)
                                                         net51 (net)
                      0.457931    0.009087    5.608826 v fanout39/A (sky130_fd_sc_hd__buf_1)
     2    0.035666    0.208602    0.355274    5.964100 v fanout39/X (sky130_fd_sc_hd__buf_1)
                                                         net39 (net)
                      0.208758    0.005182    5.969282 v max_cap574/A (sky130_fd_sc_hd__buf_2)
     4    0.046058    0.113092    0.269096    6.238378 v max_cap574/X (sky130_fd_sc_hd__buf_2)
                                                         net574 (net)
                      0.114128    0.008443    6.246821 v fanout29/A (sky130_fd_sc_hd__clkdlybuf4s25_1)
     5    0.026755    0.201808    0.404303    6.651124 v fanout29/X (sky130_fd_sc_hd__clkdlybuf4s25_1)
                                                         net29 (net)
                      0.201822    0.001735    6.652859 v fanout28/A (sky130_fd_sc_hd__clkdlybuf4s25_1)
     7    0.043265    0.319354    0.520761    7.173620 v fanout28/X (sky130_fd_sc_hd__clkdlybuf4s25_1)
                                                         net28 (net)
                      0.319361    0.001799    7.175420 v fanout26/A (sky130_fd_sc_hd__buf_2)
    10    0.071388    0.168750    0.354923    7.530343 v fanout26/X (sky130_fd_sc_hd__buf_2)
                                                         net26 (net)
                      0.168853    0.003932    7.534275 v _6317_/A (sky130_fd_sc_hd__inv_2)
     1    0.004419    0.052621    0.086716    7.620990 ^ _6317_/Y (sky130_fd_sc_hd__inv_2)
                                                         _0058_ (net)
                      0.052621    0.000232    7.621222 ^ _7037_/RESET_B (sky130_fd_sc_hd__dfrtp_2)
                                              7.621222   data arrival time

                                 25.000000   25.000000   clock clk (rise edge)
                                  0.000000   25.000000   clock source latency
     1    0.057934    0.263685    0.186771   25.186771 ^ clk (in)
                                                         clk (net)
                      0.263929    0.000000   25.186771 ^ clkbuf_0_clk/A (sky130_fd_sc_hd__clkbuf_16)
     8    0.141725    0.155372    0.282432   25.469202 ^ clkbuf_0_clk/X (sky130_fd_sc_hd__clkbuf_16)
                                                         clknet_0_clk (net)
                      0.156267    0.009459   25.478662 ^ clkbuf_3_0__f_clk/A (sky130_fd_sc_hd__clkbuf_16)
     6    0.092439    0.110478    0.214140   25.692802 ^ clkbuf_3_0__f_clk/X (sky130_fd_sc_hd__clkbuf_16)
                                                         clknet_3_0__leaf_clk (net)
                      0.111023    0.006311   25.699114 ^ clkbuf_leaf_34_clk/A (sky130_fd_sc_hd__clkbuf_16)
    18    0.060864    0.079130    0.179403   25.878515 ^ clkbuf_leaf_34_clk/X (sky130_fd_sc_hd__clkbuf_16)
                                                         clknet_leaf_34_clk (net)
                      0.079508    0.003897   25.882414 ^ _7037_/CLK (sky130_fd_sc_hd__dfrtp_2)
                                 -0.100000   25.782413   clock uncertainty
                                  0.000000   25.782413   clock reconvergence pessimism
                                  0.227515   26.009928   library recovery time
                                             26.009928   data required time
---------------------------------------------------------------------------------------------
                                             26.009928   data required time
                                             -7.621222   data arrival time
---------------------------------------------------------------------------------------------
                                             18.388704   slack (MET)


Startpoint: _6980_ (rising edge-triggered flip-flop clocked by clk)
Endpoint: alu_result_out[0] (output port clocked by clk)
Path Group: clk
Path Type: max

Fanout         Cap        Slew       Delay        Time   Description
---------------------------------------------------------------------------------------------
                                  0.000000    0.000000   clock clk (rise edge)
                                  0.000000    0.000000   clock source latency
     1    0.057934    0.263685    0.186771    0.186771 ^ clk (in)
                                                         clk (net)
                      0.263929    0.000000    0.186771 ^ clkbuf_0_clk/A (sky130_fd_sc_hd__clkbuf_16)
     8    0.141725    0.155372    0.282432    0.469204 ^ clkbuf_0_clk/X (sky130_fd_sc_hd__clkbuf_16)
                                                         clknet_0_clk (net)
                      0.156178    0.008990    0.478194 ^ clkbuf_3_4__f_clk/A (sky130_fd_sc_hd__clkbuf_16)
     6    0.101589    0.118329    0.223149    0.701343 ^ clkbuf_3_4__f_clk/X (sky130_fd_sc_hd__clkbuf_16)
                                                         clknet_3_4__leaf_clk (net)
                      0.118940    0.006512    0.707855 ^ clkbuf_leaf_4_clk/A (sky130_fd_sc_hd__clkbuf_16)
    12    0.058852    0.077218    0.181654    0.889508 ^ clkbuf_leaf_4_clk/X (sky130_fd_sc_hd__clkbuf_16)
                                                         clknet_leaf_4_clk (net)
                      0.077443    0.002885    0.892394 ^ _6980_/CLK (sky130_fd_sc_hd__dfrtp_2)
     5    0.041582    0.123756    0.495295    1.387689 v _6980_/Q (sky130_fd_sc_hd__dfrtp_2)
                                                         net545 (net)
                      0.123793    0.002202    1.389891 v place458/A (sky130_fd_sc_hd__buf_2)
     9    0.051914    0.125703    0.240857    1.630748 v place458/X (sky130_fd_sc_hd__buf_2)
                                                         net458 (net)
                      0.126423    0.007447    1.638195 v place457/A (sky130_fd_sc_hd__buf_2)
     8    0.039322    0.097966    0.224350    1.862545 v place457/X (sky130_fd_sc_hd__buf_2)
                                                         net457 (net)
                      0.098034    0.002400    1.864945 v _3365_/A (sky130_fd_sc_hd__inv_2)
     7    0.022866    0.110493    0.126763    1.991708 ^ _3365_/Y (sky130_fd_sc_hd__inv_2)
                                                         _1311_ (net)
                      0.110516    0.001314    1.993022 ^ _3371_/C_N (sky130_fd_sc_hd__nor4bb_2)
     2    0.006252    0.267163    0.335082    2.328104 ^ _3371_/Y (sky130_fd_sc_hd__nor4bb_2)
                                                         _1316_ (net)
                      0.267163    0.000388    2.328492 ^ place428/A (sky130_fd_sc_hd__buf_2)
     7    0.059689    0.289821    0.346389    2.674881 ^ place428/X (sky130_fd_sc_hd__buf_2)
                                                         net428 (net)
                      0.289917    0.004402    2.679283 ^ place427/A (sky130_fd_sc_hd__buf_2)
     6    0.049461    0.242795    0.317801    2.997084 ^ place427/X (sky130_fd_sc_hd__buf_2)
                                                         net427 (net)
                      0.242876    0.003713    3.000798 ^ _3387_/B1 (sky130_fd_sc_hd__a211o_2)
     4    0.014621    0.080556    0.186544    3.187342 ^ _3387_/X (sky130_fd_sc_hd__a211o_2)
                                                         _1330_ (net)
                      0.080562    0.000755    3.188097 ^ _3388_/B (sky130_fd_sc_hd__nor2_2)
     2    0.016325    0.081375    0.064655    3.252752 v _3388_/Y (sky130_fd_sc_hd__nor2_2)
                                                         _1331_ (net)
                      0.081375    0.000080    3.252832 v max_cap565/A (sky130_fd_sc_hd__buf_2)
     7    0.051351    0.124977    0.218626    3.471458 v max_cap565/X (sky130_fd_sc_hd__buf_2)
                                                         net565 (net)
                      0.125874    0.008660    3.480118 v place366/A (sky130_fd_sc_hd__buf_2)
    10    0.038164    0.095617    0.221523    3.701641 v place366/X (sky130_fd_sc_hd__buf_2)
                                                         net366 (net)
                      0.095671    0.002177    3.703819 v _3473_/C1 (sky130_fd_sc_hd__a221o_2)
     1    0.004447    0.058330    0.316976    4.020795 v _3473_/X (sky130_fd_sc_hd__a221o_2)
                                                         _1413_ (net)
                      0.058330    0.000333    4.021128 v _3474_/C1 (sky130_fd_sc_hd__a221o_2)
     1    0.012037    0.078389    0.338012    4.359140 v _3474_/X (sky130_fd_sc_hd__a221o_2)
                                                         _1414_ (net)
                      0.078394    0.001153    4.360293 v _3475_/C1 (sky130_fd_sc_hd__a211oi_2)
     4    0.025313    0.479560    0.404194    4.764488 ^ _3475_/Y (sky130_fd_sc_hd__a211oi_2)
                                                         _1415_ (net)
                      0.479579    0.002465    4.766953 ^ _3486_/A1 (sky130_fd_sc_hd__o21ai_2)
     2    0.008864    0.097032    0.141885    4.908837 v _3486_/Y (sky130_fd_sc_hd__o21ai_2)
                                                         _1426_ (net)
                      0.097033    0.000472    4.909309 v _3501_/A2 (sky130_fd_sc_hd__a21o_2)
     3    0.011618    0.055867    0.253713    5.163022 v _3501_/X (sky130_fd_sc_hd__a21o_2)
                                                         _1441_ (net)
                      0.055876    0.000723    5.163745 v _3504_/A1 (sky130_fd_sc_hd__a21oi_2)
     3    0.014826    0.201707    0.210516    5.374262 ^ _3504_/Y (sky130_fd_sc_hd__a21oi_2)
                                                         _1444_ (net)
                      0.201715    0.001040    5.375301 ^ _3523_/A3 (sky130_fd_sc_hd__o311a_4)
     5    0.020617    0.083140    0.223836    5.599137 ^ _3523_/X (sky130_fd_sc_hd__o311a_4)
                                                         _1461_ (net)
                      0.083156    0.001121    5.600259 ^ _4299_/A1 (sky130_fd_sc_hd__a21o_2)
     5    0.027364    0.142084    0.206155    5.806413 ^ _4299_/X (sky130_fd_sc_hd__a21o_2)
                                                         _2167_ (net)
                      0.142120    0.002155    5.808568 ^ _4370_/A1 (sky130_fd_sc_hd__a211o_2)
     4    0.026981    0.134697    0.226001    6.034569 ^ _4370_/X (sky130_fd_sc_hd__a211o_2)
                                                         _2238_ (net)
                      0.134818    0.002612    6.037181 ^ _4378_/A3 (sky130_fd_sc_hd__a31o_4)
     5    0.028924    0.104759    0.219483    6.256663 ^ _4378_/X (sky130_fd_sc_hd__a31o_4)
                                                         _2246_ (net)
                      0.105050    0.003956    6.260620 ^ _4384_/B (sky130_fd_sc_hd__nand3_2)
     2    0.007944    0.070577    0.097643    6.358263 v _4384_/Y (sky130_fd_sc_hd__nand3_2)
                                                         _2252_ (net)
                      0.070583    0.000631    6.358894 v _4443_/A2 (sky130_fd_sc_hd__a2111o_2)
     3    0.014298    0.094888    0.518068    6.876962 v _4443_/X (sky130_fd_sc_hd__a2111o_2)
                                                         _2311_ (net)
                      0.094933    0.000869    6.877831 v _4454_/A1 (sky130_fd_sc_hd__a211o_2)
     2    0.008567    0.062933    0.329141    7.206972 v _4454_/X (sky130_fd_sc_hd__a211o_2)
                                                         _2322_ (net)
                      0.062989    0.000635    7.207606 v _4455_/C1 (sky130_fd_sc_hd__o211a_2)
     2    0.011005    0.060698    0.143126    7.350733 v _4455_/X (sky130_fd_sc_hd__o211a_2)
                                                         _2323_ (net)
                      0.060707    0.000739    7.351471 v _4457_/A2 (sky130_fd_sc_hd__o21a_2)
     3    0.014854    0.061243    0.230258    7.581729 v _4457_/X (sky130_fd_sc_hd__o21a_2)
                                                         _2325_ (net)
                      0.061262    0.001012    7.582741 v _4459_/A2 (sky130_fd_sc_hd__o211a_2)
     3    0.029603    0.103451    0.313527    7.896268 v _4459_/X (sky130_fd_sc_hd__o211a_2)
                                                         _2327_ (net)
                      0.103667    0.004138    7.900406 v _4465_/A (sky130_fd_sc_hd__nor2_2)
     2    0.058141    0.621053    0.520192    8.420598 ^ _4465_/Y (sky130_fd_sc_hd__nor2_2)
                                                         _2333_ (net)
                      0.621297    0.010270    8.430868 ^ _5650_/A (sky130_fd_sc_hd__inv_2)
     1    0.003490    0.082433    0.052047    8.482915 v _5650_/Y (sky130_fd_sc_hd__inv_2)
                                                         net461 (net)
                      0.082433    0.000241    8.483156 v output461/A (sky130_fd_sc_hd__clkdlybuf4s25_1)
     1    0.036020    0.267910    0.438724    8.921880 v output461/X (sky130_fd_sc_hd__clkdlybuf4s25_1)
                                                         alu_result_out[0] (net)
                      0.267925    0.002152    8.924031 v alu_result_out[0] (out)
                                              8.924031   data arrival time

                                 25.000000   25.000000   clock clk (rise edge)
                                  0.000000   25.000000   clock network delay (propagated)
                                 -0.100000   24.900000   clock uncertainty
                                  0.000000   24.900000   clock reconvergence pessimism
                                 -5.000000   19.899998   output external delay
                                             19.899998   data required time
---------------------------------------------------------------------------------------------
                                             19.899998   data required time
                                             -8.924031   data arrival time
---------------------------------------------------------------------------------------------
                                             10.975967   slack (MET)




===========================================================================
report_checks --slack_max -0.01
============================================================================
======================= max_tt_025C_1v80 Corner ===================================

No paths found.


===========================================================================
 report_check_types -max_slew -max_cap -max_fanout -violators
============================================================================
======================= max_tt_025C_1v80 Corner ===================================

max fanout

Pin                                   Limit Fanout  Slack
---------------------------------------------------------
clkbuf_leaf_29_clk/X                     10     20    -10 (VIOLATED)
clkbuf_leaf_31_clk/X                     10     20    -10 (VIOLATED)
clkbuf_leaf_32_clk/X                     10     20    -10 (VIOLATED)
clkbuf_leaf_19_clk/X                     10     19     -9 (VIOLATED)
clkbuf_leaf_22_clk/X                     10     19     -9 (VIOLATED)
clkbuf_leaf_23_clk/X                     10     19     -9 (VIOLATED)
clkbuf_leaf_24_clk/X                     10     19     -9 (VIOLATED)
clkbuf_leaf_25_clk/X                     10     19     -9 (VIOLATED)
clkbuf_leaf_26_clk/X                     10     19     -9 (VIOLATED)
clkbuf_leaf_33_clk/X                     10     19     -9 (VIOLATED)
clkbuf_leaf_35_clk/X                     10     19     -9 (VIOLATED)
clkbuf_leaf_37_clk/X                     10     19     -9 (VIOLATED)
clkbuf_leaf_13_clk/X                     10     18     -8 (VIOLATED)
clkbuf_leaf_16_clk/X                     10     18     -8 (VIOLATED)
clkbuf_leaf_18_clk/X                     10     18     -8 (VIOLATED)
clkbuf_leaf_1_clk/X                      10     18     -8 (VIOLATED)
clkbuf_leaf_20_clk/X                     10     18     -8 (VIOLATED)
clkbuf_leaf_27_clk/X                     10     18     -8 (VIOLATED)
clkbuf_leaf_28_clk/X                     10     18     -8 (VIOLATED)
clkbuf_leaf_30_clk/X                     10     18     -8 (VIOLATED)
clkbuf_leaf_34_clk/X                     10     18     -8 (VIOLATED)
clkbuf_leaf_36_clk/X                     10     18     -8 (VIOLATED)
clkbuf_leaf_0_clk/X                      10     17     -7 (VIOLATED)
clkbuf_leaf_15_clk/X                     10     17     -7 (VIOLATED)
clkbuf_leaf_39_clk/X                     10     17     -7 (VIOLATED)
clkbuf_leaf_7_clk/X                      10     17     -7 (VIOLATED)
clkbuf_leaf_12_clk/X                     10     16     -6 (VIOLATED)
clkbuf_leaf_14_clk/X                     10     16     -6 (VIOLATED)
clkbuf_leaf_17_clk/X                     10     16     -6 (VIOLATED)
clkbuf_leaf_21_clk/X                     10     16     -6 (VIOLATED)
clkbuf_leaf_38_clk/X                     10     16     -6 (VIOLATED)
clkbuf_leaf_3_clk/X                      10     16     -6 (VIOLATED)
clkbuf_leaf_40_clk/X                     10     16     -6 (VIOLATED)
clkbuf_leaf_42_clk/X                     10     16     -6 (VIOLATED)
clkbuf_leaf_5_clk/X                      10     16     -6 (VIOLATED)
clkbuf_leaf_6_clk/X                      10     16     -6 (VIOLATED)
clkbuf_leaf_10_clk/X                     10     15     -5 (VIOLATED)
clkbuf_leaf_11_clk/X                     10     15     -5 (VIOLATED)
clkbuf_leaf_2_clk/X                      10     15     -5 (VIOLATED)
clkbuf_leaf_41_clk/X                     10     15     -5 (VIOLATED)
clkbuf_leaf_43_clk/X                     10     15     -5 (VIOLATED)
clkbuf_leaf_9_clk/X                      10     15     -5 (VIOLATED)
clkbuf_leaf_8_clk/X                      10     14     -4 (VIOLATED)
clkbuf_leaf_4_clk/X                      10     12     -2 (VIOLATED)
place372/X                               10     11        (VIOLATED)



===========================================================================
report_parasitic_annotation -report_unannotated
============================================================================
Found 44 unannotated drivers.
 clkload0/X
 clkload1/X
 clkload10/X
 clkload11/X
 clkload12/X
 clkload13/Y
 clkload14/Y
 clkload15/X
 clkload16/Y
 clkload17/X
 clkload18/X
 clkload19/X
 clkload2/X
 clkload20/X
 clkload21/X
 clkload22/X
 clkload23/Y
 clkload24/X
 clkload25/X
 clkload26/X
 clkload27/X
 clkload28/Y
 clkload29/Y
 clkload3/X
 clkload30/Y
 clkload31/X
 clkload32/X
 clkload33/Y
 clkload34/X
 clkload35/Y
 clkload36/Y
 clkload37/X
 clkload38/X
 clkload4/X
 clkload5/X
 clkload6/Y
 clkload7/X
 clkload8/Y
 clkload9/X
 single_cycle_cpu/HI
 single_cycle_cpu_577/HI
 single_cycle_cpu_578/HI
 single_cycle_cpu_579/LO
 single_cycle_cpu_580/LO
Found 0 partially unannotated drivers.

===========================================================================
max slew violation count 0
max fanout violation count 45
max cap violation count 0
============================================================================

===========================================================================
check_setup -verbose -unconstrained_endpoints -multiple_clock -no_clock -no_input_delay -loops -generated_clocks
===========================================================================
