Clock: clk
Sources: clk 
Generated: no
Virtual: yes
Propagated: no
Period: 25.000000

===========================================================================
report_clock_properties
============================================================================
Clock                   Period          Waveform
----------------------------------------------------
clk                  25.000000    0.000000 12.500000

===========================================================================
report_clock_latency
============================================================================
Clock clk
rise -> rise
    min     max
0.000000 0.000000 source latency
0.851190         network latency _6854_/CLK
        0.905593 network latency _7015_/CLK
---------------
0.851190 0.905593 latency
        0.054403 skew

fall -> fall
    min     max
0.000000 0.000000 source latency
0.717396         network latency _6854_/CLK
        0.760941 network latency _7015_/CLK
---------------
0.717396 0.760941 latency
        0.043545 skew



===========================================================================
report_clock_min_period
============================================================================
clk period_min = 9.32 fmax = 107.27
