
===========================================================================
report_checks -unconstrained
===========================================================================
======================= max_ss_100C_1v60 Corner ===================================

Startpoint: reset (input port clocked by clk)
Endpoint: _7217_ (recovery check against rising-edge clock clk)
Path Group: asynchronous
Path Type: max

Fanout         Cap        Slew       Delay        Time   Description
---------------------------------------------------------------------------------------------
                                  0.000000    0.000000   clock clk (rise edge)
                                  0.000000    0.000000   clock network delay (propagated)
                                  5.000000    5.000000 v input external delay
     3    0.020153    0.089212    0.063106    5.063106 v reset (in)
                                                         reset (net)
                      0.089312    0.000000    5.063106 v fanout51/A (sky130_fd_sc_hd__buf_1)
     1    0.027915    0.318161    0.370963    5.434069 v fanout51/X (sky130_fd_sc_hd__buf_1)
                                                         net51 (net)
                      0.318321    0.004036    5.438105 v wire582/A (sky130_fd_sc_hd__buf_2)
     6    0.057138    0.260775    0.527211    5.965316 v wire582/X (sky130_fd_sc_hd__buf_2)
                                                         net582 (net)
                      0.262440    0.016480    5.981796 v fanout39/A (sky130_fd_sc_hd__buf_1)
     1    0.020381    0.236889    0.390572    6.372368 v fanout39/X (sky130_fd_sc_hd__buf_1)
                                                         net39 (net)
                      0.236922    0.002804    6.375171 v wire579/A (sky130_fd_sc_hd__buf_2)
     5    0.072804    0.318721    0.538365    6.913536 v wire579/X (sky130_fd_sc_hd__buf_2)
                                                         net579 (net)
                      0.319511    0.012086    6.925622 v fanout29/A (sky130_fd_sc_hd__clkdlybuf4s25_1)
     5    0.047361    0.634466    0.990801    7.916423 v fanout29/X (sky130_fd_sc_hd__clkdlybuf4s25_1)
                                                         net29 (net)
                      0.634566    0.007809    7.924232 v fanout28/A (sky130_fd_sc_hd__clkdlybuf4s25_1)
     7    0.038294    0.516588    1.015672    8.939904 v fanout28/X (sky130_fd_sc_hd__clkdlybuf4s25_1)
                                                         net28 (net)
                      0.516588    0.001479    8.941383 v fanout26/A (sky130_fd_sc_hd__buf_2)
    10    0.088781    0.382254    0.719762    9.661145 v fanout26/X (sky130_fd_sc_hd__buf_2)
                                                         net26 (net)
                      0.382351    0.005992    9.667137 v _6497_/A (sky130_fd_sc_hd__inv_2)
     1    0.005251    0.108645    0.182898    9.850035 ^ _6497_/Y (sky130_fd_sc_hd__inv_2)
                                                         _0238_ (net)
                      0.108646    0.000276    9.850311 ^ _7217_/RESET_B (sky130_fd_sc_hd__dfrtp_2)
                                              9.850311   data arrival time

                                 25.000000   25.000000   clock clk (rise edge)
                                  0.000000   25.000000   clock source latency
     1    0.063367    0.455837    0.320071   25.320070 ^ clk (in)
                                                         clk (net)
                      0.455982    0.000000   25.320070 ^ clkbuf_0_clk/A (sky130_fd_sc_hd__clkbuf_16)
     8    0.154972    0.259239    0.528978   25.849049 ^ clkbuf_0_clk/X (sky130_fd_sc_hd__clkbuf_16)
                                                         clknet_0_clk (net)
                      0.261989    0.020954   25.870003 ^ clkbuf_3_0__f_clk/A (sky130_fd_sc_hd__clkbuf_16)
     6    0.107697    0.188120    0.405830   26.275831 ^ clkbuf_3_0__f_clk/X (sky130_fd_sc_hd__clkbuf_16)
                                                         clknet_3_0__leaf_clk (net)
                      0.188447    0.004960   26.280792 ^ clkbuf_leaf_39_clk/A (sky130_fd_sc_hd__clkbuf_16)
    15    0.061985    0.123491    0.327343   26.608135 ^ clkbuf_leaf_39_clk/X (sky130_fd_sc_hd__clkbuf_16)
                                                         clknet_leaf_39_clk (net)
                      0.123689    0.004299   26.612434 ^ _7217_/CLK (sky130_fd_sc_hd__dfrtp_2)
                                 -0.100000   26.512434   clock uncertainty
                                  0.000000   26.512434   clock reconvergence pessimism
                                  0.446037   26.958471   library recovery time
                                             26.958471   data required time
---------------------------------------------------------------------------------------------
                                             26.958471   data required time
                                             -9.850311   data arrival time
---------------------------------------------------------------------------------------------
                                             17.108160   slack (MET)


Startpoint: _6981_ (rising edge-triggered flip-flop clocked by clk)
Endpoint: alu_result_out[0] (output port clocked by clk)
Path Group: clk
Path Type: max

Fanout         Cap        Slew       Delay        Time   Description
---------------------------------------------------------------------------------------------
                                  0.000000    0.000000   clock clk (rise edge)
                                  0.000000    0.000000   clock source latency
     1    0.063367    0.455837    0.320071    0.320071 ^ clk (in)
                                                         clk (net)
                      0.455982    0.000000    0.320071 ^ clkbuf_0_clk/A (sky130_fd_sc_hd__clkbuf_16)
     8    0.154972    0.259239    0.528978    0.849050 ^ clkbuf_0_clk/X (sky130_fd_sc_hd__clkbuf_16)
                                                         clknet_0_clk (net)
                      0.261636    0.019545    0.868595 ^ clkbuf_3_4__f_clk/A (sky130_fd_sc_hd__clkbuf_16)
     6    0.105997    0.185603    0.405076    1.273671 ^ clkbuf_3_4__f_clk/X (sky130_fd_sc_hd__clkbuf_16)
                                                         clknet_3_4__leaf_clk (net)
                      0.186171    0.007424    1.281095 ^ clkbuf_leaf_3_clk/A (sky130_fd_sc_hd__clkbuf_16)
    16    0.062188    0.123815    0.326214    1.607309 ^ clkbuf_leaf_3_clk/X (sky130_fd_sc_hd__clkbuf_16)
                                                         clknet_leaf_3_clk (net)
                      0.123994    0.004089    1.611398 ^ _6981_/CLK (sky130_fd_sc_hd__dfrtp_2)
     4    0.033312    0.275397    0.892291    2.503689 ^ _6981_/Q (sky130_fd_sc_hd__dfrtp_2)
                                                         net550 (net)
                      0.275397    0.000578    2.504267 ^ place460/A (sky130_fd_sc_hd__buf_2)
    10    0.063681    0.490666    0.588474    3.092741 ^ place460/X (sky130_fd_sc_hd__buf_2)
                                                         net460 (net)
                      0.490928    0.006434    3.099176 ^ place459/A (sky130_fd_sc_hd__buf_2)
    10    0.060826    0.469145    0.657705    3.756881 ^ place459/X (sky130_fd_sc_hd__buf_2)
                                                         net459 (net)
                      0.469173    0.003981    3.760862 ^ _3331_/C_N (sky130_fd_sc_hd__or3b_2)
     3    0.015001    0.238069    1.273039    5.033901 v _3331_/X (sky130_fd_sc_hd__or3b_2)
                                                         _1280_ (net)
                      0.238069    0.000735    5.034636 v _3380_/A (sky130_fd_sc_hd__nor2_2)
     7    0.059022    1.033445    0.911984    5.946620 ^ _3380_/Y (sky130_fd_sc_hd__nor2_2)
                                                         _1323_ (net)
                      1.033452    0.002262    5.948883 ^ place417/A (sky130_fd_sc_hd__buf_2)
    10    0.112662    0.853198    1.075951    7.024834 ^ place417/X (sky130_fd_sc_hd__buf_2)
                                                         net417 (net)
                      0.853613    0.015772    7.040606 ^ place416/A (sky130_fd_sc_hd__buf_2)
    10    0.073234    0.562255    0.831727    7.872333 ^ place416/X (sky130_fd_sc_hd__buf_2)
                                                         net416 (net)
                      0.562355    0.007421    7.879753 ^ _4268_/B1 (sky130_fd_sc_hd__a22o_2)
     1    0.011916    0.136103    0.513178    8.392931 ^ _4268_/X (sky130_fd_sc_hd__a22o_2)
                                                         _2136_ (net)
                      0.136109    0.001055    8.393986 ^ _4269_/C1 (sky130_fd_sc_hd__a221o_2)
     1    0.020591    0.198154    0.320069    8.714055 ^ _4269_/X (sky130_fd_sc_hd__a221o_2)
                                                         _2137_ (net)
                      0.198192    0.002728    8.716784 ^ _4271_/C (sky130_fd_sc_hd__or4b_2)
     1    0.003366    0.058578    0.251585    8.968369 ^ _4271_/X (sky130_fd_sc_hd__or4b_2)
                                                         _2139_ (net)
                      0.059243    0.000135    8.968504 ^ _4272_/C_N (sky130_fd_sc_hd__or3b_2)
     3    0.024816    0.279551    1.219005   10.187509 v _4272_/X (sky130_fd_sc_hd__or3b_2)
                                                         _2140_ (net)
                      0.279748    0.003058   10.190567 v _4273_/D (sky130_fd_sc_hd__nor4_1)
     2    0.007892    0.681297    0.610569   10.801135 ^ _4273_/Y (sky130_fd_sc_hd__nor4_1)
                                                         _2141_ (net)
                      0.681297    0.000442   10.801578 ^ max_cap565/A (sky130_fd_sc_hd__clkdlybuf4s25_1)
     2    0.008040    0.150419    0.745920   11.547498 ^ max_cap565/X (sky130_fd_sc_hd__clkdlybuf4s25_1)
                                                         net565 (net)
                      0.150419    0.000519   11.548017 ^ max_cap564/A (sky130_fd_sc_hd__clkdlybuf4s25_1)
     1    0.005749    0.115966    0.530832   12.078849 ^ max_cap564/X (sky130_fd_sc_hd__clkdlybuf4s25_1)
                                                         net564 (net)
                      0.115966    0.000449   12.079298 ^ _4275_/A (sky130_fd_sc_hd__nor2b_2)
     5    0.023509    0.140800    0.148870   12.228168 v _4275_/Y (sky130_fd_sc_hd__nor2b_2)
                                                         _2143_ (net)
                      0.140832    0.002080   12.230248 v _4277_/B (sky130_fd_sc_hd__nor2_2)
     1    0.005644    0.147204    0.183126   12.413374 ^ _4277_/Y (sky130_fd_sc_hd__nor2_2)
                                                         _2145_ (net)
                      0.147204    0.000279   12.413652 ^ _4378_/A2 (sky130_fd_sc_hd__a31o_4)
     5    0.037621    0.207723    0.455084   12.868736 ^ _4378_/X (sky130_fd_sc_hd__a31o_4)
                                                         _2246_ (net)
                      0.207901    0.005476   12.874212 ^ _4384_/B (sky130_fd_sc_hd__nand3_2)
     2    0.007730    0.146000    0.228668   13.102880 v _4384_/Y (sky130_fd_sc_hd__nand3_2)
                                                         _2252_ (net)
                      0.146001    0.000548   13.103428 v _4443_/A2 (sky130_fd_sc_hd__a2111o_2)
     3    0.016418    0.188118    1.021619   14.125048 v _4443_/X (sky130_fd_sc_hd__a2111o_2)
                                                         _2311_ (net)
                      0.188124    0.001265   14.126312 v _4454_/A1 (sky130_fd_sc_hd__a211o_2)
     2    0.008873    0.112360    0.650865   14.777177 v _4454_/X (sky130_fd_sc_hd__a211o_2)
                                                         _2322_ (net)
                      0.112360    0.000419   14.777596 v _4455_/C1 (sky130_fd_sc_hd__o211a_2)
     2    0.014731    0.125639    0.286555   15.064151 v _4455_/X (sky130_fd_sc_hd__o211a_2)
                                                         _2323_ (net)
                      0.125643    0.000849   15.065001 v _4457_/A2 (sky130_fd_sc_hd__o21a_2)
     3    0.018473    0.126612    0.463887   15.528887 v _4457_/X (sky130_fd_sc_hd__o21a_2)
                                                         _2325_ (net)
                      0.126636    0.001650   15.530538 v _4459_/A2 (sky130_fd_sc_hd__o211a_2)
     3    0.044308    0.240231    0.654648   16.185184 v _4459_/X (sky130_fd_sc_hd__o211a_2)
                                                         _2327_ (net)
                      0.240420    0.006075   16.191261 v _4465_/A (sky130_fd_sc_hd__nor2_2)
     2    0.067817    1.180744    1.022592   17.213852 ^ _4465_/Y (sky130_fd_sc_hd__nor2_2)
                                                         _2333_ (net)
                      1.180846    0.009299   17.223152 ^ _5650_/A (sky130_fd_sc_hd__inv_2)
     1    0.004210    0.166685    0.254175   17.477327 v _5650_/Y (sky130_fd_sc_hd__inv_2)
                                                         net465 (net)
                      0.166685    0.000272   17.477598 v output465/A (sky130_fd_sc_hd__clkdlybuf4s25_1)
     1    0.038181    0.513836    0.847587   18.325186 v output465/X (sky130_fd_sc_hd__clkdlybuf4s25_1)
                                                         alu_result_out[0] (net)
                      0.513844    0.002681   18.327866 v alu_result_out[0] (out)
                                             18.327866   data arrival time

                                 25.000000   25.000000   clock clk (rise edge)
                                  0.000000   25.000000   clock network delay (propagated)
                                 -0.100000   24.900000   clock uncertainty
                                  0.000000   24.900000   clock reconvergence pessimism
                                 -5.000000   19.899998   output external delay
                                             19.899998   data required time
---------------------------------------------------------------------------------------------
                                             19.899998   data required time
                                            -18.327866   data arrival time
---------------------------------------------------------------------------------------------
                                              1.572133   slack (MET)




===========================================================================
report_checks --slack_max -0.01
============================================================================
======================= max_ss_100C_1v60 Corner ===================================

No paths found.


===========================================================================
 report_check_types -max_slew -max_cap -max_fanout -violators
============================================================================
======================= max_ss_100C_1v60 Corner ===================================

max fanout

Pin                                   Limit Fanout  Slack
---------------------------------------------------------
clkbuf_leaf_26_clk/X                     10     20    -10 (VIOLATED)
clkbuf_leaf_28_clk/X                     10     20    -10 (VIOLATED)
clkbuf_leaf_29_clk/X                     10     20    -10 (VIOLATED)
clkbuf_leaf_23_clk/X                     10     19     -9 (VIOLATED)
clkbuf_leaf_25_clk/X                     10     19     -9 (VIOLATED)
clkbuf_leaf_27_clk/X                     10     19     -9 (VIOLATED)
clkbuf_leaf_30_clk/X                     10     19     -9 (VIOLATED)
clkbuf_leaf_31_clk/X                     10     19     -9 (VIOLATED)
clkbuf_leaf_33_clk/X                     10     19     -9 (VIOLATED)
clkbuf_leaf_34_clk/X                     10     19     -9 (VIOLATED)
clkbuf_leaf_35_clk/X                     10     19     -9 (VIOLATED)
clkbuf_leaf_36_clk/X                     10     19     -9 (VIOLATED)
clkbuf_leaf_18_clk/X                     10     18     -8 (VIOLATED)
clkbuf_leaf_21_clk/X                     10     18     -8 (VIOLATED)
clkbuf_leaf_22_clk/X                     10     18     -8 (VIOLATED)
clkbuf_leaf_24_clk/X                     10     18     -8 (VIOLATED)
clkbuf_leaf_32_clk/X                     10     18     -8 (VIOLATED)
clkbuf_leaf_37_clk/X                     10     18     -8 (VIOLATED)
clkbuf_leaf_38_clk/X                     10     18     -8 (VIOLATED)
clkbuf_leaf_14_clk/X                     10     17     -7 (VIOLATED)
clkbuf_leaf_15_clk/X                     10     17     -7 (VIOLATED)
clkbuf_leaf_45_clk/X                     10     17     -7 (VIOLATED)
clkbuf_leaf_3_clk/X                      10     16     -6 (VIOLATED)
clkbuf_leaf_4_clk/X                      10     16     -6 (VIOLATED)
clkbuf_leaf_5_clk/X                      10     16     -6 (VIOLATED)
clkbuf_leaf_6_clk/X                      10     16     -6 (VIOLATED)
clkbuf_leaf_11_clk/X                     10     15     -5 (VIOLATED)
clkbuf_leaf_13_clk/X                     10     15     -5 (VIOLATED)
clkbuf_leaf_16_clk/X                     10     15     -5 (VIOLATED)
clkbuf_leaf_17_clk/X                     10     15     -5 (VIOLATED)
clkbuf_leaf_39_clk/X                     10     15     -5 (VIOLATED)
clkbuf_leaf_40_clk/X                     10     15     -5 (VIOLATED)
clkbuf_leaf_43_clk/X                     10     15     -5 (VIOLATED)
clkbuf_leaf_44_clk/X                     10     15     -5 (VIOLATED)
clkbuf_leaf_8_clk/X                      10     15     -5 (VIOLATED)
clkbuf_leaf_10_clk/X                     10     14     -4 (VIOLATED)
clkbuf_leaf_12_clk/X                     10     14     -4 (VIOLATED)
clkbuf_leaf_41_clk/X                     10     14     -4 (VIOLATED)
clkbuf_leaf_42_clk/X                     10     14     -4 (VIOLATED)
clkbuf_leaf_9_clk/X                      10     14     -4 (VIOLATED)
clkbuf_leaf_19_clk/X                     10     13     -3 (VIOLATED)
clkbuf_leaf_1_clk/X                      10     13     -3 (VIOLATED)
clkbuf_leaf_7_clk/X                      10     13     -3 (VIOLATED)
clkbuf_leaf_20_clk/X                     10     12     -2 (VIOLATED)
clkbuf_leaf_2_clk/X                      10     12     -2 (VIOLATED)
place392/X                               10     12     -2 (VIOLATED)
_5161_/X                                 10     11        (VIOLATED)



===========================================================================
report_parasitic_annotation -report_unannotated
============================================================================
Found 44 unannotated drivers.
 clkload0/X
 clkload1/X
 clkload10/X
 clkload11/X
 clkload12/X
 clkload13/X
 clkload14/X
 clkload15/X
 clkload16/X
 clkload17/X
 clkload18/X
 clkload19/X
 clkload2/X
 clkload20/Y
 clkload21/X
 clkload22/X
 clkload23/X
 clkload24/X
 clkload25/X
 clkload26/X
 clkload27/Y
 clkload28/Y
 clkload29/X
 clkload3/Y
 clkload30/X
 clkload31/Y
 clkload32/Y
 clkload33/X
 clkload34/X
 clkload35/Y
 clkload36/Y
 clkload37/X
 clkload38/Y
 clkload4/Y
 clkload5/Y
 clkload6/Y
 clkload7/Y
 clkload8/X
 clkload9/Y
 single_cycle_cpu/HI
 single_cycle_cpu_583/HI
 single_cycle_cpu_584/HI
 single_cycle_cpu_585/LO
 single_cycle_cpu_586/LO
Found 0 partially unannotated drivers.

===========================================================================
max slew violation count 0
max fanout violation count 47
max cap violation count 0
============================================================================

===========================================================================
check_setup -verbose -unconstrained_endpoints -multiple_clock -no_clock -no_input_delay -loops -generated_clocks
===========================================================================
