Clock: clk
Sources: clk 
Generated: no
Virtual: yes
Propagated: no
Period: 25.000000

===========================================================================
report_clock_properties
============================================================================
Clock                   Period          Waveform
----------------------------------------------------
clk                  25.000000    0.000000 12.500000

===========================================================================
report_clock_latency
============================================================================
Clock clk
rise -> rise
    min     max
0.000000 0.000000 source latency
1.554126         network latency _6938_/CLK
        1.646148 network latency _7122_/CLK
---------------
1.554126 1.646148 latency
        0.092022 skew

fall -> fall
    min     max
0.000000 0.000000 source latency
1.344366         network latency _6938_/CLK
        1.412008 network latency _7122_/CLK
---------------
1.344366 1.412008 latency
        0.067643 skew



===========================================================================
report_clock_min_period
============================================================================
clk period_min = 18.94 fmax = 52.80
