                                                                        Cells by Master                                                                         
┏━━━━━━━━━━━━━━━━━━━━━━━━━━━━━━━━━━━━━━━━━━━━━━━━━━━━━━━━━━━━━━━━━━━━━━━━━━━━━━━━━━━━━━━━━━━━━━━━━━━━━━━━━━━━━━━━━━━━━━━━━━━━━━━━━━━┳━━━━━━━━━━━━━━━━━━━━━━━━━━┓
┃ Cell                                                                                                                              ┃ Count                    ┃
┡━━━━━━━━━━━━━━━━━━━━━━━━━━━━━━━━━━━━━━━━━━━━━━━━━━━━━━━━━━━━━━━━━━━━━━━━━━━━━━━━━━━━━━━━━━━━━━━━━━━━━━━━━━━━━━━━━━━━━━━━━━━━━━━━━━━╇━━━━━━━━━━━━━━━━━━━━━━━━━━┩
│ sky130_fd_sc_hd__a2111o_2                                                                                                         │ 3                        │
│ sky130_fd_sc_hd__a211o_2                                                                                                          │ 75                       │
│ sky130_fd_sc_hd__a211oi_2                                                                                                         │ 6                        │
│ sky130_fd_sc_hd__a211oi_4                                                                                                         │ 2                        │
│ sky130_fd_sc_hd__a21bo_2                                                                                                          │ 21                       │
│ sky130_fd_sc_hd__a21boi_2                                                                                                         │ 3                        │
│ sky130_fd_sc_hd__a21o_2                                                                                                           │ 74                       │
│ sky130_fd_sc_hd__a21oi_2                                                                                                          │ 51                       │
│ sky130_fd_sc_hd__a21oi_4                                                                                                          │ 2                        │
│ sky130_fd_sc_hd__a221o_2                                                                                                          │ 200                      │
│ sky130_fd_sc_hd__a221oi_2                                                                                                         │ 3                        │
│ sky130_fd_sc_hd__a22o_2                                                                                                           │ 215                      │
│ sky130_fd_sc_hd__a22oi_2                                                                                                          │ 1                        │
│ sky130_fd_sc_hd__a2bb2o_2                                                                                                         │ 4                        │
│ sky130_fd_sc_hd__a2bb2o_4                                                                                                         │ 1                        │
│ sky130_fd_sc_hd__a311o_2                                                                                                          │ 2                        │
│ sky130_fd_sc_hd__a311oi_2                                                                                                         │ 3                        │
│ sky130_fd_sc_hd__a31o_2                                                                                                           │ 27                       │
│ sky130_fd_sc_hd__a31o_4                                                                                                           │ 2                        │
│ sky130_fd_sc_hd__a31oi_2                                                                                                          │ 4                        │
│ sky130_fd_sc_hd__a31oi_4                                                                                                          │ 2                        │
│ sky130_fd_sc_hd__a32o_2                                                                                                           │ 6                        │
│ sky130_fd_sc_hd__a41o_2                                                                                                           │ 2                        │
│ sky130_fd_sc_hd__and2_2                                                                                                           │ 112                      │
│ sky130_fd_sc_hd__and2_4                                                                                                           │ 2                        │
│ sky130_fd_sc_hd__and2b_2                                                                                                          │ 12                       │
│ sky130_fd_sc_hd__and3_2                                                                                                           │ 41                       │
│ sky130_fd_sc_hd__and3_4                                                                                                           │ 5                        │
│ sky130_fd_sc_hd__and3b_2                                                                                                          │ 11                       │
│ sky130_fd_sc_hd__and4_2                                                                                                           │ 9                        │
│ sky130_fd_sc_hd__and4_4                                                                                                           │ 2                        │
│ sky130_fd_sc_hd__and4b_4                                                                                                          │ 1                        │
│ sky130_fd_sc_hd__and4bb_4                                                                                                         │ 1                        │
│ sky130_fd_sc_hd__buf_1                                                                                                            │ 12                       │
│ sky130_fd_sc_hd__buf_2                                                                                                            │ 241                      │
│ sky130_fd_sc_hd__buf_4                                                                                                            │ 2                        │
│ sky130_fd_sc_hd__bufinv_16                                                                                                        │ 2                        │
│ sky130_fd_sc_hd__clkbuf_1                                                                                                         │ 8                        │
│ sky130_fd_sc_hd__clkbuf_16                                                                                                        │ 57                       │
│ sky130_fd_sc_hd__clkbuf_2                                                                                                         │ 6                        │
│ sky130_fd_sc_hd__clkbuf_8                                                                                                         │ 8                        │
│ sky130_fd_sc_hd__clkdlybuf4s25_1                                                                                                  │ 112                      │
│ sky130_fd_sc_hd__clkinv_2                                                                                                         │ 9                        │
│ sky130_fd_sc_hd__clkinvlp_4                                                                                                       │ 1                        │
│ sky130_fd_sc_hd__conb_1                                                                                                           │ 5                        │
│ sky130_fd_sc_hd__decap_3                                                                                                          │ 12868                    │
│ sky130_fd_sc_hd__dfrtp_2                                                                                                          │ 424                      │
│ sky130_fd_sc_hd__dfstp_2                                                                                                          │ 4                        │
│ sky130_fd_sc_hd__dfxtp_2                                                                                                          │ 292                      │
│ sky130_fd_sc_hd__diode_2                                                                                                          │ 15                       │
│ sky130_fd_sc_hd__dlygate4sd3_1                                                                                                    │ 648                      │
│ sky130_fd_sc_hd__fill_1                                                                                                           │ 1549                     │
│ sky130_fd_sc_hd__fill_2                                                                                                           │ 1032                     │
│ sky130_fd_sc_hd__inv_2                                                                                                            │ 475                      │
│ sky130_fd_sc_hd__inv_4                                                                                                            │ 4                        │
│ sky130_fd_sc_hd__inv_6                                                                                                            │ 2                        │
│ sky130_fd_sc_hd__mux2_2                                                                                                           │ 232                      │
│ sky130_fd_sc_hd__mux2_4                                                                                                           │ 4                        │
│ sky130_fd_sc_hd__mux4_2                                                                                                           │ 4                        │
│ sky130_fd_sc_hd__nand2_2                                                                                                          │ 79                       │
│ sky130_fd_sc_hd__nand2_4                                                                                                          │ 1                        │
│ sky130_fd_sc_hd__nand2b_2                                                                                                         │ 4                        │
│ sky130_fd_sc_hd__nand2b_4                                                                                                         │ 1                        │
│ sky130_fd_sc_hd__nand3_2                                                                                                          │ 4                        │
│ sky130_fd_sc_hd__nand3b_2                                                                                                         │ 1                        │
│ sky130_fd_sc_hd__nand4b_4                                                                                                         │ 1                        │
│ sky130_fd_sc_hd__nand4bb_2                                                                                                        │ 1                        │
│ sky130_fd_sc_hd__nor2_1                                                                                                           │ 1                        │
│ sky130_fd_sc_hd__nor2_2                                                                                                           │ 126                      │
│ sky130_fd_sc_hd__nor2_4                                                                                                           │ 2                        │
│ sky130_fd_sc_hd__nor2b_2                                                                                                          │ 6                        │
│ sky130_fd_sc_hd__nor3_2                                                                                                           │ 5                        │
│ sky130_fd_sc_hd__nor3b_2                                                                                                          │ 1                        │
│ sky130_fd_sc_hd__nor4_1                                                                                                           │ 1                        │
│ sky130_fd_sc_hd__nor4_2                                                                                                           │ 6                        │
│ sky130_fd_sc_hd__nor4b_2                                                                                                          │ 1                        │
│ sky130_fd_sc_hd__nor4bb_1                                                                                                         │ 1                        │
│ sky130_fd_sc_hd__o2111a_2                                                                                                         │ 7                        │
│ sky130_fd_sc_hd__o211a_2                                                                                                          │ 21                       │
│ sky130_fd_sc_hd__o211a_4                                                                                                          │ 1                        │
│ sky130_fd_sc_hd__o211ai_2                                                                                                         │ 15                       │
│ sky130_fd_sc_hd__o211ai_4                                                                                                         │ 2                        │
│ sky130_fd_sc_hd__o21a_2                                                                                                           │ 59                       │
│ sky130_fd_sc_hd__o21a_4                                                                                                           │ 1                        │
│ sky130_fd_sc_hd__o21ai_2                                                                                                          │ 32                       │
│ sky130_fd_sc_hd__o21ba_2                                                                                                          │ 7                        │
│ sky130_fd_sc_hd__o21bai_2                                                                                                         │ 2                        │
│ sky130_fd_sc_hd__o221a_2                                                                                                          │ 8                        │
│ sky130_fd_sc_hd__o221ai_2                                                                                                         │ 1                        │
│ sky130_fd_sc_hd__o22a_2                                                                                                           │ 10                       │
│ sky130_fd_sc_hd__o2bb2a_2                                                                                                         │ 5                        │
│ sky130_fd_sc_hd__o311a_2                                                                                                          │ 2                        │
│ sky130_fd_sc_hd__o311a_4                                                                                                          │ 1                        │
│ sky130_fd_sc_hd__o31a_2                                                                                                           │ 14                       │
│ sky130_fd_sc_hd__o31ai_1                                                                                                          │ 1                        │
│ sky130_fd_sc_hd__o31ai_2                                                                                                          │ 5                        │
│ sky130_fd_sc_hd__o31ai_4                                                                                                          │ 1                        │
│ sky130_fd_sc_hd__o32a_2                                                                                                           │ 7                        │
│ sky130_fd_sc_hd__or2_2                                                                                                            │ 67                       │
│ sky130_fd_sc_hd__or2_4                                                                                                            │ 5                        │
│ sky130_fd_sc_hd__or2b_2                                                                                                           │ 11                       │
│ sky130_fd_sc_hd__or3_2                                                                                                            │ 16                       │
│ sky130_fd_sc_hd__or3_4                                                                                                            │ 8                        │
│ sky130_fd_sc_hd__or3b_2                                                                                                           │ 16                       │
│ sky130_fd_sc_hd__or3b_4                                                                                                           │ 5                        │
│ sky130_fd_sc_hd__or4_2                                                                                                            │ 3                        │
│ sky130_fd_sc_hd__or4_4                                                                                                            │ 4                        │
│ sky130_fd_sc_hd__or4b_2                                                                                                           │ 2                        │
│ sky130_fd_sc_hd__or4b_4                                                                                                           │ 1                        │
│ sky130_fd_sc_hd__tapvpwrvgnd_1                                                                                                    │ 1428                     │
│ sky130_fd_sc_hd__xnor2_2                                                                                                          │ 19                       │
│ sky130_fd_sc_hd__xor2_2                                                                                                           │ 15                       │
│ sky130_fd_sc_hd__xor2_4                                                                                                           │ 1                        │
└───────────────────────────────────────────────────────────────────────────────────────────────────────────────────────────────────┴──────────────────────────┘
