Clock: clk
Sources: clk 
Generated: no
Virtual: yes
Propagated: no
Period: 25.000000

===========================================================================
report_clock_properties
============================================================================
Clock                   Period          Waveform
----------------------------------------------------
clk                  25.000000    0.000000 12.500000

===========================================================================
report_clock_latency
============================================================================
Clock clk
rise -> rise
    min     max
0.000000 0.000000 source latency
0.657601         network latency _7321_/CLK
        0.674897 network latency _7402_/CLK
---------------
0.657601 0.674897 latency
        0.017296 skew

fall -> fall
    min     max
0.000000 0.000000 source latency
0.592637         network latency _7321_/CLK
        0.604845 network latency _7406_/CLK
---------------
0.592637 0.604845 latency
        0.012208 skew



===========================================================================
report_clock_min_period
============================================================================
clk period_min = 8.36 fmax = 119.67
