Clock: clk
Sources: clk 
Generated: no
Virtual: yes
Propagated: no
Period: 25.000000

===========================================================================
report_clock_properties
============================================================================
Clock                   Period          Waveform
----------------------------------------------------
clk                  25.000000    0.000000 12.500000

===========================================================================
report_clock_latency
============================================================================
Clock clk
rise -> rise
    min     max
0.000000 0.000000 source latency
1.381260         network latency _6770_/CLK
        1.441100 network latency _7257_/CLK
---------------
1.381260 1.441100 latency
        0.059841 skew

fall -> fall
    min     max
0.000000 0.000000 source latency
1.221069         network latency _6770_/CLK
        1.264606 network latency _7257_/CLK
---------------
1.221069 1.264606 latency
        0.043537 skew



===========================================================================
report_clock_min_period
============================================================================
clk period_min = 17.12 fmax = 58.40
