
===========================================================================
report_checks -unconstrained
===========================================================================
======================= max_tt_025C_1v80 Corner ===================================

Startpoint: reset (input port clocked by clk)
Endpoint: _7058_ (recovery check against rising-edge clock clk)
Path Group: asynchronous
Path Type: max

Fanout         Cap        Slew       Delay        Time   Description
---------------------------------------------------------------------------------------------
                                  0.000000    0.000000   clock clk (rise edge)
                                  0.000000    0.000000   clock network delay (propagated)
                                  5.000000    5.000000 v input external delay
     3    0.038156    0.086691    0.062937    5.062937 v reset (in)
                                                         reset (net)
                      0.087312    0.000000    5.062937 v fanout47/A (sky130_fd_sc_hd__clkdlybuf4s25_1)
     5    0.023177    0.176770    0.373280    5.436217 v fanout47/X (sky130_fd_sc_hd__clkdlybuf4s25_1)
                                                         net47 (net)
                      0.176809    0.002521    5.438738 v fanout33/A (sky130_fd_sc_hd__clkdlybuf4s25_1)
     5    0.032559    0.243487    0.455171    5.893909 v fanout33/X (sky130_fd_sc_hd__clkdlybuf4s25_1)
                                                         net33 (net)
                      0.243619    0.005193    5.899102 v fanout28/A (sky130_fd_sc_hd__clkdlybuf4s25_1)
     5    0.026030    0.196948    0.444936    6.344038 v fanout28/X (sky130_fd_sc_hd__clkdlybuf4s25_1)
                                                         net28 (net)
                      0.196956    0.001404    6.345442 v fanout27/A (sky130_fd_sc_hd__clkdlybuf4s25_1)
     6    0.045750    0.337317    0.530985    6.876428 v fanout27/X (sky130_fd_sc_hd__clkdlybuf4s25_1)
                                                         net27 (net)
                      0.337448    0.006165    6.882593 v fanout25/A (sky130_fd_sc_hd__buf_2)
    10    0.077958    0.183135    0.371305    7.253898 v fanout25/X (sky130_fd_sc_hd__buf_2)
                                                         net25 (net)
                      0.183343    0.005621    7.259519 v _6338_/A (sky130_fd_sc_hd__inv_2)
     1    0.003898    0.052396    0.086597    7.346116 ^ _6338_/Y (sky130_fd_sc_hd__inv_2)
                                                         _0079_ (net)
                      0.052396    0.000204    7.346320 ^ _7058_/SET_B (sky130_fd_sc_hd__dfstp_2)
                                              7.346320   data arrival time

                                 25.000000   25.000000   clock clk (rise edge)
                                  0.000000   25.000000   clock source latency
     1    0.053248    0.242747    0.173129   25.173128 ^ clk (in)
                                                         clk (net)
                      0.243139    0.000000   25.173128 ^ clkbuf_0_clk/A (sky130_fd_sc_hd__clkbuf_16)
     8    0.149373    0.162355    0.279156   25.452284 ^ clkbuf_0_clk/X (sky130_fd_sc_hd__clkbuf_16)
                                                         clknet_0_clk (net)
                      0.163983    0.013005   25.465290 ^ clkbuf_3_2__f_clk/A (sky130_fd_sc_hd__clkbuf_16)
     6    0.104610    0.121135    0.226112   25.691402 ^ clkbuf_3_2__f_clk/X (sky130_fd_sc_hd__clkbuf_16)
                                                         clknet_3_2__leaf_clk (net)
                      0.121491    0.005409   25.696812 ^ clkbuf_leaf_36_clk/A (sky130_fd_sc_hd__clkbuf_16)
    18    0.063543    0.081651    0.185592   25.882402 ^ clkbuf_leaf_36_clk/X (sky130_fd_sc_hd__clkbuf_16)
                                                         clknet_leaf_36_clk (net)
                      0.082121    0.004587   25.886990 ^ _7058_/CLK (sky130_fd_sc_hd__dfstp_2)
                                 -0.100000   25.786989   clock uncertainty
                                  0.000000   25.786989   clock reconvergence pessimism
                                  0.146025   25.933014   library recovery time
                                             25.933014   data required time
---------------------------------------------------------------------------------------------
                                             25.933014   data required time
                                             -7.346320   data arrival time
---------------------------------------------------------------------------------------------
                                             18.586695   slack (MET)


Startpoint: _6980_ (rising edge-triggered flip-flop clocked by clk)
Endpoint: alu_result_out[31] (output port clocked by clk)
Path Group: clk
Path Type: max

Fanout         Cap        Slew       Delay        Time   Description
---------------------------------------------------------------------------------------------
                                  0.000000    0.000000   clock clk (rise edge)
                                  0.000000    0.000000   clock source latency
     1    0.053248    0.242747    0.173130    0.173130 ^ clk (in)
                                                         clk (net)
                      0.243139    0.000000    0.173130 ^ clkbuf_0_clk/A (sky130_fd_sc_hd__clkbuf_16)
     8    0.149373    0.162355    0.279156    0.452286 ^ clkbuf_0_clk/X (sky130_fd_sc_hd__clkbuf_16)
                                                         clknet_0_clk (net)
                      0.164041    0.013225    0.465511 ^ clkbuf_3_0__f_clk/A (sky130_fd_sc_hd__clkbuf_16)
     6    0.086164    0.103716    0.214527    0.680038 ^ clkbuf_3_0__f_clk/X (sky130_fd_sc_hd__clkbuf_16)
                                                         clknet_3_0__leaf_clk (net)
                      0.103858    0.003140    0.683178 ^ clkbuf_leaf_39_clk/A (sky130_fd_sc_hd__clkbuf_16)
    14    0.073715    0.091353    0.185518    0.868696 ^ clkbuf_leaf_39_clk/X (sky130_fd_sc_hd__clkbuf_16)
                                                         clknet_leaf_39_clk (net)
                      0.091524    0.003221    0.871917 ^ _6980_/CLK (sky130_fd_sc_hd__dfrtp_2)
    10    0.052532    0.254157    0.524093    1.396011 ^ _6980_/Q (sky130_fd_sc_hd__dfrtp_2)
                                                         net14 (net)
                      0.254189    0.002884    1.398894 ^ place458/A (sky130_fd_sc_hd__buf_2)
    10    0.061348    0.297574    0.348316    1.747210 ^ place458/X (sky130_fd_sc_hd__buf_2)
                                                         net458 (net)
                      0.297761    0.006202    1.753412 ^ _3313_/B (sky130_fd_sc_hd__nand4b_4)
    10    0.075339    0.342688    0.343356    2.096768 v _3313_/Y (sky130_fd_sc_hd__nand4b_4)
                                                         _1263_ (net)
                      0.343988    0.016988    2.113756 v _3403_/B (sky130_fd_sc_hd__or2_4)
     5    0.079067    0.134636    0.449594    2.563349 v _3403_/X (sky130_fd_sc_hd__or2_4)
                                                         _1345_ (net)
                      0.135098    0.006761    2.570110 v _3405_/B1 (sky130_fd_sc_hd__o31a_2)
     3    0.021964    0.095366    0.192823    2.762933 v _3405_/X (sky130_fd_sc_hd__o31a_2)
                                                         _1347_ (net)
                      0.095443    0.002445    2.765378 v _3406_/A (sky130_fd_sc_hd__inv_4)
     4    0.029225    0.088060    0.109728    2.875107 ^ _3406_/Y (sky130_fd_sc_hd__inv_4)
                                                         net503 (net)
                      0.088167    0.002488    2.877594 ^ _3407_/C (sky130_fd_sc_hd__and3_2)
     5    0.030465    0.167758    0.286280    3.163874 ^ _3407_/X (sky130_fd_sc_hd__and3_2)
                                                         _1348_ (net)
                      0.167808    0.002772    3.166646 ^ place338/A (sky130_fd_sc_hd__buf_2)
    10    0.060636    0.295065    0.321149    3.487796 ^ place338/X (sky130_fd_sc_hd__buf_2)
                                                         net338 (net)
                      0.295408    0.008297    3.496093 ^ place337/A (sky130_fd_sc_hd__buf_2)
    10    0.059874    0.292774    0.348845    3.844938 ^ place337/X (sky130_fd_sc_hd__buf_2)
                                                         net337 (net)
                      0.293145    0.008669    3.853607 ^ _4267_/A2 (sky130_fd_sc_hd__a22o_2)
     1    0.007600    0.058097    0.217862    4.071469 ^ _4267_/X (sky130_fd_sc_hd__a22o_2)
                                                         _2135_ (net)
                      0.058102    0.000570    4.072038 ^ _4271_/B (sky130_fd_sc_hd__or4b_2)
     1    0.007313    0.055390    0.129525    4.201563 ^ _4271_/X (sky130_fd_sc_hd__or4b_2)
                                                         _2139_ (net)
                      0.055395    0.000564    4.202127 ^ _4272_/C_N (sky130_fd_sc_hd__or3b_2)
     3    0.013960    0.112545    0.496120    4.698247 v _4272_/X (sky130_fd_sc_hd__or3b_2)
                                                         _2140_ (net)
                      0.112545    0.001131    4.699378 v _4273_/D (sky130_fd_sc_hd__nor4_1)
     2    0.007162    0.367075    0.303306    5.002684 ^ _4273_/Y (sky130_fd_sc_hd__nor4_1)
                                                         _2141_ (net)
                      0.367075    0.000396    5.003080 ^ max_cap557/A (sky130_fd_sc_hd__clkdlybuf4s25_1)
     2    0.007498    0.087473    0.353029    5.356109 ^ max_cap557/X (sky130_fd_sc_hd__clkdlybuf4s25_1)
                                                         net557 (net)
                      0.087473    0.000278    5.356387 ^ max_cap556/A (sky130_fd_sc_hd__clkdlybuf4s25_1)
     1    0.005575    0.069419    0.277115    5.633502 ^ max_cap556/X (sky130_fd_sc_hd__clkdlybuf4s25_1)
                                                         net556 (net)
                      0.069419    0.000399    5.633901 ^ _4275_/A (sky130_fd_sc_hd__nor2b_2)
     4    0.018135    0.064297    0.068006    5.701908 v _4275_/Y (sky130_fd_sc_hd__nor2b_2)
                                                         _2143_ (net)
                      0.064299    0.000512    5.702419 v max_cap555/A (sky130_fd_sc_hd__buf_2)
     5    0.027207    0.074619    0.175055    5.877474 v max_cap555/X (sky130_fd_sc_hd__buf_2)
                                                         net555 (net)
                      0.074643    0.001260    5.878734 v _4620_/C (sky130_fd_sc_hd__and4_4)
     2    0.011649    0.043582    0.202071    6.080805 v _4620_/X (sky130_fd_sc_hd__and4_4)
                                                         _2422_ (net)
                      0.043582    0.000587    6.081392 v _4624_/B (sky130_fd_sc_hd__and2_2)
     1    0.008689    0.049990    0.201933    6.283325 v _4624_/X (sky130_fd_sc_hd__and2_2)
                                                         _2426_ (net)
                      0.049998    0.000658    6.283983 v _4625_/B1 (sky130_fd_sc_hd__a31oi_4)
     3    0.022616    0.231742    0.223633    6.507616 ^ _4625_/Y (sky130_fd_sc_hd__a31oi_4)
                                                         _2427_ (net)
                      0.231779    0.002237    6.509853 ^ _4635_/A1 (sky130_fd_sc_hd__a211o_2)
     2    0.019361    0.101317    0.226589    6.736441 ^ _4635_/X (sky130_fd_sc_hd__a211o_2)
                                                         _2437_ (net)
                      0.101364    0.002033    6.738474 ^ _4646_/A (sky130_fd_sc_hd__nand2_2)
     2    0.005408    0.042242    0.058849    6.797323 v _4646_/Y (sky130_fd_sc_hd__nand2_2)
                                                         _2448_ (net)
                      0.042242    0.000313    6.797636 v _4654_/A1 (sky130_fd_sc_hd__a211o_2)
     5    0.021788    0.094160    0.348906    7.146542 v _4654_/X (sky130_fd_sc_hd__a211o_2)
                                                         _2456_ (net)
                      0.094184    0.001458    7.147999 v _4655_/B2 (sky130_fd_sc_hd__a221o_2)
     3    0.011519    0.077742    0.407122    7.555121 v _4655_/X (sky130_fd_sc_hd__a221o_2)
                                                         _2457_ (net)
                      0.077755    0.000985    7.556106 v _4657_/A2 (sky130_fd_sc_hd__a21oi_2)
     2    0.009443    0.150469    0.186435    7.742541 ^ _4657_/Y (sky130_fd_sc_hd__a21oi_2)
                                                         _2459_ (net)
                      0.150470    0.000629    7.743170 ^ _4658_/B (sky130_fd_sc_hd__nand2_2)
     1    0.003866    0.039154    0.067079    7.810249 v _4658_/Y (sky130_fd_sc_hd__nand2_2)
                                                         _2460_ (net)
                      0.039154    0.000239    7.810488 v _4659_/B1 (sky130_fd_sc_hd__o2111a_2)
     1    0.004590    0.044556    0.152649    7.963136 v _4659_/X (sky130_fd_sc_hd__o2111a_2)
                                                         _2461_ (net)
                      0.044556    0.000330    7.963467 v _4663_/B1 (sky130_fd_sc_hd__o32a_2)
     3    0.035459    0.125165    0.276750    8.240217 v _4663_/X (sky130_fd_sc_hd__o32a_2)
                                                         _2465_ (net)
                      0.125595    0.006279    8.246495 v _5654_/A (sky130_fd_sc_hd__inv_2)
     1    0.007434    0.053716    0.087477    8.333972 ^ _5654_/Y (sky130_fd_sc_hd__inv_2)
                                                         net485 (net)
                      0.053724    0.000613    8.334585 ^ output485/A (sky130_fd_sc_hd__clkdlybuf4s25_1)
     1    0.035585    0.358804    0.470617    8.805202 ^ output485/X (sky130_fd_sc_hd__clkdlybuf4s25_1)
                                                         alu_result_out[31] (net)
                      0.358808    0.001718    8.806920 ^ alu_result_out[31] (out)
                                              8.806920   data arrival time

                                 25.000000   25.000000   clock clk (rise edge)
                                  0.000000   25.000000   clock network delay (propagated)
                                 -0.100000   24.900000   clock uncertainty
                                  0.000000   24.900000   clock reconvergence pessimism
                                 -5.000000   19.899998   output external delay
                                             19.899998   data required time
---------------------------------------------------------------------------------------------
                                             19.899998   data required time
                                             -8.806920   data arrival time
---------------------------------------------------------------------------------------------
                                             11.093079   slack (MET)




===========================================================================
report_checks --slack_max -0.01
============================================================================
======================= max_tt_025C_1v80 Corner ===================================

No paths found.


===========================================================================
 report_check_types -max_slew -max_cap -max_fanout -violators
============================================================================
======================= max_tt_025C_1v80 Corner ===================================

max fanout

Pin                                   Limit Fanout  Slack
---------------------------------------------------------
clkbuf_leaf_0_clk/X                      10     20    -10 (VIOLATED)
clkbuf_leaf_13_clk/X                     10     20    -10 (VIOLATED)
clkbuf_leaf_25_clk/X                     10     20    -10 (VIOLATED)
clkbuf_leaf_3_clk/X                      10     20    -10 (VIOLATED)
clkbuf_leaf_41_clk/X                     10     20    -10 (VIOLATED)
clkbuf_leaf_42_clk/X                     10     20    -10 (VIOLATED)
clkbuf_leaf_4_clk/X                      10     20    -10 (VIOLATED)
clkbuf_leaf_5_clk/X                      10     20    -10 (VIOLATED)
clkbuf_leaf_10_clk/X                     10     19     -9 (VIOLATED)
clkbuf_leaf_2_clk/X                      10     19     -9 (VIOLATED)
clkbuf_leaf_6_clk/X                      10     19     -9 (VIOLATED)
clkbuf_leaf_11_clk/X                     10     18     -8 (VIOLATED)
clkbuf_leaf_16_clk/X                     10     18     -8 (VIOLATED)
clkbuf_leaf_24_clk/X                     10     18     -8 (VIOLATED)
clkbuf_leaf_30_clk/X                     10     18     -8 (VIOLATED)
clkbuf_leaf_31_clk/X                     10     18     -8 (VIOLATED)
clkbuf_leaf_32_clk/X                     10     18     -8 (VIOLATED)
clkbuf_leaf_36_clk/X                     10     18     -8 (VIOLATED)
clkbuf_leaf_37_clk/X                     10     18     -8 (VIOLATED)
clkbuf_leaf_40_clk/X                     10     18     -8 (VIOLATED)
clkbuf_leaf_15_clk/X                     10     17     -7 (VIOLATED)
clkbuf_leaf_19_clk/X                     10     17     -7 (VIOLATED)
clkbuf_leaf_1_clk/X                      10     17     -7 (VIOLATED)
clkbuf_leaf_20_clk/X                     10     17     -7 (VIOLATED)
clkbuf_leaf_21_clk/X                     10     17     -7 (VIOLATED)
clkbuf_leaf_22_clk/X                     10     17     -7 (VIOLATED)
clkbuf_leaf_23_clk/X                     10     17     -7 (VIOLATED)
clkbuf_leaf_27_clk/X                     10     17     -7 (VIOLATED)
clkbuf_leaf_29_clk/X                     10     17     -7 (VIOLATED)
clkbuf_leaf_33_clk/X                     10     17     -7 (VIOLATED)
clkbuf_leaf_7_clk/X                      10     17     -7 (VIOLATED)
clkbuf_leaf_9_clk/X                      10     17     -7 (VIOLATED)
clkbuf_leaf_12_clk/X                     10     16     -6 (VIOLATED)
clkbuf_leaf_28_clk/X                     10     16     -6 (VIOLATED)
clkbuf_leaf_14_clk/X                     10     15     -5 (VIOLATED)
clkbuf_leaf_17_clk/X                     10     15     -5 (VIOLATED)
clkbuf_leaf_18_clk/X                     10     15     -5 (VIOLATED)
clkbuf_leaf_26_clk/X                     10     15     -5 (VIOLATED)
clkbuf_leaf_34_clk/X                     10     15     -5 (VIOLATED)
clkbuf_leaf_35_clk/X                     10     15     -5 (VIOLATED)
clkbuf_leaf_8_clk/X                      10     15     -5 (VIOLATED)
clkbuf_leaf_39_clk/X                     10     14     -4 (VIOLATED)
clkbuf_leaf_38_clk/X                     10     12     -2 (VIOLATED)



===========================================================================
report_parasitic_annotation -report_unannotated
============================================================================
Found 41 unannotated drivers.
 clkload0/X
 clkload1/X
 clkload10/Y
 clkload11/Y
 clkload12/Y
 clkload13/Y
 clkload14/Y
 clkload15/X
 clkload16/Y
 clkload17/X
 clkload18/X
 clkload19/X
 clkload2/X
 clkload20/Y
 clkload21/Y
 clkload22/X
 clkload23/Y
 clkload24/Y
 clkload25/X
 clkload26/Y
 clkload27/Y
 clkload28/Y
 clkload29/Y
 clkload3/X
 clkload30/Y
 clkload31/Y
 clkload32/Y
 clkload33/Y
 clkload34/X
 clkload35/X
 clkload4/X
 clkload5/Y
 clkload6/Y
 clkload7/Y
 clkload8/X
 clkload9/X
 single_cycle_cpu/HI
 single_cycle_cpu_577/HI
 single_cycle_cpu_578/HI
 single_cycle_cpu_579/LO
 single_cycle_cpu_580/LO
Found 0 partially unannotated drivers.

===========================================================================
max slew violation count 0
max fanout violation count 43
max cap violation count 0
============================================================================

===========================================================================
check_setup -verbose -unconstrained_endpoints -multiple_clock -no_clock -no_input_delay -loops -generated_clocks
===========================================================================
