Clock: clk
Sources: clk 
Generated: no
Virtual: yes
Propagated: no
Period: 25.000000

===========================================================================
report_clock_properties
============================================================================
Clock                   Period          Waveform
----------------------------------------------------
clk                  25.000000    0.000000 12.500000

===========================================================================
report_clock_latency
============================================================================
Clock clk
rise -> rise
    min     max
0.000000 0.000000 source latency
0.853989         network latency _6853_/CLK
        0.902118 network latency _7187_/CLK
---------------
0.853989 0.902118 latency
        0.048130 skew

fall -> fall
    min     max
0.000000 0.000000 source latency
0.725755         network latency _6853_/CLK
        0.763525 network latency _7187_/CLK
---------------
0.725755 0.763525 latency
        0.037770 skew



===========================================================================
report_clock_min_period
============================================================================
clk period_min = 8.84 fmax = 113.06
