Clock: clk
Sources: clk 
Generated: no
Virtual: yes
Propagated: no
Period: 25.000000

===========================================================================
report_clock_properties
============================================================================
Clock                   Period          Waveform
----------------------------------------------------
clk                  25.000000    0.000000 12.500000

===========================================================================
report_clock_latency
============================================================================
Clock clk
rise -> rise
    min     max
0.000000 0.000000 source latency
1.331388         network latency _7289_/CLK
        1.370415 network latency _7337_/CLK
---------------
1.331388 1.370415 latency
        0.039027 skew

fall -> fall
    min     max
0.000000 0.000000 source latency
1.187100         network latency _7289_/CLK
        1.215125 network latency _7337_/CLK
---------------
1.187100 1.215125 latency
        0.028025 skew



===========================================================================
report_clock_min_period
============================================================================
clk period_min = 17.70 fmax = 56.49
