Clock: clk
Sources: clk 
Generated: no
Virtual: yes
Propagated: no
Period: 25.000000

===========================================================================
report_clock_properties
============================================================================
Clock                   Period          Waveform
----------------------------------------------------
clk                  25.000000    0.000000 12.500000

===========================================================================
report_clock_latency
============================================================================
Clock clk
rise -> rise
    min     max
0.000000 0.000000 source latency
0.754166         network latency _7310_/CLK
        0.788306 network latency _7015_/CLK
---------------
0.754166 0.788306 latency
        0.034139 skew

fall -> fall
    min     max
0.000000 0.000000 source latency
0.657270         network latency _7310_/CLK
        0.683380 network latency _7015_/CLK
---------------
0.657270 0.683380 latency
        0.026110 skew



===========================================================================
report_clock_min_period
============================================================================
clk period_min = 8.66 fmax = 115.50
