Clock: clk
Sources: clk 
Generated: no
Virtual: yes
Propagated: no
Period: 25.000000

===========================================================================
report_clock_properties
============================================================================
Clock                   Period          Waveform
----------------------------------------------------
clk                  25.000000    0.000000 12.500000

===========================================================================
report_clock_latency
============================================================================
Clock clk
rise -> rise
    min     max
0.000000 0.000000 source latency
1.394215         network latency _6824_/CLK
        1.459100 network latency _7100_/CLK
---------------
1.394215 1.459100 latency
        0.064885 skew

fall -> fall
    min     max
0.000000 0.000000 source latency
1.231928         network latency _6766_/CLK
        1.279739 network latency _7100_/CLK
---------------
1.231928 1.279739 latency
        0.047811 skew



===========================================================================
report_clock_min_period
============================================================================
clk period_min = 17.55 fmax = 56.98
