
===========================================================================
report_checks -unconstrained
===========================================================================
======================= max_ff_n40C_1v95 Corner ===================================

Startpoint: reset (input port clocked by clk)
Endpoint: _7280_ (recovery check against rising-edge clock clk)
Path Group: asynchronous
Path Type: max

Fanout         Cap        Slew       Delay        Time   Description
---------------------------------------------------------------------------------------------
                                  0.000000    0.000000   clock clk (rise edge)
                                  0.000000    0.000000   clock network delay (propagated)
                                  5.000000    5.000000 v input external delay
     3    0.023263    0.037285    0.025995    5.025995 v reset (in)
                                                         reset (net)
                      0.037754    0.000000    5.025995 v fanout51/A (sky130_fd_sc_hd__clkdlybuf4s25_1)
     6    0.062809    0.315472    0.377719    5.403714 v fanout51/X (sky130_fd_sc_hd__clkdlybuf4s25_1)
                                                         net51 (net)
                      0.315918    0.009144    5.412858 v fanout39/A (sky130_fd_sc_hd__buf_1)
     2    0.035777    0.143821    0.231759    5.644618 v fanout39/X (sky130_fd_sc_hd__buf_1)
                                                         net39 (net)
                      0.144138    0.005196    5.649814 v max_cap574/A (sky130_fd_sc_hd__buf_2)
     4    0.046250    0.080531    0.172345    5.822159 v max_cap574/X (sky130_fd_sc_hd__buf_2)
                                                         net574 (net)
                      0.081913    0.008429    5.830588 v fanout29/A (sky130_fd_sc_hd__clkdlybuf4s25_1)
     5    0.026923    0.139786    0.268670    6.099258 v fanout29/X (sky130_fd_sc_hd__clkdlybuf4s25_1)
                                                         net29 (net)
                      0.139809    0.001751    6.101009 v fanout28/A (sky130_fd_sc_hd__clkdlybuf4s25_1)
     7    0.043517    0.221090    0.347606    6.448615 v fanout28/X (sky130_fd_sc_hd__clkdlybuf4s25_1)
                                                         net28 (net)
                      0.221150    0.003438    6.452053 v fanout27/A (sky130_fd_sc_hd__buf_2)
    10    0.065330    0.110310    0.220747    6.672800 v fanout27/X (sky130_fd_sc_hd__buf_2)
                                                         net27 (net)
                      0.111430    0.008974    6.681774 v _6560_/A (sky130_fd_sc_hd__inv_2)
     1    0.008599    0.047409    0.070739    6.752512 ^ _6560_/Y (sky130_fd_sc_hd__inv_2)
                                                         _0301_ (net)
                      0.047411    0.000359    6.752871 ^ _7280_/RESET_B (sky130_fd_sc_hd__dfrtp_2)
                                              6.752871   data arrival time

                                 25.000000   25.000000   clock clk (rise edge)
                                  0.000000   25.000000   clock source latency
     1    0.058003    0.197039    0.140655   25.140656 ^ clk (in)
                                                         clk (net)
                      0.197369    0.000000   25.140656 ^ clkbuf_0_clk/A (sky130_fd_sc_hd__clkbuf_16)
     8    0.142277    0.120055    0.183398   25.324053 ^ clkbuf_0_clk/X (sky130_fd_sc_hd__clkbuf_16)
                                                         clknet_0_clk (net)
                      0.121131    0.009067   25.333120 ^ clkbuf_3_1__f_clk/A (sky130_fd_sc_hd__clkbuf_16)
     6    0.100283    0.089721    0.151802   25.484922 ^ clkbuf_3_1__f_clk/X (sky130_fd_sc_hd__clkbuf_16)
                                                         clknet_3_1__leaf_clk (net)
                      0.089945    0.003659   25.488581 ^ clkbuf_leaf_39_clk/A (sky130_fd_sc_hd__clkbuf_16)
    17    0.072066    0.068695    0.129836   25.618416 ^ clkbuf_leaf_39_clk/X (sky130_fd_sc_hd__clkbuf_16)
                                                         clknet_leaf_39_clk (net)
                      0.069044    0.003862   25.622278 ^ _7280_/CLK (sky130_fd_sc_hd__dfrtp_2)
                                 -0.100000   25.522278   clock uncertainty
                                  0.000000   25.522278   clock reconvergence pessimism
                                  0.135304   25.657583   library recovery time
                                             25.657583   data required time
---------------------------------------------------------------------------------------------
                                             25.657583   data required time
                                             -6.752871   data arrival time
---------------------------------------------------------------------------------------------
                                             18.904713   slack (MET)


Startpoint: _6980_ (rising edge-triggered flip-flop clocked by clk)
Endpoint: alu_result_out[0] (output port clocked by clk)
Path Group: clk
Path Type: max

Fanout         Cap        Slew       Delay        Time   Description
---------------------------------------------------------------------------------------------
                                  0.000000    0.000000   clock clk (rise edge)
                                  0.000000    0.000000   clock source latency
     1    0.058003    0.197039    0.140655    0.140655 ^ clk (in)
                                                         clk (net)
                      0.197369    0.000000    0.140655 ^ clkbuf_0_clk/A (sky130_fd_sc_hd__clkbuf_16)
     8    0.142277    0.120055    0.183399    0.324054 ^ clkbuf_0_clk/X (sky130_fd_sc_hd__clkbuf_16)
                                                         clknet_0_clk (net)
                      0.121116    0.009005    0.333059 ^ clkbuf_3_4__f_clk/A (sky130_fd_sc_hd__clkbuf_16)
     6    0.102003    0.091069    0.152554    0.485613 ^ clkbuf_3_4__f_clk/X (sky130_fd_sc_hd__clkbuf_16)
                                                         clknet_3_4__leaf_clk (net)
                      0.091800    0.006526    0.492139 ^ clkbuf_leaf_4_clk/A (sky130_fd_sc_hd__clkbuf_16)
    12    0.059784    0.059755    0.123273    0.615411 ^ clkbuf_leaf_4_clk/X (sky130_fd_sc_hd__clkbuf_16)
                                                         clknet_leaf_4_clk (net)
                      0.059992    0.002935    0.618346 ^ _6980_/CLK (sky130_fd_sc_hd__dfrtp_2)
     5    0.043331    0.158880    0.319295    0.937641 ^ _6980_/Q (sky130_fd_sc_hd__dfrtp_2)
                                                         net545 (net)
                      0.158911    0.002278    0.939919 ^ place458/A (sky130_fd_sc_hd__buf_2)
     9    0.055635    0.204874    0.211431    1.151350 ^ place458/X (sky130_fd_sc_hd__buf_2)
                                                         net458 (net)
                      0.205343    0.008047    1.159397 ^ place457/A (sky130_fd_sc_hd__buf_2)
     8    0.041715    0.154803    0.185001    1.344398 ^ place457/X (sky130_fd_sc_hd__buf_2)
                                                         net457 (net)
                      0.154864    0.002548    1.346946 ^ _3365_/A (sky130_fd_sc_hd__inv_2)
     7    0.022169    0.060883    0.056554    1.403500 v _3365_/Y (sky130_fd_sc_hd__inv_2)
                                                         _1311_ (net)
                      0.060924    0.001273    1.404772 v _3371_/C_N (sky130_fd_sc_hd__nor4bb_2)
     2    0.006076    0.060860    0.121717    1.526489 v _3371_/Y (sky130_fd_sc_hd__nor4bb_2)
                                                         _1316_ (net)
                      0.060860    0.000377    1.526866 v place428/A (sky130_fd_sc_hd__buf_2)
     7    0.058432    0.097916    0.155297    1.682163 v place428/X (sky130_fd_sc_hd__buf_2)
                                                         net428 (net)
                      0.098232    0.004297    1.686460 v place427/A (sky130_fd_sc_hd__buf_2)
     6    0.047436    0.081023    0.157972    1.844433 v place427/X (sky130_fd_sc_hd__buf_2)
                                                         net427 (net)
                      0.081341    0.004193    1.848625 v _3399_/A (sky130_fd_sc_hd__nor2_4)
     6    0.027709    0.139056    0.151882    2.000507 ^ _3399_/Y (sky130_fd_sc_hd__nor2_4)
                                                         _1342_ (net)
                      0.139094    0.001869    2.002377 ^ _3449_/B (sky130_fd_sc_hd__and3_2)
     6    0.030007    0.119856    0.193394    2.195771 ^ _3449_/X (sky130_fd_sc_hd__and3_2)
                                                         _1389_ (net)
                      0.119864    0.001125    2.196896 ^ place347/A (sky130_fd_sc_hd__buf_2)
     6    0.022316    0.085847    0.129593    2.326489 ^ place347/X (sky130_fd_sc_hd__buf_2)
                                                         net347 (net)
                      0.085922    0.001540    2.328030 ^ place346/A (sky130_fd_sc_hd__buf_2)
    10    0.081833    0.299023    0.262948    2.590978 ^ place346/X (sky130_fd_sc_hd__buf_2)
                                                         net346 (net)
                      0.299570    0.010536    2.601514 ^ _4270_/B (sky130_fd_sc_hd__nand2_2)
     2    0.030386    0.118623    0.114176    2.715690 v _4270_/Y (sky130_fd_sc_hd__nand2_2)
                                                         _2138_ (net)
                      0.118672    0.002032    2.717722 v _4271_/D_N (sky130_fd_sc_hd__or4b_2)
     1    0.004026    0.028356    0.165608    2.883330 ^ _4271_/X (sky130_fd_sc_hd__or4b_2)
                                                         _2139_ (net)
                      0.028356    0.000255    2.883585 ^ _4272_/C_N (sky130_fd_sc_hd__or3b_2)
     3    0.020675    0.087801    0.297262    3.180847 v _4272_/X (sky130_fd_sc_hd__or3b_2)
                                                         _2140_ (net)
                      0.087872    0.002201    3.183048 v _4273_/D (sky130_fd_sc_hd__nor4_1)
     1    0.003044    0.152059    0.127638    3.310686 ^ _4273_/Y (sky130_fd_sc_hd__nor4_1)
                                                         _2141_ (net)
                      0.152059    0.000225    3.310911 ^ wire562/A (sky130_fd_sc_hd__clkdlybuf4s25_1)
     2    0.009282    0.077444    0.213804    3.524715 ^ wire562/X (sky130_fd_sc_hd__clkdlybuf4s25_1)
                                                         net562 (net)
                      0.077446    0.000566    3.525281 ^ max_cap561/A (sky130_fd_sc_hd__clkdlybuf4s25_1)
     1    0.005864    0.052924    0.184661    3.709941 ^ max_cap561/X (sky130_fd_sc_hd__clkdlybuf4s25_1)
                                                         net561 (net)
                      0.052926    0.000433    3.710375 ^ _4275_/A (sky130_fd_sc_hd__nor2b_2)
     4    0.019897    0.048190    0.046007    3.756382 v _4275_/Y (sky130_fd_sc_hd__nor2b_2)
                                                         _2143_ (net)
                      0.048224    0.001192    3.757574 v max_cap559/A (sky130_fd_sc_hd__clkbuf_2)
     5    0.025582    0.070372    0.117024    3.874598 v max_cap559/X (sky130_fd_sc_hd__clkbuf_2)
                                                         net559 (net)
                      0.070461    0.001788    3.876385 v _4277_/B (sky130_fd_sc_hd__nor2_2)
     1    0.006112    0.068708    0.079088    3.955473 ^ _4277_/Y (sky130_fd_sc_hd__nor2_2)
                                                         _2145_ (net)
                      0.068725    0.000477    3.955950 ^ _4378_/A2 (sky130_fd_sc_hd__a31o_4)
     5    0.029062    0.078401    0.130046    4.085996 ^ _4378_/X (sky130_fd_sc_hd__a31o_4)
                                                         _2246_ (net)
                      0.078716    0.003965    4.089962 ^ _4384_/B (sky130_fd_sc_hd__nand3_2)
     2    0.008034    0.046483    0.056470    4.146432 v _4384_/Y (sky130_fd_sc_hd__nand3_2)
                                                         _2252_ (net)
                      0.046494    0.000638    4.147069 v _4443_/A2 (sky130_fd_sc_hd__a2111o_2)
     3    0.014330    0.067228    0.316950    4.464019 v _4443_/X (sky130_fd_sc_hd__a2111o_2)
                                                         _2311_ (net)
                      0.067271    0.000871    4.464890 v _4454_/A1 (sky130_fd_sc_hd__a211o_2)
     2    0.008623    0.045269    0.203059    4.667949 v _4454_/X (sky130_fd_sc_hd__a211o_2)
                                                         _2322_ (net)
                      0.045304    0.000640    4.668589 v _4455_/C1 (sky130_fd_sc_hd__o211a_2)
     2    0.010907    0.044955    0.090914    4.759503 v _4455_/X (sky130_fd_sc_hd__o211a_2)
                                                         _2323_ (net)
                      0.044968    0.000735    4.760237 v _4457_/A2 (sky130_fd_sc_hd__o21a_2)
     3    0.014875    0.044445    0.147482    4.907719 v _4457_/X (sky130_fd_sc_hd__o21a_2)
                                                         _2325_ (net)
                      0.044476    0.001014    4.908733 v _4459_/A2 (sky130_fd_sc_hd__o211a_2)
     3    0.029716    0.073785    0.199561    5.108294 v _4459_/X (sky130_fd_sc_hd__o211a_2)
                                                         _2327_ (net)
                      0.074102    0.004147    5.112441 v _4465_/A (sky130_fd_sc_hd__nor2_2)
     2    0.058144    0.446655    0.365282    5.477723 ^ _4465_/Y (sky130_fd_sc_hd__nor2_2)
                                                         _2333_ (net)
                      0.446997    0.010265    5.487987 ^ _5650_/A (sky130_fd_sc_hd__inv_2)
     1    0.003529    0.058420   -0.012029    5.475957 v _5650_/Y (sky130_fd_sc_hd__inv_2)
                                                         net461 (net)
                      0.058420    0.000244    5.476202 v output461/A (sky130_fd_sc_hd__clkdlybuf4s25_1)
     1    0.036020    0.183536    0.292623    5.768825 v output461/X (sky130_fd_sc_hd__clkdlybuf4s25_1)
                                                         alu_result_out[0] (net)
                      0.183562    0.002151    5.770976 v alu_result_out[0] (out)
                                              5.770976   data arrival time

                                 25.000000   25.000000   clock clk (rise edge)
                                  0.000000   25.000000   clock network delay (propagated)
                                 -0.100000   24.900000   clock uncertainty
                                  0.000000   24.900000   clock reconvergence pessimism
                                 -5.000000   19.899998   output external delay
                                             19.899998   data required time
---------------------------------------------------------------------------------------------
                                             19.899998   data required time
                                             -5.770976   data arrival time
---------------------------------------------------------------------------------------------
                                             14.129023   slack (MET)




===========================================================================
report_checks --slack_max -0.01
============================================================================
======================= max_ff_n40C_1v95 Corner ===================================

No paths found.


===========================================================================
 report_check_types -max_slew -max_cap -max_fanout -violators
============================================================================
======================= max_ff_n40C_1v95 Corner ===================================

max fanout

Pin                                   Limit Fanout  Slack
---------------------------------------------------------
clkbuf_leaf_29_clk/X                     10     20    -10 (VIOLATED)
clkbuf_leaf_31_clk/X                     10     20    -10 (VIOLATED)
clkbuf_leaf_32_clk/X                     10     20    -10 (VIOLATED)
clkbuf_leaf_19_clk/X                     10     19     -9 (VIOLATED)
clkbuf_leaf_22_clk/X                     10     19     -9 (VIOLATED)
clkbuf_leaf_23_clk/X                     10     19     -9 (VIOLATED)
clkbuf_leaf_24_clk/X                     10     19     -9 (VIOLATED)
clkbuf_leaf_25_clk/X                     10     19     -9 (VIOLATED)
clkbuf_leaf_26_clk/X                     10     19     -9 (VIOLATED)
clkbuf_leaf_33_clk/X                     10     19     -9 (VIOLATED)
clkbuf_leaf_35_clk/X                     10     19     -9 (VIOLATED)
clkbuf_leaf_37_clk/X                     10     19     -9 (VIOLATED)
clkbuf_leaf_13_clk/X                     10     18     -8 (VIOLATED)
clkbuf_leaf_16_clk/X                     10     18     -8 (VIOLATED)
clkbuf_leaf_18_clk/X                     10     18     -8 (VIOLATED)
clkbuf_leaf_1_clk/X                      10     18     -8 (VIOLATED)
clkbuf_leaf_20_clk/X                     10     18     -8 (VIOLATED)
clkbuf_leaf_27_clk/X                     10     18     -8 (VIOLATED)
clkbuf_leaf_28_clk/X                     10     18     -8 (VIOLATED)
clkbuf_leaf_30_clk/X                     10     18     -8 (VIOLATED)
clkbuf_leaf_34_clk/X                     10     18     -8 (VIOLATED)
clkbuf_leaf_36_clk/X                     10     18     -8 (VIOLATED)
clkbuf_leaf_0_clk/X                      10     17     -7 (VIOLATED)
clkbuf_leaf_15_clk/X                     10     17     -7 (VIOLATED)
clkbuf_leaf_39_clk/X                     10     17     -7 (VIOLATED)
clkbuf_leaf_7_clk/X                      10     17     -7 (VIOLATED)
clkbuf_leaf_12_clk/X                     10     16     -6 (VIOLATED)
clkbuf_leaf_14_clk/X                     10     16     -6 (VIOLATED)
clkbuf_leaf_17_clk/X                     10     16     -6 (VIOLATED)
clkbuf_leaf_21_clk/X                     10     16     -6 (VIOLATED)
clkbuf_leaf_38_clk/X                     10     16     -6 (VIOLATED)
clkbuf_leaf_3_clk/X                      10     16     -6 (VIOLATED)
clkbuf_leaf_40_clk/X                     10     16     -6 (VIOLATED)
clkbuf_leaf_42_clk/X                     10     16     -6 (VIOLATED)
clkbuf_leaf_5_clk/X                      10     16     -6 (VIOLATED)
clkbuf_leaf_6_clk/X                      10     16     -6 (VIOLATED)
clkbuf_leaf_10_clk/X                     10     15     -5 (VIOLATED)
clkbuf_leaf_11_clk/X                     10     15     -5 (VIOLATED)
clkbuf_leaf_2_clk/X                      10     15     -5 (VIOLATED)
clkbuf_leaf_41_clk/X                     10     15     -5 (VIOLATED)
clkbuf_leaf_43_clk/X                     10     15     -5 (VIOLATED)
clkbuf_leaf_9_clk/X                      10     15     -5 (VIOLATED)
clkbuf_leaf_8_clk/X                      10     14     -4 (VIOLATED)
clkbuf_leaf_4_clk/X                      10     12     -2 (VIOLATED)
place372/X                               10     11        (VIOLATED)



===========================================================================
report_parasitic_annotation -report_unannotated
============================================================================
Found 44 unannotated drivers.
 clkload0/X
 clkload1/X
 clkload10/X
 clkload11/X
 clkload12/X
 clkload13/Y
 clkload14/Y
 clkload15/X
 clkload16/Y
 clkload17/X
 clkload18/X
 clkload19/X
 clkload2/X
 clkload20/X
 clkload21/X
 clkload22/X
 clkload23/Y
 clkload24/X
 clkload25/X
 clkload26/X
 clkload27/X
 clkload28/Y
 clkload29/Y
 clkload3/X
 clkload30/Y
 clkload31/X
 clkload32/X
 clkload33/Y
 clkload34/X
 clkload35/Y
 clkload36/Y
 clkload37/X
 clkload38/X
 clkload4/X
 clkload5/X
 clkload6/Y
 clkload7/X
 clkload8/Y
 clkload9/X
 single_cycle_cpu/HI
 single_cycle_cpu_577/HI
 single_cycle_cpu_578/HI
 single_cycle_cpu_579/LO
 single_cycle_cpu_580/LO
Found 0 partially unannotated drivers.

===========================================================================
max slew violation count 0
max fanout violation count 45
max cap violation count 0
============================================================================

===========================================================================
check_setup -verbose -unconstrained_endpoints -multiple_clock -no_clock -no_input_delay -loops -generated_clocks
===========================================================================
