Clock: clk
Sources: clk 
Generated: no
Virtual: yes
Propagated: no
Period: 25.000000

===========================================================================
report_clock_properties
============================================================================
Clock                   Period          Waveform
----------------------------------------------------
clk                  25.000000    0.000000 12.500000

===========================================================================
report_clock_latency
============================================================================
Clock clk
rise -> rise
    min     max
0.000000 0.000000 source latency
0.588410         network latency _6854_/CLK
        0.629733 network latency _7015_/CLK
---------------
0.588410 0.629733 latency
        0.041323 skew

fall -> fall
    min     max
0.000000 0.000000 source latency
0.497151         network latency _6854_/CLK
        0.531108 network latency _7015_/CLK
---------------
0.497151 0.531108 latency
        0.033957 skew



===========================================================================
report_clock_min_period
============================================================================
clk period_min = 5.74 fmax = 174.18
