[WARNING ORD-0039] .openroad ignored with -python
Unannotated report:
['report_parasitic_annotation -report_unannotated\n',
 '============================================================================\n',
 'Found 41 unannotated drivers.\n',
 ' clkload0/X\n',
 ' clkload1/X\n',
 ' clkload10/Y\n',
 ' clkload11/Y\n',
 ' clkload12/Y\n',
 ' clkload13/Y\n',
 ' clkload14/Y\n',
 ' clkload15/X\n',
 ' clkload16/Y\n',
 ' clkload17/X\n',
 ' clkload18/X\n',
 ' clkload19/X\n',
 ' clkload2/X\n',
 ' clkload20/Y\n',
 ' clkload21/Y\n',
 ' clkload22/X\n',
 ' clkload23/Y\n',
 ' clkload24/Y\n',
 ' clkload25/X\n',
 ' clkload26/Y\n',
 ' clkload27/Y\n',
 ' clkload28/Y\n',
 ' clkload29/Y\n',
 ' clkload3/X\n',
 ' clkload30/Y\n',
 ' clkload31/Y\n',
 ' clkload32/Y\n',
 ' clkload33/Y\n',
 ' clkload34/X\n',
 ' clkload35/X\n',
 ' clkload4/X\n',
 ' clkload5/Y\n',
 ' clkload6/Y\n',
 ' clkload7/Y\n',
 ' clkload8/X\n',
 ' clkload9/X\n',
 ' single_cycle_cpu/HI\n',
 ' single_cycle_cpu_577/HI\n',
 ' single_cycle_cpu_578/HI\n',
 ' single_cycle_cpu_579/LO\n',
 ' single_cycle_cpu_580/LO\n',
 'Found 0 partially unannotated drivers.\n',
 '\n']
Reported nets:
['clkload0/X',
 'clkload1/X',
 'clkload10/Y',
 'clkload11/Y',
 'clkload12/Y',
 'clkload13/Y',
 'clkload14/Y',
 'clkload15/X',
 'clkload16/Y',
 'clkload17/X',
 'clkload18/X',
 'clkload19/X',
 'clkload2/X',
 'clkload20/Y',
 'clkload21/Y',
 'clkload22/X',
 'clkload23/Y',
 'clkload24/Y',
 'clkload25/X',
 'clkload26/Y',
 'clkload27/Y',
 'clkload28/Y',
 'clkload29/Y',
 'clkload3/X',
 'clkload30/Y',
 'clkload31/Y',
 'clkload32/Y',
 'clkload33/Y',
 'clkload34/X',
 'clkload35/X',
 'clkload4/X',
 'clkload5/Y',
 'clkload6/Y',
 'clkload7/Y',
 'clkload8/X',
 'clkload9/X',
 'single_cycle_cpu/HI',
 'single_cycle_cpu_577/HI',
 'single_cycle_cpu_578/HI',
 'single_cycle_cpu_579/LO',
 'single_cycle_cpu_580/LO']
Filtered nets:
[]
done
