Clock: clk
Sources: clk 
Generated: no
Virtual: yes
Propagated: no
Period: 25.000000

===========================================================================
report_clock_properties
============================================================================
Clock                   Period          Waveform
----------------------------------------------------
clk                  25.000000    0.000000 12.500000

===========================================================================
report_clock_latency
============================================================================
Clock clk
rise -> rise
    min     max
0.000000 0.000000 source latency
0.616637         network latency _6824_/CLK
        0.660308 network latency _7100_/CLK
---------------
0.616637 0.660308 latency
        0.043670 skew

fall -> fall
    min     max
0.000000 0.000000 source latency
0.520780         network latency _6824_/CLK
        0.556790 network latency _7100_/CLK
---------------
0.520780 0.556790 latency
        0.036010 skew



===========================================================================
report_clock_min_period
============================================================================
clk period_min = 5.94 fmax = 168.34
