
===========================================================================
report_checks -unconstrained
===========================================================================
======================= min_ss_100C_1v60 Corner ===================================

Startpoint: reset (input port clocked by clk)
Endpoint: _7216_ (recovery check against rising-edge clock clk)
Path Group: asynchronous
Path Type: max

Fanout         Cap        Slew       Delay        Time   Description
---------------------------------------------------------------------------------------------
                                  0.000000    0.000000   clock clk (rise edge)
                                  0.000000    0.000000   clock network delay (propagated)
                                  5.000000    5.000000 v input external delay
     3    0.023436    0.103614    0.072966    5.072966 v reset (in)
                                                         reset (net)
                      0.103676    0.000000    5.072966 v fanout51/A (sky130_fd_sc_hd__clkdlybuf4s25_1)
     6    0.043292    0.580346    0.866336    5.939302 v fanout51/X (sky130_fd_sc_hd__clkdlybuf4s25_1)
                                                         net51 (net)
                      0.580381    0.004832    5.944134 v fanout39/A (sky130_fd_sc_hd__buf_1)
     2    0.018570    0.220300    0.492288    6.436422 v fanout39/X (sky130_fd_sc_hd__buf_1)
                                                         net39 (net)
                      0.220302    0.001055    6.437477 v max_cap576/A (sky130_fd_sc_hd__buf_2)
     4    0.051687    0.235918    0.471529    6.909006 v max_cap576/X (sky130_fd_sc_hd__buf_2)
                                                         net576 (net)
                      0.235948    0.002658    6.911664 v fanout29/A (sky130_fd_sc_hd__clkdlybuf4s25_1)
     5    0.025096    0.347484    0.755011    7.666675 v fanout29/X (sky130_fd_sc_hd__clkdlybuf4s25_1)
                                                         net29 (net)
                      0.347484    0.000464    7.667138 v fanout28/A (sky130_fd_sc_hd__clkdlybuf4s25_1)
     7    0.032545    0.442361    0.863916    8.531054 v fanout28/X (sky130_fd_sc_hd__clkdlybuf4s25_1)
                                                         net28 (net)
                      0.442361    0.000813    8.531867 v fanout26/A (sky130_fd_sc_hd__buf_2)
    10    0.064806    0.285067    0.617435    9.149302 v fanout26/X (sky130_fd_sc_hd__buf_2)
                                                         net26 (net)
                      0.285078    0.002077    9.151380 v _6496_/A (sky130_fd_sc_hd__inv_2)
     1    0.003745    0.080799    0.142152    9.293531 ^ _6496_/Y (sky130_fd_sc_hd__inv_2)
                                                         _0237_ (net)
                      0.080799    0.000028    9.293560 ^ _7216_/RESET_B (sky130_fd_sc_hd__dfrtp_2)
                                              9.293560   data arrival time

                                 25.000000   25.000000   clock clk (rise edge)
                                  0.000000   25.000000   clock source latency
     1    0.043027    0.310315    0.218824   25.218822 ^ clk (in)
                                                         clk (net)
                      0.310523    0.000000   25.218822 ^ clkbuf_0_clk/A (sky130_fd_sc_hd__clkbuf_16)
     8    0.129085    0.217645    0.451701   25.670525 ^ clkbuf_0_clk/X (sky130_fd_sc_hd__clkbuf_16)
                                                         clknet_0_clk (net)
                      0.217698    0.003320   25.673843 ^ clkbuf_3_6__f_clk/A (sky130_fd_sc_hd__clkbuf_16)
     6    0.079221    0.146941    0.359858   26.033703 ^ clkbuf_3_6__f_clk/X (sky130_fd_sc_hd__clkbuf_16)
                                                         clknet_3_6__leaf_clk (net)
                      0.147066    0.003855   26.037558 ^ clkbuf_leaf_38_clk/A (sky130_fd_sc_hd__clkbuf_16)
    16    0.054433    0.113081    0.301410   26.338966 ^ clkbuf_leaf_38_clk/X (sky130_fd_sc_hd__clkbuf_16)
                                                         clknet_leaf_38_clk (net)
                      0.113098    0.001370   26.340338 ^ _7216_/CLK (sky130_fd_sc_hd__dfrtp_2)
                                 -0.100000   26.240337   clock uncertainty
                                  0.000000   26.240337   clock reconvergence pessimism
                                  0.454353   26.694691   library recovery time
                                             26.694691   data required time
---------------------------------------------------------------------------------------------
                                             26.694691   data required time
                                             -9.293560   data arrival time
---------------------------------------------------------------------------------------------
                                             17.401131   slack (MET)


Startpoint: _6982_ (rising edge-triggered flip-flop clocked by clk)
Endpoint: alu_result_out[0] (output port clocked by clk)
Path Group: clk
Path Type: max

Fanout         Cap        Slew       Delay        Time   Description
---------------------------------------------------------------------------------------------
                                  0.000000    0.000000   clock clk (rise edge)
                                  0.000000    0.000000   clock source latency
     1    0.043027    0.310315    0.218824    0.218824 ^ clk (in)
                                                         clk (net)
                      0.310523    0.000000    0.218824 ^ clkbuf_0_clk/A (sky130_fd_sc_hd__clkbuf_16)
     8    0.129085    0.217645    0.451701    0.670525 ^ clkbuf_0_clk/X (sky130_fd_sc_hd__clkbuf_16)
                                                         clknet_0_clk (net)
                      0.217695    0.003244    0.673770 ^ clkbuf_3_4__f_clk/A (sky130_fd_sc_hd__clkbuf_16)
     6    0.088937    0.160701    0.371209    1.044979 ^ clkbuf_3_4__f_clk/X (sky130_fd_sc_hd__clkbuf_16)
                                                         clknet_3_4__leaf_clk (net)
                      0.160704    0.001051    1.046030 ^ clkbuf_leaf_4_clk/A (sky130_fd_sc_hd__clkbuf_16)
    12    0.058909    0.119111    0.312288    1.358318 ^ clkbuf_leaf_4_clk/X (sky130_fd_sc_hd__clkbuf_16)
                                                         clknet_leaf_4_clk (net)
                      0.119134    0.001608    1.359926 ^ _6982_/CLK (sky130_fd_sc_hd__dfrtp_2)
     6    0.024198    0.212177    0.842277    2.202203 ^ _6982_/Q (sky130_fd_sc_hd__dfrtp_2)
                                                         net256 (net)
                      0.212177    0.000207    2.202410 ^ place455/A (sky130_fd_sc_hd__buf_2)
     7    0.024214    0.197730    0.356793    2.559202 ^ place455/X (sky130_fd_sc_hd__buf_2)
                                                         net455 (net)
                      0.197730    0.000237    2.559440 ^ place454/A (sky130_fd_sc_hd__buf_2)
     6    0.041499    0.326078    0.441861    3.001300 ^ place454/X (sky130_fd_sc_hd__buf_2)
                                                         net454 (net)
                      0.326078    0.000526    3.001827 ^ place453/A (sky130_fd_sc_hd__buf_2)
     8    0.046366    0.362593    0.519327    3.521154 ^ place453/X (sky130_fd_sc_hd__buf_2)
                                                         net453 (net)
                      0.362593    0.000735    3.521889 ^ _3304_/A (sky130_fd_sc_hd__nand2_2)
     4    0.014979    0.174502    0.262310    3.784200 v _3304_/Y (sky130_fd_sc_hd__nand2_2)
                                                         _1255_ (net)
                      0.174502    0.000119    3.784319 v _3324_/C (sky130_fd_sc_hd__or3_2)
     1    0.005227    0.181084    1.032932    4.817251 v _3324_/X (sky130_fd_sc_hd__or3_2)
                                                         _1273_ (net)
                      0.181084    0.000050    4.817301 v _3325_/A2 (sky130_fd_sc_hd__a21oi_2)
     1    0.006212    0.184400    0.297997    5.115298 ^ _3325_/Y (sky130_fd_sc_hd__a21oi_2)
                                                         _1274_ (net)
                      0.184400    0.000079    5.115377 ^ _3326_/B (sky130_fd_sc_hd__nor2_2)
     4    0.015214    0.088631    0.147952    5.263330 v _3326_/Y (sky130_fd_sc_hd__nor2_2)
                                                         _1275_ (net)
                      0.088631    0.000205    5.263534 v _3339_/A2 (sky130_fd_sc_hd__a211oi_2)
     4    0.019545    0.639269    0.674583    5.938118 ^ _3339_/Y (sky130_fd_sc_hd__a211oi_2)
                                                         _1287_ (net)
                      0.639270    0.000798    5.938916 ^ wire568/A (sky130_fd_sc_hd__clkbuf_2)
     5    0.020044    0.183973    0.500147    6.439062 ^ wire568/X (sky130_fd_sc_hd__clkbuf_2)
                                                         net568 (net)
                      0.183973    0.000287    6.439350 ^ _3358_/A1 (sky130_fd_sc_hd__o211a_4)
     5    0.031343    0.183989    0.485620    6.924969 ^ _3358_/X (sky130_fd_sc_hd__o211a_4)
                                                         _1304_ (net)
                      0.183989    0.000741    6.925710 ^ place323/A (sky130_fd_sc_hd__buf_2)
     8    0.037645    0.297439    0.414809    7.340519 ^ place323/X (sky130_fd_sc_hd__buf_2)
                                                         net323 (net)
                      0.297439    0.001051    7.341570 ^ place321/A (sky130_fd_sc_hd__buf_2)
     9    0.042842    0.336563    0.488961    7.830531 ^ place321/X (sky130_fd_sc_hd__buf_2)
                                                         net321 (net)
                      0.336563    0.000663    7.831194 ^ place320/A (sky130_fd_sc_hd__buf_2)
    10    0.057340    0.444513    0.579790    8.410983 ^ place320/X (sky130_fd_sc_hd__buf_2)
                                                         net320 (net)
                      0.444725    0.004992    8.415975 ^ place319/A (sky130_fd_sc_hd__buf_2)
     7    0.031533    0.253250    0.486910    8.902884 ^ place319/X (sky130_fd_sc_hd__buf_2)
                                                         net319 (net)
                      0.253250    0.000263    8.903148 ^ _4100_/A2 (sky130_fd_sc_hd__a221o_2)
     1    0.005131    0.087245    0.382837    9.285985 ^ _4100_/X (sky130_fd_sc_hd__a221o_2)
                                                         _1968_ (net)
                      0.087245    0.000047    9.286032 ^ _4101_/B1 (sky130_fd_sc_hd__a21oi_2)
     3    0.026626    0.232278    0.133669    9.419701 v _4101_/Y (sky130_fd_sc_hd__a21oi_2)
                                                         _1969_ (net)
                      0.232278    0.000449    9.420150 v _4110_/B (sky130_fd_sc_hd__or4_4)
     5    0.021369    0.209011    1.175260   10.595409 v _4110_/X (sky130_fd_sc_hd__or4_4)
                                                         _1978_ (net)
                      0.209011    0.000165   10.595574 v _4111_/B (sky130_fd_sc_hd__nand2b_2)
     7    0.026567    0.230355    0.286672   10.882247 ^ _4111_/Y (sky130_fd_sc_hd__nand2b_2)
                                                         _1979_ (net)
                      0.230355    0.000397   10.882644 ^ _4209_/C (sky130_fd_sc_hd__and4_2)
     2    0.010645    0.158776    0.580886   11.463530 ^ _4209_/X (sky130_fd_sc_hd__and4_2)
                                                         _2077_ (net)
                      0.158776    0.000103   11.463633 ^ _4384_/A (sky130_fd_sc_hd__nand3_2)
     2    0.006580    0.133008    0.173000   11.636633 v _4384_/Y (sky130_fd_sc_hd__nand3_2)
                                                         _2252_ (net)
                      0.133008    0.000105   11.636738 v _4443_/A2 (sky130_fd_sc_hd__a2111o_2)
     3    0.012409    0.162198    0.985454   12.622192 v _4443_/X (sky130_fd_sc_hd__a2111o_2)
                                                         _2311_ (net)
                      0.162198    0.000240   12.622433 v _4454_/A1 (sky130_fd_sc_hd__a211o_2)
     2    0.008732    0.111665    0.639375   13.261807 v _4454_/X (sky130_fd_sc_hd__a211o_2)
                                                         _2322_ (net)
                      0.111665    0.000099   13.261907 v _4455_/C1 (sky130_fd_sc_hd__o211a_2)
     2    0.011323    0.108387    0.270630   13.532537 v _4455_/X (sky130_fd_sc_hd__o211a_2)
                                                         _2323_ (net)
                      0.108387    0.000101   13.532638 v _4457_/A2 (sky130_fd_sc_hd__o21a_2)
     3    0.013512    0.108325    0.431929   13.964567 v _4457_/X (sky130_fd_sc_hd__o21a_2)
                                                         _2325_ (net)
                      0.108325    0.000284   13.964851 v _4459_/A2 (sky130_fd_sc_hd__o211a_2)
     3    0.025347    0.162679    0.577467   14.542318 v _4459_/X (sky130_fd_sc_hd__o211a_2)
                                                         _2327_ (net)
                      0.162687    0.001356   14.543674 v _4465_/A (sky130_fd_sc_hd__nor2_2)
     2    0.054150    0.948936    0.826337   15.370011 ^ _4465_/Y (sky130_fd_sc_hd__nor2_2)
                                                         _2333_ (net)
                      0.948939    0.001386   15.371397 ^ _5650_/A (sky130_fd_sc_hd__inv_2)
     1    0.002831    0.134199    0.202386   15.573783 v _5650_/Y (sky130_fd_sc_hd__inv_2)
                                                         net463 (net)
                      0.134199    0.000028   15.573812 v output463/A (sky130_fd_sc_hd__clkdlybuf4s25_1)
     1    0.036200    0.488395    0.815204   16.389015 v output463/X (sky130_fd_sc_hd__clkdlybuf4s25_1)
                                                         alu_result_out[0] (net)
                      0.488395    0.000830   16.389845 v alu_result_out[0] (out)
                                             16.389845   data arrival time

                                 25.000000   25.000000   clock clk (rise edge)
                                  0.000000   25.000000   clock network delay (propagated)
                                 -0.100000   24.900000   clock uncertainty
                                  0.000000   24.900000   clock reconvergence pessimism
                                 -5.000000   19.899998   output external delay
                                             19.899998   data required time
---------------------------------------------------------------------------------------------
                                             19.899998   data required time
                                            -16.389845   data arrival time
---------------------------------------------------------------------------------------------
                                              3.510154   slack (MET)




===========================================================================
report_checks --slack_max -0.01
============================================================================
======================= min_ss_100C_1v60 Corner ===================================

No paths found.


===========================================================================
 report_check_types -max_slew -max_cap -max_fanout -violators
============================================================================
======================= min_ss_100C_1v60 Corner ===================================

max fanout

Pin                                   Limit Fanout  Slack
---------------------------------------------------------
clkbuf_leaf_30_clk/X                     10     20    -10 (VIOLATED)
clkbuf_leaf_24_clk/X                     10     19     -9 (VIOLATED)
clkbuf_leaf_26_clk/X                     10     19     -9 (VIOLATED)
clkbuf_leaf_27_clk/X                     10     19     -9 (VIOLATED)
clkbuf_leaf_28_clk/X                     10     19     -9 (VIOLATED)
clkbuf_leaf_29_clk/X                     10     19     -9 (VIOLATED)
clkbuf_leaf_31_clk/X                     10     19     -9 (VIOLATED)
clkbuf_leaf_44_clk/X                     10     19     -9 (VIOLATED)
clkbuf_leaf_19_clk/X                     10     18     -8 (VIOLATED)
clkbuf_leaf_20_clk/X                     10     18     -8 (VIOLATED)
clkbuf_leaf_22_clk/X                     10     18     -8 (VIOLATED)
clkbuf_leaf_23_clk/X                     10     18     -8 (VIOLATED)
clkbuf_leaf_33_clk/X                     10     18     -8 (VIOLATED)
clkbuf_leaf_34_clk/X                     10     18     -8 (VIOLATED)
clkbuf_leaf_35_clk/X                     10     18     -8 (VIOLATED)
clkbuf_leaf_36_clk/X                     10     18     -8 (VIOLATED)
clkbuf_leaf_42_clk/X                     10     18     -8 (VIOLATED)
clkbuf_leaf_14_clk/X                     10     17     -7 (VIOLATED)
clkbuf_leaf_16_clk/X                     10     17     -7 (VIOLATED)
clkbuf_leaf_18_clk/X                     10     17     -7 (VIOLATED)
clkbuf_leaf_32_clk/X                     10     17     -7 (VIOLATED)
clkbuf_leaf_37_clk/X                     10     17     -7 (VIOLATED)
clkbuf_leaf_41_clk/X                     10     17     -7 (VIOLATED)
clkbuf_leaf_7_clk/X                      10     17     -7 (VIOLATED)
clkbuf_leaf_12_clk/X                     10     16     -6 (VIOLATED)
clkbuf_leaf_15_clk/X                     10     16     -6 (VIOLATED)
clkbuf_leaf_38_clk/X                     10     16     -6 (VIOLATED)
clkbuf_leaf_40_clk/X                     10     16     -6 (VIOLATED)
clkbuf_leaf_5_clk/X                      10     16     -6 (VIOLATED)
clkbuf_leaf_6_clk/X                      10     16     -6 (VIOLATED)
clkbuf_leaf_8_clk/X                      10     16     -6 (VIOLATED)
clkbuf_leaf_10_clk/X                     10     15     -5 (VIOLATED)
clkbuf_leaf_11_clk/X                     10     15     -5 (VIOLATED)
clkbuf_leaf_17_clk/X                     10     15     -5 (VIOLATED)
clkbuf_leaf_1_clk/X                      10     15     -5 (VIOLATED)
clkbuf_leaf_21_clk/X                     10     15     -5 (VIOLATED)
clkbuf_leaf_2_clk/X                      10     15     -5 (VIOLATED)
clkbuf_leaf_39_clk/X                     10     15     -5 (VIOLATED)
clkbuf_leaf_3_clk/X                      10     15     -5 (VIOLATED)
clkbuf_leaf_0_clk/X                      10     14     -4 (VIOLATED)
clkbuf_leaf_13_clk/X                     10     14     -4 (VIOLATED)
clkbuf_leaf_25_clk/X                     10     14     -4 (VIOLATED)
clkbuf_leaf_9_clk/X                      10     14     -4 (VIOLATED)
clkbuf_leaf_43_clk/X                     10     13     -3 (VIOLATED)
clkbuf_leaf_4_clk/X                      10     12     -2 (VIOLATED)



===========================================================================
report_parasitic_annotation -report_unannotated
============================================================================
Found 42 unannotated drivers.
 clkload0/X
 clkload1/X
 clkload10/X
 clkload11/X
 clkload12/X
 clkload13/X
 clkload14/X
 clkload15/Y
 clkload16/Y
 clkload17/X
 clkload18/Y
 clkload19/X
 clkload2/X
 clkload20/Y
 clkload21/X
 clkload22/X
 clkload23/X
 clkload24/X
 clkload25/X
 clkload26/Y
 clkload27/Y
 clkload28/X
 clkload29/X
 clkload3/X
 clkload30/X
 clkload31/X
 clkload32/Y
 clkload33/X
 clkload34/X
 clkload35/X
 clkload36/Y
 clkload4/Y
 clkload5/X
 clkload6/Y
 clkload7/X
 clkload8/Y
 clkload9/X
 single_cycle_cpu/HI
 single_cycle_cpu_579/HI
 single_cycle_cpu_580/HI
 single_cycle_cpu_581/LO
 single_cycle_cpu_582/LO
Found 0 partially unannotated drivers.

===========================================================================
max slew violation count 0
max fanout violation count 45
max cap violation count 0
============================================================================

===========================================================================
check_setup -verbose -unconstrained_endpoints -multiple_clock -no_clock -no_input_delay -loops -generated_clocks
===========================================================================
