Clock: clk
Sources: clk 
Generated: no
Virtual: yes
Propagated: no
Period: 25.000000

===========================================================================
report_clock_properties
============================================================================
Clock                   Period          Waveform
----------------------------------------------------
clk                  25.000000    0.000000 12.500000

===========================================================================
report_clock_latency
============================================================================
Clock clk
rise -> rise
    min     max
0.000000 0.000000 source latency
1.308859         network latency _6770_/CLK
        1.363320 network latency _7064_/CLK
---------------
1.308859 1.363320 latency
        0.054460 skew

fall -> fall
    min     max
0.000000 0.000000 source latency
1.173135         network latency _6770_/CLK
        1.213428 network latency _7064_/CLK
---------------
1.173135 1.213428 latency
        0.040294 skew



===========================================================================
report_clock_min_period
============================================================================
clk period_min = 16.91 fmax = 59.15
