Clock: clk
Sources: clk 
Generated: no
Virtual: yes
Propagated: no
Period: 25.000000

===========================================================================
report_clock_properties
============================================================================
Clock                   Period          Waveform
----------------------------------------------------
clk                  25.000000    0.000000 12.500000

===========================================================================
report_clock_latency
============================================================================
Clock clk
rise -> rise
    min     max
0.000000 0.000000 source latency
0.839709         network latency _7289_/CLK
        0.870686 network latency _6996_/CLK
---------------
0.839709 0.870686 latency
        0.030977 skew

fall -> fall
    min     max
0.000000 0.000000 source latency
0.714970         network latency _7289_/CLK
        0.739855 network latency _6996_/CLK
---------------
0.714970 0.739855 latency
        0.024885 skew



===========================================================================
report_clock_min_period
============================================================================
clk period_min = 9.45 fmax = 105.78
