Reading timing models for corner nom_tt_025C_1v80…
Reading timing library for the 'nom_tt_025C_1v80' corner at '/home/cl4/.ciel/ciel/sky130/versions/8afc8346a57fe1ab7934ba5a6056ea8b43078e71/sky130A/libs.ref/sky130_fd_sc_hd/lib/sky130_fd_sc_hd__tt_025C_1v80.lib'…
Reading OpenROAD database at '/home/cl4/Desktop/training/single_cycle/runs/RUN_2026-08-22_11-07-06/42-openroad-repairantennas/1-openroad-diodeinsertion/single_cycle_cpu.odb'…
Reading design constraints file at '/home/cl4/Desktop/training/single_cycle/src/impl.sdc'…
[INFO] Using clock clk…
[INFO] Setting output delay to: 5.0
[INFO] Setting input delay to: 5.0
[INFO] Setting load to: 0.033442
[INFO] Setting clock uncertainty to: 0.25
[INFO] Setting clock transition to: 0.1499999999999999944488848768742172978818416595458984375
[INFO] Setting timing derate to: 5%
[INFO] No information on clock propagation in input SDC file-- propagating all clocks.
[INFO ORD-0030] Using 12 thread(s).
+ detailed_route -droute_end_iter 64 -or_seed 42 -verbose 1 -output_drc /home/cl4/Desktop/training/single_cycle/runs/RUN_2026-08-22_11-07-06/44-openroad-detailedrouting/drt-run-0/single_cycle_cpu.drc
[INFO DRT-0149] Reading tech and libs.
[WARNING DRT-0349] LEF58_ENCLOSURE with no CUTCLASS is not supported. Skipping for layer mcon
[WARNING DRT-0349] LEF58_ENCLOSURE with no CUTCLASS is not supported. Skipping for layer mcon
[WARNING DRT-0349] LEF58_ENCLOSURE with no CUTCLASS is not supported. Skipping for layer via
[WARNING DRT-0349] LEF58_ENCLOSURE with no CUTCLASS is not supported. Skipping for layer via
[WARNING DRT-0349] LEF58_ENCLOSURE with no CUTCLASS is not supported. Skipping for layer via2
[WARNING DRT-0349] LEF58_ENCLOSURE with no CUTCLASS is not supported. Skipping for layer via2
[WARNING DRT-0349] LEF58_ENCLOSURE with no CUTCLASS is not supported. Skipping for layer via3
[WARNING DRT-0349] LEF58_ENCLOSURE with no CUTCLASS is not supported. Skipping for layer via3
[WARNING DRT-0349] LEF58_ENCLOSURE with no CUTCLASS is not supported. Skipping for layer via4
[WARNING DRT-0349] LEF58_ENCLOSURE with no CUTCLASS is not supported. Skipping for layer via4

Units:                1000
Number of layers:     13
Number of macros:     445
Number of vias:       32
Number of viarulegen: 25

[INFO DRT-0150] Reading design.

Design:                   single_cycle_cpu
Die area:                 ( 0 0 ) ( 330645 341365 )
Number of track patterns: 12
Number of DEF vias:       0
Number of components:     5731
Number of terminals:      100
Number of snets:          2
Number of nets:           4034

[INFO DRT-0167] List of default vias:
  Layer via
    default via: M1M2_PR
  Layer via2
    default via: M2M3_PR
  Layer via3
    default via: M3M4_PR
  Layer via4
    default via: M4M5_PR
[INFO DRT-0162] Library cell analysis.
[INFO DRT-0163] Instance analysis.
[INFO DRT-0164] Number of unique instances = 290.
[INFO DRT-0168] Init region query.
[INFO DRT-0024]   Complete FR_MASTERSLICE.
[INFO DRT-0024]   Complete licon.
[INFO DRT-0024]   Complete li1.
[INFO DRT-0024]   Complete mcon.
[INFO DRT-0024]   Complete met1.
[INFO DRT-0024]   Complete via.
[INFO DRT-0024]   Complete met2.
[INFO DRT-0024]   Complete via2.
[INFO DRT-0024]   Complete met3.
[INFO DRT-0024]   Complete via3.
[INFO DRT-0024]   Complete met4.
[INFO DRT-0024]   Complete via4.
[INFO DRT-0024]   Complete met5.
[INFO DRT-0033] FR_MASTERSLICE shape region query size = 0.
[INFO DRT-0033] licon shape region query size = 0.
[INFO DRT-0033] li1 shape region query size = 138988.
[INFO DRT-0033] mcon shape region query size = 0.
[INFO DRT-0033] met1 shape region query size = 21479.
[INFO DRT-0033] via shape region query size = 7788.
[INFO DRT-0033] met2 shape region query size = 2660.
[INFO DRT-0033] via2 shape region query size = 6490.
[INFO DRT-0033] met3 shape region query size = 3928.
[INFO DRT-0033] via3 shape region query size = 6490.
[INFO DRT-0033] met4 shape region query size = 1688.
[INFO DRT-0033] via4 shape region query size = 338.
[INFO DRT-0033] met5 shape region query size = 390.
[INFO DRT-0165] Start pin access.
[INFO DRT-0076]   Complete 1000 pins.
[INFO DRT-0076]   Complete 2000 pins.
[INFO DRT-0078]   Complete 2297 pins.
[INFO DRT-0079]   Complete 100 unique inst patterns.
[INFO DRT-0079]   Complete 200 unique inst patterns.
[INFO DRT-0081]   Complete 290 unique inst patterns.
[INFO DRT-0084]   Complete 2911 groups.
#scanned instances     = 5731
#unique  instances     = 290
#stdCellGenAp          = 8189
#stdCellValidPlanarAp  = 96
#stdCellValidViaAp     = 6335
#stdCellPinNoAp        = 0
#stdCellPinCnt         = 13254
#instTermValidViaApCnt = 0
#macroGenAp            = 0
#macroValidPlanarAp    = 0
#macroValidViaAp       = 0
#macroNoAp             = 0
[INFO DRT-0166] Complete pin access.
[INFO DRT-0267] cpu time = 00:03:35, elapsed time = 00:00:20, memory = 160.24 (MB), peak = 159.20 (MB)

[INFO DRT-0157] Number of guides:     31165

[INFO DRT-0169] Post process guides.
[INFO DRT-0176] GCELLGRID X 0 DO 47 STEP 6900 ;
[INFO DRT-0177] GCELLGRID Y 0 DO 49 STEP 6900 ;
[INFO DRT-0028]   Complete FR_MASTERSLICE.
[INFO DRT-0028]   Complete licon.
[INFO DRT-0028]   Complete li1.
[INFO DRT-0028]   Complete mcon.
[INFO DRT-0028]   Complete met1.
[INFO DRT-0028]   Complete via.
[INFO DRT-0028]   Complete met2.
[INFO DRT-0028]   Complete via2.
[INFO DRT-0028]   Complete met3.
[INFO DRT-0028]   Complete via3.
[INFO DRT-0028]   Complete met4.
[INFO DRT-0028]   Complete via4.
[INFO DRT-0028]   Complete met5.
[INFO DRT-0178] Init guide query.
[INFO DRT-0035]   Complete FR_MASTERSLICE (guide).
[INFO DRT-0035]   Complete licon (guide).
[INFO DRT-0035]   Complete li1 (guide).
[INFO DRT-0035]   Complete mcon (guide).
[INFO DRT-0035]   Complete met1 (guide).
[INFO DRT-0035]   Complete via (guide).
[INFO DRT-0035]   Complete met2 (guide).
[INFO DRT-0035]   Complete via2 (guide).
[INFO DRT-0035]   Complete met3 (guide).
[INFO DRT-0035]   Complete via3 (guide).
[INFO DRT-0035]   Complete met4 (guide).
[INFO DRT-0035]   Complete via4 (guide).
[INFO DRT-0035]   Complete met5 (guide).
[INFO DRT-0036] FR_MASTERSLICE guide region query size = 0.
[INFO DRT-0036] licon guide region query size = 0.
[INFO DRT-0036] li1 guide region query size = 10732.
[INFO DRT-0036] mcon guide region query size = 0.
[INFO DRT-0036] met1 guide region query size = 9531.
[INFO DRT-0036] via guide region query size = 0.
[INFO DRT-0036] met2 guide region query size = 4854.
[INFO DRT-0036] via2 guide region query size = 0.
[INFO DRT-0036] met3 guide region query size = 389.
[INFO DRT-0036] via3 guide region query size = 0.
[INFO DRT-0036] met4 guide region query size = 132.
[INFO DRT-0036] via4 guide region query size = 0.
[INFO DRT-0036] met5 guide region query size = 12.
[INFO DRT-0179] Init gr pin query.
[INFO DRT-0267] cpu time = 00:00:00, elapsed time = 00:00:00, memory = 170.64 (MB), peak = 169.45 (MB)
[INFO DRT-0245] skipped writing guide updates to database.
[INFO DRT-0185] Post process initialize RPin region query.
[INFO DRT-0181] Start track assignment.
[INFO DRT-0184] Done with 15718 vertical wires in 1 frboxes and 9932 horizontal wires in 1 frboxes.
[INFO DRT-0186] Done with 1630 vertical wires in 1 frboxes and 2855 horizontal wires in 1 frboxes.
[INFO DRT-0182] Complete track assignment.
[INFO DRT-0267] cpu time = 00:00:07, elapsed time = 00:00:01, memory = 209.93 (MB), peak = 208.70 (MB)
[INFO DRT-0187] Start routing data preparation.
[INFO DRT-0267] cpu time = 00:00:00, elapsed time = 00:00:00, memory = 213.36 (MB), peak = 212.07 (MB)
[INFO DRT-0194] Start detail routing.
[INFO DRT-0195] Start 0th optimization iteration.
    Completing 10% with 0 violations.
    elapsed time = 00:00:00, memory = 431.17 (MB).
    Completing 20% with 0 violations.
    elapsed time = 00:00:02, memory = 466.15 (MB).
    Completing 30% with 0 violations.
    elapsed time = 00:00:03, memory = 397.93 (MB).
    Completing 40% with 252 violations.
    elapsed time = 00:00:04, memory = 580.21 (MB).
    Completing 50% with 252 violations.
    elapsed time = 00:00:06, memory = 547.64 (MB).
    Completing 60% with 576 violations.
    elapsed time = 00:00:08, memory = 573.98 (MB).
    Completing 70% with 576 violations.
    elapsed time = 00:00:10, memory = 605.16 (MB).
    Completing 80% with 576 violations.
    elapsed time = 00:00:11, memory = 606.33 (MB).
    Completing 90% with 873 violations.
    elapsed time = 00:00:14, memory = 720.71 (MB).
    Completing 100% with 1177 violations.
    elapsed time = 00:00:16, memory = 667.75 (MB).
[INFO DRT-0199]   Number of violations = 1433.
Viol/Layer         li1   mcon   met1    via   met2   met3   met4   met5
Cut Spacing          0      6      0      0      0      0      0      0
Metal Spacing        0      0    306      0     53      2      1      2
Recheck              4      0    172      0     63      7     10      0
Short                0      1    712      3     90      1      0      0
[INFO DRT-0267] cpu time = 00:01:52, elapsed time = 00:00:16, memory = 980.30 (MB), peak = 979.52 (MB)
Total wire length = 142639 um.
Total wire length on LAYER li1 = 0 um.
Total wire length on LAYER met1 = 68031 um.
Total wire length on LAYER met2 = 59839 um.
Total wire length on LAYER met3 = 8360 um.
Total wire length on LAYER met4 = 6053 um.
Total wire length on LAYER met5 = 355 um.
Total number of vias = 28746.
Up-via summary (total 28746):

------------------------
 FR_MASTERSLICE        0
            li1    12993
           met1    15009
           met2      507
           met3      215
           met4       22
------------------------
               28746


[INFO DRT-0195] Start 1st optimization iteration.
    Completing 10% with 1433 violations.
    elapsed time = 00:00:00, memory = 1057.45 (MB).
    Completing 20% with 1433 violations.
    elapsed time = 00:00:02, memory = 1069.88 (MB).
    Completing 30% with 1259 violations.
    elapsed time = 00:00:03, memory = 1046.80 (MB).
    Completing 40% with 1259 violations.
    elapsed time = 00:00:03, memory = 1049.90 (MB).
    Completing 50% with 1259 violations.
    elapsed time = 00:00:05, memory = 1069.35 (MB).
    Completing 60% with 1029 violations.
    elapsed time = 00:00:08, memory = 1072.96 (MB).
    Completing 70% with 1029 violations.
    elapsed time = 00:00:10, memory = 1073.15 (MB).
    Completing 80% with 744 violations.
    elapsed time = 00:00:10, memory = 1086.46 (MB).
    Completing 90% with 744 violations.
    elapsed time = 00:00:13, memory = 1086.89 (MB).
    Completing 100% with 527 violations.
    elapsed time = 00:00:14, memory = 1086.89 (MB).
[INFO DRT-0199]   Number of violations = 527.
Viol/Layer        met1   met2
Metal Spacing      100     26
Short              374     27
[INFO DRT-0267] cpu time = 00:01:37, elapsed time = 00:00:14, memory = 1089.89 (MB), peak = 1088.89 (MB)
Total wire length = 141205 um.
Total wire length on LAYER li1 = 0 um.
Total wire length on LAYER met1 = 67281 um.
Total wire length on LAYER met2 = 59182 um.
Total wire length on LAYER met3 = 8407 um.
Total wire length on LAYER met4 = 5970 um.
Total wire length on LAYER met5 = 362 um.
Total number of vias = 28448.
Up-via summary (total 28448):

------------------------
 FR_MASTERSLICE        0
            li1    12985
           met1    14740
           met2      503
           met3      200
           met4       20
------------------------
               28448


[INFO DRT-0195] Start 2nd optimization iteration.
    Completing 10% with 527 violations.
    elapsed time = 00:00:00, memory = 1089.89 (MB).
    Completing 20% with 527 violations.
    elapsed time = 00:00:02, memory = 1106.52 (MB).
    Completing 30% with 504 violations.
    elapsed time = 00:00:04, memory = 1098.13 (MB).
    Completing 40% with 504 violations.
    elapsed time = 00:00:05, memory = 1098.53 (MB).
    Completing 50% with 504 violations.
    elapsed time = 00:00:07, memory = 1106.51 (MB).
    Completing 60% with 485 violations.
    elapsed time = 00:00:07, memory = 1106.51 (MB).
    Completing 70% with 485 violations.
    elapsed time = 00:00:09, memory = 1108.52 (MB).
    Completing 80% with 488 violations.
    elapsed time = 00:00:11, memory = 1108.52 (MB).
    Completing 90% with 488 violations.
    elapsed time = 00:00:14, memory = 1117.83 (MB).
    Completing 100% with 483 violations.
    elapsed time = 00:00:15, memory = 1117.83 (MB).
[INFO DRT-0199]   Number of violations = 483.
Viol/Layer        met1   met2   met3
Metal Spacing       76     19      1
Short              365     22      0
[INFO DRT-0267] cpu time = 00:01:34, elapsed time = 00:00:15, memory = 1117.83 (MB), peak = 1123.64 (MB)
Total wire length = 141057 um.
Total wire length on LAYER li1 = 0 um.
Total wire length on LAYER met1 = 67239 um.
Total wire length on LAYER met2 = 59100 um.
Total wire length on LAYER met3 = 8394 um.
Total wire length on LAYER met4 = 5968 um.
Total wire length on LAYER met5 = 355 um.
Total number of vias = 28448.
Up-via summary (total 28448):

------------------------
 FR_MASTERSLICE        0
            li1    12998
           met1    14712
           met2      518
           met3      200
           met4       20
------------------------
               28448


[INFO DRT-0195] Start 3rd optimization iteration.
    Completing 10% with 483 violations.
    elapsed time = 00:00:00, memory = 1117.89 (MB).
    Completing 20% with 483 violations.
    elapsed time = 00:00:00, memory = 1117.89 (MB).
    Completing 30% with 483 violations.
    elapsed time = 00:00:01, memory = 1122.02 (MB).
    Completing 40% with 375 violations.
    elapsed time = 00:00:02, memory = 1123.72 (MB).
    Completing 50% with 375 violations.
    elapsed time = 00:00:02, memory = 1126.68 (MB).
    Completing 60% with 199 violations.
    elapsed time = 00:00:05, memory = 1139.97 (MB).
    Completing 70% with 199 violations.
    elapsed time = 00:00:06, memory = 1139.97 (MB).
    Completing 80% with 199 violations.
    elapsed time = 00:00:07, memory = 1147.74 (MB).
    Completing 90% with 114 violations.
    elapsed time = 00:00:08, memory = 1148.11 (MB).
    Completing 100% with 14 violations.
    elapsed time = 00:00:14, memory = 1156.61 (MB).
[INFO DRT-0199]   Number of violations = 14.
Viol/Layer        met1   met2
Metal Spacing        5      1
Short                8      0
[INFO DRT-0267] cpu time = 00:00:56, elapsed time = 00:00:14, memory = 1156.61 (MB), peak = 1164.34 (MB)
Total wire length = 140885 um.
Total wire length on LAYER li1 = 0 um.
Total wire length on LAYER met1 = 65334 um.
Total wire length on LAYER met2 = 59175 um.
Total wire length on LAYER met3 = 10017 um.
Total wire length on LAYER met4 = 6002 um.
Total wire length on LAYER met5 = 355 um.
Total number of vias = 28732.
Up-via summary (total 28732):

------------------------
 FR_MASTERSLICE        0
            li1    12997
           met1    14818
           met2      697
           met3      200
           met4       20
------------------------
               28732


[INFO DRT-0195] Start 4th guides tiles iteration.
    Completing 20% with 14 violations.
    elapsed time = 00:00:00, memory = 1214.30 (MB).
    Completing 40% with 14 violations.
    elapsed time = 00:00:00, memory = 1214.30 (MB).
    Completing 60% with 14 violations.
    elapsed time = 00:00:11, memory = 1156.61 (MB).
    Completing 80% with 12 violations.
    elapsed time = 00:00:11, memory = 1156.61 (MB).
    Completing 100% with 9 violations.
    elapsed time = 00:00:11, memory = 1156.61 (MB).
[INFO DRT-0199]   Number of violations = 9.
Viol/Layer        met1
Metal Spacing        3
Short                6
[INFO DRT-0267] cpu time = 00:00:16, elapsed time = 00:00:11, memory = 1156.61 (MB), peak = 1213.46 (MB)
Total wire length = 140878 um.
Total wire length on LAYER li1 = 0 um.
Total wire length on LAYER met1 = 65330 um.
Total wire length on LAYER met2 = 59167 um.
Total wire length on LAYER met3 = 10022 um.
Total wire length on LAYER met4 = 6002 um.
Total wire length on LAYER met5 = 355 um.
Total number of vias = 28731.
Up-via summary (total 28731):

------------------------
 FR_MASTERSLICE        0
            li1    12996
           met1    14816
           met2      699
           met3      200
           met4       20
------------------------
               28731


[INFO DRT-0195] Start 5th guides tiles iteration.
    Completing 100% with 0 violations.
    elapsed time = 00:00:03, memory = 1156.61 (MB).
[INFO DRT-0199]   Number of violations = 0.
[INFO DRT-0267] cpu time = 00:00:06, elapsed time = 00:00:03, memory = 1156.61 (MB), peak = 1213.64 (MB)
Total wire length = 140872 um.
Total wire length on LAYER li1 = 0 um.
Total wire length on LAYER met1 = 65052 um.
Total wire length on LAYER met2 = 59151 um.
Total wire length on LAYER met3 = 10288 um.
Total wire length on LAYER met4 = 6024 um.
Total wire length on LAYER met5 = 355 um.
Total number of vias = 28730.
Up-via summary (total 28730):

------------------------
 FR_MASTERSLICE        0
            li1    12994
           met1    14800
           met2      715
           met3      201
           met4       20
------------------------
               28730


[INFO DRT-0198] Complete detail routing.
Total wire length = 140872 um.
Total wire length on LAYER li1 = 0 um.
Total wire length on LAYER met1 = 65052 um.
Total wire length on LAYER met2 = 59151 um.
Total wire length on LAYER met3 = 10288 um.
Total wire length on LAYER met4 = 6024 um.
Total wire length on LAYER met5 = 355 um.
Total number of vias = 28730.
Up-via summary (total 28730):

------------------------
 FR_MASTERSLICE        0
            li1    12994
           met1    14800
           met2      715
           met3      201
           met4       20
------------------------
               28730


[INFO DRT-0267] cpu time = 00:06:25, elapsed time = 00:01:16, memory = 1156.78 (MB), peak = 1213.64 (MB)

[INFO DRT-0180] Post processing.
+ check_antennas 
[INFO ANT-0002] Found 6 net violations.
[INFO ANT-0001] Found 6 pin violations.
[INFO] Running antenna repair iteration 1…
+ repair_antennas sky130_fd_sc_hd__diode_2 -ratio_margin 10
[INFO GRT-0012] Found 7 antenna violations.
[INFO GRT-0015] Inserted 7 diodes.
+ detailed_route -droute_end_iter 64 -or_seed 42 -verbose 1 -output_drc /home/cl4/Desktop/training/single_cycle/runs/RUN_2026-08-22_11-07-06/44-openroad-detailedrouting/drt-run-1/single_cycle_cpu.drc
[INFO DRT-0024]   Complete FR_MASTERSLICE.
[INFO DRT-0024]   Complete licon.
[INFO DRT-0024]   Complete li1.
[INFO DRT-0024]   Complete mcon.
[INFO DRT-0024]   Complete met1.
[INFO DRT-0024]   Complete via.
[INFO DRT-0024]   Complete met2.
[INFO DRT-0024]   Complete via2.
[INFO DRT-0024]   Complete met3.
[INFO DRT-0024]   Complete via3.
[INFO DRT-0024]   Complete met4.
[INFO DRT-0024]   Complete via4.
[INFO DRT-0024]   Complete met5.
[INFO DRT-0165] Start pin access.
[INFO DRT-0076]   Complete 1000 pins.
[INFO DRT-0076]   Complete 2000 pins.
[INFO DRT-0078]   Complete 2312 pins.
[INFO DRT-0079]   Complete 100 unique inst patterns.
[INFO DRT-0079]   Complete 200 unique inst patterns.
[INFO DRT-0081]   Complete 293 unique inst patterns.
[INFO DRT-0084]   Complete 2913 groups.
#scanned instances     = 5738
#unique  instances     = 293
#stdCellGenAp          = 8225
#stdCellValidPlanarAp  = 96
#stdCellValidViaAp     = 6371
#stdCellPinNoAp        = 0
#stdCellPinCnt         = 13254
#instTermValidViaApCnt = 0
#macroGenAp            = 0
#macroValidPlanarAp    = 0
#macroValidViaAp       = 0
#macroNoAp             = 0
[INFO DRT-0166] Complete pin access.
[INFO DRT-0267] cpu time = 00:03:56, elapsed time = 00:00:22, memory = 1158.23 (MB), peak = 1213.64 (MB)

[INFO DRT-0157] Number of guides:     31139

[INFO DRT-0169] Post process guides.
[INFO DRT-0176] GCELLGRID X 0 DO 47 STEP 6900 ;
[INFO DRT-0177] GCELLGRID Y 0 DO 49 STEP 6900 ;
[INFO DRT-0028]   Complete FR_MASTERSLICE.
[INFO DRT-0028]   Complete licon.
[INFO DRT-0028]   Complete li1.
[INFO DRT-0028]   Complete mcon.
[INFO DRT-0028]   Complete met1.
[INFO DRT-0028]   Complete via.
[INFO DRT-0028]   Complete met2.
[INFO DRT-0028]   Complete via2.
[INFO DRT-0028]   Complete met3.
[INFO DRT-0028]   Complete via3.
[INFO DRT-0028]   Complete met4.
[INFO DRT-0028]   Complete via4.
[INFO DRT-0028]   Complete met5.
[INFO DRT-0178] Init guide query.
[INFO DRT-0035]   Complete FR_MASTERSLICE (guide).
[INFO DRT-0035]   Complete licon (guide).
[INFO DRT-0035]   Complete li1 (guide).
[INFO DRT-0035]   Complete mcon (guide).
[INFO DRT-0035]   Complete met1 (guide).
[INFO DRT-0035]   Complete via (guide).
[INFO DRT-0035]   Complete met2 (guide).
[INFO DRT-0035]   Complete via2 (guide).
[INFO DRT-0035]   Complete met3 (guide).
[INFO DRT-0035]   Complete via3 (guide).
[INFO DRT-0035]   Complete met4 (guide).
[INFO DRT-0035]   Complete via4 (guide).
[INFO DRT-0035]   Complete met5 (guide).
[INFO DRT-0036] FR_MASTERSLICE guide region query size = 0.
[INFO DRT-0036] licon guide region query size = 0.
[INFO DRT-0036] li1 guide region query size = 10735.
[INFO DRT-0036] mcon guide region query size = 0.
[INFO DRT-0036] met1 guide region query size = 9532.
[INFO DRT-0036] via guide region query size = 0.
[INFO DRT-0036] met2 guide region query size = 4850.
[INFO DRT-0036] via2 guide region query size = 0.
[INFO DRT-0036] met3 guide region query size = 380.
[INFO DRT-0036] via3 guide region query size = 0.
[INFO DRT-0036] met4 guide region query size = 125.
[INFO DRT-0036] via4 guide region query size = 0.
[INFO DRT-0036] met5 guide region query size = 10.
[INFO DRT-0179] Init gr pin query.
[INFO DRT-0267] cpu time = 00:00:00, elapsed time = 00:00:00, memory = 1158.23 (MB), peak = 1213.64 (MB)
[INFO DRT-0245] skipped writing guide updates to database.
[INFO DRT-0185] Post process initialize RPin region query.
[INFO DRT-0181] Start track assignment.
[INFO DRT-0184] Done with 15710 vertical wires in 1 frboxes and 9922 horizontal wires in 1 frboxes.
[INFO DRT-0186] Done with 1611 vertical wires in 1 frboxes and 2863 horizontal wires in 1 frboxes.
[INFO DRT-0182] Complete track assignment.
[INFO DRT-0267] cpu time = 00:00:07, elapsed time = 00:00:01, memory = 1158.23 (MB), peak = 1213.64 (MB)
[INFO DRT-0187] Start routing data preparation.
[INFO DRT-0267] cpu time = 00:00:00, elapsed time = 00:00:00, memory = 1158.23 (MB), peak = 1213.64 (MB)
[INFO DRT-0194] Start detail routing.
[INFO DRT-0195] Start 0th optimization iteration.
    Completing 10% with 0 violations.
    elapsed time = 00:00:00, memory = 1173.08 (MB).
    Completing 20% with 0 violations.
    elapsed time = 00:00:00, memory = 1173.08 (MB).
    Completing 30% with 0 violations.
    elapsed time = 00:00:01, memory = 1173.08 (MB).
    Completing 40% with 50 violations.
    elapsed time = 00:00:01, memory = 1173.08 (MB).
    Completing 50% with 50 violations.
    elapsed time = 00:00:02, memory = 1173.08 (MB).
    Completing 60% with 99 violations.
    elapsed time = 00:00:02, memory = 1173.69 (MB).
    Completing 70% with 99 violations.
    elapsed time = 00:00:03, memory = 1173.69 (MB).
    Completing 80% with 99 violations.
    elapsed time = 00:00:03, memory = 1173.69 (MB).
    Completing 90% with 141 violations.
    elapsed time = 00:00:04, memory = 1173.69 (MB).
    Completing 100% with 183 violations.
    elapsed time = 00:00:05, memory = 1173.69 (MB).
[INFO DRT-0199]   Number of violations = 195.
Viol/Layer        met1   met2   met3
Metal Spacing       14      5      2
Recheck              9      3      0
Short              132     30      0
[INFO DRT-0267] cpu time = 00:00:42, elapsed time = 00:00:05, memory = 1274.31 (MB), peak = 1273.48 (MB)
Total wire length = 140984 um.
Total wire length on LAYER li1 = 0 um.
Total wire length on LAYER met1 = 65217 um.
Total wire length on LAYER met2 = 59426 um.
Total wire length on LAYER met3 = 10172 um.
Total wire length on LAYER met4 = 5812 um.
Total wire length on LAYER met5 = 355 um.
Total number of vias = 28730.
Up-via summary (total 28730):

------------------------
 FR_MASTERSLICE        0
            li1    13002
           met1    14816
           met2      697
           met3      195
           met4       20
------------------------
               28730


[INFO DRT-0195] Start 1st optimization iteration.
    Completing 10% with 195 violations.
    elapsed time = 00:00:00, memory = 1274.31 (MB).
    Completing 20% with 195 violations.
    elapsed time = 00:00:00, memory = 1275.64 (MB).
    Completing 30% with 177 violations.
    elapsed time = 00:00:01, memory = 1275.65 (MB).
    Completing 40% with 177 violations.
    elapsed time = 00:00:01, memory = 1275.65 (MB).
    Completing 50% with 177 violations.
    elapsed time = 00:00:02, memory = 1275.65 (MB).
    Completing 60% with 151 violations.
    elapsed time = 00:00:02, memory = 1275.65 (MB).
    Completing 70% with 151 violations.
    elapsed time = 00:00:03, memory = 1275.65 (MB).
    Completing 80% with 122 violations.
    elapsed time = 00:00:03, memory = 1275.77 (MB).
    Completing 90% with 122 violations.
    elapsed time = 00:00:04, memory = 1275.77 (MB).
    Completing 100% with 77 violations.
    elapsed time = 00:00:04, memory = 1275.77 (MB).
[INFO DRT-0199]   Number of violations = 77.
Viol/Layer        met1   met2
Metal Spacing        2      0
Short               62     13
[INFO DRT-0267] cpu time = 00:00:42, elapsed time = 00:00:05, memory = 1172.27 (MB), peak = 1274.98 (MB)
Total wire length = 140966 um.
Total wire length on LAYER li1 = 0 um.
Total wire length on LAYER met1 = 65216 um.
Total wire length on LAYER met2 = 59421 um.
Total wire length on LAYER met3 = 10159 um.
Total wire length on LAYER met4 = 5813 um.
Total wire length on LAYER met5 = 355 um.
Total number of vias = 28735.
Up-via summary (total 28735):

------------------------
 FR_MASTERSLICE        0
            li1    13003
           met1    14822
           met2      695
           met3      195
           met4       20
------------------------
               28735


[INFO DRT-0195] Start 2nd optimization iteration.
    Completing 10% with 77 violations.
    elapsed time = 00:00:00, memory = 1172.27 (MB).
    Completing 20% with 77 violations.
    elapsed time = 00:00:00, memory = 1172.27 (MB).
    Completing 30% with 69 violations.
    elapsed time = 00:00:00, memory = 1172.27 (MB).
    Completing 40% with 69 violations.
    elapsed time = 00:00:00, memory = 1172.27 (MB).
    Completing 50% with 69 violations.
    elapsed time = 00:00:01, memory = 1172.27 (MB).
    Completing 60% with 32 violations.
    elapsed time = 00:00:01, memory = 1172.27 (MB).
    Completing 70% with 32 violations.
    elapsed time = 00:00:01, memory = 1172.27 (MB).
    Completing 80% with 31 violations.
    elapsed time = 00:00:02, memory = 1172.27 (MB).
    Completing 90% with 31 violations.
    elapsed time = 00:00:02, memory = 1172.27 (MB).
    Completing 100% with 23 violations.
    elapsed time = 00:00:03, memory = 1172.27 (MB).
[INFO DRT-0199]   Number of violations = 23.
Viol/Layer        met1   met2
Metal Spacing        3      0
Short               13      7
[INFO DRT-0267] cpu time = 00:00:18, elapsed time = 00:00:03, memory = 1275.74 (MB), peak = 1274.98 (MB)
Total wire length = 140955 um.
Total wire length on LAYER li1 = 0 um.
Total wire length on LAYER met1 = 65213 um.
Total wire length on LAYER met2 = 59410 um.
Total wire length on LAYER met3 = 10162 um.
Total wire length on LAYER met4 = 5813 um.
Total wire length on LAYER met5 = 355 um.
Total number of vias = 28742.
Up-via summary (total 28742):

------------------------
 FR_MASTERSLICE        0
            li1    13003
           met1    14827
           met2      696
           met3      196
           met4       20
------------------------
               28742


[INFO DRT-0195] Start 3rd guides tiles iteration.
    Completing 10% with 23 violations.
    elapsed time = 00:00:00, memory = 1275.74 (MB).
    Completing 20% with 23 violations.
    elapsed time = 00:00:00, memory = 1275.74 (MB).
    Completing 30% with 23 violations.
    elapsed time = 00:00:00, memory = 1275.74 (MB).
    Completing 40% with 23 violations.
    elapsed time = 00:00:00, memory = 1275.74 (MB).
    Completing 50% with 23 violations.
    elapsed time = 00:00:00, memory = 1275.74 (MB).
    Completing 60% with 4 violations.
    elapsed time = 00:00:00, memory = 1172.27 (MB).
    Completing 70% with 4 violations.
    elapsed time = 00:00:00, memory = 1172.27 (MB).
    Completing 80% with 4 violations.
    elapsed time = 00:00:00, memory = 1172.27 (MB).
    Completing 90% with 4 violations.
    elapsed time = 00:00:01, memory = 1172.27 (MB).
    Completing 100% with 0 violations.
    elapsed time = 00:00:01, memory = 1172.27 (MB).
[INFO DRT-0199]   Number of violations = 0.
[INFO DRT-0267] cpu time = 00:00:08, elapsed time = 00:00:01, memory = 1275.75 (MB), peak = 1274.98 (MB)
Total wire length = 140890 um.
Total wire length on LAYER li1 = 0 um.
Total wire length on LAYER met1 = 64569 um.
Total wire length on LAYER met2 = 59177 um.
Total wire length on LAYER met3 = 10774 um.
Total wire length on LAYER met4 = 6014 um.
Total wire length on LAYER met5 = 355 um.
Total number of vias = 28742.
Up-via summary (total 28742):

------------------------
 FR_MASTERSLICE        0
            li1    13003
           met1    14803
           met2      717
           met3      199
           met4       20
------------------------
               28742


[INFO DRT-0198] Complete detail routing.
Total wire length = 140890 um.
Total wire length on LAYER li1 = 0 um.
Total wire length on LAYER met1 = 64569 um.
Total wire length on LAYER met2 = 59177 um.
Total wire length on LAYER met3 = 10774 um.
Total wire length on LAYER met4 = 6014 um.
Total wire length on LAYER met5 = 355 um.
Total number of vias = 28742.
Up-via summary (total 28742):

------------------------
 FR_MASTERSLICE        0
            li1    13003
           met1    14803
           met2      717
           met3      199
           met4       20
------------------------
               28742


[INFO DRT-0267] cpu time = 00:01:52, elapsed time = 00:00:14, memory = 1275.75 (MB), peak = 1274.98 (MB)

[INFO DRT-0180] Post processing.
+ check_antennas 
[INFO ANT-0002] Found 0 net violations.
[INFO ANT-0001] Found 0 pin violations.
Setting global connections for newly added cells…
[INFO] Setting global connections...
[INFO ODB-0403] 28 connections made, 0 conflicts skipped.
Updating metrics…
Cell type report:                       Count       Area
  Fill cell                               234     878.34
  Tap cell                               1428    1786.71
  Antenna cell                              7      17.52
  Buffer                                    3      12.51
  Clock buffer                             73    1566.50
  Timing Repair Buffer                   1011    8840.98
  Inverter                                479    1810.49
  Clock inverter                           16     182.68
  Sequential cell                         720   17456.74
  Multi-Input combinational cell         1767   17090.14
  Total                                  5738   49642.61
Writing OpenROAD database to '/home/cl4/Desktop/training/single_cycle/runs/RUN_2026-08-22_11-07-06/44-openroad-detailedrouting/single_cycle_cpu.odb'…
Writing netlist to '/home/cl4/Desktop/training/single_cycle/runs/RUN_2026-08-22_11-07-06/44-openroad-detailedrouting/single_cycle_cpu.nl.v'…
Writing powered netlist to '/home/cl4/Desktop/training/single_cycle/runs/RUN_2026-08-22_11-07-06/44-openroad-detailedrouting/single_cycle_cpu.pnl.v'…
Writing layout to '/home/cl4/Desktop/training/single_cycle/runs/RUN_2026-08-22_11-07-06/44-openroad-detailedrouting/single_cycle_cpu.def'…
Writing timing constraints to '/home/cl4/Desktop/training/single_cycle/runs/RUN_2026-08-22_11-07-06/44-openroad-detailedrouting/single_cycle_cpu.sdc'…
