Clock: clk
Sources: clk 
Generated: no
Virtual: no
Propagated: no
Period: 25.000000

===========================================================================
report_clock_properties
============================================================================
Clock                   Period          Waveform
----------------------------------------------------
clk                  25.000000    0.000000 12.500000

===========================================================================
report_clock_latency
============================================================================
Clock clk
rise -> rise
    min     max
0.000000 0.000000 source latency
3.289649         network latency _6687_/CLK
        3.289649 network latency _6687_/CLK
---------------
3.289649 3.289649 latency
        0.000000 skew

fall -> fall
    min     max
0.000000 0.000000 source latency
1.416978         network latency _6687_/CLK
        1.416978 network latency _6687_/CLK
---------------
1.416978 1.416978 latency
        0.000000 skew



===========================================================================
report_clock_min_period
============================================================================
clk period_min = 5.20 fmax = 192.19
