Reading timing models for corner nom_tt_025C_1v80…
Reading timing library for the 'nom_tt_025C_1v80' corner at '/home/cl4/.ciel/ciel/sky130/versions/8afc8346a57fe1ab7934ba5a6056ea8b43078e71/sky130A/libs.ref/sky130_fd_sc_hd/lib/sky130_fd_sc_hd__tt_025C_1v80.lib'…
Reading OpenROAD database at '/home/cl4/Desktop/training/single_cycle/runs/RUN_2026-08-24_11-52-11/42-openroad-repairantennas/1-openroad-diodeinsertion/single_cycle_cpu.odb'…
Reading design constraints file at '/home/cl4/Desktop/training/single_cycle/src/impl.sdc'…
[INFO] Using clock clk…
[INFO] Setting output delay to: 5.0
[INFO] Setting input delay to: 5.0
[INFO] Setting load to: 0.033442
[INFO] Setting clock uncertainty to: 0.25
[INFO] Setting clock transition to: 0.1499999999999999944488848768742172978818416595458984375
[INFO] Setting timing derate to: 5%
[INFO] No information on clock propagation in input SDC file-- propagating all clocks.
[INFO ORD-0030] Using 12 thread(s).
+ detailed_route -droute_end_iter 64 -or_seed 42 -verbose 1 -output_drc /home/cl4/Desktop/training/single_cycle/runs/RUN_2026-08-24_11-52-11/44-openroad-detailedrouting/drt-run-0/single_cycle_cpu.drc
[INFO DRT-0149] Reading tech and libs.
[WARNING DRT-0349] LEF58_ENCLOSURE with no CUTCLASS is not supported. Skipping for layer mcon
[WARNING DRT-0349] LEF58_ENCLOSURE with no CUTCLASS is not supported. Skipping for layer mcon
[WARNING DRT-0349] LEF58_ENCLOSURE with no CUTCLASS is not supported. Skipping for layer via
[WARNING DRT-0349] LEF58_ENCLOSURE with no CUTCLASS is not supported. Skipping for layer via
[WARNING DRT-0349] LEF58_ENCLOSURE with no CUTCLASS is not supported. Skipping for layer via2
[WARNING DRT-0349] LEF58_ENCLOSURE with no CUTCLASS is not supported. Skipping for layer via2
[WARNING DRT-0349] LEF58_ENCLOSURE with no CUTCLASS is not supported. Skipping for layer via3
[WARNING DRT-0349] LEF58_ENCLOSURE with no CUTCLASS is not supported. Skipping for layer via3
[WARNING DRT-0349] LEF58_ENCLOSURE with no CUTCLASS is not supported. Skipping for layer via4
[WARNING DRT-0349] LEF58_ENCLOSURE with no CUTCLASS is not supported. Skipping for layer via4

Units:                1000
Number of layers:     13
Number of macros:     445
Number of vias:       32
Number of viarulegen: 25

[INFO DRT-0150] Reading design.

Design:                   single_cycle_cpu
Die area:                 ( 0 0 ) ( 330645 341365 )
Number of track patterns: 12
Number of DEF vias:       0
Number of components:     5739
Number of terminals:      100
Number of snets:          2
Number of nets:           4035

[INFO DRT-0167] List of default vias:
  Layer via
    default via: M1M2_PR
  Layer via2
    default via: M2M3_PR
  Layer via3
    default via: M3M4_PR
  Layer via4
    default via: M4M5_PR
[INFO DRT-0162] Library cell analysis.
[INFO DRT-0163] Instance analysis.
[INFO DRT-0164] Number of unique instances = 196.
[INFO DRT-0168] Init region query.
[INFO DRT-0024]   Complete FR_MASTERSLICE.
[INFO DRT-0024]   Complete licon.
[INFO DRT-0024]   Complete li1.
[INFO DRT-0024]   Complete mcon.
[INFO DRT-0024]   Complete met1.
[INFO DRT-0024]   Complete via.
[INFO DRT-0024]   Complete met2.
[INFO DRT-0024]   Complete via2.
[INFO DRT-0024]   Complete met3.
[INFO DRT-0024]   Complete via3.
[INFO DRT-0024]   Complete met4.
[INFO DRT-0024]   Complete via4.
[INFO DRT-0024]   Complete met5.
[INFO DRT-0033] FR_MASTERSLICE shape region query size = 0.
[INFO DRT-0033] licon shape region query size = 0.
[INFO DRT-0033] li1 shape region query size = 139078.
[INFO DRT-0033] mcon shape region query size = 0.
[INFO DRT-0033] met1 shape region query size = 21141.
[INFO DRT-0033] via shape region query size = 11328.
[INFO DRT-0033] met2 shape region query size = 1936.
[INFO DRT-0033] via2 shape region query size = 9440.
[INFO DRT-0033] met3 shape region query size = 2882.
[INFO DRT-0033] via3 shape region query size = 9440.
[INFO DRT-0033] met4 shape region query size = 1184.
[INFO DRT-0033] via4 shape region query size = 648.
[INFO DRT-0033] met5 shape region query size = 240.
[INFO DRT-0165] Start pin access.
[INFO DRT-0076]   Complete 1000 pins.
[INFO DRT-0078]   Complete 1529 pins.
[INFO DRT-0079]   Complete 100 unique inst patterns.
[INFO DRT-0081]   Complete 196 unique inst patterns.
[INFO DRT-0084]   Complete 2971 groups.
#scanned instances     = 5739
#unique  instances     = 196
#stdCellGenAp          = 5288
#stdCellValidPlanarAp  = 69
#stdCellValidViaAp     = 4071
#stdCellPinNoAp        = 0
#stdCellPinCnt         = 13258
#instTermValidViaApCnt = 0
#macroGenAp            = 0
#macroValidPlanarAp    = 0
#macroValidViaAp       = 0
#macroNoAp             = 0
[INFO DRT-0166] Complete pin access.
[INFO DRT-0267] cpu time = 00:02:51, elapsed time = 00:00:15, memory = 159.56 (MB), peak = 158.38 (MB)

[INFO DRT-0157] Number of guides:     32855

[INFO DRT-0169] Post process guides.
[INFO DRT-0176] GCELLGRID X 0 DO 47 STEP 6900 ;
[INFO DRT-0177] GCELLGRID Y 0 DO 49 STEP 6900 ;
[INFO DRT-0028]   Complete FR_MASTERSLICE.
[INFO DRT-0028]   Complete licon.
[INFO DRT-0028]   Complete li1.
[INFO DRT-0028]   Complete mcon.
[INFO DRT-0028]   Complete met1.
[INFO DRT-0028]   Complete via.
[INFO DRT-0028]   Complete met2.
[INFO DRT-0028]   Complete via2.
[INFO DRT-0028]   Complete met3.
[INFO DRT-0028]   Complete via3.
[INFO DRT-0028]   Complete met4.
[INFO DRT-0028]   Complete via4.
[INFO DRT-0028]   Complete met5.
[INFO DRT-0178] Init guide query.
[INFO DRT-0035]   Complete FR_MASTERSLICE (guide).
[INFO DRT-0035]   Complete licon (guide).
[INFO DRT-0035]   Complete li1 (guide).
[INFO DRT-0035]   Complete mcon (guide).
[INFO DRT-0035]   Complete met1 (guide).
[INFO DRT-0035]   Complete via (guide).
[INFO DRT-0035]   Complete met2 (guide).
[INFO DRT-0035]   Complete via2 (guide).
[INFO DRT-0035]   Complete met3 (guide).
[INFO DRT-0035]   Complete via3 (guide).
[INFO DRT-0035]   Complete met4 (guide).
[INFO DRT-0035]   Complete via4 (guide).
[INFO DRT-0035]   Complete met5 (guide).
[INFO DRT-0036] FR_MASTERSLICE guide region query size = 0.
[INFO DRT-0036] licon guide region query size = 0.
[INFO DRT-0036] li1 guide region query size = 11150.
[INFO DRT-0036] mcon guide region query size = 0.
[INFO DRT-0036] met1 guide region query size = 10139.
[INFO DRT-0036] via guide region query size = 0.
[INFO DRT-0036] met2 guide region query size = 5064.
[INFO DRT-0036] via2 guide region query size = 0.
[INFO DRT-0036] met3 guide region query size = 341.
[INFO DRT-0036] via3 guide region query size = 0.
[INFO DRT-0036] met4 guide region query size = 82.
[INFO DRT-0036] via4 guide region query size = 0.
[INFO DRT-0036] met5 guide region query size = 6.
[INFO DRT-0179] Init gr pin query.
[INFO DRT-0267] cpu time = 00:00:00, elapsed time = 00:00:00, memory = 170.01 (MB), peak = 168.88 (MB)
[INFO DRT-0245] skipped writing guide updates to database.
[INFO DRT-0185] Post process initialize RPin region query.
[INFO DRT-0181] Start track assignment.
[INFO DRT-0184] Done with 16296 vertical wires in 1 frboxes and 10486 horizontal wires in 1 frboxes.
[INFO DRT-0186] Done with 2043 vertical wires in 1 frboxes and 3316 horizontal wires in 1 frboxes.
[INFO DRT-0182] Complete track assignment.
[INFO DRT-0267] cpu time = 00:00:07, elapsed time = 00:00:01, memory = 210.78 (MB), peak = 209.69 (MB)
[INFO DRT-0187] Start routing data preparation.
[INFO DRT-0267] cpu time = 00:00:00, elapsed time = 00:00:00, memory = 214.42 (MB), peak = 213.44 (MB)
[INFO DRT-0194] Start detail routing.
[INFO DRT-0195] Start 0th optimization iteration.
    Completing 10% with 0 violations.
    elapsed time = 00:00:00, memory = 436.98 (MB).
    Completing 20% with 0 violations.
    elapsed time = 00:00:01, memory = 461.77 (MB).
    Completing 30% with 0 violations.
    elapsed time = 00:00:03, memory = 400.97 (MB).
    Completing 40% with 456 violations.
    elapsed time = 00:00:05, memory = 576.96 (MB).
    Completing 50% with 456 violations.
    elapsed time = 00:00:08, memory = 540.05 (MB).
    Completing 60% with 913 violations.
    elapsed time = 00:00:13, memory = 589.04 (MB).
    Completing 70% with 913 violations.
    elapsed time = 00:00:15, memory = 609.48 (MB).
    Completing 80% with 913 violations.
    elapsed time = 00:00:17, memory = 615.22 (MB).
    Completing 90% with 1344 violations.
    elapsed time = 00:00:21, memory = 707.83 (MB).
    Completing 100% with 1827 violations.
    elapsed time = 00:00:24, memory = 707.83 (MB).
[INFO DRT-0199]   Number of violations = 2200.
Viol/Layer         li1   mcon   met1    via   met2   met3   met4
Cut Spacing          0      4      0      0      0      0      0
Metal Spacing        0      0    293      0    114      7      1
Recheck              6      0    231      0    124      6      6
Short                0      0   1159      5    243      0      1
[INFO DRT-0267] cpu time = 00:02:13, elapsed time = 00:00:24, memory = 1018.93 (MB), peak = 1017.81 (MB)
Total wire length = 156007 um.
Total wire length on LAYER li1 = 0 um.
Total wire length on LAYER met1 = 72779 um.
Total wire length on LAYER met2 = 67427 um.
Total wire length on LAYER met3 = 12127 um.
Total wire length on LAYER met4 = 3550 um.
Total wire length on LAYER met5 = 121 um.
Total number of vias = 29450.
Up-via summary (total 29450):

------------------------
 FR_MASTERSLICE        0
            li1    13031
           met1    15648
           met2      618
           met3      145
           met4        8
------------------------
               29450


[INFO DRT-0195] Start 1st optimization iteration.
    Completing 10% with 2200 violations.
    elapsed time = 00:00:00, memory = 1079.18 (MB).
    Completing 20% with 2200 violations.
    elapsed time = 00:00:02, memory = 1104.08 (MB).
    Completing 30% with 1904 violations.
    elapsed time = 00:00:05, memory = 1075.33 (MB).
    Completing 40% with 1904 violations.
    elapsed time = 00:00:05, memory = 1084.10 (MB).
    Completing 50% with 1904 violations.
    elapsed time = 00:00:07, memory = 1092.78 (MB).
    Completing 60% with 1697 violations.
    elapsed time = 00:00:09, memory = 1109.78 (MB).
    Completing 70% with 1697 violations.
    elapsed time = 00:00:12, memory = 1111.78 (MB).
    Completing 80% with 1388 violations.
    elapsed time = 00:00:13, memory = 1121.53 (MB).
    Completing 90% with 1388 violations.
    elapsed time = 00:00:16, memory = 1147.20 (MB).
    Completing 100% with 1031 violations.
    elapsed time = 00:00:18, memory = 1147.20 (MB).
[INFO DRT-0199]   Number of violations = 1031.
Viol/Layer        mcon   met1   met2   met3
Cut Spacing          1      0      0      0
Metal Spacing        0    138     52      4
Short                0    707    128      1
[INFO DRT-0267] cpu time = 00:02:00, elapsed time = 00:00:18, memory = 1147.55 (MB), peak = 1146.71 (MB)
Total wire length = 154778 um.
Total wire length on LAYER li1 = 0 um.
Total wire length on LAYER met1 = 72076 um.
Total wire length on LAYER met2 = 66947 um.
Total wire length on LAYER met3 = 12123 um.
Total wire length on LAYER met4 = 3522 um.
Total wire length on LAYER met5 = 107 um.
Total number of vias = 29207.
Up-via summary (total 29207):

------------------------
 FR_MASTERSLICE        0
            li1    13026
           met1    15421
           met2      620
           met3      132
           met4        8
------------------------
               29207


[INFO DRT-0195] Start 2nd optimization iteration.
    Completing 10% with 1031 violations.
    elapsed time = 00:00:00, memory = 1147.55 (MB).
    Completing 20% with 1031 violations.
    elapsed time = 00:00:03, memory = 1168.47 (MB).
    Completing 30% with 1000 violations.
    elapsed time = 00:00:06, memory = 1159.26 (MB).
    Completing 40% with 1000 violations.
    elapsed time = 00:00:07, memory = 1159.41 (MB).
    Completing 50% with 1000 violations.
    elapsed time = 00:00:09, memory = 1159.41 (MB).
    Completing 60% with 965 violations.
    elapsed time = 00:00:10, memory = 1160.08 (MB).
    Completing 70% with 965 violations.
    elapsed time = 00:00:13, memory = 1165.80 (MB).
    Completing 80% with 870 violations.
    elapsed time = 00:00:17, memory = 1160.08 (MB).
    Completing 90% with 870 violations.
    elapsed time = 00:00:18, memory = 1160.08 (MB).
    Completing 100% with 826 violations.
    elapsed time = 00:00:21, memory = 1160.08 (MB).
[INFO DRT-0199]   Number of violations = 826.
Viol/Layer        met1   met2
Metal Spacing      108     30
Short              539    149
[INFO DRT-0267] cpu time = 00:01:47, elapsed time = 00:00:21, memory = 1163.07 (MB), peak = 1168.34 (MB)
Total wire length = 154481 um.
Total wire length on LAYER li1 = 0 um.
Total wire length on LAYER met1 = 71768 um.
Total wire length on LAYER met2 = 66958 um.
Total wire length on LAYER met3 = 12150 um.
Total wire length on LAYER met4 = 3493 um.
Total wire length on LAYER met5 = 110 um.
Total number of vias = 29023.
Up-via summary (total 29023):

------------------------
 FR_MASTERSLICE        0
            li1    13015
           met1    15241
           met2      622
           met3      137
           met4        8
------------------------
               29023


[INFO DRT-0195] Start 3rd optimization iteration.
    Completing 10% with 826 violations.
    elapsed time = 00:00:00, memory = 1163.14 (MB).
    Completing 20% with 826 violations.
    elapsed time = 00:00:00, memory = 1163.14 (MB).
    Completing 30% with 826 violations.
    elapsed time = 00:00:03, memory = 1166.68 (MB).
    Completing 40% with 646 violations.
    elapsed time = 00:00:03, memory = 1194.53 (MB).
    Completing 50% with 646 violations.
    elapsed time = 00:00:05, memory = 1194.53 (MB).
    Completing 60% with 437 violations.
    elapsed time = 00:00:07, memory = 1166.68 (MB).
    Completing 70% with 437 violations.
    elapsed time = 00:00:07, memory = 1166.68 (MB).
    Completing 80% with 437 violations.
    elapsed time = 00:00:11, memory = 1168.81 (MB).
    Completing 90% with 242 violations.
    elapsed time = 00:00:13, memory = 1177.10 (MB).
    Completing 100% with 31 violations.
    elapsed time = 00:00:15, memory = 1179.19 (MB).
[INFO DRT-0199]   Number of violations = 31.
Viol/Layer        met1   met2
Metal Spacing       13      1
Short               14      3
[INFO DRT-0267] cpu time = 00:01:16, elapsed time = 00:00:15, memory = 1179.19 (MB), peak = 1193.70 (MB)
Total wire length = 154597 um.
Total wire length on LAYER li1 = 0 um.
Total wire length on LAYER met1 = 68902 um.
Total wire length on LAYER met2 = 66885 um.
Total wire length on LAYER met3 = 15017 um.
Total wire length on LAYER met4 = 3681 um.
Total wire length on LAYER met5 = 110 um.
Total number of vias = 29593.
Up-via summary (total 29593):

------------------------
 FR_MASTERSLICE        0
            li1    13022
           met1    15394
           met2     1007
           met3      162
           met4        8
------------------------
               29593


[INFO DRT-0195] Start 4th guides tiles iteration.
    Completing 10% with 31 violations.
    elapsed time = 00:00:00, memory = 1179.19 (MB).
    Completing 20% with 31 violations.
    elapsed time = 00:00:00, memory = 1179.19 (MB).
    Completing 30% with 31 violations.
    elapsed time = 00:00:00, memory = 1179.19 (MB).
    Completing 40% with 31 violations.
    elapsed time = 00:00:00, memory = 1179.19 (MB).
    Completing 50% with 31 violations.
    elapsed time = 00:00:00, memory = 1179.19 (MB).
    Completing 60% with 31 violations.
    elapsed time = 00:00:00, memory = 1179.19 (MB).
    Completing 70% with 3 violations.
    elapsed time = 00:00:00, memory = 1179.19 (MB).
    Completing 80% with 3 violations.
    elapsed time = 00:00:00, memory = 1179.19 (MB).
    Completing 90% with 3 violations.
    elapsed time = 00:00:00, memory = 1179.19 (MB).
    Completing 100% with 3 violations.
    elapsed time = 00:00:00, memory = 1179.19 (MB).
[INFO DRT-0199]   Number of violations = 3.
Viol/Layer        met2
Short                3
[INFO DRT-0267] cpu time = 00:00:06, elapsed time = 00:00:00, memory = 1179.19 (MB), peak = 1193.70 (MB)
Total wire length = 154579 um.
Total wire length on LAYER li1 = 0 um.
Total wire length on LAYER met1 = 68693 um.
Total wire length on LAYER met2 = 66877 um.
Total wire length on LAYER met3 = 15216 um.
Total wire length on LAYER met4 = 3681 um.
Total wire length on LAYER met5 = 110 um.
Total number of vias = 29603.
Up-via summary (total 29603):

------------------------
 FR_MASTERSLICE        0
            li1    13022
           met1    15394
           met2     1017
           met3      162
           met4        8
------------------------
               29603


[INFO DRT-0195] Start 5th guides tiles iteration.
    Completing 100% with 3 violations.
    elapsed time = 00:00:00, memory = 1179.19 (MB).
[INFO DRT-0199]   Number of violations = 3.
Viol/Layer        met2
Short                3
[INFO DRT-0267] cpu time = 00:00:02, elapsed time = 00:00:00, memory = 1179.19 (MB), peak = 1193.70 (MB)
Total wire length = 154579 um.
Total wire length on LAYER li1 = 0 um.
Total wire length on LAYER met1 = 68693 um.
Total wire length on LAYER met2 = 66877 um.
Total wire length on LAYER met3 = 15216 um.
Total wire length on LAYER met4 = 3681 um.
Total wire length on LAYER met5 = 110 um.
Total number of vias = 29603.
Up-via summary (total 29603):

------------------------
 FR_MASTERSLICE        0
            li1    13022
           met1    15394
           met2     1017
           met3      162
           met4        8
------------------------
               29603


[INFO DRT-0195] Start 6th stubborn tiles iteration.
    Completing 10% with 3 violations.
    elapsed time = 00:00:01, memory = 1180.47 (MB).
    Completing 20% with 3 violations.
    elapsed time = 00:00:02, memory = 1246.23 (MB).
    Completing 30% with 3 violations.
    elapsed time = 00:00:03, memory = 1318.50 (MB).
    Completing 40% with 3 violations.
    elapsed time = 00:00:04, memory = 1428.46 (MB).
    Completing 50% with 3 violations.
    elapsed time = 00:00:06, memory = 1506.50 (MB).
    Completing 60% with 3 violations.
    elapsed time = 00:00:07, memory = 1597.25 (MB).
    Completing 70% with 3 violations.
    elapsed time = 00:00:08, memory = 1710.99 (MB).
    Completing 80% with 3 violations.
    elapsed time = 00:00:10, memory = 1858.81 (MB).
    Completing 90% with 3 violations.
    elapsed time = 00:00:12, memory = 1980.24 (MB).
    Completing 100% with 0 violations.
    elapsed time = 00:00:16, memory = 1976.02 (MB).
[INFO DRT-0199]   Number of violations = 0.
[INFO DRT-0267] cpu time = 00:02:33, elapsed time = 00:00:16, memory = 1976.02 (MB), peak = 1982.32 (MB)
Total wire length = 154590 um.
Total wire length on LAYER li1 = 0 um.
Total wire length on LAYER met1 = 68694 um.
Total wire length on LAYER met2 = 66878 um.
Total wire length on LAYER met3 = 15225 um.
Total wire length on LAYER met4 = 3681 um.
Total wire length on LAYER met5 = 110 um.
Total number of vias = 29604.
Up-via summary (total 29604):

------------------------
 FR_MASTERSLICE        0
            li1    13022
           met1    15393
           met2     1019
           met3      162
           met4        8
------------------------
               29604


[INFO DRT-0198] Complete detail routing.
Total wire length = 154590 um.
Total wire length on LAYER li1 = 0 um.
Total wire length on LAYER met1 = 68694 um.
Total wire length on LAYER met2 = 66878 um.
Total wire length on LAYER met3 = 15225 um.
Total wire length on LAYER met4 = 3681 um.
Total wire length on LAYER met5 = 110 um.
Total number of vias = 29604.
Up-via summary (total 29604):

------------------------
 FR_MASTERSLICE        0
            li1    13022
           met1    15393
           met2     1019
           met3      162
           met4        8
------------------------
               29604


[INFO DRT-0267] cpu time = 00:10:00, elapsed time = 00:01:39, memory = 1976.02 (MB), peak = 1982.32 (MB)

[INFO DRT-0180] Post processing.
+ check_antennas 
[INFO ANT-0002] Found 7 net violations.
[INFO ANT-0001] Found 7 pin violations.
[INFO] Running antenna repair iteration 1…
+ repair_antennas sky130_fd_sc_hd__diode_2 -ratio_margin 10
[INFO GRT-0012] Found 7 antenna violations.
[INFO GRT-0015] Inserted 7 diodes.
+ detailed_route -droute_end_iter 64 -or_seed 42 -verbose 1 -output_drc /home/cl4/Desktop/training/single_cycle/runs/RUN_2026-08-24_11-52-11/44-openroad-detailedrouting/drt-run-1/single_cycle_cpu.drc
[INFO DRT-0024]   Complete FR_MASTERSLICE.
[INFO DRT-0024]   Complete licon.
[INFO DRT-0024]   Complete li1.
[INFO DRT-0024]   Complete mcon.
[INFO DRT-0024]   Complete met1.
[INFO DRT-0024]   Complete via.
[INFO DRT-0024]   Complete met2.
[INFO DRT-0024]   Complete via2.
[INFO DRT-0024]   Complete met3.
[INFO DRT-0024]   Complete via3.
[INFO DRT-0024]   Complete met4.
[INFO DRT-0024]   Complete via4.
[INFO DRT-0024]   Complete met5.
[INFO DRT-0165] Start pin access.
[INFO DRT-0076]   Complete 1000 pins.
[INFO DRT-0078]   Complete 1534 pins.
[INFO DRT-0079]   Complete 100 unique inst patterns.
[INFO DRT-0081]   Complete 197 unique inst patterns.
[INFO DRT-0084]   Complete 2969 groups.
#scanned instances     = 5746
#unique  instances     = 197
#stdCellGenAp          = 5300
#stdCellValidPlanarAp  = 69
#stdCellValidViaAp     = 4083
#stdCellPinNoAp        = 0
#stdCellPinCnt         = 13258
#instTermValidViaApCnt = 0
#macroGenAp            = 0
#macroValidPlanarAp    = 0
#macroValidViaAp       = 0
#macroNoAp             = 0
[INFO DRT-0166] Complete pin access.
[INFO DRT-0267] cpu time = 00:03:19, elapsed time = 00:00:18, memory = 1977.46 (MB), peak = 1982.32 (MB)

[INFO DRT-0157] Number of guides:     32831

[INFO DRT-0169] Post process guides.
[INFO DRT-0176] GCELLGRID X 0 DO 47 STEP 6900 ;
[INFO DRT-0177] GCELLGRID Y 0 DO 49 STEP 6900 ;
[INFO DRT-0028]   Complete FR_MASTERSLICE.
[INFO DRT-0028]   Complete licon.
[INFO DRT-0028]   Complete li1.
[INFO DRT-0028]   Complete mcon.
[INFO DRT-0028]   Complete met1.
[INFO DRT-0028]   Complete via.
[INFO DRT-0028]   Complete met2.
[INFO DRT-0028]   Complete via2.
[INFO DRT-0028]   Complete met3.
[INFO DRT-0028]   Complete via3.
[INFO DRT-0028]   Complete met4.
[INFO DRT-0028]   Complete via4.
[INFO DRT-0028]   Complete met5.
[INFO DRT-0178] Init guide query.
[INFO DRT-0035]   Complete FR_MASTERSLICE (guide).
[INFO DRT-0035]   Complete licon (guide).
[INFO DRT-0035]   Complete li1 (guide).
[INFO DRT-0035]   Complete mcon (guide).
[INFO DRT-0035]   Complete met1 (guide).
[INFO DRT-0035]   Complete via (guide).
[INFO DRT-0035]   Complete met2 (guide).
[INFO DRT-0035]   Complete via2 (guide).
[INFO DRT-0035]   Complete met3 (guide).
[INFO DRT-0035]   Complete via3 (guide).
[INFO DRT-0035]   Complete met4 (guide).
[INFO DRT-0035]   Complete via4 (guide).
[INFO DRT-0035]   Complete met5 (guide).
[INFO DRT-0036] FR_MASTERSLICE guide region query size = 0.
[INFO DRT-0036] licon guide region query size = 0.
[INFO DRT-0036] li1 guide region query size = 11152.
[INFO DRT-0036] mcon guide region query size = 0.
[INFO DRT-0036] met1 guide region query size = 10139.
[INFO DRT-0036] via guide region query size = 0.
[INFO DRT-0036] met2 guide region query size = 5060.
[INFO DRT-0036] via2 guide region query size = 0.
[INFO DRT-0036] met3 guide region query size = 333.
[INFO DRT-0036] via3 guide region query size = 0.
[INFO DRT-0036] met4 guide region query size = 75.
[INFO DRT-0036] via4 guide region query size = 0.
[INFO DRT-0036] met5 guide region query size = 4.
[INFO DRT-0179] Init gr pin query.
[INFO DRT-0267] cpu time = 00:00:00, elapsed time = 00:00:00, memory = 1977.46 (MB), peak = 1982.32 (MB)
[INFO DRT-0245] skipped writing guide updates to database.
[INFO DRT-0185] Post process initialize RPin region query.
[INFO DRT-0181] Start track assignment.
[INFO DRT-0184] Done with 16287 vertical wires in 1 frboxes and 10476 horizontal wires in 1 frboxes.
[INFO DRT-0186] Done with 1999 vertical wires in 1 frboxes and 3363 horizontal wires in 1 frboxes.
[INFO DRT-0182] Complete track assignment.
[INFO DRT-0267] cpu time = 00:00:07, elapsed time = 00:00:01, memory = 1977.46 (MB), peak = 1982.32 (MB)
[INFO DRT-0187] Start routing data preparation.
[INFO DRT-0267] cpu time = 00:00:00, elapsed time = 00:00:00, memory = 1977.46 (MB), peak = 1982.32 (MB)
[INFO DRT-0194] Start detail routing.
[INFO DRT-0195] Start 0th optimization iteration.
    Completing 10% with 0 violations.
    elapsed time = 00:00:00, memory = 1977.46 (MB).
    Completing 20% with 0 violations.
    elapsed time = 00:00:00, memory = 1977.46 (MB).
    Completing 30% with 0 violations.
    elapsed time = 00:00:01, memory = 1977.46 (MB).
    Completing 40% with 44 violations.
    elapsed time = 00:00:01, memory = 1977.46 (MB).
    Completing 50% with 44 violations.
    elapsed time = 00:00:02, memory = 1977.46 (MB).
    Completing 60% with 79 violations.
    elapsed time = 00:00:03, memory = 1977.46 (MB).
    Completing 70% with 79 violations.
    elapsed time = 00:00:03, memory = 1977.46 (MB).
    Completing 80% with 79 violations.
    elapsed time = 00:00:04, memory = 1977.46 (MB).
    Completing 90% with 109 violations.
    elapsed time = 00:00:05, memory = 1977.46 (MB).
    Completing 100% with 150 violations.
    elapsed time = 00:00:05, memory = 1977.46 (MB).
[INFO DRT-0199]   Number of violations = 168.
Viol/Layer        met1    via   met2   met3
Metal Spacing       20      0      7      0
Recheck             10      0      6      2
Short               87      1     33      2
[INFO DRT-0267] cpu time = 00:00:42, elapsed time = 00:00:06, memory = 2077.31 (MB), peak = 2076.65 (MB)
Total wire length = 154667 um.
Total wire length on LAYER li1 = 0 um.
Total wire length on LAYER met1 = 68913 um.
Total wire length on LAYER met2 = 67151 um.
Total wire length on LAYER met3 = 15047 um.
Total wire length on LAYER met4 = 3444 um.
Total wire length on LAYER met5 = 110 um.
Total number of vias = 29624.
Up-via summary (total 29624):

------------------------
 FR_MASTERSLICE        0
            li1    13034
           met1    15420
           met2     1004
           met3      158
           met4        8
------------------------
               29624


[INFO DRT-0195] Start 1st optimization iteration.
    Completing 10% with 168 violations.
    elapsed time = 00:00:00, memory = 2077.31 (MB).
    Completing 20% with 168 violations.
    elapsed time = 00:00:00, memory = 2077.31 (MB).
    Completing 30% with 130 violations.
    elapsed time = 00:00:01, memory = 2077.31 (MB).
    Completing 40% with 130 violations.
    elapsed time = 00:00:01, memory = 2077.31 (MB).
    Completing 50% with 130 violations.
    elapsed time = 00:00:02, memory = 2077.31 (MB).
    Completing 60% with 93 violations.
    elapsed time = 00:00:03, memory = 2077.31 (MB).
    Completing 70% with 93 violations.
    elapsed time = 00:00:03, memory = 2077.31 (MB).
    Completing 80% with 76 violations.
    elapsed time = 00:00:04, memory = 2077.31 (MB).
    Completing 90% with 76 violations.
    elapsed time = 00:00:04, memory = 2077.31 (MB).
    Completing 100% with 49 violations.
    elapsed time = 00:00:05, memory = 2077.31 (MB).
[INFO DRT-0199]   Number of violations = 49.
Viol/Layer        met1   met2
Short               39     10
[INFO DRT-0267] cpu time = 00:00:41, elapsed time = 00:00:05, memory = 2077.31 (MB), peak = 2076.65 (MB)
Total wire length = 154624 um.
Total wire length on LAYER li1 = 0 um.
Total wire length on LAYER met1 = 68898 um.
Total wire length on LAYER met2 = 67127 um.
Total wire length on LAYER met3 = 15043 um.
Total wire length on LAYER met4 = 3444 um.
Total wire length on LAYER met5 = 110 um.
Total number of vias = 29619.
Up-via summary (total 29619):

------------------------
 FR_MASTERSLICE        0
            li1    13034
           met1    15415
           met2     1006
           met3      156
           met4        8
------------------------
               29619


[INFO DRT-0195] Start 2nd optimization iteration.
    Completing 10% with 49 violations.
    elapsed time = 00:00:00, memory = 2077.31 (MB).
    Completing 20% with 49 violations.
    elapsed time = 00:00:00, memory = 2077.31 (MB).
    Completing 30% with 55 violations.
    elapsed time = 00:00:00, memory = 2077.31 (MB).
    Completing 40% with 55 violations.
    elapsed time = 00:00:00, memory = 2077.31 (MB).
    Completing 50% with 55 violations.
    elapsed time = 00:00:01, memory = 2077.31 (MB).
    Completing 60% with 58 violations.
    elapsed time = 00:00:01, memory = 2077.31 (MB).
    Completing 70% with 58 violations.
    elapsed time = 00:00:01, memory = 2077.31 (MB).
    Completing 80% with 59 violations.
    elapsed time = 00:00:02, memory = 2077.31 (MB).
    Completing 90% with 59 violations.
    elapsed time = 00:00:02, memory = 2077.31 (MB).
    Completing 100% with 61 violations.
    elapsed time = 00:00:03, memory = 2077.31 (MB).
[INFO DRT-0199]   Number of violations = 61.
Viol/Layer        met1   met2
Metal Spacing        6      2
Short               43     10
[INFO DRT-0267] cpu time = 00:00:15, elapsed time = 00:00:03, memory = 2077.31 (MB), peak = 2076.65 (MB)
Total wire length = 154619 um.
Total wire length on LAYER li1 = 0 um.
Total wire length on LAYER met1 = 68896 um.
Total wire length on LAYER met2 = 67125 um.
Total wire length on LAYER met3 = 15044 um.
Total wire length on LAYER met4 = 3442 um.
Total wire length on LAYER met5 = 110 um.
Total number of vias = 29616.
Up-via summary (total 29616):

------------------------
 FR_MASTERSLICE        0
            li1    13035
           met1    15412
           met2     1004
           met3      157
           met4        8
------------------------
               29616


[INFO DRT-0195] Start 3rd guides tiles iteration.
    Completing 10% with 61 violations.
    elapsed time = 00:00:00, memory = 2077.31 (MB).
    Completing 20% with 61 violations.
    elapsed time = 00:00:00, memory = 2077.31 (MB).
    Completing 30% with 61 violations.
    elapsed time = 00:00:00, memory = 2077.31 (MB).
    Completing 40% with 61 violations.
    elapsed time = 00:00:00, memory = 2077.31 (MB).
    Completing 50% with 61 violations.
    elapsed time = 00:00:00, memory = 2077.31 (MB).
    Completing 60% with 1 violations.
    elapsed time = 00:00:00, memory = 2077.31 (MB).
    Completing 70% with 1 violations.
    elapsed time = 00:00:00, memory = 2077.31 (MB).
    Completing 80% with 1 violations.
    elapsed time = 00:00:00, memory = 2077.31 (MB).
    Completing 90% with 1 violations.
    elapsed time = 00:00:00, memory = 2077.31 (MB).
    Completing 100% with 0 violations.
    elapsed time = 00:00:02, memory = 2077.31 (MB).
[INFO DRT-0199]   Number of violations = 0.
[INFO DRT-0267] cpu time = 00:00:08, elapsed time = 00:00:02, memory = 2077.32 (MB), peak = 2076.65 (MB)
Total wire length = 154599 um.
Total wire length on LAYER li1 = 0 um.
Total wire length on LAYER met1 = 68391 um.
Total wire length on LAYER met2 = 67115 um.
Total wire length on LAYER met3 = 15538 um.
Total wire length on LAYER met4 = 3442 um.
Total wire length on LAYER met5 = 110 um.
Total number of vias = 29638.
Up-via summary (total 29638):

------------------------
 FR_MASTERSLICE        0
            li1    13033
           met1    15415
           met2     1025
           met3      157
           met4        8
------------------------
               29638


[INFO DRT-0198] Complete detail routing.
Total wire length = 154599 um.
Total wire length on LAYER li1 = 0 um.
Total wire length on LAYER met1 = 68391 um.
Total wire length on LAYER met2 = 67115 um.
Total wire length on LAYER met3 = 15538 um.
Total wire length on LAYER met4 = 3442 um.
Total wire length on LAYER met5 = 110 um.
Total number of vias = 29638.
Up-via summary (total 29638):

------------------------
 FR_MASTERSLICE        0
            li1    13033
           met1    15415
           met2     1025
           met3      157
           met4        8
------------------------
               29638


[INFO DRT-0267] cpu time = 00:01:49, elapsed time = 00:00:17, memory = 2077.32 (MB), peak = 2076.65 (MB)

[INFO DRT-0180] Post processing.
+ check_antennas 
[INFO ANT-0002] Found 0 net violations.
[INFO ANT-0001] Found 0 pin violations.
Setting global connections for newly added cells…
[INFO] Setting global connections...
[INFO ODB-0403] 28 connections made, 0 conflicts skipped.
Updating metrics…
Cell type report:                       Count       Area
  Fill cell                               234     878.34
  Tap cell                               1428    1786.71
  Antenna cell                             12      30.03
  Buffer                                    3      12.51
  Clock buffer                             78    1670.35
  Timing Repair Buffer                   1010    8767.16
  Inverter                                479    1810.49
  Clock inverter                           15     158.90
  Sequential cell                         720   17456.74
  Multi-Input combinational cell         1767   17111.41
  Total                                  5746   49682.65
Writing OpenROAD database to '/home/cl4/Desktop/training/single_cycle/runs/RUN_2026-08-24_11-52-11/44-openroad-detailedrouting/single_cycle_cpu.odb'…
Writing netlist to '/home/cl4/Desktop/training/single_cycle/runs/RUN_2026-08-24_11-52-11/44-openroad-detailedrouting/single_cycle_cpu.nl.v'…
Writing powered netlist to '/home/cl4/Desktop/training/single_cycle/runs/RUN_2026-08-24_11-52-11/44-openroad-detailedrouting/single_cycle_cpu.pnl.v'…
Writing layout to '/home/cl4/Desktop/training/single_cycle/runs/RUN_2026-08-24_11-52-11/44-openroad-detailedrouting/single_cycle_cpu.def'…
Writing timing constraints to '/home/cl4/Desktop/training/single_cycle/runs/RUN_2026-08-24_11-52-11/44-openroad-detailedrouting/single_cycle_cpu.sdc'…
