Clock: clk
Sources: clk 
Generated: no
Virtual: yes
Propagated: no
Period: 25.000000

===========================================================================
report_clock_properties
============================================================================
Clock                   Period          Waveform
----------------------------------------------------
clk                  25.000000    0.000000 12.500000

===========================================================================
report_clock_latency
============================================================================
Clock clk
rise -> rise
    min     max
0.000000 0.000000 source latency
1.453277         network latency _6824_/CLK
        1.528391 network latency _7100_/CLK
---------------
1.453277 1.528391 latency
        0.075114 skew

fall -> fall
    min     max
0.000000 0.000000 source latency
1.273366         network latency _6824_/CLK
        1.329038 network latency _7100_/CLK
---------------
1.273366 1.329038 latency
        0.055672 skew



===========================================================================
report_clock_min_period
============================================================================
clk period_min = 18.02 fmax = 55.48
