Clock: clk
Sources: clk 
Generated: no
Virtual: yes
Propagated: no
Period: 25.000000

===========================================================================
report_clock_properties
============================================================================
Clock                   Period          Waveform
----------------------------------------------------
clk                  25.000000    0.000000 12.500000

===========================================================================
report_clock_latency
============================================================================
Clock clk
rise -> rise
    min     max
0.000000 0.000000 source latency
5.712760         network latency _7090_/CLK
        5.778419 network latency _6714_/CLK
---------------
5.712760 5.778419 latency
        0.065659 skew

fall -> fall
    min     max
0.000000 0.000000 source latency
2.831593         network latency _7090_/CLK
        2.892712 network latency _6714_/CLK
---------------
2.831593 2.892712 latency
        0.061119 skew



===========================================================================
report_clock_min_period
============================================================================
clk period_min = 8.24 fmax = 121.36
