Clock: clk
Sources: clk 
Generated: no
Virtual: yes
Propagated: no
Period: 25.000000

===========================================================================
report_clock_properties
============================================================================
Clock                   Period          Waveform
----------------------------------------------------
clk                  25.000000    0.000000 12.500000

===========================================================================
report_clock_latency
============================================================================
Clock clk
rise -> rise
    min     max
0.000000 0.000000 source latency
0.811784         network latency _6824_/CLK
        0.852982 network latency _7100_/CLK
---------------
0.811784 0.852982 latency
        0.041197 skew

fall -> fall
    min     max
0.000000 0.000000 source latency
0.692726         network latency _6766_/CLK
        0.725136 network latency _7100_/CLK
---------------
0.692726 0.725136 latency
        0.032411 skew



===========================================================================
report_clock_min_period
============================================================================
clk period_min = 9.03 fmax = 110.76
