
===========================================================================
report_checks -unconstrained
===========================================================================
======================= nom_tt_025C_1v80 Corner ===================================

Startpoint: reset (input port clocked by clk)
Endpoint: _7392_ (recovery check against rising-edge clock clk)
Path Group: asynchronous
Path Type: max

Fanout         Cap        Slew       Delay        Time   Description
---------------------------------------------------------------------------------------------
                                  0.000000    0.000000   clock clk (rise edge)
                                  0.000000    0.000000   clock network delay (propagated)
                                  5.000000    5.000000 v input external delay
     3    0.019150    0.044289    0.031181    5.031181 v reset (in)
                                                         reset (net)
                      0.044314    0.000000    5.031181 v fanout58/A (sky130_fd_sc_hd__clkdlybuf4s25_1)
     9    0.041869    0.309374    0.454481    5.485662 v fanout58/X (sky130_fd_sc_hd__clkdlybuf4s25_1)
                                                         net58 (net)
                      0.309374    0.000445    5.486107 v fanout57/A (sky130_fd_sc_hd__clkdlybuf4s25_1)
     6    0.041802    0.309231    0.547685    6.033792 v fanout57/X (sky130_fd_sc_hd__clkdlybuf4s25_1)
                                                         net57 (net)
                      0.309231    0.000759    6.034551 v fanout56/A (sky130_fd_sc_hd__clkdlybuf4s25_1)
    10    0.058656    0.429391    0.636906    6.671457 v fanout56/X (sky130_fd_sc_hd__clkdlybuf4s25_1)
                                                         net56 (net)
                      0.429394    0.001892    6.673349 v fanout55/A (sky130_fd_sc_hd__clkdlybuf4s25_1)
    10    0.060574    0.442655    0.674028    7.347378 v fanout55/X (sky130_fd_sc_hd__clkdlybuf4s25_1)
                                                         net55 (net)
                      0.442660    0.002100    7.349478 v fanout53/A (sky130_fd_sc_hd__clkdlybuf4s25_1)
    10    0.052629    0.385637    0.635809    7.985286 v fanout53/X (sky130_fd_sc_hd__clkdlybuf4s25_1)
                                                         net53 (net)
                      0.385637    0.000057    7.985343 v _6672_/A (sky130_fd_sc_hd__inv_2)
     1    0.003797    0.082920    0.125597    8.110941 ^ _6672_/Y (sky130_fd_sc_hd__inv_2)
                                                         _0413_ (net)
                      0.082920    0.000004    8.110944 ^ _7392_/RESET_B (sky130_fd_sc_hd__dfrtp_2)
                                              8.110944   data arrival time

                                 25.000000   25.000000   clock clk (rise edge)
                                  0.000000   25.000000   clock source latency
   720    1.889928    8.358757    5.827552   30.827551 ^ clk (in)
                                                         clk (net)
                      8.362850    0.000000   30.827551 ^ _7392_/CLK (sky130_fd_sc_hd__dfrtp_2)
                                 -0.250000   30.577551   clock uncertainty
                                  0.000000   30.577551   clock reconvergence pessimism
                                  1.348788   31.926338   library recovery time
                                             31.926338   data required time
---------------------------------------------------------------------------------------------
                                             31.926338   data required time
                                             -8.110944   data arrival time
---------------------------------------------------------------------------------------------
                                             23.815393   slack (MET)


Startpoint: _6980_ (rising edge-triggered flip-flop clocked by clk)
Endpoint: alu_result_out[0] (output port clocked by clk)
Path Group: clk
Path Type: max

Fanout         Cap        Slew       Delay        Time   Description
---------------------------------------------------------------------------------------------
                                  0.000000    0.000000   clock clk (rise edge)
                                  0.000000    0.000000   clock source latency
   720    1.889928    8.358757    5.767963    5.767963 ^ clk (in)
                                                         clk (net)
                      8.360268    0.000000    5.767963 ^ _6980_/CLK (sky130_fd_sc_hd__dfrtp_2)
     5    0.062762    0.301319    1.524134    7.292098 ^ _6980_/Q (sky130_fd_sc_hd__dfrtp_2)
                                                         pc_out[3] (net)
                      0.301319    0.000009    7.292106 ^ place458/A (sky130_fd_sc_hd__buf_2)
     9    0.046168    0.226583    0.312264    7.604370 ^ place458/X (sky130_fd_sc_hd__buf_2)
                                                         net458 (net)
                      0.226583    0.000570    7.604940 ^ place457/A (sky130_fd_sc_hd__buf_2)
     8    0.031364    0.157263    0.245409    7.850349 ^ place457/X (sky130_fd_sc_hd__buf_2)
                                                         net457 (net)
                      0.157263    0.000329    7.850677 ^ _3365_/A (sky130_fd_sc_hd__inv_2)
     7    0.016935    0.060739    0.083251    7.933928 v _3365_/Y (sky130_fd_sc_hd__inv_2)
                                                         _1311_ (net)
                      0.060739    0.000024    7.933952 v _3371_/C_N (sky130_fd_sc_hd__nor4bb_2)
     2    0.004337    0.060831    0.175360    8.109313 v _3371_/Y (sky130_fd_sc_hd__nor4bb_2)
                                                         _1316_ (net)
                      0.060831    0.000016    8.109328 v place428/A (sky130_fd_sc_hd__buf_2)
     7    0.031204    0.082783    0.181607    8.290936 v place428/X (sky130_fd_sc_hd__buf_2)
                                                         net428 (net)
                      0.082783    0.000351    8.291286 v place427/A (sky130_fd_sc_hd__buf_2)
     6    0.031393    0.083322    0.191728    8.483014 v place427/X (sky130_fd_sc_hd__buf_2)
                                                         net427 (net)
                      0.083322    0.000413    8.483427 v _3399_/A (sky130_fd_sc_hd__nor2_4)
     6    0.021369    0.154631    0.181001    8.664428 ^ _3399_/Y (sky130_fd_sc_hd__nor2_4)
                                                         _1342_ (net)
                      0.154631    0.000306    8.664734 ^ _3400_/A (sky130_fd_sc_hd__inv_2)
     3    0.045536    0.111230    0.137268    8.802002 v _3400_/Y (sky130_fd_sc_hd__inv_2)
                                                         instruction_out[20] (net)
                      0.111230    0.000000    8.802003 v _3407_/A (sky130_fd_sc_hd__and3_2)
    10    0.033934    0.107143    0.276709    9.078712 v _3407_/X (sky130_fd_sc_hd__and3_2)
                                                         _1348_ (net)
                      0.107143    0.000315    9.079027 v place332/A (sky130_fd_sc_hd__buf_2)
     8    0.025007    0.069665    0.191020    9.270047 v place332/X (sky130_fd_sc_hd__buf_2)
                                                         net332 (net)
                      0.069671    0.000671    9.270719 v place331/A (sky130_fd_sc_hd__buf_2)
     7    0.024270    0.068130    0.172575    9.443294 v place331/X (sky130_fd_sc_hd__buf_2)
                                                         net331 (net)
                      0.068138    0.000782    9.444076 v place330/A (sky130_fd_sc_hd__buf_2)
    10    0.040339    0.099802    0.200767    9.644841 v place330/X (sky130_fd_sc_hd__buf_2)
                                                         net330 (net)
                      0.099803    0.000579    9.645421 v _4415_/B1 (sky130_fd_sc_hd__a221o_2)
     1    0.002361    0.051205    0.339380    9.984801 v _4415_/X (sky130_fd_sc_hd__a221o_2)
                                                         _2283_ (net)
                      0.051205    0.000004    9.984804 v _4416_/C1 (sky130_fd_sc_hd__a221o_2)
     1    0.003473    0.054238    0.296363   10.281167 v _4416_/X (sky130_fd_sc_hd__a221o_2)
                                                         _2284_ (net)
                      0.054238    0.000018   10.281185 v _4417_/C1 (sky130_fd_sc_hd__a221o_2)
     1    0.007026    0.064380    0.314821   10.596006 v _4417_/X (sky130_fd_sc_hd__a221o_2)
                                                         _2285_ (net)
                      0.064380    0.000095   10.596101 v _4418_/B1 (sky130_fd_sc_hd__a21o_2)
     3    0.008665    0.047977    0.207615   10.803717 v _4418_/X (sky130_fd_sc_hd__a21o_2)
                                                         _2286_ (net)
                      0.047977    0.000038   10.803755 v _4425_/C (sky130_fd_sc_hd__and3_2)
     1    0.004916    0.043374    0.211824   11.015579 v _4425_/X (sky130_fd_sc_hd__and3_2)
                                                         _2293_ (net)
                      0.043374    0.000050   11.015629 v _4426_/B (sky130_fd_sc_hd__or2_2)
     8    0.024429    0.108351    0.343902   11.359530 v _4426_/X (sky130_fd_sc_hd__or2_2)
                                                         _2294_ (net)
                      0.108351    0.000179   11.359709 v _4442_/A (sky130_fd_sc_hd__or2_2)
     2    0.005145    0.061784    0.322665   11.682375 v _4442_/X (sky130_fd_sc_hd__or2_2)
                                                         _2310_ (net)
                      0.061784    0.000030   11.682405 v _4443_/D1 (sky130_fd_sc_hd__a2111o_2)
     3    0.011142    0.087125    0.380417   12.062822 v _4443_/X (sky130_fd_sc_hd__a2111o_2)
                                                         _2311_ (net)
                      0.087125    0.000090   12.062912 v _4454_/A1 (sky130_fd_sc_hd__a211o_2)
     2    0.007402    0.059609    0.321753   12.384665 v _4454_/X (sky130_fd_sc_hd__a211o_2)
                                                         _2322_ (net)
                      0.059609    0.000023   12.384688 v _4455_/C1 (sky130_fd_sc_hd__o211a_2)
     2    0.010791    0.060285    0.141422   12.526111 v _4455_/X (sky130_fd_sc_hd__o211a_2)
                                                         _2323_ (net)
                      0.060285    0.000034   12.526144 v _4457_/A2 (sky130_fd_sc_hd__o21a_2)
     3    0.011219    0.054482    0.221294   12.747438 v _4457_/X (sky130_fd_sc_hd__o21a_2)
                                                         _2325_ (net)
                      0.054482    0.000089   12.747527 v _4459_/A2 (sky130_fd_sc_hd__o211a_2)
     3    0.018291    0.075572    0.285039   13.032566 v _4459_/X (sky130_fd_sc_hd__o211a_2)
                                                         _2327_ (net)
                      0.075574    0.000537   13.033103 v _4465_/A (sky130_fd_sc_hd__nor2_2)
     2    0.030661    0.340896    0.311610   13.344713 ^ _4465_/Y (sky130_fd_sc_hd__nor2_2)
                                                         _2333_ (net)
                      0.340909    0.001815   13.346529 ^ _5650_/A (sky130_fd_sc_hd__inv_2)
     1    0.035182    0.138118    0.169310   13.515839 v _5650_/Y (sky130_fd_sc_hd__inv_2)
                                                         alu_result_out[0] (net)
                      0.138118    0.000385   13.516224 v alu_result_out[0] (out)
                                             13.516224   data arrival time

                                 25.000000   25.000000   clock clk (rise edge)
                                  0.000000   25.000000   clock network delay (propagated)
                                 -0.250000   24.750000   clock uncertainty
                                  0.000000   24.750000   clock reconvergence pessimism
                                 -5.000000   19.750000   output external delay
                                             19.750000   data required time
---------------------------------------------------------------------------------------------
                                             19.750000   data required time
                                            -13.516224   data arrival time
---------------------------------------------------------------------------------------------
                                              6.233776   slack (MET)




===========================================================================
report_checks --slack_max -0.01
============================================================================
======================= nom_tt_025C_1v80 Corner ===================================

No paths found.


===========================================================================
 report_check_types -max_slew -max_cap -max_fanout -violators
============================================================================
======================= nom_tt_025C_1v80 Corner ===================================

max slew

Pin                                        Limit        Slew       Slack
------------------------------------------------------------------------
_7122_/CLK                              0.750000    8.363779   -7.613779 (VIOLATED)
_7123_/CLK                              0.750000    8.363782   -7.613782 (VIOLATED)
_7160_/CLK                              0.750000    8.363782   -7.613782 (VIOLATED)
_7154_/CLK                              0.750000    8.363774   -7.613774 (VIOLATED)
_7155_/CLK                              0.750000    8.363777   -7.613777 (VIOLATED)
_7159_/CLK                              0.750000    8.363781   -7.613781 (VIOLATED)
_7219_/CLK                              0.750000    8.363781   -7.613781 (VIOLATED)
_7224_/CLK                              0.750000    8.363780   -7.613780 (VIOLATED)
_7227_/CLK                              0.750000    8.363783   -7.613783 (VIOLATED)
_7283_/CLK                              0.750000    8.363777   -7.613777 (VIOLATED)
_7291_/CLK                              0.750000    8.363779   -7.613779 (VIOLATED)
_7318_/CLK                              0.750000    8.363782   -7.613782 (VIOLATED)
_7323_/CLK                              0.750000    8.363779   -7.613779 (VIOLATED)
_7319_/CLK                              0.750000    8.363770   -7.613770 (VIOLATED)
_7351_/CLK                              0.750000    8.363750   -7.613751 (VIOLATED)
_6755_/CLK                              0.750000    8.363736   -7.613737 (VIOLATED)
_6810_/CLK                              0.750000    8.363737   -7.613738 (VIOLATED)
_6820_/CLK                              0.750000    8.363737   -7.613738 (VIOLATED)
_6830_/CLK                              0.750000    8.363737   -7.613738 (VIOLATED)
_6835_/CLK                              0.750000    8.363738   -7.613739 (VIOLATED)
_6840_/CLK                              0.750000    8.363738   -7.613739 (VIOLATED)
_6845_/CLK                              0.750000    8.363737   -7.613738 (VIOLATED)
_6720_/CLK                              0.750000    8.363729   -7.613729 (VIOLATED)
_6761_/CLK                              0.750000    8.363735   -7.613735 (VIOLATED)
_6767_/CLK                              0.750000    8.363737   -7.613738 (VIOLATED)
_6773_/CLK                              0.750000    8.363735   -7.613735 (VIOLATED)
_6955_/CLK                              0.750000    8.363734   -7.613734 (VIOLATED)
_6967_/CLK                              0.750000    8.363735   -7.613735 (VIOLATED)
_6730_/CLK                              0.750000    8.363726   -7.613726 (VIOLATED)
_6736_/CLK                              0.750000    8.363726   -7.613726 (VIOLATED)
_6815_/CLK                              0.750000    8.363729   -7.613729 (VIOLATED)
_6817_/CLK                              0.750000    8.363735   -7.613735 (VIOLATED)
_6822_/CLK                              0.750000    8.363735   -7.613735 (VIOLATED)
_7163_/CLK                              0.750000    8.363739   -7.613739 (VIOLATED)
_6825_/CLK                              0.750000    8.363731   -7.613731 (VIOLATED)
_7314_/CLK                              0.750000    8.363737   -7.613738 (VIOLATED)
_6877_/CLK                              0.750000    8.363729   -7.613729 (VIOLATED)
_6970_/CLK                              0.750000    8.363728   -7.613728 (VIOLATED)
_7037_/CLK                              0.750000    8.363727   -7.613727 (VIOLATED)
_6727_/CLK                              0.750000    8.363710   -7.613711 (VIOLATED)
_6748_/CLK                              0.750000    8.363708   -7.613707 (VIOLATED)
_6977_/CLK                              0.750000    8.363710   -7.613711 (VIOLATED)
_7192_/CLK                              0.750000    8.363715   -7.613715 (VIOLATED)
_7221_/CLK                              0.750000    8.363712   -7.613712 (VIOLATED)
_7284_/CLK                              0.750000    8.363712   -7.613712 (VIOLATED)
_7285_/CLK                              0.750000    8.363711   -7.613712 (VIOLATED)
_7187_/CLK                              0.750000    8.363698   -7.613698 (VIOLATED)
_7190_/CLK                              0.750000    8.363702   -7.613702 (VIOLATED)
_7315_/CLK                              0.750000    8.363705   -7.613705 (VIOLATED)
_7316_/CLK                              0.750000    8.363710   -7.613710 (VIOLATED)
_7317_/CLK                              0.750000    8.363707   -7.613706 (VIOLATED)
_7348_/CLK                              0.750000    8.363708   -7.613708 (VIOLATED)
_6699_/CLK                              0.750000    8.363691   -7.613691 (VIOLATED)
_6725_/CLK                              0.750000    8.363697   -7.613697 (VIOLATED)
_6722_/CLK                              0.750000    8.363687   -7.613687 (VIOLATED)
_6742_/CLK                              0.750000    8.363694   -7.613694 (VIOLATED)
_6784_/CLK                              0.750000    8.363690   -7.613690 (VIOLATED)
_6786_/CLK                              0.750000    8.363696   -7.613696 (VIOLATED)
_6789_/CLK                              0.750000    8.363695   -7.613695 (VIOLATED)
_6794_/CLK                              0.750000    8.363694   -7.613694 (VIOLATED)
_6920_/CLK                              0.750000    8.363690   -7.613690 (VIOLATED)
_6922_/CLK                              0.750000    8.363697   -7.613697 (VIOLATED)
_6925_/CLK                              0.750000    8.363695   -7.613695 (VIOLATED)
_6952_/CLK                              0.750000    8.363692   -7.613692 (VIOLATED)
_6975_/CLK                              0.750000    8.363697   -7.613697 (VIOLATED)
_6704_/CLK                              0.750000    8.363679   -7.613679 (VIOLATED)
_6872_/CLK                              0.750000    8.363684   -7.613683 (VIOLATED)
_6882_/CLK                              0.750000    8.363685   -7.613684 (VIOLATED)
_6785_/CLK                              0.750000    8.363675   -7.613675 (VIOLATED)
_6930_/CLK                              0.750000    8.363683   -7.613682 (VIOLATED)
_6946_/CLK                              0.750000    8.363685   -7.613684 (VIOLATED)
_6949_/CLK                              0.750000    8.363688   -7.613688 (VIOLATED)
_6958_/CLK                              0.750000    8.363683   -7.613682 (VIOLATED)
_6961_/CLK                              0.750000    8.363688   -7.613688 (VIOLATED)
_6964_/CLK                              0.750000    8.363692   -7.613692 (VIOLATED)
_7349_/CLK                              0.750000    8.363698   -7.613698 (VIOLATED)
_7031_/CLK                              0.750000    8.363688   -7.613688 (VIOLATED)
_7032_/CLK                              0.750000    8.363688   -7.613688 (VIOLATED)
_7186_/CLK                              0.750000    8.363689   -7.613689 (VIOLATED)
_7347_/CLK                              0.750000    8.363690   -7.613690 (VIOLATED)
_7350_/CLK                              0.750000    8.363691   -7.613691 (VIOLATED)
_7355_/CLK                              0.750000    8.363692   -7.613692 (VIOLATED)
_7346_/CLK                              0.750000    8.363682   -7.613681 (VIOLATED)
_6873_/CLK                              0.750000    8.363673   -7.613674 (VIOLATED)
_6874_/CLK                              0.750000    8.363673   -7.613674 (VIOLATED)
_6690_/CLK                              0.750000    8.363665   -7.613665 (VIOLATED)
_6691_/CLK                              0.750000    8.363670   -7.613670 (VIOLATED)
_6692_/CLK                              0.750000    8.363670   -7.613670 (VIOLATED)
_6694_/CLK                              0.750000    8.363671   -7.613672 (VIOLATED)
_6695_/CLK                              0.750000    8.363669   -7.613669 (VIOLATED)
_6696_/CLK                              0.750000    8.363673   -7.613674 (VIOLATED)
_7033_/CLK                              0.750000    8.363671   -7.613672 (VIOLATED)
_7034_/CLK                              0.750000    8.363670   -7.613670 (VIOLATED)
_7217_/CLK                              0.750000    8.363671   -7.613672 (VIOLATED)
_7218_/CLK                              0.750000    8.363671   -7.613672 (VIOLATED)
_7313_/CLK                              0.750000    8.363671   -7.613672 (VIOLATED)
_7384_/CLK                              0.750000    8.363677   -7.613677 (VIOLATED)
_6693_/CLK                              0.750000    8.363661   -7.613661 (VIOLATED)
_7345_/CLK                              0.750000    8.363668   -7.613668 (VIOLATED)
_6851_/CLK                              0.750000    8.363653   -7.613653 (VIOLATED)
_6859_/CLK                              0.750000    8.363660   -7.613660 (VIOLATED)
_6899_/CLK                              0.750000    8.363659   -7.613658 (VIOLATED)
_7380_/CLK                              0.750000    8.363664   -7.613664 (VIOLATED)
_6907_/CLK                              0.750000    8.363653   -7.613653 (VIOLATED)
_6917_/CLK                              0.750000    8.363656   -7.613656 (VIOLATED)
_6921_/CLK                              0.750000    8.363655   -7.613655 (VIOLATED)
_7030_/CLK                              0.750000    8.363650   -7.613650 (VIOLATED)
_7185_/CLK                              0.750000    8.363655   -7.613655 (VIOLATED)
_7379_/CLK                              0.750000    8.363652   -7.613652 (VIOLATED)
_6869_/CLK                              0.750000    8.363643   -7.613642 (VIOLATED)
_6781_/CLK                              0.750000    8.363633   -7.613634 (VIOLATED)
_7378_/CLK                              0.750000    8.363638   -7.613638 (VIOLATED)
_6868_/CLK                              0.750000    8.363630   -7.613630 (VIOLATED)
_7382_/CLK                              0.750000    8.363631   -7.613631 (VIOLATED)
_6689_/CLK                              0.750000    8.363621   -7.613621 (VIOLATED)
_6867_/CLK                              0.750000    8.363614   -7.613614 (VIOLATED)
_6871_/CLK                              0.750000    8.363607   -7.613607 (VIOLATED)
_7377_/CLK                              0.750000    8.363602   -7.613602 (VIOLATED)
_6782_/CLK                              0.750000    8.363586   -7.613586 (VIOLATED)
_6849_/CLK                              0.750000    8.363578   -7.613577 (VIOLATED)
_7383_/CLK                              0.750000    8.363582   -7.613582 (VIOLATED)
_6703_/CLK                              0.750000    8.363567   -7.613567 (VIOLATED)
_6779_/CLK                              0.750000    8.363563   -7.613563 (VIOLATED)
_6857_/CLK                              0.750000    8.363566   -7.613566 (VIOLATED)
_6915_/CLK                              0.750000    8.363565   -7.613565 (VIOLATED)
_7381_/CLK                              0.750000    8.363567   -7.613567 (VIOLATED)
_6688_/CLK                              0.750000    8.363554   -7.613554 (VIOLATED)
_6710_/CLK                              0.750000    8.363533   -7.613533 (VIOLATED)
_6914_/CLK                              0.750000    8.363532   -7.613532 (VIOLATED)
_6780_/CLK                              0.750000    8.363521   -7.613521 (VIOLATED)
_6783_/CLK                              0.750000    8.363521   -7.613521 (VIOLATED)
_6800_/CLK                              0.750000    8.363517   -7.613516 (VIOLATED)
_6866_/CLK                              0.750000    8.363521   -7.613521 (VIOLATED)
_6897_/CLK                              0.750000    8.363523   -7.613523 (VIOLATED)
_6905_/CLK                              0.750000    8.363525   -7.613525 (VIOLATED)
_6916_/CLK                              0.750000    8.363520   -7.613520 (VIOLATED)
_6919_/CLK                              0.750000    8.363522   -7.613522 (VIOLATED)
_6936_/CLK                              0.750000    8.363518   -7.613518 (VIOLATED)
_6778_/CLK                              0.750000    8.363503   -7.613503 (VIOLATED)
_7090_/CLK                              0.750000    8.363506   -7.613506 (VIOLATED)
_7095_/CLK                              0.750000    8.363501   -7.613500 (VIOLATED)
_7096_/CLK                              0.750000    8.363501   -7.613500 (VIOLATED)
_7220_/CLK                              0.750000    8.363505   -7.613505 (VIOLATED)
_7222_/CLK                              0.750000    8.363500   -7.613499 (VIOLATED)
_7251_/CLK                              0.750000    8.363503   -7.613503 (VIOLATED)
_7252_/CLK                              0.750000    8.363503   -7.613504 (VIOLATED)
_7254_/CLK                              0.750000    8.363504   -7.613505 (VIOLATED)
_7091_/CLK                              0.750000    8.363488   -7.613488 (VIOLATED)
_7092_/CLK                              0.750000    8.363490   -7.613490 (VIOLATED)
_7124_/CLK                              0.750000    8.363494   -7.613494 (VIOLATED)
_7156_/CLK                              0.750000    8.363497   -7.613497 (VIOLATED)
_7158_/CLK                              0.750000    8.363499   -7.613499 (VIOLATED)
_6888_/CLK                              0.750000    8.363490   -7.613490 (VIOLATED)
_7286_/CLK                              0.750000    8.363489   -7.613489 (VIOLATED)
_7288_/CLK                              0.750000    8.363490   -7.613490 (VIOLATED)
_6754_/CLK                              0.750000    8.363481   -7.613481 (VIOLATED)
_7088_/CLK                              0.750000    8.363480   -7.613480 (VIOLATED)
_7126_/CLK                              0.750000    8.363487   -7.613487 (VIOLATED)
_6760_/CLK                              0.750000    8.363478   -7.613478 (VIOLATED)
_7128_/CLK                              0.750000    8.363479   -7.613479 (VIOLATED)
_7287_/CLK                              0.750000    8.363481   -7.613481 (VIOLATED)
_7352_/CLK                              0.750000    8.363463   -7.613463 (VIOLATED)
_6687_/CLK                              0.750000    8.363448   -7.613448 (VIOLATED)
_6777_/CLK                              0.750000    8.363446   -7.613446 (VIOLATED)
_6865_/CLK                              0.750000    8.363447   -7.613447 (VIOLATED)
_6913_/CLK                              0.750000    8.363449   -7.613449 (VIOLATED)
_6766_/CLK                              0.750000    8.363437   -7.613436 (VIOLATED)
_6772_/CLK                              0.750000    8.363434   -7.613434 (VIOLATED)
_7320_/CLK                              0.750000    8.363439   -7.613438 (VIOLATED)
_6918_/CLK                              0.750000    8.363414   -7.613414 (VIOLATED)
_6790_/CLK                              0.750000    8.363389   -7.613389 (VIOLATED)
_7250_/CLK                              0.750000    8.363395   -7.613395 (VIOLATED)
_6926_/CLK                              0.750000    8.363387   -7.613387 (VIOLATED)
_7087_/CLK                              0.750000    8.363382   -7.613382 (VIOLATED)
_7089_/CLK                              0.750000    8.363381   -7.613381 (VIOLATED)
_6878_/CLK                              0.750000    8.363372   -7.613371 (VIOLATED)
_7249_/CLK                              0.750000    8.363366   -7.613366 (VIOLATED)
_7282_/CLK                              0.750000    8.363361   -7.613362 (VIOLATED)
_7281_/CLK                              0.750000    8.363353   -7.613353 (VIOLATED)
_7153_/CLK                              0.750000    8.363332   -7.613331 (VIOLATED)
_6749_/CLK                              0.750000    8.363304   -7.613304 (VIOLATED)
_7290_/CLK                              0.750000    8.363308   -7.613307 (VIOLATED)
_7093_/CLK                              0.750000    8.363287   -7.613287 (VIOLATED)
_7125_/CLK                              0.750000    8.363285   -7.613286 (VIOLATED)
_7216_/CLK                              0.750000    8.363293   -7.613292 (VIOLATED)
_7223_/CLK                              0.750000    8.363292   -7.613292 (VIOLATED)
_7322_/CLK                              0.750000    8.363293   -7.613292 (VIOLATED)
_7127_/CLK                              0.750000    8.363282   -7.613282 (VIOLATED)
_7157_/CLK                              0.750000    8.363284   -7.613285 (VIOLATED)
_7131_/CLK                              0.750000    8.363276   -7.613276 (VIOLATED)
_7119_/CLK                              0.750000    8.363265   -7.613265 (VIOLATED)
_7280_/CLK                              0.750000    8.363270   -7.613269 (VIOLATED)
_7312_/CLK                              0.750000    8.363271   -7.613270 (VIOLATED)
_7120_/CLK                              0.750000    8.363257   -7.613257 (VIOLATED)
_7121_/CLK                              0.750000    8.363264   -7.613264 (VIOLATED)
_7152_/CLK                              0.750000    8.363263   -7.613263 (VIOLATED)
_7248_/CLK                              0.750000    8.363262   -7.613262 (VIOLATED)
_6731_/CLK                              0.750000    8.363237   -7.613237 (VIOLATED)
_6953_/CLK                              0.750000    8.363239   -7.613239 (VIOLATED)
_6965_/CLK                              0.750000    8.363239   -7.613239 (VIOLATED)
_7311_/CLK                              0.750000    8.363244   -7.613244 (VIOLATED)
_6743_/CLK                              0.750000    8.363193   -7.613192 (VIOLATED)
_7036_/CLK                              0.750000    8.363191   -7.613190 (VIOLATED)
_6698_/CLK                              0.750000    8.363167   -7.613167 (VIOLATED)
_6700_/CLK                              0.750000    8.363167   -7.613167 (VIOLATED)
_7029_/CLK                              0.750000    8.363173   -7.613173 (VIOLATED)
_7035_/CLK                              0.750000    8.363179   -7.613179 (VIOLATED)
_7184_/CLK                              0.750000    8.363177   -7.613177 (VIOLATED)
_7191_/CLK                              0.750000    8.363178   -7.613178 (VIOLATED)
_7344_/CLK                              0.750000    8.363177   -7.613177 (VIOLATED)
_7354_/CLK                              0.750000    8.363176   -7.613176 (VIOLATED)
_6737_/CLK                              0.750000    8.363163   -7.613163 (VIOLATED)
_6788_/CLK                              0.750000    8.363166   -7.613165 (VIOLATED)
_6791_/CLK                              0.750000    8.363160   -7.613160 (VIOLATED)
_6870_/CLK                              0.750000    8.363167   -7.613166 (VIOLATED)
_6876_/CLK                              0.750000    8.363167   -7.613166 (VIOLATED)
_6879_/CLK                              0.750000    8.363160   -7.613160 (VIOLATED)
_6924_/CLK                              0.750000    8.363164   -7.613163 (VIOLATED)
_6739_/CLK                              0.750000    8.363146   -7.613146 (VIOLATED)
_6745_/CLK                              0.750000    8.363146   -7.613146 (VIOLATED)
_6833_/CLK                              0.750000    8.363146   -7.613146 (VIOLATED)
_6723_/CLK                              0.750000    8.363136   -7.613136 (VIOLATED)
_6728_/CLK                              0.750000    8.363139   -7.613139 (VIOLATED)
_6837_/CLK                              0.750000    8.363143   -7.613143 (VIOLATED)
_6894_/CLK                              0.750000    8.363151   -7.613150 (VIOLATED)
_6729_/CLK                              0.750000    8.363133   -7.613133 (VIOLATED)
_6732_/CLK                              0.750000    8.363134   -7.613134 (VIOLATED)
_6838_/CLK                              0.750000    8.363139   -7.613139 (VIOLATED)
_6843_/CLK                              0.750000    8.363145   -7.613145 (VIOLATED)
_6848_/CLK                              0.750000    8.363142   -7.613142 (VIOLATED)
_6853_/CLK                              0.750000    8.363139   -7.613139 (VIOLATED)
_6973_/CLK                              0.750000    8.363139   -7.613139 (VIOLATED)
_6978_/CLK                              0.750000    8.363137   -7.613137 (VIOLATED)
_7040_/CLK                              0.750000    8.363138   -7.613138 (VIOLATED)
_6738_/CLK                              0.750000    8.363129   -7.613129 (VIOLATED)
_6741_/CLK                              0.750000    8.363133   -7.613133 (VIOLATED)
_6744_/CLK                              0.750000    8.363131   -7.613131 (VIOLATED)
_6750_/CLK                              0.750000    8.363136   -7.613136 (VIOLATED)
_6858_/CLK                              0.750000    8.363132   -7.613132 (VIOLATED)
_6861_/CLK                              0.750000    8.363137   -7.613137 (VIOLATED)
_6898_/CLK                              0.750000    8.363132   -7.613132 (VIOLATED)
_6901_/CLK                              0.750000    8.363137   -7.613137 (VIOLATED)
_6909_/CLK                              0.750000    8.363139   -7.613139 (VIOLATED)
_7293_/CLK                              0.750000    8.363136   -7.613136 (VIOLATED)
_6735_/CLK                              0.750000    8.363118   -7.613118 (VIOLATED)
_6747_/CLK                              0.750000    8.363118   -7.613118 (VIOLATED)
_6850_/CLK                              0.750000    8.363115   -7.613116 (VIOLATED)
_6906_/CLK                              0.750000    8.363116   -7.613117 (VIOLATED)
_6911_/CLK                              0.750000    8.363114   -7.613114 (VIOLATED)
_6829_/CLK                              0.750000    8.363094   -7.613094 (VIOLATED)
_6834_/CLK                              0.750000    8.363094   -7.613094 (VIOLATED)
_6855_/CLK                              0.750000    8.363093   -7.613093 (VIOLATED)
_6863_/CLK                              0.750000    8.363097   -7.613097 (VIOLATED)
_6903_/CLK                              0.750000    8.363094   -7.613094 (VIOLATED)
_7028_/CLK                              0.750000    8.363089   -7.613088 (VIOLATED)
_6768_/CLK                              0.750000    8.363074   -7.613074 (VIOLATED)
_6811_/CLK                              0.750000    8.363072   -7.613072 (VIOLATED)
_6787_/CLK                              0.750000    8.363064   -7.613063 (VIOLATED)
_6816_/CLK                              0.750000    8.363070   -7.613070 (VIOLATED)
_6818_/CLK                              0.750000    8.363074   -7.613074 (VIOLATED)
_6821_/CLK                              0.750000    8.363071   -7.613071 (VIOLATED)
_6823_/CLK                              0.750000    8.363075   -7.613075 (VIOLATED)
_6826_/CLK                              0.750000    8.363072   -7.613072 (VIOLATED)
_6923_/CLK                              0.750000    8.363064   -7.613063 (VIOLATED)
_7012_/CLK                              0.750000    8.363068   -7.613068 (VIOLATED)
_7151_/CLK                              0.750000    8.363072   -7.613072 (VIOLATED)
_7193_/CLK                              0.750000    8.363070   -7.613070 (VIOLATED)
_7247_/CLK                              0.750000    8.363072   -7.613072 (VIOLATED)
_7289_/CLK                              0.750000    8.363070   -7.613070 (VIOLATED)
_7321_/CLK                              0.750000    8.363067   -7.613067 (VIOLATED)
_7325_/CLK                              0.750000    8.363070   -7.613070 (VIOLATED)
_7353_/CLK                              0.750000    8.363064   -7.613063 (VIOLATED)
_6726_/CLK                              0.750000    8.363042   -7.613042 (VIOLATED)
_6942_/CLK                              0.750000    8.363042   -7.613042 (VIOLATED)
_6969_/CLK                              0.750000    8.363039   -7.613039 (VIOLATED)
_6974_/CLK                              0.750000    8.363044   -7.613044 (VIOLATED)
_6976_/CLK                              0.750000    8.363041   -7.613041 (VIOLATED)
_6721_/CLK                              0.750000    8.363029   -7.613029 (VIOLATED)
_6756_/CLK                              0.750000    8.363034   -7.613034 (VIOLATED)
_6762_/CLK                              0.750000    8.363031   -7.613031 (VIOLATED)
_6774_/CLK                              0.750000    8.363032   -7.613032 (VIOLATED)
_6813_/CLK                              0.750000    8.363035   -7.613035 (VIOLATED)
_6828_/CLK                              0.750000    8.363035   -7.613035 (VIOLATED)
_7039_/CLK                              0.750000    8.363032   -7.613032 (VIOLATED)
_6733_/CLK                              0.750000    8.363022   -7.613021 (VIOLATED)
_6751_/CLK                              0.750000    8.363024   -7.613023 (VIOLATED)
_6812_/CLK                              0.750000    8.363024   -7.613023 (VIOLATED)
_6827_/CLK                              0.750000    8.363024   -7.613023 (VIOLATED)
_6832_/CLK                              0.750000    8.363017   -7.613017 (VIOLATED)
_6842_/CLK                              0.750000    8.363020   -7.613020 (VIOLATED)
_6847_/CLK                              0.750000    8.363020   -7.613020 (VIOLATED)
_6956_/CLK                              0.750000    8.363019   -7.613019 (VIOLATED)
_6962_/CLK                              0.750000    8.363023   -7.613022 (VIOLATED)
_6968_/CLK                              0.750000    8.363025   -7.613025 (VIOLATED)
_6971_/CLK                              0.750000    8.363029   -7.613029 (VIOLATED)
_6945_/CLK                              0.750000    8.363009   -7.613009 (VIOLATED)
_6950_/CLK                              0.750000    8.363013   -7.613014 (VIOLATED)
_6963_/CLK                              0.750000    8.363012   -7.613013 (VIOLATED)
_6972_/CLK                              0.750000    8.363012   -7.613012 (VIOLATED)
_6753_/CLK                              0.750000    8.362997   -7.612997 (VIOLATED)
_6765_/CLK                              0.750000    8.363003   -7.613003 (VIOLATED)
_6771_/CLK                              0.750000    8.363003   -7.613003 (VIOLATED)
_6759_/CLK                              0.750000    8.362991   -7.612991 (VIOLATED)
_6951_/CLK                              0.750000    8.362993   -7.612993 (VIOLATED)
_6957_/CLK                              0.750000    8.362993   -7.612993 (VIOLATED)
_6763_/CLK                              0.750000    8.362985   -7.612984 (VIOLATED)
_6775_/CLK                              0.750000    8.362986   -7.612985 (VIOLATED)
_6793_/CLK                              0.750000    8.362978   -7.612978 (VIOLATED)
_6831_/CLK                              0.750000    8.362985   -7.612984 (VIOLATED)
_6836_/CLK                              0.750000    8.362991   -7.612991 (VIOLATED)
_6839_/CLK                              0.750000    8.362988   -7.612988 (VIOLATED)
_6841_/CLK                              0.750000    8.362988   -7.612988 (VIOLATED)
_6844_/CLK                              0.750000    8.362990   -7.612990 (VIOLATED)
_7386_/CLK                              0.750000    8.362995   -7.612995 (VIOLATED)
_6846_/CLK                              0.750000    8.362987   -7.612987 (VIOLATED)
_6854_/CLK                              0.750000    8.362985   -7.612984 (VIOLATED)
_6862_/CLK                              0.750000    8.362986   -7.612985 (VIOLATED)
_6910_/CLK                              0.750000    8.362987   -7.612986 (VIOLATED)
_6902_/CLK                              0.750000    8.362968   -7.612968 (VIOLATED)
_6929_/CLK                              0.750000    8.362973   -7.612973 (VIOLATED)
_6746_/CLK                              0.750000    8.362947   -7.612947 (VIOLATED)
_6752_/CLK                              0.750000    8.362948   -7.612949 (VIOLATED)
_6856_/CLK                              0.750000    8.362954   -7.612954 (VIOLATED)
_6881_/CLK                              0.750000    8.362961   -7.612961 (VIOLATED)
_6864_/CLK                              0.750000    8.362953   -7.612953 (VIOLATED)
_6904_/CLK                              0.750000    8.362959   -7.612958 (VIOLATED)
_6912_/CLK                              0.750000    8.362944   -7.612943 (VIOLATED)
_6954_/CLK                              0.750000    8.362943   -7.612943 (VIOLATED)
_6719_/CLK                              0.750000    8.362931   -7.612931 (VIOLATED)
_6724_/CLK                              0.750000    8.362931   -7.612931 (VIOLATED)
_6966_/CLK                              0.750000    8.362937   -7.612937 (VIOLATED)
_7038_/CLK                              0.750000    8.362945   -7.612944 (VIOLATED)
_6734_/CLK                              0.750000    8.362927   -7.612927 (VIOLATED)
_6740_/CLK                              0.750000    8.362928   -7.612928 (VIOLATED)
_6809_/CLK                              0.750000    8.362931   -7.612931 (VIOLATED)
_6814_/CLK                              0.750000    8.362926   -7.612926 (VIOLATED)
_6819_/CLK                              0.750000    8.362931   -7.612931 (VIOLATED)
_6824_/CLK                              0.750000    8.362930   -7.612930 (VIOLATED)
_7389_/CLK                              0.750000    8.362934   -7.612934 (VIOLATED)
_6757_/CLK                              0.750000    8.362908   -7.612909 (VIOLATED)
_6769_/CLK                              0.750000    8.362908   -7.612909 (VIOLATED)
_6900_/CLK                              0.750000    8.362908   -7.612908 (VIOLATED)
_6908_/CLK                              0.750000    8.362908   -7.612908 (VIOLATED)
_6860_/CLK                              0.750000    8.362898   -7.612898 (VIOLATED)
_6948_/CLK                              0.750000    8.362902   -7.612902 (VIOLATED)
_6960_/CLK                              0.750000    8.362905   -7.612904 (VIOLATED)
_7041_/CLK                              0.750000    8.362891   -7.612891 (VIOLATED)
_6792_/CLK                              0.750000    8.362881   -7.612880 (VIOLATED)
_6880_/CLK                              0.750000    8.362882   -7.612881 (VIOLATED)
_6887_/CLK                              0.750000    8.362880   -7.612879 (VIOLATED)
_6927_/CLK                              0.750000    8.362882   -7.612881 (VIOLATED)
_6935_/CLK                              0.750000    8.362879   -7.612878 (VIOLATED)
_7390_/CLK                              0.750000    8.362879   -7.612878 (VIOLATED)
_6852_/CLK                              0.750000    8.362868   -7.612868 (VIOLATED)
_7183_/CLK                              0.750000    8.362867   -7.612867 (VIOLATED)
_7343_/CLK                              0.750000    8.362867   -7.612867 (VIOLATED)
_7375_/CLK                              0.750000    8.362863   -7.612863 (VIOLATED)
_7376_/CLK                              0.750000    8.362867   -7.612867 (VIOLATED)
_7387_/CLK                              0.750000    8.362865   -7.612865 (VIOLATED)
_7385_/CLK                              0.750000    8.362855   -7.612854 (VIOLATED)
_7391_/CLK                              0.750000    8.362860   -7.612860 (VIOLATED)
_7014_/CLK                              0.750000    8.362848   -7.612848 (VIOLATED)
_7161_/CLK                              0.750000    8.362844   -7.612845 (VIOLATED)
_7162_/CLK                              0.750000    8.362846   -7.612846 (VIOLATED)
_7195_/CLK                              0.750000    8.362849   -7.612849 (VIOLATED)
_7279_/CLK                              0.750000    8.362846   -7.612846 (VIOLATED)
_7388_/CLK                              0.750000    8.362851   -7.612851 (VIOLATED)
_7392_/CLK                              0.750000    8.362850   -7.612850 (VIOLATED)
_7129_/CLK                              0.750000    8.362837   -7.612837 (VIOLATED)
_7225_/CLK                              0.750000    8.362839   -7.612839 (VIOLATED)
_7226_/CLK                              0.750000    8.362844   -7.612843 (VIOLATED)
_7257_/CLK                              0.750000    8.362837   -7.612837 (VIOLATED)
_7326_/CLK                              0.750000    8.362835   -7.612835 (VIOLATED)
_6808_/CLK                              0.750000    8.362823   -7.612823 (VIOLATED)
_6895_/CLK                              0.750000    8.362823   -7.612823 (VIOLATED)
_6944_/CLK                              0.750000    8.362823   -7.612823 (VIOLATED)
_7358_/CLK                              0.750000    8.362829   -7.612829 (VIOLATED)
_6764_/CLK                              0.750000    8.362813   -7.612813 (VIOLATED)
_6776_/CLK                              0.750000    8.362813   -7.612813 (VIOLATED)
_7165_/CLK                              0.750000    8.362810   -7.612810 (VIOLATED)
_7194_/CLK                              0.750000    8.362805   -7.612806 (VIOLATED)
_7197_/CLK                              0.750000    8.362798   -7.612798 (VIOLATED)
_7356_/CLK                              0.750000    8.362804   -7.612804 (VIOLATED)
_7357_/CLK                              0.750000    8.362805   -7.612805 (VIOLATED)
_7360_/CLK                              0.750000    8.362805   -7.612806 (VIOLATED)
_6896_/CLK                              0.750000    8.362793   -7.612793 (VIOLATED)
_6758_/CLK                              0.750000    8.362783   -7.612783 (VIOLATED)
_6770_/CLK                              0.750000    8.362789   -7.612789 (VIOLATED)
_6796_/CLK                              0.750000    8.362788   -7.612788 (VIOLATED)
_7228_/CLK                              0.750000    8.362783   -7.612783 (VIOLATED)
_7230_/CLK                              0.750000    8.362776   -7.612775 (VIOLATED)
_7042_/CLK                              0.750000    8.362761   -7.612761 (VIOLATED)
_7198_/CLK                              0.750000    8.362765   -7.612765 (VIOLATED)
_6706_/CLK                              0.750000    8.362747   -7.612747 (VIOLATED)
_6884_/CLK                              0.750000    8.362753   -7.612752 (VIOLATED)
_6932_/CLK                              0.750000    8.362753   -7.612752 (VIOLATED)
_6806_/CLK                              0.750000    8.362741   -7.612742 (VIOLATED)
_6705_/CLK                              0.750000    8.362726   -7.612726 (VIOLATED)
_6947_/CLK                              0.750000    8.362728   -7.612729 (VIOLATED)
_6697_/CLK                              0.750000    8.362715   -7.612714 (VIOLATED)
_6701_/CLK                              0.750000    8.362713   -7.612712 (VIOLATED)
_6702_/CLK                              0.750000    8.362711   -7.612710 (VIOLATED)
_6875_/CLK                              0.750000    8.362714   -7.612713 (VIOLATED)
_6795_/CLK                              0.750000    8.362705   -7.612705 (VIOLATED)
_6799_/CLK                              0.750000    8.362701   -7.612702 (VIOLATED)
_6883_/CLK                              0.750000    8.362705   -7.612705 (VIOLATED)
_6928_/CLK                              0.750000    8.362709   -7.612709 (VIOLATED)
_6931_/CLK                              0.750000    8.362707   -7.612707 (VIOLATED)
_6959_/CLK                              0.750000    8.362713   -7.612712 (VIOLATED)
_6886_/CLK                              0.750000    8.362696   -7.612696 (VIOLATED)
_6933_/CLK                              0.750000    8.362700   -7.612700 (VIOLATED)
_6934_/CLK                              0.750000    8.362696   -7.612696 (VIOLATED)
_6803_/CLK                              0.750000    8.362686   -7.612686 (VIOLATED)
_6891_/CLK                              0.750000    8.362691   -7.612691 (VIOLATED)
_6939_/CLK                              0.750000    8.362686   -7.612686 (VIOLATED)
_6709_/CLK                              0.750000    8.362649   -7.612648 (VIOLATED)
_7133_/CLK                              0.750000    8.362608   -7.612607 (VIOLATED)
_7229_/CLK                              0.750000    8.362609   -7.612608 (VIOLATED)
_7324_/CLK                              0.750000    8.362609   -7.612608 (VIOLATED)
_7196_/CLK                              0.750000    8.362600   -7.612600 (VIOLATED)
_7200_/CLK                              0.750000    8.362598   -7.612599 (VIOLATED)
_7232_/CLK                              0.750000    8.362602   -7.612602 (VIOLATED)
_7261_/CLK                              0.750000    8.362606   -7.612606 (VIOLATED)
_7043_/CLK                              0.750000    8.362594   -7.612594 (VIOLATED)
_7045_/CLK                              0.750000    8.362593   -7.612593 (VIOLATED)
_7394_/CLK                              0.750000    8.362599   -7.612600 (VIOLATED)
_6708_/CLK                              0.750000    8.362573   -7.612572 (VIOLATED)
_6805_/CLK                              0.750000    8.362572   -7.612571 (VIOLATED)
_6943_/CLK                              0.750000    8.362573   -7.612572 (VIOLATED)
_6802_/CLK                              0.750000    8.362562   -7.612562 (VIOLATED)
_6804_/CLK                              0.750000    8.362562   -7.612562 (VIOLATED)
_6938_/CLK                              0.750000    8.362562   -7.612562 (VIOLATED)
_6940_/CLK                              0.750000    8.362561   -7.612561 (VIOLATED)
_6941_/CLK                              0.750000    8.362555   -7.612555 (VIOLATED)
_6798_/CLK                              0.750000    8.362535   -7.612535 (VIOLATED)
_6889_/CLK                              0.750000    8.362510   -7.612510 (VIOLATED)
_6937_/CLK                              0.750000    8.362499   -7.612499 (VIOLATED)
_6707_/CLK                              0.750000    8.362472   -7.612472 (VIOLATED)
_6890_/CLK                              0.750000    8.362450   -7.612450 (VIOLATED)
_6893_/CLK                              0.750000    8.362443   -7.612442 (VIOLATED)
_6797_/CLK                              0.750000    8.362418   -7.612419 (VIOLATED)
_6885_/CLK                              0.750000    8.362415   -7.612415 (VIOLATED)
_6892_/CLK                              0.750000    8.362399   -7.612399 (VIOLATED)
_6715_/CLK                              0.750000    8.362383   -7.612383 (VIOLATED)
_6801_/CLK                              0.750000    8.362343   -7.612343 (VIOLATED)
_6807_/CLK                              0.750000    8.362343   -7.612343 (VIOLATED)
_6713_/CLK                              0.750000    8.362330   -7.612330 (VIOLATED)
_7405_/CLK                              0.750000    8.362268   -7.612268 (VIOLATED)
_7404_/CLK                              0.750000    8.362206   -7.612206 (VIOLATED)
_6716_/CLK                              0.750000    8.362020   -7.612020 (VIOLATED)
_6717_/CLK                              0.750000    8.361862   -7.611863 (VIOLATED)
_7052_/CLK                              0.750000    8.361621   -7.611621 (VIOLATED)
_7054_/CLK                              0.750000    8.361334   -7.611334 (VIOLATED)
_6711_/CLK                              0.750000    8.361247   -7.611247 (VIOLATED)
_6718_/CLK                              0.750000    8.361247   -7.611247 (VIOLATED)
_7053_/CLK                              0.750000    8.361246   -7.611246 (VIOLATED)
_6996_/CLK                              0.750000    8.361086   -7.611086 (VIOLATED)
_7309_/CLK                              0.750000    8.360846   -7.610846 (VIOLATED)
_7372_/CLK                              0.750000    8.360804   -7.610804 (VIOLATED)
_7308_/CLK                              0.750000    8.360644   -7.610644 (VIOLATED)
_7341_/CLK                              0.750000    8.360646   -7.610647 (VIOLATED)
_7373_/CLK                              0.750000    8.360646   -7.610647 (VIOLATED)
_7403_/CLK                              0.750000    8.360647   -7.610647 (VIOLATED)
_7056_/CLK                              0.750000    8.360555   -7.610554 (VIOLATED)
_7057_/CLK                              0.750000    8.360556   -7.610556 (VIOLATED)
_7058_/CLK                              0.750000    8.360551   -7.610550 (VIOLATED)
_7059_/CLK                              0.750000    8.360557   -7.610557 (VIOLATED)
_7060_/CLK                              0.750000    8.360556   -7.610556 (VIOLATED)
_7061_/CLK                              0.750000    8.360558   -7.610558 (VIOLATED)
_7062_/CLK                              0.750000    8.360558   -7.610558 (VIOLATED)
_7099_/CLK                              0.750000    8.360554   -7.610553 (VIOLATED)
_7188_/CLK                              0.750000    8.360545   -7.610545 (VIOLATED)
_7340_/CLK                              0.750000    8.360550   -7.610550 (VIOLATED)
_7189_/CLK                              0.750000    8.360531   -7.610531 (VIOLATED)
_7255_/CLK                              0.750000    8.360529   -7.610529 (VIOLATED)
_7011_/CLK                              0.750000    8.360504   -7.610505 (VIOLATED)
_7094_/CLK                              0.750000    8.360512   -7.610512 (VIOLATED)
_7055_/CLK                              0.750000    8.360503   -7.610504 (VIOLATED)
_7063_/CLK                              0.750000    8.360507   -7.610507 (VIOLATED)
_7064_/CLK                              0.750000    8.360506   -7.610506 (VIOLATED)
_7065_/CLK                              0.750000    8.360503   -7.610503 (VIOLATED)
_7066_/CLK                              0.750000    8.360503   -7.610504 (VIOLATED)
_7067_/CLK                              0.750000    8.360507   -7.610507 (VIOLATED)
_7068_/CLK                              0.750000    8.360504   -7.610505 (VIOLATED)
_7069_/CLK                              0.750000    8.360505   -7.610505 (VIOLATED)
_7097_/CLK                              0.750000    8.360501   -7.610501 (VIOLATED)
_7100_/CLK                              0.750000    8.360505   -7.610505 (VIOLATED)
_7253_/CLK                              0.750000    8.360507   -7.610507 (VIOLATED)
_7013_/CLK                              0.750000    8.360498   -7.610498 (VIOLATED)
_7256_/CLK                              0.750000    8.360505   -7.610505 (VIOLATED)
_7015_/CLK                              0.750000    8.360487   -7.610487 (VIOLATED)
_7098_/CLK                              0.750000    8.360468   -7.610468 (VIOLATED)
_7102_/CLK                              0.750000    8.360469   -7.610469 (VIOLATED)
_7130_/CLK                              0.750000    8.360467   -7.610467 (VIOLATED)
_7258_/CLK                              0.750000    8.360470   -7.610470 (VIOLATED)
_7259_/CLK                              0.750000    8.360471   -7.610471 (VIOLATED)
_7215_/CLK                              0.750000    8.360452   -7.610451 (VIOLATED)
_6997_/CLK                              0.750000    8.360438   -7.610438 (VIOLATED)
_7101_/CLK                              0.750000    8.360431   -7.610431 (VIOLATED)
_7181_/CLK                              0.750000    8.360436   -7.610436 (VIOLATED)
_7213_/CLK                              0.750000    8.360437   -7.610437 (VIOLATED)
_7016_/CLK                              0.750000    8.360426   -7.610425 (VIOLATED)
_7294_/CLK                              0.750000    8.360403   -7.610403 (VIOLATED)
_7292_/CLK                              0.750000    8.360388   -7.610388 (VIOLATED)
_7132_/CLK                              0.750000    8.360373   -7.610373 (VIOLATED)
_7260_/CLK                              0.750000    8.360367   -7.610367 (VIOLATED)
_7164_/CLK                              0.750000    8.360348   -7.610348 (VIOLATED)
_7134_/CLK                              0.750000    8.360327   -7.610327 (VIOLATED)
_7166_/CLK                              0.750000    8.360318   -7.610318 (VIOLATED)
_7168_/CLK                              0.750000    8.360308   -7.610307 (VIOLATED)
_7136_/CLK                              0.750000    8.360297   -7.610298 (VIOLATED)
_7214_/CLK                              0.750000    8.360290   -7.610290 (VIOLATED)
_7296_/CLK                              0.750000    8.360283   -7.610282 (VIOLATED)
_6979_/CLK                              0.750000    8.360264   -7.610264 (VIOLATED)
_6980_/CLK                              0.750000    8.360268   -7.610267 (VIOLATED)
_6981_/CLK                              0.750000    8.360267   -7.610266 (VIOLATED)
_7070_/CLK                              0.750000    8.360270   -7.610269 (VIOLATED)
_6982_/CLK                              0.750000    8.360261   -7.610261 (VIOLATED)
_7071_/CLK                              0.750000    8.360269   -7.610268 (VIOLATED)
_7072_/CLK                              0.750000    8.360269   -7.610268 (VIOLATED)
_7073_/CLK                              0.750000    8.360265   -7.610265 (VIOLATED)
_7104_/CLK                              0.750000    8.360267   -7.610266 (VIOLATED)
_7135_/CLK                              0.750000    8.360268   -7.610267 (VIOLATED)
_7262_/CLK                              0.750000    8.360267   -7.610266 (VIOLATED)
_7264_/CLK                              0.750000    8.360264   -7.610264 (VIOLATED)
_7108_/CLK                              0.750000    8.360255   -7.610255 (VIOLATED)
_7327_/CLK                              0.750000    8.360262   -7.610262 (VIOLATED)
_7359_/CLK                              0.750000    8.360267   -7.610266 (VIOLATED)
_6983_/CLK                              0.750000    8.360257   -7.610258 (VIOLATED)
_6984_/CLK                              0.750000    8.360251   -7.610251 (VIOLATED)
_7167_/CLK                              0.750000    8.360250   -7.610250 (VIOLATED)
_7172_/CLK                              0.750000    8.360249   -7.610249 (VIOLATED)
_7236_/CLK                              0.750000    8.360252   -7.610252 (VIOLATED)
_7263_/CLK                              0.750000    8.360251   -7.610251 (VIOLATED)
_7268_/CLK                              0.750000    8.360255   -7.610255 (VIOLATED)
_7017_/CLK                              0.750000    8.360243   -7.610242 (VIOLATED)
_7044_/CLK                              0.750000    8.360245   -7.610244 (VIOLATED)
_7103_/CLK                              0.750000    8.360233   -7.610234 (VIOLATED)
_7199_/CLK                              0.750000    8.360233   -7.610234 (VIOLATED)
_7231_/CLK                              0.750000    8.360241   -7.610240 (VIOLATED)
_7009_/CLK                              0.750000    8.360222   -7.610222 (VIOLATED)
_7010_/CLK                              0.750000    8.360223   -7.610223 (VIOLATED)
_7074_/CLK                              0.750000    8.360223   -7.610223 (VIOLATED)
_7300_/CLK                              0.750000    8.360229   -7.610228 (VIOLATED)
_7018_/CLK                              0.750000    8.360211   -7.610211 (VIOLATED)
_7019_/CLK                              0.750000    8.360219   -7.610219 (VIOLATED)
_7075_/CLK                              0.750000    8.360220   -7.610220 (VIOLATED)
_7076_/CLK                              0.750000    8.360225   -7.610225 (VIOLATED)
_7077_/CLK                              0.750000    8.360225   -7.610225 (VIOLATED)
_7078_/CLK                              0.750000    8.360223   -7.610223 (VIOLATED)
_7079_/CLK                              0.750000    8.360223   -7.610223 (VIOLATED)
_7080_/CLK                              0.750000    8.360219   -7.610219 (VIOLATED)
_7081_/CLK                              0.750000    8.360222   -7.610222 (VIOLATED)
_7082_/CLK                              0.750000    8.360222   -7.610222 (VIOLATED)
_7083_/CLK                              0.750000    8.360214   -7.610214 (VIOLATED)
_7084_/CLK                              0.750000    8.360214   -7.610214 (VIOLATED)
_7085_/CLK                              0.750000    8.360213   -7.610213 (VIOLATED)
_7086_/CLK                              0.750000    8.360219   -7.610219 (VIOLATED)
_7105_/CLK                              0.750000    8.360218   -7.610218 (VIOLATED)
_7106_/CLK                              0.750000    8.360222   -7.610222 (VIOLATED)
_7170_/CLK                              0.750000    8.360216   -7.610216 (VIOLATED)
_7266_/CLK                              0.750000    8.360220   -7.610220 (VIOLATED)
_7267_/CLK                              0.750000    8.360215   -7.610215 (VIOLATED)
_7295_/CLK                              0.750000    8.360215   -7.610215 (VIOLATED)
_7330_/CLK                              0.750000    8.360222   -7.610222 (VIOLATED)
_7332_/CLK                              0.750000    8.360212   -7.610212 (VIOLATED)
_7137_/CLK                              0.750000    8.360201   -7.610201 (VIOLATED)
_7173_/CLK                              0.750000    8.360202   -7.610201 (VIOLATED)
_7201_/CLK                              0.750000    8.360209   -7.610209 (VIOLATED)
_7202_/CLK                              0.750000    8.360215   -7.610215 (VIOLATED)
_7204_/CLK                              0.750000    8.360219   -7.610219 (VIOLATED)
_7023_/CLK                              0.750000    8.360208   -7.610208 (VIOLATED)
_7210_/CLK                              0.750000    8.360212   -7.610212 (VIOLATED)
_7211_/CLK                              0.750000    8.360211   -7.610211 (VIOLATED)
_7021_/CLK                              0.750000    8.360192   -7.610193 (VIOLATED)
_7208_/CLK                              0.750000    8.360195   -7.610195 (VIOLATED)
_7298_/CLK                              0.750000    8.360194   -7.610195 (VIOLATED)
_7049_/CLK                              0.750000    8.360186   -7.610186 (VIOLATED)
_7107_/CLK                              0.750000    8.360190   -7.610190 (VIOLATED)
_7138_/CLK                              0.750000    8.360189   -7.610189 (VIOLATED)
_7139_/CLK                              0.750000    8.360187   -7.610187 (VIOLATED)
_7140_/CLK                              0.750000    8.360190   -7.610190 (VIOLATED)
_7141_/CLK                              0.750000    8.360187   -7.610187 (VIOLATED)
_7233_/CLK                              0.750000    8.360187   -7.610187 (VIOLATED)
_7234_/CLK                              0.750000    8.360189   -7.610189 (VIOLATED)
_7237_/CLK                              0.750000    8.360188   -7.610188 (VIOLATED)
_7301_/CLK                              0.750000    8.360184   -7.610184 (VIOLATED)
_7333_/CLK                              0.750000    8.360183   -7.610183 (VIOLATED)
_7362_/CLK                              0.750000    8.360188   -7.610188 (VIOLATED)
_7364_/CLK                              0.750000    8.360193   -7.610194 (VIOLATED)
_7365_/CLK                              0.750000    8.360181   -7.610181 (VIOLATED)
_7020_/CLK                              0.750000    8.360170   -7.610170 (VIOLATED)
_7171_/CLK                              0.750000    8.360173   -7.610173 (VIOLATED)
_7203_/CLK                              0.750000    8.360171   -7.610171 (VIOLATED)
_7240_/CLK                              0.750000    8.360177   -7.610177 (VIOLATED)
_7205_/CLK                              0.750000    8.360167   -7.610167 (VIOLATED)
_7206_/CLK                              0.750000    8.360167   -7.610167 (VIOLATED)
_7112_/CLK                              0.750000    8.360157   -7.610157 (VIOLATED)
_7238_/CLK                              0.750000    8.360161   -7.610161 (VIOLATED)
_7051_/CLK                              0.750000    8.360148   -7.610148 (VIOLATED)
_6985_/CLK                              0.750000    8.360139   -7.610138 (VIOLATED)
_6986_/CLK                              0.750000    8.360139   -7.610138 (VIOLATED)
_6987_/CLK                              0.750000    8.360137   -7.610137 (VIOLATED)
_6988_/CLK                              0.750000    8.360137   -7.610137 (VIOLATED)
_7109_/CLK                              0.750000    8.360138   -7.610137 (VIOLATED)
_7144_/CLK                              0.750000    8.360142   -7.610142 (VIOLATED)
_7169_/CLK                              0.750000    8.360138   -7.610137 (VIOLATED)
_7174_/CLK                              0.750000    8.360136   -7.610136 (VIOLATED)
_7235_/CLK                              0.750000    8.360136   -7.610136 (VIOLATED)
_7265_/CLK                              0.750000    8.360139   -7.610138 (VIOLATED)
_7328_/CLK                              0.750000    8.360141   -7.610140 (VIOLATED)
_7048_/CLK                              0.750000    8.360126   -7.610126 (VIOLATED)
_7050_/CLK                              0.750000    8.360126   -7.610126 (VIOLATED)
_7110_/CLK                              0.750000    8.360133   -7.610133 (VIOLATED)
_7149_/CLK                              0.750000    8.360125   -7.610124 (VIOLATED)
_7176_/CLK                              0.750000    8.360125   -7.610124 (VIOLATED)
_7269_/CLK                              0.750000    8.360126   -7.610126 (VIOLATED)
_7272_/CLK                              0.750000    8.360128   -7.610128 (VIOLATED)
_7297_/CLK                              0.750000    8.360133   -7.610133 (VIOLATED)
_7299_/CLK                              0.750000    8.360137   -7.610137 (VIOLATED)
_7304_/CLK                              0.750000    8.360128   -7.610129 (VIOLATED)
_7329_/CLK                              0.750000    8.360130   -7.610130 (VIOLATED)
_7331_/CLK                              0.750000    8.360138   -7.610137 (VIOLATED)
_7363_/CLK                              0.750000    8.360135   -7.610135 (VIOLATED)
_7396_/CLK                              0.750000    8.360135   -7.610135 (VIOLATED)
_7397_/CLK                              0.750000    8.360140   -7.610139 (VIOLATED)
_7398_/CLK                              0.750000    8.360134   -7.610134 (VIOLATED)
_7142_/CLK                              0.750000    8.360116   -7.610116 (VIOLATED)
_7270_/CLK                              0.750000    8.360122   -7.610122 (VIOLATED)
_7302_/CLK                              0.750000    8.360118   -7.610118 (VIOLATED)
_7334_/CLK                              0.750000    8.360125   -7.610124 (VIOLATED)
_7336_/CLK                              0.750000    8.360129   -7.610130 (VIOLATED)
_7024_/CLK                              0.750000    8.360094   -7.610094 (VIOLATED)
_7047_/CLK                              0.750000    8.360098   -7.610098 (VIOLATED)
_7145_/CLK                              0.750000    8.360104   -7.610104 (VIOLATED)
_7209_/CLK                              0.750000    8.360105   -7.610105 (VIOLATED)
_7366_/CLK                              0.750000    8.360105   -7.610105 (VIOLATED)
_7114_/CLK                              0.750000    8.360094   -7.610094 (VIOLATED)
_7242_/CLK                              0.750000    8.360097   -7.610097 (VIOLATED)
_7273_/CLK                              0.750000    8.360089   -7.610090 (VIOLATED)
_7274_/CLK                              0.750000    8.360094   -7.610094 (VIOLATED)
_7146_/CLK                              0.750000    8.360077   -7.610077 (VIOLATED)
_7178_/CLK                              0.750000    8.360064   -7.610063 (VIOLATED)
_7207_/CLK                              0.750000    8.360070   -7.610070 (VIOLATED)
_7395_/CLK                              0.750000    8.360070   -7.610070 (VIOLATED)
_7175_/CLK                              0.750000    8.360052   -7.610053 (VIOLATED)
_6989_/CLK                              0.750000    8.360044   -7.610044 (VIOLATED)
_6990_/CLK                              0.750000    8.360043   -7.610043 (VIOLATED)
_6991_/CLK                              0.750000    8.360042   -7.610042 (VIOLATED)
_7177_/CLK                              0.750000    8.360041   -7.610041 (VIOLATED)
_7241_/CLK                              0.750000    8.360034   -7.610034 (VIOLATED)
_7306_/CLK                              0.750000    8.360040   -7.610040 (VIOLATED)
_7307_/CLK                              0.750000    8.360038   -7.610037 (VIOLATED)
_7338_/CLK                              0.750000    8.360039   -7.610039 (VIOLATED)
_7361_/CLK                              0.750000    8.360044   -7.610044 (VIOLATED)
_7368_/CLK                              0.750000    8.360044   -7.610044 (VIOLATED)
_7046_/CLK                              0.750000    8.360024   -7.610024 (VIOLATED)
_7393_/CLK                              0.750000    8.360024   -7.610024 (VIOLATED)
_7401_/CLK                              0.750000    8.360024   -7.610024 (VIOLATED)
_7402_/CLK                              0.750000    8.360023   -7.610023 (VIOLATED)
_7271_/CLK                              0.750000    8.360015   -7.610015 (VIOLATED)
_7370_/CLK                              0.750000    8.360009   -7.610009 (VIOLATED)
_7113_/CLK                              0.750000    8.359980   -7.609980 (VIOLATED)
_7148_/CLK                              0.750000    8.359968   -7.609968 (VIOLATED)
_6992_/CLK                              0.750000    8.359960   -7.609959 (VIOLATED)
_6993_/CLK                              0.750000    8.359960   -7.609959 (VIOLATED)
_6994_/CLK                              0.750000    8.359957   -7.609956 (VIOLATED)
_7111_/CLK                              0.750000    8.359959   -7.609958 (VIOLATED)
_7143_/CLK                              0.750000    8.359953   -7.609953 (VIOLATED)
_7239_/CLK                              0.750000    8.359958   -7.609957 (VIOLATED)
_7303_/CLK                              0.750000    8.359957   -7.609956 (VIOLATED)
_7305_/CLK                              0.750000    8.359959   -7.609958 (VIOLATED)
_7337_/CLK                              0.750000    8.359957   -7.609956 (VIOLATED)
_6712_/CLK                              0.750000    8.359941   -7.609941 (VIOLATED)
_6714_/CLK                              0.750000    8.359941   -7.609941 (VIOLATED)
_6995_/CLK                              0.750000    8.359941   -7.609941 (VIOLATED)
_7022_/CLK                              0.750000    8.359944   -7.609944 (VIOLATED)
_7118_/CLK                              0.750000    8.359931   -7.609931 (VIOLATED)
_7310_/CLK                              0.750000    8.359934   -7.609934 (VIOLATED)
_7342_/CLK                              0.750000    8.359938   -7.609938 (VIOLATED)
_7374_/CLK                              0.750000    8.359938   -7.609938 (VIOLATED)
_7399_/CLK                              0.750000    8.359941   -7.609941 (VIOLATED)
_7400_/CLK                              0.750000    8.359944   -7.609944 (VIOLATED)
_7406_/CLK                              0.750000    8.359943   -7.609943 (VIOLATED)
_7115_/CLK                              0.750000    8.359922   -7.609923 (VIOLATED)
_7369_/CLK                              0.750000    8.359924   -7.609924 (VIOLATED)
_7025_/CLK                              0.750000    8.359908   -7.609909 (VIOLATED)
_7367_/CLK                              0.750000    8.359908   -7.609908 (VIOLATED)
_7371_/CLK                              0.750000    8.359863   -7.609863 (VIOLATED)
_7116_/CLK                              0.750000    8.359849   -7.609849 (VIOLATED)
_7026_/CLK                              0.750000    8.359829   -7.609828 (VIOLATED)
_7027_/CLK                              0.750000    8.359831   -7.609830 (VIOLATED)
_7243_/CLK                              0.750000    8.359831   -7.609831 (VIOLATED)
_7245_/CLK                              0.750000    8.359831   -7.609830 (VIOLATED)
_7335_/CLK                              0.750000    8.359831   -7.609831 (VIOLATED)
_7339_/CLK                              0.750000    8.359831   -7.609831 (VIOLATED)
_7246_/CLK                              0.750000    8.359817   -7.609816 (VIOLATED)
_7244_/CLK                              0.750000    8.359808   -7.609808 (VIOLATED)
_7180_/CLK                              0.750000    8.359799   -7.609799 (VIOLATED)
_7276_/CLK                              0.750000    8.359797   -7.609797 (VIOLATED)
_6998_/CLK                              0.750000    8.359771   -7.609771 (VIOLATED)
_7002_/CLK                              0.750000    8.359777   -7.609777 (VIOLATED)
_7003_/CLK                              0.750000    8.359778   -7.609778 (VIOLATED)
_7004_/CLK                              0.750000    8.359778   -7.609778 (VIOLATED)
_7005_/CLK                              0.750000    8.359779   -7.609779 (VIOLATED)
_7006_/CLK                              0.750000    8.359775   -7.609775 (VIOLATED)
_6999_/CLK                              0.750000    8.359766   -7.609766 (VIOLATED)
_7000_/CLK                              0.750000    8.359769   -7.609769 (VIOLATED)
_7001_/CLK                              0.750000    8.359776   -7.609776 (VIOLATED)
_7007_/CLK                              0.750000    8.359773   -7.609773 (VIOLATED)
_7008_/CLK                              0.750000    8.359774   -7.609774 (VIOLATED)
_7150_/CLK                              0.750000    8.359761   -7.609761 (VIOLATED)
_7117_/CLK                              0.750000    8.359752   -7.609751 (VIOLATED)
_7182_/CLK                              0.750000    8.359758   -7.609758 (VIOLATED)
_7179_/CLK                              0.750000    8.359746   -7.609746 (VIOLATED)
_7212_/CLK                              0.750000    8.359753   -7.609753 (VIOLATED)
_7277_/CLK                              0.750000    8.359751   -7.609750 (VIOLATED)
_7278_/CLK                              0.750000    8.359756   -7.609756 (VIOLATED)
_7275_/CLK                              0.750000    8.359740   -7.609740 (VIOLATED)
_7147_/CLK                              0.750000    8.359554   -7.609554 (VIOLATED)
clk                                     0.750000    8.358757   -7.608757 (VIOLATED)

max fanout

Pin                                   Limit Fanout  Slack
---------------------------------------------------------
clk                                      10    720   -710 (VIOLATED)

max capacitance

Pin                                        Limit         Cap       Slack
------------------------------------------------------------------------
clk                                     0.200000    1.889928   -1.689928 (VIOLATED)



===========================================================================
report_parasitic_annotation -report_unannotated
============================================================================
Found 5 unannotated drivers.
 _7407_/LO
 _7408_/LO
 _7409_/HI
 _7410_/HI
 _7411_/HI
Found 0 partially unannotated drivers.

===========================================================================
max slew violation count 721
Writing metric design__max_slew_violation__count__corner:nom_tt_025C_1v80: 721
max fanout violation count 1
Writing metric design__max_fanout_violation__count__corner:nom_tt_025C_1v80: 1
max cap violation count 1
Writing metric design__max_cap_violation__count__corner:nom_tt_025C_1v80: 1
============================================================================

===========================================================================
check_setup -verbose -unconstrained_endpoints -multiple_clock -no_clock -no_input_delay -loops -generated_clocks
===========================================================================
