
===========================================================================
Violator List
============================================================================
[hold in-reg] reset -> _6996_/RESET_B : -1.816200
[hold in-reg] reset -> _7372_/RESET_B : -1.809204
[hold in-reg] reset -> _6997_/RESET_B : -1.798991
[hold in-reg] reset -> _7007_/RESET_B : -1.786614
[hold in-reg] reset -> _7006_/RESET_B : -1.786590
[hold in-reg] reset -> _7001_/RESET_B : -1.786515
[hold in-reg] reset -> _7008_/RESET_B : -1.786493
[hold in-reg] reset -> _7003_/RESET_B : -1.786309
[hold in-reg] reset -> _7004_/RESET_B : -1.786283
[hold in-reg] reset -> _7005_/RESET_B : -1.786230
[hold in-reg] reset -> _7002_/RESET_B : -1.786129
[hold in-reg] reset -> _6999_/RESET_B : -1.776857
[hold in-reg] reset -> _7150_/RESET_B : -1.776682
[hold in-reg] reset -> _7000_/RESET_B : -1.776155
[hold in-reg] reset -> _6998_/RESET_B : -1.776043
[hold in-reg] reset -> _7182_/RESET_B : -1.774768
[hold in-reg] reset -> _7106_/RESET_B : -1.451333
[hold in-reg] reset -> _7267_/RESET_B : -1.449818
[hold in-reg] reset -> _7333_/RESET_B : -1.411128
[hold in-reg] reset -> _7363_/RESET_B : -1.410991
[hold in-reg] reset -> _7329_/RESET_B : -1.410394
[hold in-reg] reset -> _7382_/RESET_B : -1.325608
[hold in-reg] reset -> _7381_/RESET_B : -1.324511
[hold in-reg] reset -> _7256_/RESET_B : -1.306340
[hold in-reg] reset -> _7405_/RESET_B : -1.303181
[hold in-reg] reset -> _7406_/RESET_B : -1.242199
[hold in-reg] reset -> _7085_/RESET_B : -1.241106
[hold in-reg] reset -> _7086_/RESET_B : -1.241022
[hold in-reg] reset -> _7019_/RESET_B : -1.240841
[hold in-reg] reset -> _7084_/RESET_B : -1.240293
[hold in-reg] reset -> _7020_/RESET_B : -1.239129
[hold in-reg] reset -> _7083_/RESET_B : -1.238979
[hold in-reg] reset -> _6987_/RESET_B : -1.236937
[hold in-reg] reset -> _6988_/RESET_B : -1.236244
[hold in-reg] reset -> _6979_/RESET_B : -1.211750
[hold in-reg] reset -> _6983_/RESET_B : -1.211451
[hold in-reg] reset -> _6980_/RESET_B : -1.211418
[hold in-reg] reset -> _6981_/RESET_B : -1.210886
[hold in-reg] reset -> _7081_/RESET_B : -1.210737
[hold in-reg] reset -> _7075_/RESET_B : -1.210715
[hold in-reg] reset -> _7078_/RESET_B : -1.210660
[hold in-reg] reset -> _7082_/RESET_B : -1.210363
[hold in-reg] reset -> _7079_/RESET_B : -1.210292
[hold in-reg] reset -> _7105_/RESET_B : -1.208842
[hold in-reg] reset -> _7073_/RESET_B : -1.195759
[hold in-reg] reset -> _7071_/RESET_B : -1.195518
[hold in-reg] reset -> _7077_/RESET_B : -1.194959
[hold in-reg] reset -> _7074_/RESET_B : -1.194913
[hold in-reg] reset -> _7076_/RESET_B : -1.194908
[hold in-reg] reset -> _7080_/RESET_B : -1.194663
[hold in-reg] reset -> _7108_/RESET_B : -1.194317
[hold in-reg] reset -> _7009_/RESET_B : -1.194211
[hold in-reg] reset -> _7010_/RESET_B : -1.194199
[hold in-reg] reset -> _7072_/RESET_B : -1.193853
[hold in-reg] reset -> _7236_/RESET_B : -1.038146
[hold in-reg] reset -> _7172_/RESET_B : -1.037613
[hold in-reg] reset -> _7330_/RESET_B : -1.037054
[hold in-reg] reset -> _7167_/RESET_B : -1.036777
[hold in-reg] reset -> _7300_/RESET_B : -1.026973
[hold in-reg] reset -> _7339_/RESET_B : -0.976895
[hold in-reg] reset -> _7335_/RESET_B : -0.975513
[hold in-reg] reset -> _7320_/RESET_B : -0.963636
[hold in-reg] reset -> _7403_/RESET_B : -0.963546
[hold in-reg] reset -> _7373_/RESET_B : -0.962499
[hold in-reg] reset -> _7250_/RESET_B : -0.958504
[hold in-reg] reset -> _7370_/RESET_B : -0.943112
[hold in-reg] reset -> _7374_/RESET_B : -0.942578
[hold in-reg] reset -> _7342_/RESET_B : -0.942343
[hold in-reg] reset -> _7307_/RESET_B : -0.935737
[hold in-reg] reset -> _7306_/RESET_B : -0.935066
[hold in-reg] reset -> _7241_/RESET_B : -0.934816
[hold in-reg] reset -> _7303_/RESET_B : -0.932964
[hold in-reg] reset -> _7171_/RESET_B : -0.863229
[hold in-reg] reset -> _7141_/RESET_B : -0.862857
[hold in-reg] reset -> _7112_/RESET_B : -0.862467
[hold in-reg] reset -> _7203_/RESET_B : -0.861002
[hold in-reg] reset -> _6986_/RESET_B : -0.860367
[hold in-reg] reset -> _6985_/RESET_B : -0.860355
[hold in-reg] reset -> _7242_/RESET_B : -0.859238
[hold in-reg] reset -> _7211_/RESET_B : -0.858237
[hold in-reg] reset -> _7137_/RESET_B : -0.858097
[hold in-reg] reset -> _7266_/RESET_B : -0.857209
[hold in-reg] reset -> _7107_/RESET_B : -0.856841
[hold in-reg] reset -> _7234_/RESET_B : -0.856831
[hold in-reg] reset -> _7233_/RESET_B : -0.856800
[hold in-reg] reset -> _7139_/RESET_B : -0.856644
[hold in-reg] reset -> _7138_/RESET_B : -0.856498
[hold in-reg] reset -> _7298_/RESET_B : -0.855899
[hold in-reg] reset -> _7265_/RESET_B : -0.854081
[hold in-reg] reset -> _7268_/RESET_B : -0.836296
[hold in-reg] reset -> _7135_/RESET_B : -0.836289
[hold in-reg] reset -> _6993_/RESET_B : -0.836157
[hold in-reg] reset -> _6994_/RESET_B : -0.836005
[hold in-reg] reset -> _7231_/RESET_B : -0.835780
[hold in-reg] reset -> _7263_/RESET_B : -0.835461
[hold in-reg] reset -> _7017_/RESET_B : -0.835313
[hold in-reg] reset -> _7103_/RESET_B : -0.835299
[hold in-reg] reset -> _6995_/RESET_B : -0.835107
[hold in-reg] reset -> _7115_/RESET_B : -0.835023
[hold in-reg] reset -> _6992_/RESET_B : -0.834484
[hold in-reg] reset -> _7140_/RESET_B : -0.834361
[hold in-reg] reset -> _7210_/RESET_B : -0.833163
[hold in-reg] reset -> _7262_/RESET_B : -0.831861
[hold in-reg] reset -> _7264_/RESET_B : -0.831222
[hold in-reg] reset -> _7243_/RESET_B : -0.829435
[hold in-reg] reset -> _7018_/RESET_B : -0.814755
[hold in-reg] reset -> _7023_/RESET_B : -0.814362
[hold in-reg] reset -> _7202_/RESET_B : -0.814060
[hold in-reg] reset -> _7201_/RESET_B : -0.813837
[hold in-reg] reset -> _7170_/RESET_B : -0.813622
[hold in-reg] reset -> _7299_/RESET_B : -0.812884
[hold in-reg] reset -> _7331_/RESET_B : -0.812803
[hold in-reg] reset -> _7235_/RESET_B : -0.812737
[hold in-reg] reset -> _7169_/RESET_B : -0.812169
[hold in-reg] reset -> _7109_/RESET_B : -0.811626
[hold in-reg] reset -> _6982_/RESET_B : -0.764786
[hold in-reg] reset -> _7204_/RESET_B : -0.764531
[hold in-reg] reset -> _7199_/RESET_B : -0.764352
[hold in-reg] reset -> _6984_/RESET_B : -0.764336
[hold in-reg] reset -> _7301_/RESET_B : -0.764105
[hold in-reg] reset -> _7173_/RESET_B : -0.764069
[hold in-reg] reset -> _7044_/RESET_B : -0.763939
[hold in-reg] reset -> _7362_/RESET_B : -0.763675
[hold in-reg] reset -> _7237_/RESET_B : -0.762416
[hold in-reg] reset -> _7297_/RESET_B : -0.761941
[hold in-reg] reset -> _7053_/RESET_B : -0.742232
[hold in-reg] reset -> _7129_/RESET_B : -0.741137
[hold in-reg] reset -> _7257_/RESET_B : -0.737823
[hold in-reg] reset -> _7341_/RESET_B : -0.730321
[hold in-reg] reset -> _7031_/RESET_B : -0.726342
[hold in-reg] reset -> _7345_/RESET_B : -0.726228
[hold in-reg] reset -> _7349_/RESET_B : -0.726182
[hold in-reg] reset -> _7185_/RESET_B : -0.725905
[hold in-reg] reset -> _7033_/RESET_B : -0.725732
[hold in-reg] reset -> _7380_/RESET_B : -0.725699
[hold in-reg] reset -> _7379_/RESET_B : -0.725562
[hold in-reg] reset -> _7378_/RESET_B : -0.725168
[hold in-reg] reset -> _7377_/RESET_B : -0.724931
[hold in-reg] reset -> _7344_/RESET_B : -0.717037
[hold in-reg] reset -> _7051_/RESET_B : -0.715088
[hold in-reg] reset -> _7050_/RESET_B : -0.714589
[hold in-reg] reset -> _7178_/RESET_B : -0.712353
[hold in-reg] reset -> _7401_/RESET_B : -0.711843
[hold in-reg] reset -> _7338_/RESET_B : -0.711616
[hold in-reg] reset -> _7402_/RESET_B : -0.711575
[hold in-reg] reset -> _7368_/RESET_B : -0.709171
[hold in-reg] reset -> _7399_/RESET_B : -0.709083
[hold in-reg] reset -> _7062_/RESET_B : -0.697169
[hold in-reg] reset -> _7061_/RESET_B : -0.697149
[hold in-reg] reset -> _7059_/RESET_B : -0.696589
[hold in-reg] reset -> _7060_/RESET_B : -0.696516
[hold in-reg] reset -> _7057_/RESET_B : -0.696381
[hold in-reg] reset -> _7063_/RESET_B : -0.695421
[hold in-reg] reset -> _7064_/RESET_B : -0.694933
[hold in-reg] reset -> _7067_/RESET_B : -0.694080
[hold in-reg] reset -> _7069_/RESET_B : -0.689033
[hold in-reg] reset -> _7068_/RESET_B : -0.688905
[hold in-reg] reset -> _7100_/RESET_B : -0.688491
[hold in-reg] reset -> _7065_/RESET_B : -0.688301
[hold in-reg] reset -> _7066_/RESET_B : -0.686869
[hold in-reg] reset -> _7260_/RESET_B : -0.682178
[hold in-reg] reset -> _7070_/RESET_B : -0.681574
[hold in-reg] reset -> _7404_/RESET_B : -0.644746
[hold in-reg] reset -> _7052_/RESET_B : -0.636361
[hold in-reg] reset -> _7054_/RESET_B : -0.629247
[hold in-reg] reset -> _7206_/RESET_B : -0.596252
[hold in-reg] reset -> _7397_/RESET_B : -0.596048
[hold in-reg] reset -> _7396_/RESET_B : -0.595774
[hold in-reg] reset -> _7398_/RESET_B : -0.595230
[hold in-reg] reset -> _7366_/RESET_B : -0.592847
[hold in-reg] reset -> _7400_/RESET_B : -0.590394
[hold in-reg] reset -> _7325_/RESET_B : -0.575562
[hold in-reg] reset -> _7289_/RESET_B : -0.575473
[hold in-reg] reset -> _7293_/RESET_B : -0.575021
[hold in-reg] reset -> _7194_/RESET_B : -0.569851
[hold in-reg] reset -> _7291_/RESET_B : -0.568736
[hold in-reg] reset -> _7323_/RESET_B : -0.567379
[hold in-reg] reset -> _7358_/RESET_B : -0.567248
[hold in-reg] reset -> _7352_/RESET_B : -0.561656
[hold in-reg] reset -> _7148_/RESET_B : -0.535477
[hold in-reg] reset -> _7180_/RESET_B : -0.529981
[hold in-reg] reset -> _7179_/RESET_B : -0.527782
[hold in-reg] reset -> _7117_/RESET_B : -0.527335
[hold in-reg] reset -> _7278_/RESET_B : -0.526545
[hold in-reg] reset -> _7036_/RESET_B : -0.522034
[hold in-reg] reset -> _7248_/RESET_B : -0.521814
[hold in-reg] reset -> _7147_/RESET_B : -0.519933
[hold in-reg] reset -> _7353_/RESET_B : -0.519038
[hold in-reg] reset -> _7360_/RESET_B : -0.515226
[hold in-reg] reset -> _7347_/RESET_B : -0.502150
[hold in-reg] reset -> _7346_/RESET_B : -0.501684
[hold in-reg] reset -> _7384_/RESET_B : -0.500424
[hold in-reg] reset -> _7322_/RESET_B : -0.492129
[hold in-reg] reset -> _7193_/RESET_B : -0.486467
[hold in-reg] reset -> _7326_/RESET_B : -0.481482
[hold in-reg] reset -> _7229_/RESET_B : -0.476721
[hold in-reg] reset -> _7359_/RESET_B : -0.454911
[hold in-reg] reset -> _7056_/SET_B : -0.429946
[hold in-reg] reset -> _7166_/RESET_B : -0.424124
[hold in-reg] reset -> _7134_/RESET_B : -0.423912
[hold in-reg] reset -> _7296_/RESET_B : -0.422148
[hold in-reg] reset -> _7309_/RESET_B : -0.394583
[hold in-reg] reset -> _7149_/RESET_B : -0.390227
[hold in-reg] reset -> _7308_/RESET_B : -0.390071
[hold in-reg] reset -> _7120_/RESET_B : -0.388441
[hold in-reg] reset -> _7152_/RESET_B : -0.388202
[hold in-reg] reset -> _7340_/RESET_B : -0.387840
[hold in-reg] reset -> _7321_/RESET_B : -0.385136
[hold in-reg] reset -> _7151_/RESET_B : -0.385104
[hold in-reg] reset -> _7012_/RESET_B : -0.384997
[hold in-reg] reset -> _7247_/RESET_B : -0.384933
[hold in-reg] reset -> _7035_/RESET_B : -0.384379
[hold in-reg] reset -> _7213_/RESET_B : -0.383746
[hold in-reg] reset -> _7181_/RESET_B : -0.383435
[hold in-reg] reset -> _7367_/RESET_B : -0.382784
[hold in-reg] reset -> _7025_/RESET_B : -0.382431
[hold in-reg] reset -> _7118_/RESET_B : -0.380859
[hold in-reg] reset -> _7214_/RESET_B : -0.380331
[hold in-reg] reset -> _7246_/RESET_B : -0.379639
[hold in-reg] reset -> _7244_/RESET_B : -0.379464
[hold in-reg] reset -> _7357_/RESET_B : -0.379449
[hold in-reg] reset -> _7040_/RESET_B : -0.378783
[hold in-reg] reset -> _7276_/RESET_B : -0.378713
[hold in-reg] reset -> _7356_/RESET_B : -0.378382
[hold in-reg] reset -> _7131_/RESET_B : -0.377411
[hold in-reg] reset -> _7212_/RESET_B : -0.377116
[hold in-reg] reset -> _7277_/RESET_B : -0.376455
[hold in-reg] reset -> _7275_/RESET_B : -0.376230
[hold in-reg] reset -> _7279_/RESET_B : -0.373872
[hold in-reg] reset -> _7198_/RESET_B : -0.373056
[hold in-reg] reset -> _7042_/RESET_B : -0.371798
[hold in-reg] reset -> _7196_/RESET_B : -0.370088
[hold in-reg] reset -> _7162_/RESET_B : -0.370037
[hold in-reg] reset -> _7226_/RESET_B : -0.369929
[hold in-reg] reset -> _7200_/RESET_B : -0.369890
[hold in-reg] reset -> _7195_/RESET_B : -0.369869
[hold in-reg] reset -> _7225_/RESET_B : -0.369849
[hold in-reg] reset -> _7310_/RESET_B : -0.368476
[hold in-reg] reset -> _7369_/RESET_B : -0.368421
[hold in-reg] reset -> _7371_/RESET_B : -0.366371
[hold in-reg] reset -> _7116_/RESET_B : -0.365747
[hold in-reg] reset -> _7224_/RESET_B : -0.340069
[hold in-reg] reset -> _7154_/RESET_B : -0.339209
[hold in-reg] reset -> _7163_/RESET_B : -0.339039
[hold in-reg] reset -> _7128_/RESET_B : -0.333667
[hold in-reg] reset -> _7156_/RESET_B : -0.333523
[hold in-reg] reset -> _7290_/RESET_B : -0.330849
[hold in-reg] reset -> _7157_/RESET_B : -0.330441
[hold in-reg] reset -> _7127_/RESET_B : -0.329931
[hold in-reg] reset -> _7240_/RESET_B : -0.328456
[hold in-reg] reset -> _7205_/RESET_B : -0.327784
[hold in-reg] reset -> _7223_/RESET_B : -0.327606
[hold in-reg] reset -> _7049_/RESET_B : -0.327294
[hold in-reg] reset -> _7110_/RESET_B : -0.327286
[hold in-reg] reset -> _7176_/RESET_B : -0.327272
[hold in-reg] reset -> _7334_/RESET_B : -0.326532
[hold in-reg] reset -> _7142_/RESET_B : -0.326456
[hold in-reg] reset -> _7146_/RESET_B : -0.325318
[hold in-reg] reset -> _7336_/RESET_B : -0.323213
[hold in-reg] reset -> _7270_/RESET_B : -0.323123
[hold in-reg] reset -> _7304_/RESET_B : -0.322955
[hold in-reg] reset -> _7272_/RESET_B : -0.322945
[hold in-reg] reset -> _7145_/RESET_B : -0.322498
[hold in-reg] reset -> _7274_/RESET_B : -0.322469
[hold in-reg] reset -> _7209_/RESET_B : -0.322205
[hold in-reg] reset -> _7269_/RESET_B : -0.322155
[hold in-reg] reset -> _7207_/RESET_B : -0.321470
[hold in-reg] reset -> _7337_/RESET_B : -0.321315
[hold in-reg] reset -> _7305_/RESET_B : -0.321052
[hold in-reg] reset -> _7175_/RESET_B : -0.320818
[hold in-reg] reset -> _7143_/RESET_B : -0.320251
[hold in-reg] reset -> _7271_/RESET_B : -0.319966
[hold in-reg] reset -> _7177_/RESET_B : -0.318659
[hold in-reg] reset -> _7027_/RESET_B : -0.316745
[hold in-reg] reset -> _7013_/RESET_B : -0.316667
[hold in-reg] reset -> _7011_/RESET_B : -0.316545
[hold in-reg] reset -> _7189_/RESET_B : -0.316535
[hold in-reg] reset -> _7245_/RESET_B : -0.316498
[hold in-reg] reset -> _7255_/RESET_B : -0.316244
[hold in-reg] reset -> _7026_/RESET_B : -0.315431
[hold in-reg] reset -> _7015_/RESET_B : -0.314833
[hold in-reg] reset -> _7021_/RESET_B : -0.312331
[hold in-reg] reset -> _7364_/RESET_B : -0.312041
[hold in-reg] reset -> _7332_/RESET_B : -0.306807
[hold in-reg] reset -> _7024_/RESET_B : -0.203259
[hold in-reg] reset -> _7114_/RESET_B : -0.202916
[hold in-reg] reset -> _7273_/RESET_B : -0.202491
[hold in-reg] reset -> _6989_/RESET_B : -0.201507
[hold in-reg] reset -> _6991_/RESET_B : -0.201392
[hold in-reg] reset -> _6990_/RESET_B : -0.201274
[hold in-reg] reset -> _7239_/RESET_B : -0.198507
[hold in-reg] reset -> _7022_/RESET_B : -0.197694
[hold in-reg] reset -> _7113_/RESET_B : -0.197670
[hold in-reg] reset -> _7111_/RESET_B : -0.197505
[hold in-reg] reset -> _7090_/RESET_B : -0.107911
[hold in-reg] reset -> _7254_/RESET_B : -0.107724
[hold in-reg] reset -> _7220_/RESET_B : -0.107633
[hold in-reg] reset -> _7096_/RESET_B : -0.107367
[hold in-reg] reset -> _7095_/RESET_B : -0.106502
[hold in-reg] reset -> _7288_/RESET_B : -0.105663
[hold in-reg] reset -> _7097_/RESET_B : -0.049949
[hold in-reg] reset -> _7094_/RESET_B : -0.049906
[hold in-reg] reset -> _7130_/RESET_B : -0.048263
[hold in-reg] reset -> _7102_/RESET_B : -0.048237
[hold in-reg] reset -> _7098_/RESET_B : -0.047997
[hold in-reg] reset -> _7258_/RESET_B : -0.047784
[hold in-reg] reset -> _7259_/RESET_B : -0.047782
[hold in-reg] reset -> _7101_/RESET_B : -0.046326
[hold in-reg] reset -> _7099_/RESET_B : -0.045631
[hold in-reg] reset -> _7016_/RESET_B : -0.044834
[hold in-reg] reset -> _7253_/RESET_B : -0.042693
[hold in-reg] reset -> _7055_/RESET_B : -0.042204
[hold in-reg] reset -> _7188_/RESET_B : -0.032588
Writing metric timing__hold_vio__count__corner:nom_tt_025C_1v80: 313
Writing metric timing__hold_r2r__ws__corner:nom_tt_025C_1v80: 0.286762
Writing metric timing__hold_r2r_vio__count__corner:nom_tt_025C_1v80: 0
Writing metric timing__setup_vio__count__corner:nom_tt_025C_1v80: 0
Writing metric timing__setup_r2r__ws__corner:nom_tt_025C_1v80: 16.390961
Writing metric timing__setup_r2r_vio__count__corner:nom_tt_025C_1v80: 0
