
===========================================================================
report_checks -unconstrained
===========================================================================
======================= min_ss_100C_1v60 Corner ===================================

Startpoint: reset (input port clocked by clk)
Endpoint: _7217_ (recovery check against rising-edge clock clk)
Path Group: asynchronous
Path Type: max

Fanout         Cap        Slew       Delay        Time   Description
---------------------------------------------------------------------------------------------
                                  0.000000    0.000000   clock clk (rise edge)
                                  0.000000    0.000000   clock network delay (propagated)
                                  5.000000    5.000000 v input external delay
     3    0.018496    0.082490    0.057523    5.057523 v reset (in)
                                                         reset (net)
                      0.082518    0.000000    5.057523 v fanout51/A (sky130_fd_sc_hd__buf_1)
     1    0.023099    0.265620    0.330846    5.388369 v fanout51/X (sky130_fd_sc_hd__buf_1)
                                                         net51 (net)
                      0.265626    0.001639    5.390007 v wire582/A (sky130_fd_sc_hd__buf_2)
     6    0.048759    0.223921    0.481943    5.871950 v wire582/X (sky130_fd_sc_hd__buf_2)
                                                         net582 (net)
                      0.224122    0.006037    5.877987 v fanout39/A (sky130_fd_sc_hd__buf_1)
     1    0.016451    0.193477    0.346628    6.224615 v fanout39/X (sky130_fd_sc_hd__buf_1)
                                                         net39 (net)
                      0.193479    0.000989    6.225604 v wire579/A (sky130_fd_sc_hd__buf_2)
     5    0.062003    0.273463    0.490022    6.715626 v wire579/X (sky130_fd_sc_hd__buf_2)
                                                         net579 (net)
                      0.273548    0.004591    6.720216 v fanout29/A (sky130_fd_sc_hd__clkdlybuf4s25_1)
     5    0.040740    0.547231    0.915128    7.635344 v fanout29/X (sky130_fd_sc_hd__clkdlybuf4s25_1)
                                                         net29 (net)
                      0.547242    0.003024    7.638369 v fanout28/A (sky130_fd_sc_hd__clkdlybuf4s25_1)
     7    0.035112    0.475584    0.957234    8.595603 v fanout28/X (sky130_fd_sc_hd__clkdlybuf4s25_1)
                                                         net28 (net)
                      0.475584    0.000342    8.595944 v fanout26/A (sky130_fd_sc_hd__buf_2)
    10    0.079645    0.345858    0.677250    9.273195 v fanout26/X (sky130_fd_sc_hd__buf_2)
                                                         net26 (net)
                      0.345862    0.001809    9.275004 v _6497_/A (sky130_fd_sc_hd__inv_2)
     1    0.004876    0.099002    0.169234    9.444239 ^ _6497_/Y (sky130_fd_sc_hd__inv_2)
                                                         _0238_ (net)
                      0.099002    0.000056    9.444295 ^ _7217_/RESET_B (sky130_fd_sc_hd__dfrtp_2)
                                              9.444295   data arrival time

                                 25.000000   25.000000   clock clk (rise edge)
                                  0.000000   25.000000   clock source latency
     1    0.052213    0.375534    0.263222   25.263222 ^ clk (in)
                                                         clk (net)
                      0.375588    0.000000   25.263222 ^ clkbuf_0_clk/A (sky130_fd_sc_hd__clkbuf_16)
     8    0.136641    0.228953    0.485162   25.748384 ^ clkbuf_0_clk/X (sky130_fd_sc_hd__clkbuf_16)
                                                         clknet_0_clk (net)
                      0.229225    0.007025   25.755409 ^ clkbuf_3_0__f_clk/A (sky130_fd_sc_hd__clkbuf_16)
     6    0.096701    0.171342    0.383560   26.138969 ^ clkbuf_3_0__f_clk/X (sky130_fd_sc_hd__clkbuf_16)
                                                         clknet_3_0__leaf_clk (net)
                      0.171346    0.001380   26.140348 ^ clkbuf_leaf_39_clk/A (sky130_fd_sc_hd__clkbuf_16)
    15    0.056580    0.115989    0.314962   26.455311 ^ clkbuf_leaf_39_clk/X (sky130_fd_sc_hd__clkbuf_16)
                                                         clknet_leaf_39_clk (net)
                      0.115995    0.000989   26.456301 ^ _7217_/CLK (sky130_fd_sc_hd__dfrtp_2)
                                 -0.100000   26.356300   clock uncertainty
                                  0.000000   26.356300   clock reconvergence pessimism
                                  0.447566   26.803867   library recovery time
                                             26.803867   data required time
---------------------------------------------------------------------------------------------
                                             26.803867   data required time
                                             -9.444295   data arrival time
---------------------------------------------------------------------------------------------
                                             17.359571   slack (MET)


Startpoint: _6981_ (rising edge-triggered flip-flop clocked by clk)
Endpoint: alu_result_out[0] (output port clocked by clk)
Path Group: clk
Path Type: max

Fanout         Cap        Slew       Delay        Time   Description
---------------------------------------------------------------------------------------------
                                  0.000000    0.000000   clock clk (rise edge)
                                  0.000000    0.000000   clock source latency
     1    0.052213    0.375534    0.263222    0.263222 ^ clk (in)
                                                         clk (net)
                      0.375588    0.000000    0.263222 ^ clkbuf_0_clk/A (sky130_fd_sc_hd__clkbuf_16)
     8    0.136641    0.228953    0.485163    0.748385 ^ clkbuf_0_clk/X (sky130_fd_sc_hd__clkbuf_16)
                                                         clknet_0_clk (net)
                      0.229152    0.006108    0.754492 ^ clkbuf_3_4__f_clk/A (sky130_fd_sc_hd__clkbuf_16)
     6    0.094142    0.167779    0.381150    1.135642 ^ clkbuf_3_4__f_clk/X (sky130_fd_sc_hd__clkbuf_16)
                                                         clknet_3_4__leaf_clk (net)
                      0.167816    0.002504    1.138146 ^ clkbuf_leaf_3_clk/A (sky130_fd_sc_hd__clkbuf_16)
    16    0.055776    0.114899    0.312424    1.450570 ^ clkbuf_leaf_3_clk/X (sky130_fd_sc_hd__clkbuf_16)
                                                         clknet_leaf_3_clk (net)
                      0.114902    0.000747    1.451317 ^ _6981_/CLK (sky130_fd_sc_hd__dfrtp_2)
     4    0.028314    0.240584    0.861992    2.313310 ^ _6981_/Q (sky130_fd_sc_hd__dfrtp_2)
                                                         net550 (net)
                      0.240584    0.000106    2.313416 ^ place460/A (sky130_fd_sc_hd__buf_2)
    10    0.059092    0.457106    0.553678    2.867094 ^ place460/X (sky130_fd_sc_hd__buf_2)
                                                         net460 (net)
                      0.457106    0.001558    2.868652 ^ place459/A (sky130_fd_sc_hd__buf_2)
    10    0.055205    0.428056    0.617141    3.485792 ^ place459/X (sky130_fd_sc_hd__buf_2)
                                                         net459 (net)
                      0.428056    0.000858    3.486650 ^ _3331_/C_N (sky130_fd_sc_hd__or3b_2)
     3    0.013965    0.230488    1.252203    4.738853 v _3331_/X (sky130_fd_sc_hd__or3b_2)
                                                         _1280_ (net)
                      0.230488    0.000153    4.739006 v _3380_/A (sky130_fd_sc_hd__nor2_2)
     7    0.050443    0.887890    0.807747    5.546753 ^ _3380_/Y (sky130_fd_sc_hd__nor2_2)
                                                         _1323_ (net)
                      0.887890    0.000635    5.547389 ^ place417/A (sky130_fd_sc_hd__buf_2)
    10    0.096714    0.736946    0.963778    6.511167 ^ place417/X (sky130_fd_sc_hd__buf_2)
                                                         net417 (net)
                      0.737238    0.005651    6.516818 ^ place416/A (sky130_fd_sc_hd__buf_2)
    10    0.063636    0.489710    0.755121    7.271939 ^ place416/X (sky130_fd_sc_hd__buf_2)
                                                         net416 (net)
                      0.489717    0.002629    7.274568 ^ _4268_/B1 (sky130_fd_sc_hd__a22o_2)
     1    0.010139    0.122228    0.472224    7.746791 ^ _4268_/X (sky130_fd_sc_hd__a22o_2)
                                                         _2136_ (net)
                      0.122228    0.000350    7.747141 ^ _4269_/C1 (sky130_fd_sc_hd__a221o_2)
     1    0.017198    0.174802    0.294905    8.042047 ^ _4269_/X (sky130_fd_sc_hd__a221o_2)
                                                         _2137_ (net)
                      0.174805    0.000994    8.043040 ^ _4271_/C (sky130_fd_sc_hd__or4b_2)
     1    0.003111    0.056850    0.238557    8.281597 ^ _4271_/X (sky130_fd_sc_hd__or4b_2)
                                                         _2139_ (net)
                      0.056850    0.000033    8.281630 ^ _4272_/C_N (sky130_fd_sc_hd__or3b_2)
     3    0.021593    0.266298    1.199782    9.481412 v _4272_/X (sky130_fd_sc_hd__or3b_2)
                                                         _2140_ (net)
                      0.266318    0.001180    9.482593 v _4273_/D (sky130_fd_sc_hd__nor4_1)
     2    0.007245    0.664656    0.574874   10.057467 ^ _4273_/Y (sky130_fd_sc_hd__nor4_1)
                                                         _2141_ (net)
                      0.664656    0.000071   10.057538 ^ max_cap565/A (sky130_fd_sc_hd__clkdlybuf4s25_1)
     2    0.007459    0.141604    0.735745   10.793283 ^ max_cap565/X (sky130_fd_sc_hd__clkdlybuf4s25_1)
                                                         net565 (net)
                      0.141604    0.000080   10.793363 ^ max_cap564/A (sky130_fd_sc_hd__clkdlybuf4s25_1)
     1    0.005503    0.112288    0.524301   11.317663 ^ max_cap564/X (sky130_fd_sc_hd__clkdlybuf4s25_1)
                                                         net564 (net)
                      0.112288    0.000064   11.317727 ^ _4275_/A (sky130_fd_sc_hd__nor2b_2)
     5    0.021919    0.134068    0.143232   11.460959 v _4275_/Y (sky130_fd_sc_hd__nor2b_2)
                                                         _2143_ (net)
                      0.134068    0.000441   11.461400 v _4277_/B (sky130_fd_sc_hd__nor2_2)
     1    0.005541    0.150399    0.179163   11.640564 ^ _4277_/Y (sky130_fd_sc_hd__nor2_2)
                                                         _2145_ (net)
                      0.150399    0.000033   11.640596 ^ _4378_/A2 (sky130_fd_sc_hd__a31o_4)
     5    0.033380    0.189396    0.443336   12.083933 ^ _4378_/X (sky130_fd_sc_hd__a31o_4)
                                                         _2246_ (net)
                      0.189411    0.001866   12.085798 ^ _4384_/B (sky130_fd_sc_hd__nand3_2)
     2    0.006828    0.135926    0.213698   12.299496 v _4384_/Y (sky130_fd_sc_hd__nand3_2)
                                                         _2252_ (net)
                      0.135926    0.000120   12.299616 v _4443_/A2 (sky130_fd_sc_hd__a2111o_2)
     3    0.014982    0.178245    1.006815   13.306431 v _4443_/X (sky130_fd_sc_hd__a2111o_2)
                                                         _2311_ (net)
                      0.178245    0.000385   13.306816 v _4454_/A1 (sky130_fd_sc_hd__a211o_2)
     2    0.008402    0.110167    0.643867   13.950684 v _4454_/X (sky130_fd_sc_hd__a211o_2)
                                                         _2322_ (net)
                      0.110167    0.000078   13.950762 v _4455_/C1 (sky130_fd_sc_hd__o211a_2)
     2    0.013975    0.121417    0.282426   14.233188 v _4455_/X (sky130_fd_sc_hd__o211a_2)
                                                         _2323_ (net)
                      0.121417    0.000195   14.233382 v _4457_/A2 (sky130_fd_sc_hd__o21a_2)
     3    0.016698    0.123955    0.454418   14.687799 v _4457_/X (sky130_fd_sc_hd__o21a_2)
                                                         _2325_ (net)
                      0.123955    0.000408   14.688208 v _4459_/A2 (sky130_fd_sc_hd__o211a_2)
     3    0.038136    0.213745    0.632174   15.320382 v _4459_/X (sky130_fd_sc_hd__o211a_2)
                                                         _2327_ (net)
                      0.213773    0.002462   15.322844 v _4465_/A (sky130_fd_sc_hd__nor2_2)
     2    0.059273    1.035215    0.911108   16.233952 ^ _4465_/Y (sky130_fd_sc_hd__nor2_2)
                                                         _2333_ (net)
                      1.035221    0.002133   16.236084 ^ _5650_/A (sky130_fd_sc_hd__inv_2)
     1    0.003817    0.147569    0.229901   16.465986 v _5650_/Y (sky130_fd_sc_hd__inv_2)
                                                         net465 (net)
                      0.147569    0.000052   16.466038 v output465/A (sky130_fd_sc_hd__clkdlybuf4s25_1)
     1    0.037624    0.506218    0.834705   17.300743 v output465/X (sky130_fd_sc_hd__clkdlybuf4s25_1)
                                                         alu_result_out[0] (net)
                      0.506218    0.001087   17.301830 v alu_result_out[0] (out)
                                             17.301830   data arrival time

                                 25.000000   25.000000   clock clk (rise edge)
                                  0.000000   25.000000   clock network delay (propagated)
                                 -0.100000   24.900000   clock uncertainty
                                  0.000000   24.900000   clock reconvergence pessimism
                                 -5.000000   19.899998   output external delay
                                             19.899998   data required time
---------------------------------------------------------------------------------------------
                                             19.899998   data required time
                                            -17.301830   data arrival time
---------------------------------------------------------------------------------------------
                                              2.598169   slack (MET)




===========================================================================
report_checks --slack_max -0.01
============================================================================
======================= min_ss_100C_1v60 Corner ===================================

No paths found.


===========================================================================
 report_check_types -max_slew -max_cap -max_fanout -violators
============================================================================
======================= min_ss_100C_1v60 Corner ===================================

max fanout

Pin                                   Limit Fanout  Slack
---------------------------------------------------------
clkbuf_leaf_26_clk/X                     10     20    -10 (VIOLATED)
clkbuf_leaf_28_clk/X                     10     20    -10 (VIOLATED)
clkbuf_leaf_29_clk/X                     10     20    -10 (VIOLATED)
clkbuf_leaf_23_clk/X                     10     19     -9 (VIOLATED)
clkbuf_leaf_25_clk/X                     10     19     -9 (VIOLATED)
clkbuf_leaf_27_clk/X                     10     19     -9 (VIOLATED)
clkbuf_leaf_30_clk/X                     10     19     -9 (VIOLATED)
clkbuf_leaf_31_clk/X                     10     19     -9 (VIOLATED)
clkbuf_leaf_33_clk/X                     10     19     -9 (VIOLATED)
clkbuf_leaf_34_clk/X                     10     19     -9 (VIOLATED)
clkbuf_leaf_35_clk/X                     10     19     -9 (VIOLATED)
clkbuf_leaf_36_clk/X                     10     19     -9 (VIOLATED)
clkbuf_leaf_18_clk/X                     10     18     -8 (VIOLATED)
clkbuf_leaf_21_clk/X                     10     18     -8 (VIOLATED)
clkbuf_leaf_22_clk/X                     10     18     -8 (VIOLATED)
clkbuf_leaf_24_clk/X                     10     18     -8 (VIOLATED)
clkbuf_leaf_32_clk/X                     10     18     -8 (VIOLATED)
clkbuf_leaf_37_clk/X                     10     18     -8 (VIOLATED)
clkbuf_leaf_38_clk/X                     10     18     -8 (VIOLATED)
clkbuf_leaf_14_clk/X                     10     17     -7 (VIOLATED)
clkbuf_leaf_15_clk/X                     10     17     -7 (VIOLATED)
clkbuf_leaf_45_clk/X                     10     17     -7 (VIOLATED)
clkbuf_leaf_3_clk/X                      10     16     -6 (VIOLATED)
clkbuf_leaf_4_clk/X                      10     16     -6 (VIOLATED)
clkbuf_leaf_5_clk/X                      10     16     -6 (VIOLATED)
clkbuf_leaf_6_clk/X                      10     16     -6 (VIOLATED)
clkbuf_leaf_11_clk/X                     10     15     -5 (VIOLATED)
clkbuf_leaf_13_clk/X                     10     15     -5 (VIOLATED)
clkbuf_leaf_16_clk/X                     10     15     -5 (VIOLATED)
clkbuf_leaf_17_clk/X                     10     15     -5 (VIOLATED)
clkbuf_leaf_39_clk/X                     10     15     -5 (VIOLATED)
clkbuf_leaf_40_clk/X                     10     15     -5 (VIOLATED)
clkbuf_leaf_43_clk/X                     10     15     -5 (VIOLATED)
clkbuf_leaf_44_clk/X                     10     15     -5 (VIOLATED)
clkbuf_leaf_8_clk/X                      10     15     -5 (VIOLATED)
clkbuf_leaf_10_clk/X                     10     14     -4 (VIOLATED)
clkbuf_leaf_12_clk/X                     10     14     -4 (VIOLATED)
clkbuf_leaf_41_clk/X                     10     14     -4 (VIOLATED)
clkbuf_leaf_42_clk/X                     10     14     -4 (VIOLATED)
clkbuf_leaf_9_clk/X                      10     14     -4 (VIOLATED)
clkbuf_leaf_19_clk/X                     10     13     -3 (VIOLATED)
clkbuf_leaf_1_clk/X                      10     13     -3 (VIOLATED)
clkbuf_leaf_7_clk/X                      10     13     -3 (VIOLATED)
clkbuf_leaf_20_clk/X                     10     12     -2 (VIOLATED)
clkbuf_leaf_2_clk/X                      10     12     -2 (VIOLATED)
place392/X                               10     12     -2 (VIOLATED)
_5161_/X                                 10     11        (VIOLATED)



===========================================================================
report_parasitic_annotation -report_unannotated
============================================================================
Found 44 unannotated drivers.
 clkload0/X
 clkload1/X
 clkload10/X
 clkload11/X
 clkload12/X
 clkload13/X
 clkload14/X
 clkload15/X
 clkload16/X
 clkload17/X
 clkload18/X
 clkload19/X
 clkload2/X
 clkload20/Y
 clkload21/X
 clkload22/X
 clkload23/X
 clkload24/X
 clkload25/X
 clkload26/X
 clkload27/Y
 clkload28/Y
 clkload29/X
 clkload3/Y
 clkload30/X
 clkload31/Y
 clkload32/Y
 clkload33/X
 clkload34/X
 clkload35/Y
 clkload36/Y
 clkload37/X
 clkload38/Y
 clkload4/Y
 clkload5/Y
 clkload6/Y
 clkload7/Y
 clkload8/X
 clkload9/Y
 single_cycle_cpu/HI
 single_cycle_cpu_583/HI
 single_cycle_cpu_584/HI
 single_cycle_cpu_585/LO
 single_cycle_cpu_586/LO
Found 0 partially unannotated drivers.

===========================================================================
max slew violation count 0
max fanout violation count 47
max cap violation count 0
============================================================================

===========================================================================
check_setup -verbose -unconstrained_endpoints -multiple_clock -no_clock -no_input_delay -loops -generated_clocks
===========================================================================
