Clock: clk
Sources: clk 
Generated: no
Virtual: yes
Propagated: no
Period: 25.000000

===========================================================================
report_clock_properties
============================================================================
Clock                   Period          Waveform
----------------------------------------------------
clk                  25.000000    0.000000 12.500000

===========================================================================
report_clock_latency
============================================================================
Clock clk
rise -> rise
    min     max
0.000000 0.000000 source latency
1.408728         network latency _6938_/CLK
        1.481705 network latency _7122_/CLK
---------------
1.408728 1.481705 latency
        0.072977 skew

fall -> fall
    min     max
0.000000 0.000000 source latency
1.241551         network latency _6938_/CLK
        1.294456 network latency _7122_/CLK
---------------
1.241551 1.294456 latency
        0.052905 skew



===========================================================================
report_clock_min_period
============================================================================
clk period_min = 17.89 fmax = 55.91
