
===========================================================================
report_checks -unconstrained
===========================================================================
======================= nom_tt_025C_1v80 Corner ===================================

Startpoint: reset (input port clocked by clk)
Endpoint: _7089_ (recovery check against rising-edge clock clk)
Path Group: asynchronous
Path Type: max

Fanout         Cap        Slew       Delay        Time   Description
---------------------------------------------------------------------------------------------
                                  0.000000    0.000000   clock clk (rise edge)
                                  0.000000    0.000000   clock network delay (propagated)
                                  5.000000    5.000000 v input external delay
     4    0.033225    0.074432    0.054017    5.054017 v reset (in)
                                                         reset (net)
                      0.074518    0.000000    5.054017 v fanout49/A (sky130_fd_sc_hd__clkdlybuf4s25_1)
     7    0.047534    0.349640    0.496443    5.550460 v fanout49/X (sky130_fd_sc_hd__clkdlybuf4s25_1)
                                                         net49 (net)
                      0.349640    0.001086    5.551546 v fanout37/A (sky130_fd_sc_hd__clkdlybuf4s25_1)
     6    0.020143    0.156037    0.443251    5.994797 v fanout37/X (sky130_fd_sc_hd__clkdlybuf4s25_1)
                                                         net37 (net)
                      0.156037    0.000486    5.995283 v fanout24/A (sky130_fd_sc_hd__clkdlybuf4s25_1)
     5    0.020729    0.160148    0.388363    6.383646 v fanout24/X (sky130_fd_sc_hd__clkdlybuf4s25_1)
                                                         net24 (net)
                      0.160148    0.000118    6.383764 v fanout23/A (sky130_fd_sc_hd__clkdlybuf4s25_1)
    10    0.054504    0.397795    0.567484    6.951248 v fanout23/X (sky130_fd_sc_hd__clkdlybuf4s25_1)
                                                         net23 (net)
                      0.397795    0.000377    6.951624 v fanout22/A (sky130_fd_sc_hd__clkdlybuf4s25_1)
    10    0.060798    0.444164    0.668573    7.620197 v fanout22/X (sky130_fd_sc_hd__clkdlybuf4s25_1)
                                                         net22 (net)
                      0.444164    0.000996    7.621193 v _6369_/A (sky130_fd_sc_hd__inv_2)
     1    0.003451    0.087069    0.130848    7.752041 ^ _6369_/Y (sky130_fd_sc_hd__inv_2)
                                                         _0110_ (net)
                      0.087069    0.000000    7.752042 ^ _7089_/SET_B (sky130_fd_sc_hd__dfstp_2)
                                              7.752042   data arrival time

                                 25.000000   25.000000   clock clk (rise edge)
                                  0.000000   25.000000   clock source latency
   720    1.847040    8.169586    5.693934   30.693933 ^ clk (in)
                                                         clk (net)
                      8.173318    0.000000   30.693933 ^ _7089_/CLK (sky130_fd_sc_hd__dfstp_2)
                                 -0.250000   30.443933   clock uncertainty
                                  0.000000   30.443933   clock reconvergence pessimism
                                  1.089289   31.533222   library recovery time
                                             31.533222   data required time
---------------------------------------------------------------------------------------------
                                             31.533222   data required time
                                             -7.752042   data arrival time
---------------------------------------------------------------------------------------------
                                             23.781179   slack (MET)


Startpoint: _6982_ (rising edge-triggered flip-flop clocked by clk)
Endpoint: alu_result_out[0] (output port clocked by clk)
Path Group: clk
Path Type: max

Fanout         Cap        Slew       Delay        Time   Description
---------------------------------------------------------------------------------------------
                                  0.000000    0.000000   clock clk (rise edge)
                                  0.000000    0.000000   clock source latency
   720    1.847040    8.169586    5.656440    5.656440 ^ clk (in)
                                                         clk (net)
                      8.171614    0.000000    5.656440 ^ _6982_/CLK (sky130_fd_sc_hd__dfrtp_2)
     8    0.030995    0.160449    1.400704    7.057144 ^ _6982_/Q (sky130_fd_sc_hd__dfrtp_2)
                                                         net254 (net)
                      0.160449    0.000071    7.057215 ^ place446/A (sky130_fd_sc_hd__buf_2)
     8    0.079039    0.381333    0.382518    7.439734 ^ place446/X (sky130_fd_sc_hd__buf_2)
                                                         net446 (net)
                      0.381333    0.000356    7.440089 ^ place445/A (sky130_fd_sc_hd__buf_2)
    10    0.040107    0.198144    0.305170    7.745259 ^ place445/X (sky130_fd_sc_hd__buf_2)
                                                         net445 (net)
                      0.198144    0.000283    7.745542 ^ _3362_/C_N (sky130_fd_sc_hd__or3b_2)
     1    0.004851    0.085746    0.473359    8.218902 v _3362_/X (sky130_fd_sc_hd__or3b_2)
                                                         _1308_ (net)
                      0.085746    0.000012    8.218913 v _3364_/A1 (sky130_fd_sc_hd__a21boi_2)
     4    0.023106    0.290778    0.290079    8.508992 ^ _3364_/Y (sky130_fd_sc_hd__a21boi_2)
                                                         _1310_ (net)
                      0.290780    0.000504    8.509497 ^ _3399_/B (sky130_fd_sc_hd__nor2_4)
     6    0.019338    0.073661    0.083483    8.592979 v _3399_/Y (sky130_fd_sc_hd__nor2_4)
                                                         _1342_ (net)
                      0.073663    0.000311    8.593290 v _3400_/A (sky130_fd_sc_hd__inv_2)
     3    0.046100    0.211447    0.188018    8.781308 ^ _3400_/Y (sky130_fd_sc_hd__inv_2)
                                                         instruction_out[20] (net)
                      0.211447    0.000065    8.781373 ^ _3407_/A (sky130_fd_sc_hd__and3_2)
     7    0.023327    0.133823    0.293320    9.074694 ^ _3407_/X (sky130_fd_sc_hd__and3_2)
                                                         _1348_ (net)
                      0.133823    0.000065    9.074759 ^ place329/A (sky130_fd_sc_hd__buf_2)
    10    0.032163    0.160750    0.222870    9.297627 ^ place329/X (sky130_fd_sc_hd__buf_2)
                                                         net329 (net)
                      0.160751    0.000743    9.298371 ^ place328/A (sky130_fd_sc_hd__buf_2)
     9    0.038121    0.188210    0.249816    9.548187 ^ place328/X (sky130_fd_sc_hd__buf_2)
                                                         net328 (net)
                      0.188211    0.000805    9.548992 ^ place327/A (sky130_fd_sc_hd__buf_2)
     9    0.039265    0.193674    0.260950    9.809942 ^ place327/X (sky130_fd_sc_hd__buf_2)
                                                         net327 (net)
                      0.193674    0.000226    9.810169 ^ _4106_/A2 (sky130_fd_sc_hd__a211o_2)
     1    0.002784    0.031542    0.155151    9.965321 ^ _4106_/X (sky130_fd_sc_hd__a211o_2)
                                                         _1974_ (net)
                      0.031542    0.000004    9.965324 ^ _4107_/C1 (sky130_fd_sc_hd__a221o_2)
     1    0.001956    0.033792    0.084520   10.049845 ^ _4107_/X (sky130_fd_sc_hd__a221o_2)
                                                         _1975_ (net)
                      0.033792    0.000004   10.049849 ^ _4108_/C_N (sky130_fd_sc_hd__or3b_2)
     3    0.010596    0.103607    0.475943   10.525791 v _4108_/X (sky130_fd_sc_hd__or3b_2)
                                                         _1976_ (net)
                      0.103607    0.000163   10.525953 v _4110_/D (sky130_fd_sc_hd__or4_4)
     5    0.019035    0.111435    0.476279   11.002234 v _4110_/X (sky130_fd_sc_hd__or4_4)
                                                         _1978_ (net)
                      0.111435    0.000101   11.002335 v _4111_/B (sky130_fd_sc_hd__nand2b_2)
     7    0.022634    0.133055    0.157788   11.160123 ^ _4111_/Y (sky130_fd_sc_hd__nand2b_2)
                                                         _1979_ (net)
                      0.133055    0.000061   11.160184 ^ _4209_/C (sky130_fd_sc_hd__and4_2)
     2    0.010163    0.088682    0.266344   11.426529 ^ _4209_/X (sky130_fd_sc_hd__and4_2)
                                                         _2077_ (net)
                      0.088682    0.000023   11.426552 ^ _4384_/A (sky130_fd_sc_hd__nand3_2)
     2    0.004887    0.055840    0.068881   11.495433 v _4384_/Y (sky130_fd_sc_hd__nand3_2)
                                                         _2252_ (net)
                      0.055840    0.000021   11.495454 v _4443_/A2 (sky130_fd_sc_hd__a2111o_2)
     3    0.010441    0.084616    0.496808   11.992262 v _4443_/X (sky130_fd_sc_hd__a2111o_2)
                                                         _2311_ (net)
                      0.084616    0.000052   11.992313 v _4454_/A1 (sky130_fd_sc_hd__a211o_2)
     2    0.007543    0.059968    0.321337   12.313650 v _4454_/X (sky130_fd_sc_hd__a211o_2)
                                                         _2322_ (net)
                      0.059968    0.000028   12.313678 v _4455_/C1 (sky130_fd_sc_hd__o211a_2)
     2    0.011019    0.060480    0.142238   12.455915 v _4455_/X (sky130_fd_sc_hd__o211a_2)
                                                         _2323_ (net)
                      0.060480    0.000024   12.455939 v _4457_/A2 (sky130_fd_sc_hd__o21a_2)
     3    0.010622    0.053011    0.219444   12.675384 v _4457_/X (sky130_fd_sc_hd__o21a_2)
                                                         _2325_ (net)
                      0.053011    0.000014   12.675398 v _4459_/A2 (sky130_fd_sc_hd__o211a_2)
     3    0.025287    0.091885    0.301359   12.976757 v _4459_/X (sky130_fd_sc_hd__o211a_2)
                                                         _2327_ (net)
                      0.091903    0.001297   12.978054 v _4465_/A (sky130_fd_sc_hd__nor2_2)
     2    0.016716    0.199408    0.215224   13.193278 ^ _4465_/Y (sky130_fd_sc_hd__nor2_2)
                                                         _2333_ (net)
                      0.199409    0.000361   13.193639 ^ _5650_/A (sky130_fd_sc_hd__inv_2)
     1    0.042642    0.113598    0.146917   13.340556 v _5650_/Y (sky130_fd_sc_hd__inv_2)
                                                         alu_result_out[0] (net)
                      0.113672    0.002362   13.342917 v alu_result_out[0] (out)
                                             13.342917   data arrival time

                                 25.000000   25.000000   clock clk (rise edge)
                                  0.000000   25.000000   clock network delay (propagated)
                                 -0.250000   24.750000   clock uncertainty
                                  0.000000   24.750000   clock reconvergence pessimism
                                 -5.000000   19.750000   output external delay
                                             19.750000   data required time
---------------------------------------------------------------------------------------------
                                             19.750000   data required time
                                            -13.342917   data arrival time
---------------------------------------------------------------------------------------------
                                              6.407082   slack (MET)




===========================================================================
report_checks --slack_max -0.01
============================================================================
======================= nom_tt_025C_1v80 Corner ===================================

No paths found.


===========================================================================
 report_check_types -max_slew -max_cap -max_fanout -violators
============================================================================
======================= nom_tt_025C_1v80 Corner ===================================

max slew

Pin                                        Limit        Slew       Slack
------------------------------------------------------------------------
_7056_/CLK                              0.750000    8.173912   -7.423913 (VIOLATED)
_7057_/CLK                              0.750000    8.173911   -7.423911 (VIOLATED)
_7058_/CLK                              0.750000    8.173910   -7.423910 (VIOLATED)
_7059_/CLK                              0.750000    8.173912   -7.423913 (VIOLATED)
_7060_/CLK                              0.750000    8.173909   -7.423909 (VIOLATED)
_7061_/CLK                              0.750000    8.173910   -7.423910 (VIOLATED)
_7062_/CLK                              0.750000    8.173907   -7.423907 (VIOLATED)
_7088_/CLK                              0.750000    8.173909   -7.423909 (VIOLATED)
_7092_/CLK                              0.750000    8.173909   -7.423909 (VIOLATED)
_7093_/CLK                              0.750000    8.173909   -7.423909 (VIOLATED)
_7095_/CLK                              0.750000    8.173903   -7.423903 (VIOLATED)
_7096_/CLK                              0.750000    8.173905   -7.423905 (VIOLATED)
_7251_/CLK                              0.750000    8.173907   -7.423907 (VIOLATED)
_7252_/CLK                              0.750000    8.173904   -7.423904 (VIOLATED)
_7124_/CLK                              0.750000    8.173897   -7.423896 (VIOLATED)
_7125_/CLK                              0.750000    8.173899   -7.423899 (VIOLATED)
_6733_/CLK                              0.750000    8.173882   -7.423882 (VIOLATED)
_6742_/CLK                              0.750000    8.173881   -7.423881 (VIOLATED)
_6748_/CLK                              0.750000    8.173882   -7.423881 (VIOLATED)
_6751_/CLK                              0.750000    8.173882   -7.423882 (VIOLATED)
_6842_/CLK                              0.750000    8.173883   -7.423883 (VIOLATED)
_6847_/CLK                              0.750000    8.173883   -7.423883 (VIOLATED)
_7158_/CLK                              0.750000    8.173880   -7.423880 (VIOLATED)
_7160_/CLK                              0.750000    8.173886   -7.423887 (VIOLATED)
_6720_/CLK                              0.750000    8.173866   -7.423866 (VIOLATED)
_6723_/CLK                              0.750000    8.173872   -7.423872 (VIOLATED)
_6725_/CLK                              0.750000    8.173868   -7.423868 (VIOLATED)
_6728_/CLK                              0.750000    8.173873   -7.423872 (VIOLATED)
_6730_/CLK                              0.750000    8.173869   -7.423869 (VIOLATED)
_6736_/CLK                              0.750000    8.173869   -7.423869 (VIOLATED)
_6739_/CLK                              0.750000    8.173870   -7.423870 (VIOLATED)
_6745_/CLK                              0.750000    8.173870   -7.423870 (VIOLATED)
_6945_/CLK                              0.750000    8.173873   -7.423873 (VIOLATED)
_6949_/CLK                              0.750000    8.173877   -7.423877 (VIOLATED)
_6955_/CLK                              0.750000    8.173877   -7.423877 (VIOLATED)
_6961_/CLK                              0.750000    8.173876   -7.423876 (VIOLATED)
_6963_/CLK                              0.750000    8.173873   -7.423873 (VIOLATED)
_6967_/CLK                              0.750000    8.173877   -7.423877 (VIOLATED)
_6773_/CLK                              0.750000    8.173862   -7.423862 (VIOLATED)
_6810_/CLK                              0.750000    8.173867   -7.423867 (VIOLATED)
_6830_/CLK                              0.750000    8.173874   -7.423874 (VIOLATED)
_6832_/CLK                              0.750000    8.173873   -7.423873 (VIOLATED)
_6833_/CLK                              0.750000    8.173870   -7.423870 (VIOLATED)
_6837_/CLK                              0.750000    8.173873   -7.423873 (VIOLATED)
_6815_/CLK                              0.750000    8.173860   -7.423860 (VIOLATED)
_6820_/CLK                              0.750000    8.173867   -7.423867 (VIOLATED)
_6825_/CLK                              0.750000    8.173862   -7.423862 (VIOLATED)
_6838_/CLK                              0.750000    8.173867   -7.423867 (VIOLATED)
_6843_/CLK                              0.750000    8.173870   -7.423870 (VIOLATED)
_6845_/CLK                              0.750000    8.173874   -7.423874 (VIOLATED)
_6848_/CLK                              0.750000    8.173869   -7.423869 (VIOLATED)
_6970_/CLK                              0.750000    8.173866   -7.423866 (VIOLATED)
_6973_/CLK                              0.750000    8.173873   -7.423872 (VIOLATED)
_6975_/CLK                              0.750000    8.173868   -7.423868 (VIOLATED)
_6978_/CLK                              0.750000    8.173873   -7.423872 (VIOLATED)
_7087_/CLK                              0.750000    8.173869   -7.423869 (VIOLATED)
_7091_/CLK                              0.750000    8.173869   -7.423869 (VIOLATED)
_7123_/CLK                              0.750000    8.173868   -7.423868 (VIOLATED)
_7159_/CLK                              0.750000    8.173875   -7.423875 (VIOLATED)
_7126_/CLK                              0.750000    8.173860   -7.423860 (VIOLATED)
_7128_/CLK                              0.750000    8.173864   -7.423864 (VIOLATED)
_7157_/CLK                              0.750000    8.173867   -7.423867 (VIOLATED)
_6753_/CLK                              0.750000    8.173852   -7.423852 (VIOLATED)
_6755_/CLK                              0.750000    8.173860   -7.423859 (VIOLATED)
_6759_/CLK                              0.750000    8.173853   -7.423853 (VIOLATED)
_6771_/CLK                              0.750000    8.173852   -7.423852 (VIOLATED)
_6761_/CLK                              0.750000    8.173844   -7.423844 (VIOLATED)
_6765_/CLK                              0.750000    8.173851   -7.423851 (VIOLATED)
_6767_/CLK                              0.750000    8.173856   -7.423855 (VIOLATED)
_7284_/CLK                              0.750000    8.173858   -7.423857 (VIOLATED)
_7286_/CLK                              0.750000    8.173858   -7.423857 (VIOLATED)
_7287_/CLK                              0.750000    8.173860   -7.423859 (VIOLATED)
_7288_/CLK                              0.750000    8.173860   -7.423859 (VIOLATED)
_7291_/CLK                              0.750000    8.173856   -7.423855 (VIOLATED)
_7319_/CLK                              0.750000    8.173862   -7.423862 (VIOLATED)
_6946_/CLK                              0.750000    8.173848   -7.423849 (VIOLATED)
_7323_/CLK                              0.750000    8.173854   -7.423854 (VIOLATED)
_6958_/CLK                              0.750000    8.173844   -7.423844 (VIOLATED)
_7320_/CLK                              0.750000    8.173842   -7.423842 (VIOLATED)
_6729_/CLK                              0.750000    8.173827   -7.423827 (VIOLATED)
_6732_/CLK                              0.750000    8.173828   -7.423828 (VIOLATED)
_6738_/CLK                              0.750000    8.173830   -7.423830 (VIOLATED)
_6741_/CLK                              0.750000    8.173827   -7.423827 (VIOLATED)
_6744_/CLK                              0.750000    8.173830   -7.423830 (VIOLATED)
_6750_/CLK                              0.750000    8.173828   -7.423828 (VIOLATED)
_6829_/CLK                              0.750000    8.173826   -7.423826 (VIOLATED)
_6834_/CLK                              0.750000    8.173826   -7.423826 (VIOLATED)
_6861_/CLK                              0.750000    8.173829   -7.423829 (VIOLATED)
_6901_/CLK                              0.750000    8.173829   -7.423829 (VIOLATED)
_6907_/CLK                              0.750000    8.173828   -7.423828 (VIOLATED)
_6951_/CLK                              0.750000    8.173824   -7.423824 (VIOLATED)
_6735_/CLK                              0.750000    8.173816   -7.423816 (VIOLATED)
_6747_/CLK                              0.750000    8.173817   -7.423816 (VIOLATED)
_6756_/CLK                              0.750000    8.173816   -7.423816 (VIOLATED)
_6952_/CLK                              0.750000    8.173822   -7.423823 (VIOLATED)
_6957_/CLK                              0.750000    8.173823   -7.423823 (VIOLATED)
_6964_/CLK                              0.750000    8.173825   -7.423825 (VIOLATED)
_6768_/CLK                              0.750000    8.173815   -7.423815 (VIOLATED)
_6793_/CLK                              0.750000    8.173812   -7.423812 (VIOLATED)
_6839_/CLK                              0.750000    8.173820   -7.423819 (VIOLATED)
_6844_/CLK                              0.750000    8.173823   -7.423823 (VIOLATED)
_6851_/CLK                              0.750000    8.173826   -7.423826 (VIOLATED)
_6853_/CLK                              0.750000    8.173826   -7.423826 (VIOLATED)
_6909_/CLK                              0.750000    8.173826   -7.423826 (VIOLATED)
_7155_/CLK                              0.750000    8.173822   -7.423823 (VIOLATED)
_7221_/CLK                              0.750000    8.173828   -7.423828 (VIOLATED)
_7355_/CLK                              0.750000    8.173823   -7.423823 (VIOLATED)
_6850_/CLK                              0.750000    8.173813   -7.423813 (VIOLATED)
_6929_/CLK                              0.750000    8.173812   -7.423812 (VIOLATED)
_6722_/CLK                              0.750000    8.173804   -7.423804 (VIOLATED)
_6858_/CLK                              0.750000    8.173810   -7.423810 (VIOLATED)
_6859_/CLK                              0.750000    8.173813   -7.423813 (VIOLATED)
_6972_/CLK                              0.750000    8.173810   -7.423810 (VIOLATED)
_6727_/CLK                              0.750000    8.173801   -7.423801 (VIOLATED)
_6794_/CLK                              0.750000    8.173806   -7.423806 (VIOLATED)
_6898_/CLK                              0.750000    8.173808   -7.423808 (VIOLATED)
_6899_/CLK                              0.750000    8.173813   -7.423813 (VIOLATED)
_6906_/CLK                              0.750000    8.173814   -7.423814 (VIOLATED)
_7156_/CLK                              0.750000    8.173811   -7.423811 (VIOLATED)
_6846_/CLK                              0.750000    8.173792   -7.423791 (VIOLATED)
_6977_/CLK                              0.750000    8.173797   -7.423797 (VIOLATED)
_7219_/CLK                              0.750000    8.173795   -7.423795 (VIOLATED)
_6831_/CLK                              0.750000    8.173778   -7.423778 (VIOLATED)
_6836_/CLK                              0.750000    8.173780   -7.423780 (VIOLATED)
_6841_/CLK                              0.750000    8.173780   -7.423780 (VIOLATED)
_6754_/CLK                              0.750000    8.173760   -7.423760 (VIOLATED)
_6760_/CLK                              0.750000    8.173760   -7.423760 (VIOLATED)
_6881_/CLK                              0.750000    8.173759   -7.423759 (VIOLATED)
_6921_/CLK                              0.750000    8.173764   -7.423764 (VIOLATED)
_6954_/CLK                              0.750000    8.173766   -7.423766 (VIOLATED)
_7190_/CLK                              0.750000    8.173768   -7.423768 (VIOLATED)
_6693_/CLK                              0.750000    8.173750   -7.423750 (VIOLATED)
_6694_/CLK                              0.750000    8.173751   -7.423751 (VIOLATED)
_6726_/CLK                              0.750000    8.173756   -7.423755 (VIOLATED)
_6762_/CLK                              0.750000    8.173757   -7.423756 (VIOLATED)
_6774_/CLK                              0.750000    8.173757   -7.423756 (VIOLATED)
_6719_/CLK                              0.750000    8.173747   -7.423747 (VIOLATED)
_6721_/CLK                              0.750000    8.173753   -7.423752 (VIOLATED)
_6724_/CLK                              0.750000    8.173747   -7.423747 (VIOLATED)
_6784_/CLK                              0.750000    8.173750   -7.423750 (VIOLATED)
_6920_/CLK                              0.750000    8.173750   -7.423750 (VIOLATED)
_6746_/CLK                              0.750000    8.173742   -7.423742 (VIOLATED)
_6752_/CLK                              0.750000    8.173744   -7.423745 (VIOLATED)
_6789_/CLK                              0.750000    8.173748   -7.423748 (VIOLATED)
_6811_/CLK                              0.750000    8.173749   -7.423749 (VIOLATED)
_6812_/CLK                              0.750000    8.173756   -7.423755 (VIOLATED)
_6817_/CLK                              0.750000    8.173756   -7.423755 (VIOLATED)
_6822_/CLK                              0.750000    8.173755   -7.423754 (VIOLATED)
_6827_/CLK                              0.750000    8.173756   -7.423755 (VIOLATED)
_6816_/CLK                              0.750000    8.173746   -7.423746 (VIOLATED)
_6821_/CLK                              0.750000    8.173745   -7.423745 (VIOLATED)
_6826_/CLK                              0.750000    8.173749   -7.423749 (VIOLATED)
_6835_/CLK                              0.750000    8.173752   -7.423752 (VIOLATED)
_6840_/CLK                              0.750000    8.173752   -7.423752 (VIOLATED)
_6925_/CLK                              0.750000    8.173748   -7.423748 (VIOLATED)
_6948_/CLK                              0.750000    8.173752   -7.423752 (VIOLATED)
_6960_/CLK                              0.750000    8.173748   -7.423748 (VIOLATED)
_6966_/CLK                              0.750000    8.173752   -7.423752 (VIOLATED)
_6971_/CLK                              0.750000    8.173753   -7.423752 (VIOLATED)
_6976_/CLK                              0.750000    8.173755   -7.423754 (VIOLATED)
_7314_/CLK                              0.750000    8.173757   -7.423756 (VIOLATED)
_6872_/CLK                              0.750000    8.173740   -7.423740 (VIOLATED)
_6734_/CLK                              0.750000    8.173732   -7.423732 (VIOLATED)
_6740_/CLK                              0.750000    8.173739   -7.423739 (VIOLATED)
_6877_/CLK                              0.750000    8.173738   -7.423738 (VIOLATED)
_6917_/CLK                              0.750000    8.173731   -7.423731 (VIOLATED)
_7032_/CLK                              0.750000    8.173738   -7.423738 (VIOLATED)
_6690_/CLK                              0.750000    8.173719   -7.423719 (VIOLATED)
_6699_/CLK                              0.750000    8.173719   -7.423719 (VIOLATED)
_6868_/CLK                              0.750000    8.173724   -7.423724 (VIOLATED)
_6869_/CLK                              0.750000    8.173723   -7.423723 (VIOLATED)
_6704_/CLK                              0.750000    8.173715   -7.423714 (VIOLATED)
_6781_/CLK                              0.750000    8.173721   -7.423721 (VIOLATED)
_6782_/CLK                              0.750000    8.173718   -7.423719 (VIOLATED)
_6870_/CLK                              0.750000    8.173717   -7.423717 (VIOLATED)
_6916_/CLK                              0.750000    8.173717   -7.423717 (VIOLATED)
_6918_/CLK                              0.750000    8.173717   -7.423717 (VIOLATED)
_6936_/CLK                              0.750000    8.173724   -7.423724 (VIOLATED)
_7037_/CLK                              0.750000    8.173717   -7.423717 (VIOLATED)
_6800_/CLK                              0.750000    8.173709   -7.423709 (VIOLATED)
_6871_/CLK                              0.750000    8.173715   -7.423714 (VIOLATED)
_6882_/CLK                              0.750000    8.173708   -7.423708 (VIOLATED)
_6930_/CLK                              0.750000    8.173705   -7.423706 (VIOLATED)
_6766_/CLK                              0.750000    8.173697   -7.423697 (VIOLATED)
_6772_/CLK                              0.750000    8.173696   -7.423696 (VIOLATED)
_6780_/CLK                              0.750000    8.173692   -7.423692 (VIOLATED)
_7153_/CLK                              0.750000    8.173694   -7.423694 (VIOLATED)
_6785_/CLK                              0.750000    8.173681   -7.423681 (VIOLATED)
_6873_/CLK                              0.750000    8.173684   -7.423684 (VIOLATED)
_7217_/CLK                              0.750000    8.173683   -7.423683 (VIOLATED)
_7283_/CLK                              0.750000    8.173687   -7.423687 (VIOLATED)
_7285_/CLK                              0.750000    8.173686   -7.423686 (VIOLATED)
_7316_/CLK                              0.750000    8.173685   -7.423685 (VIOLATED)
_7318_/CLK                              0.750000    8.173687   -7.423687 (VIOLATED)
_7218_/CLK                              0.750000    8.173674   -7.423674 (VIOLATED)
_7222_/CLK                              0.750000    8.173678   -7.423678 (VIOLATED)
_7348_/CLK                              0.750000    8.173678   -7.423679 (VIOLATED)
_7350_/CLK                              0.750000    8.173682   -7.423682 (VIOLATED)
_6688_/CLK                              0.750000    8.173663   -7.423663 (VIOLATED)
_6852_/CLK                              0.750000    8.173667   -7.423667 (VIOLATED)
_7352_/CLK                              0.750000    8.173675   -7.423674 (VIOLATED)
_6703_/CLK                              0.750000    8.173659   -7.423659 (VIOLATED)
_6778_/CLK                              0.750000    8.173661   -7.423661 (VIOLATED)
_6860_/CLK                              0.750000    8.173665   -7.423665 (VIOLATED)
_6783_/CLK                              0.750000    8.173656   -7.423656 (VIOLATED)
_6790_/CLK                              0.750000    8.173658   -7.423658 (VIOLATED)
_6866_/CLK                              0.750000    8.173661   -7.423661 (VIOLATED)
_6878_/CLK                              0.750000    8.173656   -7.423656 (VIOLATED)
_6914_/CLK                              0.750000    8.173662   -7.423662 (VIOLATED)
_6919_/CLK                              0.750000    8.173663   -7.423663 (VIOLATED)
_7186_/CLK                              0.750000    8.173661   -7.423661 (VIOLATED)
_7187_/CLK                              0.750000    8.173667   -7.423667 (VIOLATED)
_6926_/CLK                              0.750000    8.173658   -7.423658 (VIOLATED)
_7216_/CLK                              0.750000    8.173662   -7.423662 (VIOLATED)
_7192_/CLK                              0.750000    8.173653   -7.423653 (VIOLATED)
_6698_/CLK                              0.750000    8.173639   -7.423640 (VIOLATED)
_6787_/CLK                              0.750000    8.173635   -7.423635 (VIOLATED)
_6900_/CLK                              0.750000    8.173635   -7.423635 (VIOLATED)
_6908_/CLK                              0.750000    8.173635   -7.423635 (VIOLATED)
_6923_/CLK                              0.750000    8.173635   -7.423635 (VIOLATED)
_7191_/CLK                              0.750000    8.173639   -7.423639 (VIOLATED)
_6876_/CLK                              0.750000    8.173616   -7.423616 (VIOLATED)
_6924_/CLK                              0.750000    8.173609   -7.423609 (VIOLATED)
_6779_/CLK                              0.750000    8.173600   -7.423600 (VIOLATED)
_6849_/CLK                              0.750000    8.173598   -7.423598 (VIOLATED)
_6857_/CLK                              0.750000    8.173604   -7.423604 (VIOLATED)
_6915_/CLK                              0.750000    8.173600   -7.423600 (VIOLATED)
_7312_/CLK                              0.750000    8.173598   -7.423598 (VIOLATED)
_6788_/CLK                              0.750000    8.173579   -7.423579 (VIOLATED)
_6897_/CLK                              0.750000    8.173565   -7.423565 (VIOLATED)
_6905_/CLK                              0.750000    8.173573   -7.423572 (VIOLATED)
_7035_/CLK                              0.750000    8.173569   -7.423569 (VIOLATED)
_7036_/CLK                              0.750000    8.173569   -7.423569 (VIOLATED)
_7029_/CLK                              0.750000    8.173556   -7.423556 (VIOLATED)
_6696_/CLK                              0.750000    8.173547   -7.423546 (VIOLATED)
_7315_/CLK                              0.750000    8.173553   -7.423553 (VIOLATED)
_7317_/CLK                              0.750000    8.173553   -7.423553 (VIOLATED)
_7346_/CLK                              0.750000    8.173544   -7.423544 (VIOLATED)
_7347_/CLK                              0.750000    8.173550   -7.423550 (VIOLATED)
_7349_/CLK                              0.750000    8.173550   -7.423549 (VIOLATED)
_7351_/CLK                              0.750000    8.173553   -7.423553 (VIOLATED)
_7031_/CLK                              0.750000    8.173538   -7.423538 (VIOLATED)
_7033_/CLK                              0.750000    8.173538   -7.423538 (VIOLATED)
_7034_/CLK                              0.750000    8.173545   -7.423545 (VIOLATED)
_7379_/CLK                              0.750000    8.173543   -7.423543 (VIOLATED)
_6691_/CLK                              0.750000    8.173523   -7.423523 (VIOLATED)
_6743_/CLK                              0.750000    8.173531   -7.423531 (VIOLATED)
_7184_/CLK                              0.750000    8.173523   -7.423523 (VIOLATED)
_7345_/CLK                              0.750000    8.173530   -7.423530 (VIOLATED)
_7378_/CLK                              0.750000    8.173532   -7.423532 (VIOLATED)
_7380_/CLK                              0.750000    8.173537   -7.423538 (VIOLATED)
_6692_/CLK                              0.750000    8.173520   -7.423520 (VIOLATED)
_6737_/CLK                              0.750000    8.173520   -7.423520 (VIOLATED)
_6749_/CLK                              0.750000    8.173526   -7.423526 (VIOLATED)
_6777_/CLK                              0.750000    8.173525   -7.423525 (VIOLATED)
_6786_/CLK                              0.750000    8.173523   -7.423522 (VIOLATED)
_6813_/CLK                              0.750000    8.173522   -7.423522 (VIOLATED)
_6818_/CLK                              0.750000    8.173519   -7.423519 (VIOLATED)
_6823_/CLK                              0.750000    8.173521   -7.423521 (VIOLATED)
_6828_/CLK                              0.750000    8.173519   -7.423519 (VIOLATED)
_6874_/CLK                              0.750000    8.173523   -7.423523 (VIOLATED)
_6913_/CLK                              0.750000    8.173525   -7.423525 (VIOLATED)
_6922_/CLK                              0.750000    8.173523   -7.423523 (VIOLATED)
_6855_/CLK                              0.750000    8.173515   -7.423515 (VIOLATED)
_6863_/CLK                              0.750000    8.173517   -7.423517 (VIOLATED)
_6969_/CLK                              0.750000    8.173523   -7.423522 (VIOLATED)
_6974_/CLK                              0.750000    8.173523   -7.423522 (VIOLATED)
_7030_/CLK                              0.750000    8.173530   -7.423530 (VIOLATED)
_7185_/CLK                              0.750000    8.173519   -7.423519 (VIOLATED)
_7384_/CLK                              0.750000    8.173523   -7.423523 (VIOLATED)
_6695_/CLK                              0.750000    8.173508   -7.423507 (VIOLATED)
_6911_/CLK                              0.750000    8.173512   -7.423512 (VIOLATED)
_6854_/CLK                              0.750000    8.173504   -7.423504 (VIOLATED)
_6903_/CLK                              0.750000    8.173511   -7.423511 (VIOLATED)
_7344_/CLK                              0.750000    8.173513   -7.423513 (VIOLATED)
_7381_/CLK                              0.750000    8.173512   -7.423512 (VIOLATED)
_7382_/CLK                              0.750000    8.173515   -7.423515 (VIOLATED)
_6902_/CLK                              0.750000    8.173502   -7.423502 (VIOLATED)
_6950_/CLK                              0.750000    8.173508   -7.423507 (VIOLATED)
_6956_/CLK                              0.750000    8.173508   -7.423507 (VIOLATED)
_6962_/CLK                              0.750000    8.173506   -7.423506 (VIOLATED)
_6968_/CLK                              0.750000    8.173507   -7.423506 (VIOLATED)
_7383_/CLK                              0.750000    8.173506   -7.423506 (VIOLATED)
_6809_/CLK                              0.750000    8.173487   -7.423487 (VIOLATED)
_6862_/CLK                              0.750000    8.173491   -7.423491 (VIOLATED)
_6814_/CLK                              0.750000    8.173483   -7.423482 (VIOLATED)
_6819_/CLK                              0.750000    8.173481   -7.423481 (VIOLATED)
_6824_/CLK                              0.750000    8.173488   -7.423488 (VIOLATED)
_6888_/CLK                              0.750000    8.173488   -7.423488 (VIOLATED)
_6910_/CLK                              0.750000    8.173495   -7.423495 (VIOLATED)
_6757_/CLK                              0.750000    8.173457   -7.423457 (VIOLATED)
_6953_/CLK                              0.750000    8.173462   -7.423462 (VIOLATED)
_6965_/CLK                              0.750000    8.173466   -7.423466 (VIOLATED)
_6758_/CLK                              0.750000    8.173451   -7.423451 (VIOLATED)
_6763_/CLK                              0.750000    8.173456   -7.423456 (VIOLATED)
_6764_/CLK                              0.750000    8.173453   -7.423453 (VIOLATED)
_6769_/CLK                              0.750000    8.173457   -7.423457 (VIOLATED)
_6770_/CLK                              0.750000    8.173450   -7.423450 (VIOLATED)
_6775_/CLK                              0.750000    8.173457   -7.423457 (VIOLATED)
_6776_/CLK                              0.750000    8.173454   -7.423454 (VIOLATED)
_7376_/CLK                              0.750000    8.173457   -7.423457 (VIOLATED)
_6947_/CLK                              0.750000    8.173446   -7.423446 (VIOLATED)
_6731_/CLK                              0.750000    8.173430   -7.423430 (VIOLATED)
_6791_/CLK                              0.750000    8.173434   -7.423435 (VIOLATED)
_6959_/CLK                              0.750000    8.173437   -7.423437 (VIOLATED)
_6942_/CLK                              0.750000    8.173413   -7.423413 (VIOLATED)
_6687_/CLK                              0.750000    8.173399   -7.423399 (VIOLATED)
_6894_/CLK                              0.750000    8.173407   -7.423406 (VIOLATED)
_6701_/CLK                              0.750000    8.173397   -7.423397 (VIOLATED)
_6865_/CLK                              0.750000    8.173398   -7.423398 (VIOLATED)
_6879_/CLK                              0.750000    8.173393   -7.423393 (VIOLATED)
_6927_/CLK                              0.750000    8.173396   -7.423396 (VIOLATED)
_7387_/CLK                              0.750000    8.173368   -7.423367 (VIOLATED)
_7375_/CLK                              0.750000    8.173357   -7.423357 (VIOLATED)
_7089_/CLK                              0.750000    8.173318   -7.423318 (VIOLATED)
_7385_/CLK                              0.750000    8.173324   -7.423324 (VIOLATED)
_7120_/CLK                              0.750000    8.173311   -7.423311 (VIOLATED)
_7122_/CLK                              0.750000    8.173316   -7.423316 (VIOLATED)
_7127_/CLK                              0.750000    8.173317   -7.423317 (VIOLATED)
_7163_/CLK                              0.750000    8.173309   -7.423309 (VIOLATED)
_7220_/CLK                              0.750000    8.173314   -7.423314 (VIOLATED)
_7254_/CLK                              0.750000    8.173319   -7.423319 (VIOLATED)
_7119_/CLK                              0.750000    8.173301   -7.423300 (VIOLATED)
_7121_/CLK                              0.750000    8.173303   -7.423302 (VIOLATED)
_7151_/CLK                              0.750000    8.173304   -7.423304 (VIOLATED)
_7154_/CLK                              0.750000    8.173309   -7.423309 (VIOLATED)
_7224_/CLK                              0.750000    8.173306   -7.423306 (VIOLATED)
_7227_/CLK                              0.750000    8.173306   -7.423306 (VIOLATED)
_7248_/CLK                              0.750000    8.173308   -7.423308 (VIOLATED)
_7249_/CLK                              0.750000    8.173315   -7.423315 (VIOLATED)
_7250_/CLK                              0.750000    8.173310   -7.423310 (VIOLATED)
_7255_/CLK                              0.750000    8.173315   -7.423315 (VIOLATED)
_7279_/CLK                              0.750000    8.173307   -7.423307 (VIOLATED)
_7281_/CLK                              0.750000    8.173315   -7.423315 (VIOLATED)
_7282_/CLK                              0.750000    8.173310   -7.423310 (VIOLATED)
_6880_/CLK                              0.750000    8.173295   -7.423295 (VIOLATED)
_7012_/CLK                              0.750000    8.173302   -7.423301 (VIOLATED)
_7313_/CLK                              0.750000    8.173308   -7.423308 (VIOLATED)
_7152_/CLK                              0.750000    8.173295   -7.423295 (VIOLATED)
_7280_/CLK                              0.750000    8.173298   -7.423298 (VIOLATED)
_7290_/CLK                              0.750000    8.173300   -7.423299 (VIOLATED)
_7311_/CLK                              0.750000    8.173290   -7.423291 (VIOLATED)
_7322_/CLK                              0.750000    8.173290   -7.423290 (VIOLATED)
_7195_/CLK                              0.750000    8.173282   -7.423282 (VIOLATED)
_7223_/CLK                              0.750000    8.173288   -7.423288 (VIOLATED)
_7226_/CLK                              0.750000    8.173278   -7.423278 (VIOLATED)
_7386_/CLK                              0.750000    8.173279   -7.423279 (VIOLATED)
_7225_/CLK                              0.750000    8.173267   -7.423267 (VIOLATED)
_7354_/CLK                              0.750000    8.173269   -7.423269 (VIOLATED)
_6702_/CLK                              0.750000    8.173252   -7.423252 (VIOLATED)
_6792_/CLK                              0.750000    8.173258   -7.423258 (VIOLATED)
_6928_/CLK                              0.750000    8.173251   -7.423251 (VIOLATED)
_7193_/CLK                              0.750000    8.173255   -7.423255 (VIOLATED)
_7039_/CLK                              0.750000    8.173226   -7.423227 (VIOLATED)
_7040_/CLK                              0.750000    8.173231   -7.423231 (VIOLATED)
_7183_/CLK                              0.750000    8.173238   -7.423237 (VIOLATED)
_7343_/CLK                              0.750000    8.173239   -7.423238 (VIOLATED)
_6689_/CLK                              0.750000    8.173195   -7.423195 (VIOLATED)
_6697_/CLK                              0.750000    8.173198   -7.423197 (VIOLATED)
_6700_/CLK                              0.750000    8.173191   -7.423191 (VIOLATED)
_6710_/CLK                              0.750000    8.173199   -7.423198 (VIOLATED)
_6867_/CLK                              0.750000    8.173195   -7.423195 (VIOLATED)
_6875_/CLK                              0.750000    8.173198   -7.423197 (VIOLATED)
_7377_/CLK                              0.750000    8.173200   -7.423199 (VIOLATED)
_7038_/CLK                              0.750000    8.173189   -7.423189 (VIOLATED)
_7041_/CLK                              0.750000    8.173164   -7.423164 (VIOLATED)
_6806_/CLK                              0.750000    8.173143   -7.423143 (VIOLATED)
_6904_/CLK                              0.750000    8.173143   -7.423143 (VIOLATED)
_6912_/CLK                              0.750000    8.173132   -7.423131 (VIOLATED)
_7388_/CLK                              0.750000    8.173121   -7.423121 (VIOLATED)
_6864_/CLK                              0.750000    8.173059   -7.423060 (VIOLATED)
_6856_/CLK                              0.750000    8.173045   -7.423046 (VIOLATED)
_7389_/CLK                              0.750000    8.173035   -7.423035 (VIOLATED)
_7391_/CLK                              0.750000    8.173035   -7.423035 (VIOLATED)
_7392_/CLK                              0.750000    8.173006   -7.423007 (VIOLATED)
_6944_/CLK                              0.750000    8.172901   -7.422901 (VIOLATED)
_6808_/CLK                              0.750000    8.172889   -7.422888 (VIOLATED)
_6988_/CLK                              0.750000    8.172866   -7.422866 (VIOLATED)
_6989_/CLK                              0.750000    8.172868   -7.422868 (VIOLATED)
_6990_/CLK                              0.750000    8.172865   -7.422865 (VIOLATED)
_7042_/CLK                              0.750000    8.172873   -7.422872 (VIOLATED)
_7196_/CLK                              0.750000    8.172873   -7.422872 (VIOLATED)
_7198_/CLK                              0.750000    8.172870   -7.422870 (VIOLATED)
_7357_/CLK                              0.750000    8.172873   -7.422873 (VIOLATED)
_7359_/CLK                              0.750000    8.172873   -7.422872 (VIOLATED)
_7045_/CLK                              0.750000    8.172862   -7.422862 (VIOLATED)
_7390_/CLK                              0.750000    8.172860   -7.422860 (VIOLATED)
_6718_/CLK                              0.750000    8.172821   -7.422821 (VIOLATED)
_6796_/CLK                              0.750000    8.172823   -7.422822 (VIOLATED)
_6884_/CLK                              0.750000    8.172824   -7.422823 (VIOLATED)
_6896_/CLK                              0.750000    8.172823   -7.422822 (VIOLATED)
_6932_/CLK                              0.750000    8.172824   -7.422823 (VIOLATED)
_7043_/CLK                              0.750000    8.172829   -7.422829 (VIOLATED)
_7003_/CLK                              0.750000    8.172770   -7.422769 (VIOLATED)
_6991_/CLK                              0.750000    8.172725   -7.422725 (VIOLATED)
_6992_/CLK                              0.750000    8.172724   -7.422724 (VIOLATED)
_6706_/CLK                              0.750000    8.172631   -7.422632 (VIOLATED)
_6994_/CLK                              0.750000    8.172549   -7.422549 (VIOLATED)
_7004_/CLK                              0.750000    8.172466   -7.422466 (VIOLATED)
_6987_/CLK                              0.750000    8.172416   -7.422416 (VIOLATED)
_6993_/CLK                              0.750000    8.172414   -7.422414 (VIOLATED)
_7044_/CLK                              0.750000    8.172416   -7.422416 (VIOLATED)
_7052_/CLK                              0.750000    8.172419   -7.422419 (VIOLATED)
_7053_/CLK                              0.750000    8.172412   -7.422412 (VIOLATED)
_6995_/CLK                              0.750000    8.172331   -7.422330 (VIOLATED)
_7001_/CLK                              0.750000    8.172332   -7.422331 (VIOLATED)
_7002_/CLK                              0.750000    8.172334   -7.422333 (VIOLATED)
_7005_/CLK                              0.750000    8.172335   -7.422335 (VIOLATED)
_7006_/CLK                              0.750000    8.172336   -7.422336 (VIOLATED)
_7007_/CLK                              0.750000    8.172337   -7.422337 (VIOLATED)
_7008_/CLK                              0.750000    8.172337   -7.422337 (VIOLATED)
_6934_/CLK                              0.750000    8.172254   -7.422253 (VIOLATED)
_6996_/CLK                              0.750000    8.172219   -7.422219 (VIOLATED)
_6886_/CLK                              0.750000    8.172204   -7.422204 (VIOLATED)
_6998_/CLK                              0.750000    8.172158   -7.422158 (VIOLATED)
_6708_/CLK                              0.750000    8.172143   -7.422143 (VIOLATED)
_6798_/CLK                              0.750000    8.172143   -7.422143 (VIOLATED)
_7000_/CLK                              0.750000    8.172055   -7.422055 (VIOLATED)
_6795_/CLK                              0.750000    8.172030   -7.422030 (VIOLATED)
_6883_/CLK                              0.750000    8.172029   -7.422029 (VIOLATED)
_6931_/CLK                              0.750000    8.172030   -7.422030 (VIOLATED)
_6705_/CLK                              0.750000    8.172013   -7.422013 (VIOLATED)
_6885_/CLK                              0.750000    8.171802   -7.421801 (VIOLATED)
_6890_/CLK                              0.750000    8.171773   -7.421773 (VIOLATED)
_7400_/CLK                              0.750000    8.171773   -7.421773 (VIOLATED)
_7011_/CLK                              0.750000    8.171730   -7.421730 (VIOLATED)
_7014_/CLK                              0.750000    8.171726   -7.421727 (VIOLATED)
_7055_/CLK                              0.750000    8.171728   -7.421728 (VIOLATED)
_7090_/CLK                              0.750000    8.171732   -7.421732 (VIOLATED)
_7094_/CLK                              0.750000    8.171729   -7.421729 (VIOLATED)
_7099_/CLK                              0.750000    8.171727   -7.421728 (VIOLATED)
_7188_/CLK                              0.750000    8.171732   -7.421732 (VIOLATED)
_7189_/CLK                              0.750000    8.171731   -7.421731 (VIOLATED)
_7256_/CLK                              0.750000    8.171729   -7.421729 (VIOLATED)
_7259_/CLK                              0.750000    8.171728   -7.421728 (VIOLATED)
_7253_/CLK                              0.750000    8.171721   -7.421721 (VIOLATED)
_7013_/CLK                              0.750000    8.171709   -7.421709 (VIOLATED)
_7015_/CLK                              0.750000    8.171710   -7.421710 (VIOLATED)
_7131_/CLK                              0.750000    8.171713   -7.421712 (VIOLATED)
_7258_/CLK                              0.750000    8.171710   -7.421710 (VIOLATED)
_7162_/CLK                              0.750000    8.171700   -7.421700 (VIOLATED)
_7215_/CLK                              0.750000    8.171691   -7.421691 (VIOLATED)
_7289_/CLK                              0.750000    8.171684   -7.421684 (VIOLATED)
_7321_/CLK                              0.750000    8.171679   -7.421679 (VIOLATED)
_7247_/CLK                              0.750000    8.171667   -7.421667 (VIOLATED)
_7356_/CLK                              0.750000    8.171673   -7.421672 (VIOLATED)
_7293_/CLK                              0.750000    8.171654   -7.421654 (VIOLATED)
_6797_/CLK                              0.750000    8.171636   -7.421635 (VIOLATED)
_6802_/CLK                              0.750000    8.171636   -7.421635 (VIOLATED)
_6889_/CLK                              0.750000    8.171635   -7.421634 (VIOLATED)
_6933_/CLK                              0.750000    8.171634   -7.421633 (VIOLATED)
_6937_/CLK                              0.750000    8.171635   -7.421634 (VIOLATED)
_6938_/CLK                              0.750000    8.171636   -7.421635 (VIOLATED)
_7229_/CLK                              0.750000    8.171637   -7.421637 (VIOLATED)
_7104_/CLK                              0.750000    8.171623   -7.421624 (VIOLATED)
_7133_/CLK                              0.750000    8.171621   -7.421621 (VIOLATED)
_7165_/CLK                              0.750000    8.171623   -7.421624 (VIOLATED)
_7261_/CLK                              0.750000    8.171623   -7.421624 (VIOLATED)
_7296_/CLK                              0.750000    8.171628   -7.421628 (VIOLATED)
_7324_/CLK                              0.750000    8.171623   -7.421624 (VIOLATED)
_7326_/CLK                              0.750000    8.171623   -7.421624 (VIOLATED)
_7358_/CLK                              0.750000    8.171623   -7.421624 (VIOLATED)
_6982_/CLK                              0.750000    8.171614   -7.421614 (VIOLATED)
_7021_/CLK                              0.750000    8.171609   -7.421609 (VIOLATED)
_7134_/CLK                              0.750000    8.171613   -7.421613 (VIOLATED)
_7136_/CLK                              0.750000    8.171612   -7.421612 (VIOLATED)
_7166_/CLK                              0.750000    8.171613   -7.421613 (VIOLATED)
_7168_/CLK                              0.750000    8.171616   -7.421616 (VIOLATED)
_7262_/CLK                              0.750000    8.171611   -7.421611 (VIOLATED)
_7028_/CLK                              0.750000    8.171601   -7.421601 (VIOLATED)
_7194_/CLK                              0.750000    8.171602   -7.421602 (VIOLATED)
_7197_/CLK                              0.750000    8.171597   -7.421598 (VIOLATED)
_7228_/CLK                              0.750000    8.171599   -7.421599 (VIOLATED)
_7264_/CLK                              0.750000    8.171605   -7.421605 (VIOLATED)
_7325_/CLK                              0.750000    8.171601   -7.421601 (VIOLATED)
_7353_/CLK                              0.750000    8.171603   -7.421603 (VIOLATED)
_7200_/CLK                              0.750000    8.171586   -7.421586 (VIOLATED)
_7230_/CLK                              0.750000    8.171593   -7.421592 (VIOLATED)
_7232_/CLK                              0.750000    8.171595   -7.421594 (VIOLATED)
_7295_/CLK                              0.750000    8.171593   -7.421592 (VIOLATED)
_7328_/CLK                              0.750000    8.171591   -7.421591 (VIOLATED)
_7327_/CLK                              0.750000    8.171583   -7.421583 (VIOLATED)
_7360_/CLK                              0.750000    8.171589   -7.421589 (VIOLATED)
_6707_/CLK                              0.750000    8.171579   -7.421579 (VIOLATED)
_6709_/CLK                              0.750000    8.171548   -7.421548 (VIOLATED)
_6799_/CLK                              0.750000    8.171547   -7.421547 (VIOLATED)
_7199_/CLK                              0.750000    8.171547   -7.421547 (VIOLATED)
_7404_/CLK                              0.750000    8.171548   -7.421548 (VIOLATED)
_7364_/CLK                              0.750000    8.171519   -7.421520 (VIOLATED)
_6985_/CLK                              0.750000    8.171510   -7.421510 (VIOLATED)
_6986_/CLK                              0.750000    8.171510   -7.421510 (VIOLATED)
_7394_/CLK                              0.750000    8.171494   -7.421494 (VIOLATED)
_7396_/CLK                              0.750000    8.171480   -7.421481 (VIOLATED)
_7049_/CLK                              0.750000    8.171464   -7.421463 (VIOLATED)
_7047_/CLK                              0.750000    8.171434   -7.421434 (VIOLATED)
_7046_/CLK                              0.750000    8.171419   -7.421419 (VIOLATED)
_7135_/CLK                              0.750000    8.171425   -7.421424 (VIOLATED)
_7204_/CLK                              0.750000    8.171423   -7.421423 (VIOLATED)
_7263_/CLK                              0.750000    8.171425   -7.421424 (VIOLATED)
_7268_/CLK                              0.750000    8.171421   -7.421421 (VIOLATED)
_7332_/CLK                              0.750000    8.171425   -7.421424 (VIOLATED)
_7393_/CLK                              0.750000    8.171410   -7.421410 (VIOLATED)
_7063_/CLK                              0.750000    8.171389   -7.421388 (VIOLATED)
_7064_/CLK                              0.750000    8.171388   -7.421387 (VIOLATED)
_7067_/CLK                              0.750000    8.171387   -7.421386 (VIOLATED)
_7098_/CLK                              0.750000    8.171386   -7.421385 (VIOLATED)
_7050_/CLK                              0.750000    8.171376   -7.421377 (VIOLATED)
_7065_/CLK                              0.750000    8.171376   -7.421376 (VIOLATED)
_7066_/CLK                              0.750000    8.171376   -7.421376 (VIOLATED)
_7097_/CLK                              0.750000    8.171376   -7.421377 (VIOLATED)
_7129_/CLK                              0.750000    8.171382   -7.421382 (VIOLATED)
_7130_/CLK                              0.750000    8.171384   -7.421384 (VIOLATED)
_7161_/CLK                              0.750000    8.171379   -7.421379 (VIOLATED)
_7257_/CLK                              0.750000    8.171382   -7.421382 (VIOLATED)
_7292_/CLK                              0.750000    8.171377   -7.421378 (VIOLATED)
_7294_/CLK                              0.750000    8.171377   -7.421378 (VIOLATED)
_7068_/CLK                              0.750000    8.171367   -7.421367 (VIOLATED)
_7100_/CLK                              0.750000    8.171371   -7.421371 (VIOLATED)
_7101_/CLK                              0.750000    8.171374   -7.421374 (VIOLATED)
_7102_/CLK                              0.750000    8.171376   -7.421377 (VIOLATED)
_6887_/CLK                              0.750000    8.171362   -7.421361 (VIOLATED)
_6895_/CLK                              0.750000    8.171361   -7.421360 (VIOLATED)
_6935_/CLK                              0.750000    8.171362   -7.421361 (VIOLATED)
_6943_/CLK                              0.750000    8.171361   -7.421360 (VIOLATED)
_7016_/CLK                              0.750000    8.171365   -7.421365 (VIOLATED)
_7069_/CLK                              0.750000    8.171363   -7.421362 (VIOLATED)
_7132_/CLK                              0.750000    8.171364   -7.421364 (VIOLATED)
_7164_/CLK                              0.750000    8.171364   -7.421363 (VIOLATED)
_7260_/CLK                              0.750000    8.171365   -7.421365 (VIOLATED)
_6997_/CLK                              0.750000    8.171355   -7.421355 (VIOLATED)
_7070_/CLK                              0.750000    8.171346   -7.421346 (VIOLATED)
_7071_/CLK                              0.750000    8.171338   -7.421338 (VIOLATED)
_7072_/CLK                              0.750000    8.171332   -7.421332 (VIOLATED)
_7051_/CLK                              0.750000    8.171320   -7.421320 (VIOLATED)
_7073_/CLK                              0.750000    8.171313   -7.421314 (VIOLATED)
_6807_/CLK                              0.750000    8.171292   -7.421292 (VIOLATED)
_7074_/CLK                              0.750000    8.171294   -7.421294 (VIOLATED)
_7205_/CLK                              0.750000    8.171288   -7.421288 (VIOLATED)
_7076_/CLK                              0.750000    8.171277   -7.421277 (VIOLATED)
_6999_/CLK                              0.750000    8.171268   -7.421268 (VIOLATED)
_7054_/CLK                              0.750000    8.171268   -7.421268 (VIOLATED)
_7077_/CLK                              0.750000    8.171264   -7.421264 (VIOLATED)
_7406_/CLK                              0.750000    8.171260   -7.421259 (VIOLATED)
_7075_/CLK                              0.750000    8.171248   -7.421249 (VIOLATED)
_6979_/CLK                              0.750000    8.171240   -7.421240 (VIOLATED)
_6980_/CLK                              0.750000    8.171240   -7.421240 (VIOLATED)
_6981_/CLK                              0.750000    8.171241   -7.421241 (VIOLATED)
_7078_/CLK                              0.750000    8.171232   -7.421232 (VIOLATED)
_7106_/CLK                              0.750000    8.171237   -7.421237 (VIOLATED)
_7108_/CLK                              0.750000    8.171237   -7.421237 (VIOLATED)
_7266_/CLK                              0.750000    8.171238   -7.421238 (VIOLATED)
_7298_/CLK                              0.750000    8.171239   -7.421239 (VIOLATED)
_7397_/CLK                              0.750000    8.171240   -7.421240 (VIOLATED)
_7398_/CLK                              0.750000    8.171241   -7.421241 (VIOLATED)
_7105_/CLK                              0.750000    8.171229   -7.421229 (VIOLATED)
_7107_/CLK                              0.750000    8.171226   -7.421226 (VIOLATED)
_7137_/CLK                              0.750000    8.171233   -7.421233 (VIOLATED)
_7138_/CLK                              0.750000    8.171236   -7.421237 (VIOLATED)
_7265_/CLK                              0.750000    8.171229   -7.421229 (VIOLATED)
_7267_/CLK                              0.750000    8.171226   -7.421226 (VIOLATED)
_7139_/CLK                              0.750000    8.171210   -7.421210 (VIOLATED)
_7405_/CLK                              0.750000    8.171201   -7.421201 (VIOLATED)
_7331_/CLK                              0.750000    8.171193   -7.421193 (VIOLATED)
_7299_/CLK                              0.750000    8.171179   -7.421178 (VIOLATED)
_7020_/CLK                              0.750000    8.171166   -7.421166 (VIOLATED)
_7203_/CLK                              0.750000    8.171165   -7.421165 (VIOLATED)
_7363_/CLK                              0.750000    8.171164   -7.421164 (VIOLATED)
_7402_/CLK                              0.750000    8.171169   -7.421170 (VIOLATED)
_6803_/CLK                              0.750000    8.171157   -7.421156 (VIOLATED)
_6804_/CLK                              0.750000    8.171157   -7.421156 (VIOLATED)
_6939_/CLK                              0.750000    8.171157   -7.421157 (VIOLATED)
_6940_/CLK                              0.750000    8.171157   -7.421156 (VIOLATED)
_7233_/CLK                              0.750000    8.171147   -7.421147 (VIOLATED)
_6717_/CLK                              0.750000    8.171137   -7.421137 (VIOLATED)
_6801_/CLK                              0.750000    8.171137   -7.421137 (VIOLATED)
_6712_/CLK                              0.750000    8.171129   -7.421129 (VIOLATED)
_7141_/CLK                              0.750000    8.171135   -7.421135 (VIOLATED)
_7235_/CLK                              0.750000    8.171128   -7.421128 (VIOLATED)
_7269_/CLK                              0.750000    8.171134   -7.421134 (VIOLATED)
_7146_/CLK                              0.750000    8.171112   -7.421112 (VIOLATED)
_7272_/CLK                              0.750000    8.171107   -7.421107 (VIOLATED)
_7274_/CLK                              0.750000    8.171113   -7.421113 (VIOLATED)
_7301_/CLK                              0.750000    8.171115   -7.421114 (VIOLATED)
_7109_/CLK                              0.750000    8.171096   -7.421096 (VIOLATED)
_7110_/CLK                              0.750000    8.171093   -7.421093 (VIOLATED)
_7169_/CLK                              0.750000    8.171097   -7.421097 (VIOLATED)
_7171_/CLK                              0.750000    8.171096   -7.421096 (VIOLATED)
_7173_/CLK                              0.750000    8.171089   -7.421089 (VIOLATED)
_7201_/CLK                              0.750000    8.171096   -7.421096 (VIOLATED)
_7333_/CLK                              0.750000    8.171087   -7.421087 (VIOLATED)
_7336_/CLK                              0.750000    8.171084   -7.421084 (VIOLATED)
_7368_/CLK                              0.750000    8.171067   -7.421068 (VIOLATED)
_7009_/CLK                              0.750000    8.171046   -7.421046 (VIOLATED)
_7010_/CLK                              0.750000    8.171047   -7.421047 (VIOLATED)
_7079_/CLK                              0.750000    8.171046   -7.421046 (VIOLATED)
_7080_/CLK                              0.750000    8.171047   -7.421047 (VIOLATED)
_7023_/CLK                              0.750000    8.171040   -7.421039 (VIOLATED)
_7024_/CLK                              0.750000    8.171040   -7.421039 (VIOLATED)
_7081_/CLK                              0.750000    8.171043   -7.421043 (VIOLATED)
_7082_/CLK                              0.750000    8.171046   -7.421046 (VIOLATED)
_7083_/CLK                              0.750000    8.171043   -7.421043 (VIOLATED)
_7084_/CLK                              0.750000    8.171042   -7.421042 (VIOLATED)
_7085_/CLK                              0.750000    8.171045   -7.421045 (VIOLATED)
_7086_/CLK                              0.750000    8.171042   -7.421042 (VIOLATED)
_7112_/CLK                              0.750000    8.171039   -7.421038 (VIOLATED)
_7114_/CLK                              0.750000    8.171041   -7.421041 (VIOLATED)
_7210_/CLK                              0.750000    8.171040   -7.421039 (VIOLATED)
_7211_/CLK                              0.750000    8.171045   -7.421045 (VIOLATED)
_7019_/CLK                              0.750000    8.171031   -7.421031 (VIOLATED)
_7111_/CLK                              0.750000    8.171029   -7.421030 (VIOLATED)
_7143_/CLK                              0.750000    8.171031   -7.421031 (VIOLATED)
_7239_/CLK                              0.750000    8.171031   -7.421031 (VIOLATED)
_7242_/CLK                              0.750000    8.171039   -7.421038 (VIOLATED)
_7306_/CLK                              0.750000    8.171034   -7.421034 (VIOLATED)
_7338_/CLK                              0.750000    8.171028   -7.421029 (VIOLATED)
_7145_/CLK                              0.750000    8.171015   -7.421014 (VIOLATED)
_7113_/CLK                              0.750000    8.171005   -7.421005 (VIOLATED)
_7178_/CLK                              0.750000    8.171011   -7.421010 (VIOLATED)
_7207_/CLK                              0.750000    8.171015   -7.421014 (VIOLATED)
_6892_/CLK                              0.750000    8.170981   -7.420981 (VIOLATED)
_7307_/CLK                              0.750000    8.170981   -7.420981 (VIOLATED)
_6714_/CLK                              0.750000    8.170929   -7.420929 (VIOLATED)
_6983_/CLK                              0.750000    8.170922   -7.420922 (VIOLATED)
_6984_/CLK                              0.750000    8.170921   -7.420921 (VIOLATED)
_7017_/CLK                              0.750000    8.170919   -7.420919 (VIOLATED)
_7018_/CLK                              0.750000    8.170919   -7.420919 (VIOLATED)
_7103_/CLK                              0.750000    8.170919   -7.420919 (VIOLATED)
_7140_/CLK                              0.750000    8.170913   -7.420913 (VIOLATED)
_7167_/CLK                              0.750000    8.170918   -7.420918 (VIOLATED)
_7170_/CLK                              0.750000    8.170918   -7.420918 (VIOLATED)
_7179_/CLK                              0.750000    8.170923   -7.420923 (VIOLATED)
_7172_/CLK                              0.750000    8.170915   -7.420915 (VIOLATED)
_7202_/CLK                              0.750000    8.170919   -7.420919 (VIOLATED)
_7231_/CLK                              0.750000    8.170918   -7.420918 (VIOLATED)
_7234_/CLK                              0.750000    8.170919   -7.420919 (VIOLATED)
_7297_/CLK                              0.750000    8.170914   -7.420914 (VIOLATED)
_7300_/CLK                              0.750000    8.170917   -7.420917 (VIOLATED)
_7330_/CLK                              0.750000    8.170921   -7.420921 (VIOLATED)
_7362_/CLK                              0.750000    8.170920   -7.420920 (VIOLATED)
_7329_/CLK                              0.750000    8.170910   -7.420909 (VIOLATED)
_7236_/CLK                              0.750000    8.170901   -7.420901 (VIOLATED)
_7361_/CLK                              0.750000    8.170905   -7.420905 (VIOLATED)
_7022_/CLK                              0.750000    8.170887   -7.420887 (VIOLATED)
_7048_/CLK                              0.750000    8.170894   -7.420894 (VIOLATED)
_7175_/CLK                              0.750000    8.170888   -7.420888 (VIOLATED)
_7273_/CLK                              0.750000    8.170886   -7.420887 (VIOLATED)
_7147_/CLK                              0.750000    8.170877   -7.420877 (VIOLATED)
_7177_/CLK                              0.750000    8.170882   -7.420882 (VIOLATED)
_7240_/CLK                              0.750000    8.170882   -7.420882 (VIOLATED)
_7241_/CLK                              0.750000    8.170883   -7.420883 (VIOLATED)
_7271_/CLK                              0.750000    8.170888   -7.420888 (VIOLATED)
_7303_/CLK                              0.750000    8.170885   -7.420885 (VIOLATED)
_7304_/CLK                              0.750000    8.170888   -7.420888 (VIOLATED)
_7395_/CLK                              0.750000    8.170885   -7.420886 (VIOLATED)
_7275_/CLK                              0.750000    8.170877   -7.420877 (VIOLATED)
_7305_/CLK                              0.750000    8.170884   -7.420884 (VIOLATED)
_7335_/CLK                              0.750000    8.170884   -7.420884 (VIOLATED)
_7337_/CLK                              0.750000    8.170884   -7.420884 (VIOLATED)
_7367_/CLK                              0.750000    8.170886   -7.420887 (VIOLATED)
_7369_/CLK                              0.750000    8.170877   -7.420877 (VIOLATED)
_7118_/CLK                              0.750000    8.170865   -7.420865 (VIOLATED)
_7142_/CLK                              0.750000    8.170864   -7.420864 (VIOLATED)
_7180_/CLK                              0.750000    8.170872   -7.420871 (VIOLATED)
_7206_/CLK                              0.750000    8.170878   -7.420878 (VIOLATED)
_7209_/CLK                              0.750000    8.170885   -7.420885 (VIOLATED)
_7212_/CLK                              0.750000    8.170874   -7.420874 (VIOLATED)
_7243_/CLK                              0.750000    8.170878   -7.420878 (VIOLATED)
_7026_/CLK                              0.750000    8.170868   -7.420868 (VIOLATED)
_7027_/CLK                              0.750000    8.170868   -7.420868 (VIOLATED)
_7144_/CLK                              0.750000    8.170862   -7.420862 (VIOLATED)
_7148_/CLK                              0.750000    8.170860   -7.420861 (VIOLATED)
_7174_/CLK                              0.750000    8.170863   -7.420863 (VIOLATED)
_7182_/CLK                              0.750000    8.170859   -7.420860 (VIOLATED)
_7208_/CLK                              0.750000    8.170864   -7.420864 (VIOLATED)
_7276_/CLK                              0.750000    8.170867   -7.420867 (VIOLATED)
_7214_/CLK                              0.750000    8.170859   -7.420859 (VIOLATED)
_7237_/CLK                              0.750000    8.170861   -7.420861 (VIOLATED)
_7238_/CLK                              0.750000    8.170869   -7.420868 (VIOLATED)
_7244_/CLK                              0.750000    8.170867   -7.420867 (VIOLATED)
_7245_/CLK                              0.750000    8.170868   -7.420868 (VIOLATED)
_7246_/CLK                              0.750000    8.170867   -7.420867 (VIOLATED)
_7270_/CLK                              0.750000    8.170861   -7.420861 (VIOLATED)
_7277_/CLK                              0.750000    8.170855   -7.420855 (VIOLATED)
_7117_/CLK                              0.750000    8.170846   -7.420846 (VIOLATED)
_7150_/CLK                              0.750000    8.170842   -7.420842 (VIOLATED)
_7278_/CLK                              0.750000    8.170849   -7.420849 (VIOLATED)
_7339_/CLK                              0.750000    8.170854   -7.420854 (VIOLATED)
_7365_/CLK                              0.750000    8.170860   -7.420861 (VIOLATED)
_7366_/CLK                              0.750000    8.170863   -7.420863 (VIOLATED)
_7025_/CLK                              0.750000    8.170825   -7.420825 (VIOLATED)
_7115_/CLK                              0.750000    8.170825   -7.420825 (VIOLATED)
_7149_/CLK                              0.750000    8.170825   -7.420825 (VIOLATED)
_7176_/CLK                              0.750000    8.170826   -7.420826 (VIOLATED)
_7181_/CLK                              0.750000    8.170823   -7.420823 (VIOLATED)
_7213_/CLK                              0.750000    8.170819   -7.420819 (VIOLATED)
_7370_/CLK                              0.750000    8.170825   -7.420825 (VIOLATED)
_7371_/CLK                              0.750000    8.170829   -7.420829 (VIOLATED)
_7401_/CLK                              0.750000    8.170832   -7.420831 (VIOLATED)
_7302_/CLK                              0.750000    8.170812   -7.420812 (VIOLATED)
_7309_/CLK                              0.750000    8.170805   -7.420805 (VIOLATED)
_7334_/CLK                              0.750000    8.170812   -7.420812 (VIOLATED)
_7399_/CLK                              0.750000    8.170811   -7.420811 (VIOLATED)
_7116_/CLK                              0.750000    8.170791   -7.420790 (VIOLATED)
_7340_/CLK                              0.750000    8.170793   -7.420792 (VIOLATED)
_7341_/CLK                              0.750000    8.170774   -7.420774 (VIOLATED)
_7373_/CLK                              0.750000    8.170774   -7.420774 (VIOLATED)
_7403_/CLK                              0.750000    8.170773   -7.420773 (VIOLATED)
_6715_/CLK                              0.750000    8.170758   -7.420758 (VIOLATED)
_6805_/CLK                              0.750000    8.170760   -7.420760 (VIOLATED)
_6891_/CLK                              0.750000    8.170760   -7.420760 (VIOLATED)
_6893_/CLK                              0.750000    8.170759   -7.420759 (VIOLATED)
_6941_/CLK                              0.750000    8.170761   -7.420761 (VIOLATED)
_7308_/CLK                              0.750000    8.170739   -7.420739 (VIOLATED)
_7310_/CLK                              0.750000    8.170739   -7.420739 (VIOLATED)
_7342_/CLK                              0.750000    8.170738   -7.420738 (VIOLATED)
_7372_/CLK                              0.750000    8.170743   -7.420743 (VIOLATED)
_7374_/CLK                              0.750000    8.170737   -7.420737 (VIOLATED)
_6716_/CLK                              0.750000    8.170715   -7.420715 (VIOLATED)
_6711_/CLK                              0.750000    8.170696   -7.420696 (VIOLATED)
_6713_/CLK                              0.750000    8.170608   -7.420608 (VIOLATED)
clk                                     0.750000    8.169586   -7.419586 (VIOLATED)

max fanout

Pin                                   Limit Fanout  Slack
---------------------------------------------------------
clk                                      10    720   -710 (VIOLATED)

max capacitance

Pin                                        Limit         Cap       Slack
------------------------------------------------------------------------
clk                                     0.200000    1.847040   -1.647040 (VIOLATED)



===========================================================================
report_parasitic_annotation -report_unannotated
============================================================================
Found 5 unannotated drivers.
 _7407_/LO
 _7408_/LO
 _7409_/HI
 _7410_/HI
 _7411_/HI
Found 0 partially unannotated drivers.

===========================================================================
max slew violation count 721
Writing metric design__max_slew_violation__count__corner:nom_tt_025C_1v80: 721
max fanout violation count 1
Writing metric design__max_fanout_violation__count__corner:nom_tt_025C_1v80: 1
max cap violation count 1
Writing metric design__max_cap_violation__count__corner:nom_tt_025C_1v80: 1
============================================================================

===========================================================================
check_setup -verbose -unconstrained_endpoints -multiple_clock -no_clock -no_input_delay -loops -generated_clocks
===========================================================================
