Clock: clk
Sources: clk 
Generated: no
Virtual: yes
Propagated: no
Period: 25.000000

===========================================================================
report_clock_properties
============================================================================
Clock                   Period          Waveform
----------------------------------------------------
clk                  25.000000    0.000000 12.500000

===========================================================================
report_clock_latency
============================================================================
Clock clk
rise -> rise
    min     max
0.000000 0.000000 source latency
5.625494         network latency _6713_/CLK
        5.704909 network latency _7056_/CLK
---------------
5.625494 5.704909 latency
        0.079415 skew

fall -> fall
    min     max
0.000000 0.000000 source latency
2.777970         network latency _6713_/CLK
        2.852010 network latency _7056_/CLK
---------------
2.777970 2.852010 latency
        0.074040 skew



===========================================================================
report_clock_min_period
============================================================================
clk period_min = 8.50 fmax = 117.68
