
===========================================================================
report_checks -unconstrained
===========================================================================
======================= max_tt_025C_1v80 Corner ===================================

Startpoint: reset (input port clocked by clk)
Endpoint: _7029_ (recovery check against rising-edge clock clk)
Path Group: asynchronous
Path Type: max

Fanout         Cap        Slew       Delay        Time   Description
---------------------------------------------------------------------------------------------
                                  0.000000    0.000000   clock clk (rise edge)
                                  0.000000    0.000000   clock network delay (propagated)
                                  5.000000    5.000000 v input external delay
     1    0.004873    0.013334    0.007976    5.007976 v reset (in)
                                                         reset (net)
                      0.013337    0.000000    5.007976 v fanout73/A (sky130_fd_sc_hd__buf_1)
     3    0.014823    0.091315    0.126522    5.134498 v fanout73/X (sky130_fd_sc_hd__buf_1)
                                                         net73 (net)
                      0.091332    0.001236    5.135734 v place548/A (sky130_fd_sc_hd__buf_2)
     9    0.043369    0.106727    0.213985    5.349719 v place548/X (sky130_fd_sc_hd__buf_2)
                                                         net548 (net)
                      0.106757    0.001818    5.351537 v place547/A (sky130_fd_sc_hd__buf_2)
     8    0.040604    0.100759    0.217084    5.568620 v place547/X (sky130_fd_sc_hd__buf_2)
                                                         net547 (net)
                      0.100969    0.004023    5.572644 v place546/A (sky130_fd_sc_hd__buf_2)
     6    0.037546    0.094413    0.208511    5.781154 v place546/X (sky130_fd_sc_hd__buf_2)
                                                         net546 (net)
                      0.094772    0.004418    5.785572 v place545/A (sky130_fd_sc_hd__buf_2)
     7    0.037559    0.093723    0.207579    5.993152 v place545/X (sky130_fd_sc_hd__buf_2)
                                                         net545 (net)
                      0.093796    0.002363    5.995514 v place544/A (sky130_fd_sc_hd__buf_2)
     8    0.051148    0.123623    0.227364    6.222879 v place544/X (sky130_fd_sc_hd__buf_2)
                                                         net544 (net)
                      0.124112    0.006007    6.228886 v place543/A (sky130_fd_sc_hd__buf_2)
     7    0.038169    0.094981    0.222143    6.451028 v place543/X (sky130_fd_sc_hd__buf_2)
                                                         net543 (net)
                      0.095048    0.002300    6.453328 v place542/A (sky130_fd_sc_hd__buf_2)
     7    0.037876    0.094401    0.207989    6.661317 v place542/X (sky130_fd_sc_hd__buf_2)
                                                         net542 (net)
                      0.094520    0.002970    6.664287 v _6309_/A (sky130_fd_sc_hd__inv_2)
     1    0.005055    0.040244    0.067047    6.731334 ^ _6309_/Y (sky130_fd_sc_hd__inv_2)
                                                         _0050_ (net)
                      0.040244    0.000270    6.731604 ^ _7029_/RESET_B (sky130_fd_sc_hd__dfrtp_2)
                                              6.731604   data arrival time

                                 25.000000   25.000000   clock clk (rise edge)
                                  0.000000   25.000000   clock source latency
     1    0.056054    0.256206    0.180149   25.180149 ^ clk (in)
                                                         clk (net)
                      0.256338    0.000000   25.180149 ^ clkbuf_0_clk/A (sky130_fd_sc_hd__clkbuf_16)
     8    0.151320    0.164325    0.284437   25.464586 ^ clkbuf_0_clk/X (sky130_fd_sc_hd__clkbuf_16)
                                                         clknet_0_clk (net)
                      0.165815    0.012541   25.477127 ^ clkbuf_3_2__f_clk/A (sky130_fd_sc_hd__clkbuf_16)
     6    0.095780    0.113991    0.218630   25.695757 ^ clkbuf_3_2__f_clk/X (sky130_fd_sc_hd__clkbuf_16)
                                                         clknet_3_2__leaf_clk (net)
                      0.114119    0.003238   25.698996 ^ clkbuf_leaf_36_clk/A (sky130_fd_sc_hd__clkbuf_16)
    15    0.058155    0.076580    0.178980   25.877975 ^ clkbuf_leaf_36_clk/X (sky130_fd_sc_hd__clkbuf_16)
                                                         clknet_leaf_36_clk (net)
                      0.076992    0.004079   25.882055 ^ _7029_/CLK (sky130_fd_sc_hd__dfrtp_2)
                                 -0.100000   25.782055   clock uncertainty
                                  0.000000   25.782055   clock reconvergence pessimism
                                  0.230415   26.012470   library recovery time
                                             26.012470   data required time
---------------------------------------------------------------------------------------------
                                             26.012470   data required time
                                             -6.731604   data arrival time
---------------------------------------------------------------------------------------------
                                             19.280865   slack (MET)


Startpoint: _6980_ (rising edge-triggered flip-flop clocked by clk)
Endpoint: alu_result_out[0] (output port clocked by clk)
Path Group: clk
Path Type: max

Fanout         Cap        Slew       Delay        Time   Description
---------------------------------------------------------------------------------------------
                                  0.000000    0.000000   clock clk (rise edge)
                                  0.000000    0.000000   clock source latency
     1    0.056054    0.256206    0.180150    0.180150 ^ clk (in)
                                                         clk (net)
                      0.256338    0.000000    0.180150 ^ clkbuf_0_clk/A (sky130_fd_sc_hd__clkbuf_16)
     8    0.151320    0.164325    0.284438    0.464587 ^ clkbuf_0_clk/X (sky130_fd_sc_hd__clkbuf_16)
                                                         clknet_0_clk (net)
                      0.165815    0.012541    0.477128 ^ clkbuf_3_2__f_clk/A (sky130_fd_sc_hd__clkbuf_16)
     6    0.095780    0.113991    0.218630    0.695757 ^ clkbuf_3_2__f_clk/X (sky130_fd_sc_hd__clkbuf_16)
                                                         clknet_3_2__leaf_clk (net)
                      0.116002    0.012014    0.707771 ^ clkbuf_leaf_39_clk/A (sky130_fd_sc_hd__clkbuf_16)
    18    0.055212    0.073802    0.177460    0.885232 ^ clkbuf_leaf_39_clk/X (sky130_fd_sc_hd__clkbuf_16)
                                                         clknet_leaf_39_clk (net)
                      0.074071    0.002988    0.888220 ^ _6980_/CLK (sky130_fd_sc_hd__dfrtp_2)
     3    0.079859    0.379986    0.596584    1.484803 ^ _6980_/Q (sky130_fd_sc_hd__dfrtp_2)
                                                         net259 (net)
                      0.380073    0.004890    1.489693 ^ place511/A (sky130_fd_sc_hd__buf_2)
    10    0.050718    0.247620    0.337146    1.826839 ^ place511/X (sky130_fd_sc_hd__buf_2)
                                                         net511 (net)
                      0.247788    0.003909    1.830748 ^ place510/A (sky130_fd_sc_hd__buf_2)
     9    0.050366    0.246839    0.310416    2.141164 ^ place510/X (sky130_fd_sc_hd__buf_2)
                                                         net510 (net)
                      0.246975    0.004822    2.145985 ^ _3316_/A (sky130_fd_sc_hd__nor2b_2)
     2    0.007243    0.063077    0.082213    2.228198 v _3316_/Y (sky130_fd_sc_hd__nor2b_2)
                                                         _1266_ (net)
                      0.063083    0.000459    2.228657 v _3332_/B (sky130_fd_sc_hd__nand2_2)
     3    0.014619    0.091004    0.106137    2.334794 ^ _3332_/Y (sky130_fd_sc_hd__nand2_2)
                                                         _1281_ (net)
                      0.091024    0.001050    2.335844 ^ _3341_/A (sky130_fd_sc_hd__inv_2)
     9    0.061088    0.138084    0.135846    2.471691 v _3341_/Y (sky130_fd_sc_hd__inv_2)
                                                         _1289_ (net)
                      0.138288    0.004475    2.476166 v _3345_/A (sky130_fd_sc_hd__nor2_4)
     7    0.056579    0.357224    0.346680    2.822845 ^ _3345_/Y (sky130_fd_sc_hd__nor2_4)
                                                         _1293_ (net)
                      0.357244    0.002200    2.825046 ^ _3346_/A (sky130_fd_sc_hd__inv_2)
     3    0.008721    0.074814    0.079944    2.904989 v _3346_/Y (sky130_fd_sc_hd__inv_2)
                                                         net425 (net)
                      0.074815    0.000284    2.905273 v _3347_/B (sky130_fd_sc_hd__or2_2)
     2    0.007603    0.067770    0.300799    3.206072 v _3347_/X (sky130_fd_sc_hd__or2_2)
                                                         _1294_ (net)
                      0.067770    0.000489    3.206561 v _3352_/A (sky130_fd_sc_hd__nor2_2)
     8    0.035734    0.393438    0.343814    3.550375 ^ _3352_/Y (sky130_fd_sc_hd__nor2_2)
                                                         _1299_ (net)
                      0.393516    0.004639    3.555014 ^ _3358_/A2 (sky130_fd_sc_hd__o211a_4)
     9    0.057286    0.183608    0.321110    3.876124 ^ _3358_/X (sky130_fd_sc_hd__o211a_4)
                                                         _1304_ (net)
                      0.184269    0.008879    3.885003 ^ place378/A (sky130_fd_sc_hd__buf_2)
     9    0.040768    0.201368    0.261246    4.146249 ^ place378/X (sky130_fd_sc_hd__buf_2)
                                                         net378 (net)
                      0.201751    0.007192    4.153441 ^ place377/A (sky130_fd_sc_hd__buf_2)
     8    0.034628    0.172554    0.248461    4.401902 ^ place377/X (sky130_fd_sc_hd__buf_2)
                                                         net377 (net)
                      0.172671    0.002566    4.404469 ^ place376/A (sky130_fd_sc_hd__buf_2)
     9    0.038915    0.192239    0.254349    4.658817 ^ place376/X (sky130_fd_sc_hd__buf_2)
                                                         net376 (net)
                      0.192364    0.002869    4.661686 ^ place375/A (sky130_fd_sc_hd__buf_2)
     9    0.056915    0.276365    0.317560    4.979246 ^ place375/X (sky130_fd_sc_hd__buf_2)
                                                         net375 (net)
                      0.276535    0.005679    4.984925 ^ place374/A (sky130_fd_sc_hd__buf_2)
    10    0.064515    0.314394    0.362158    5.347084 ^ place374/X (sky130_fd_sc_hd__buf_2)
                                                         net374 (net)
                      0.315024    0.011576    5.358659 ^ _4086_/A2 (sky130_fd_sc_hd__a221o_2)
     1    0.009307    0.068028    0.236770    5.595429 ^ _4086_/X (sky130_fd_sc_hd__a221o_2)
                                                         _1954_ (net)
                      0.068035    0.000752    5.596181 ^ _4087_/C1 (sky130_fd_sc_hd__o211ai_2)
     3    0.008594    0.107650    0.095136    5.691317 v _4087_/Y (sky130_fd_sc_hd__o211ai_2)
                                                         _1955_ (net)
                      0.107650    0.000255    5.691572 v _4094_/A (sky130_fd_sc_hd__or2_2)
     3    0.013498    0.083983    0.356569    6.048141 v _4094_/X (sky130_fd_sc_hd__or2_2)
                                                         _1962_ (net)
                      0.083983    0.000493    6.048635 v _4096_/A (sky130_fd_sc_hd__nand2_2)
     9    0.043137    0.228531    0.204508    6.253143 ^ _4096_/Y (sky130_fd_sc_hd__nand2_2)
                                                         _1964_ (net)
                      0.228604    0.003349    6.256492 ^ _4209_/A (sky130_fd_sc_hd__and4_2)
     2    0.011798    0.094301    0.293944    6.550436 ^ _4209_/X (sky130_fd_sc_hd__and4_2)
                                                         _2077_ (net)
                      0.094302    0.000470    6.550905 ^ _4384_/A (sky130_fd_sc_hd__nand3_2)
     2    0.014849    0.104970    0.111827    6.662733 v _4384_/Y (sky130_fd_sc_hd__nand3_2)
                                                         _2252_ (net)
                      0.105011    0.001652    6.664385 v _4443_/A2 (sky130_fd_sc_hd__a2111o_2)
     3    0.014691    0.095713    0.532006    7.196391 v _4443_/X (sky130_fd_sc_hd__a2111o_2)
                                                         _2311_ (net)
                      0.095840    0.001619    7.198010 v _4454_/A1 (sky130_fd_sc_hd__a211o_2)
     2    0.007872    0.060918    0.326839    7.524849 v _4454_/X (sky130_fd_sc_hd__a211o_2)
                                                         _2322_ (net)
                      0.060918    0.000266    7.525116 v _4455_/C1 (sky130_fd_sc_hd__o211a_2)
     2    0.011517    0.061603    0.143662    7.668778 v _4455_/X (sky130_fd_sc_hd__o211a_2)
                                                         _2323_ (net)
                      0.061623    0.000738    7.669516 v _4457_/A2 (sky130_fd_sc_hd__o21a_2)
     3    0.010970    0.054292    0.220667    7.890183 v _4457_/X (sky130_fd_sc_hd__o21a_2)
                                                         _2325_ (net)
                      0.054298    0.000599    7.890781 v _4459_/A2 (sky130_fd_sc_hd__o211a_2)
     3    0.036148    0.111823    0.325001    8.215783 v _4459_/X (sky130_fd_sc_hd__o211a_2)
                                                         _2327_ (net)
                      0.112179    0.005429    8.221211 v _4465_/A (sky130_fd_sc_hd__nor2_2)
     2    0.019971    0.235659    0.246592    8.467804 ^ _4465_/Y (sky130_fd_sc_hd__nor2_2)
                                                         _2333_ (net)
                      0.235690    0.002225    8.470029 ^ _5650_/A (sky130_fd_sc_hd__inv_2)
     1    0.016097    0.074374    0.095532    8.565560 v _5650_/Y (sky130_fd_sc_hd__inv_2)
                                                         net572 (net)
                      0.074475    0.002132    8.567692 v output572/A (sky130_fd_sc_hd__clkdlybuf4s25_1)
     1    0.037327    0.277371    0.441982    9.009674 v output572/X (sky130_fd_sc_hd__clkdlybuf4s25_1)
                                                         alu_result_out[0] (net)
                      0.277390    0.002408    9.012082 v alu_result_out[0] (out)
                                              9.012082   data arrival time

                                 25.000000   25.000000   clock clk (rise edge)
                                  0.000000   25.000000   clock network delay (propagated)
                                 -0.100000   24.900000   clock uncertainty
                                  0.000000   24.900000   clock reconvergence pessimism
                                 -5.000000   19.899998   output external delay
                                             19.899998   data required time
---------------------------------------------------------------------------------------------
                                             19.899998   data required time
                                             -9.012082   data arrival time
---------------------------------------------------------------------------------------------
                                             10.887917   slack (MET)




===========================================================================
report_checks --slack_max -0.01
============================================================================
======================= max_tt_025C_1v80 Corner ===================================

No paths found.


===========================================================================
 report_check_types -max_slew -max_cap -max_fanout -violators
============================================================================
======================= max_tt_025C_1v80 Corner ===================================

max fanout

Pin                                   Limit Fanout  Slack
---------------------------------------------------------
clkbuf_leaf_2_clk/X                      10     21    -11 (VIOLATED)
clkbuf_leaf_3_clk/X                      10     21    -11 (VIOLATED)
clkbuf_leaf_11_clk/X                     10     20    -10 (VIOLATED)
clkbuf_leaf_41_clk/X                     10     20    -10 (VIOLATED)
clkbuf_leaf_0_clk/X                      10     19     -9 (VIOLATED)
clkbuf_leaf_31_clk/X                     10     19     -9 (VIOLATED)
clkbuf_leaf_42_clk/X                     10     19     -9 (VIOLATED)
clkbuf_leaf_4_clk/X                      10     19     -9 (VIOLATED)
clkbuf_leaf_22_clk/X                     10     18     -8 (VIOLATED)
clkbuf_leaf_23_clk/X                     10     18     -8 (VIOLATED)
clkbuf_leaf_25_clk/X                     10     18     -8 (VIOLATED)
clkbuf_leaf_26_clk/X                     10     18     -8 (VIOLATED)
clkbuf_leaf_32_clk/X                     10     18     -8 (VIOLATED)
clkbuf_leaf_33_clk/X                     10     18     -8 (VIOLATED)
clkbuf_leaf_34_clk/X                     10     18     -8 (VIOLATED)
clkbuf_leaf_39_clk/X                     10     18     -8 (VIOLATED)
clkbuf_leaf_43_clk/X                     10     18     -8 (VIOLATED)
clkbuf_leaf_10_clk/X                     10     17     -7 (VIOLATED)
clkbuf_leaf_13_clk/X                     10     17     -7 (VIOLATED)
clkbuf_leaf_14_clk/X                     10     17     -7 (VIOLATED)
clkbuf_leaf_15_clk/X                     10     17     -7 (VIOLATED)
clkbuf_leaf_27_clk/X                     10     17     -7 (VIOLATED)
clkbuf_leaf_29_clk/X                     10     17     -7 (VIOLATED)
clkbuf_leaf_40_clk/X                     10     17     -7 (VIOLATED)
clkbuf_leaf_5_clk/X                      10     17     -7 (VIOLATED)
clkbuf_leaf_8_clk/X                      10     17     -7 (VIOLATED)
clkbuf_leaf_9_clk/X                      10     17     -7 (VIOLATED)
clkbuf_leaf_16_clk/X                     10     16     -6 (VIOLATED)
clkbuf_leaf_18_clk/X                     10     16     -6 (VIOLATED)
clkbuf_leaf_1_clk/X                      10     16     -6 (VIOLATED)
clkbuf_leaf_20_clk/X                     10     16     -6 (VIOLATED)
clkbuf_leaf_21_clk/X                     10     16     -6 (VIOLATED)
clkbuf_leaf_24_clk/X                     10     16     -6 (VIOLATED)
clkbuf_leaf_28_clk/X                     10     16     -6 (VIOLATED)
clkbuf_leaf_30_clk/X                     10     16     -6 (VIOLATED)
clkbuf_leaf_37_clk/X                     10     16     -6 (VIOLATED)
clkbuf_leaf_19_clk/X                     10     15     -5 (VIOLATED)
clkbuf_leaf_35_clk/X                     10     15     -5 (VIOLATED)
clkbuf_leaf_36_clk/X                     10     15     -5 (VIOLATED)
clkbuf_leaf_17_clk/X                     10     14     -4 (VIOLATED)
clkbuf_leaf_6_clk/X                      10     14     -4 (VIOLATED)
clkbuf_leaf_7_clk/X                      10     14     -4 (VIOLATED)
clkbuf_leaf_12_clk/X                     10     13     -3 (VIOLATED)
clkbuf_leaf_38_clk/X                     10     13     -3 (VIOLATED)
place439/X                               10     11        (VIOLATED)



===========================================================================
report_parasitic_annotation -report_unannotated
============================================================================
Found 43 unannotated drivers.
 clkload0/X
 clkload1/X
 clkload10/Y
 clkload11/Y
 clkload12/X
 clkload13/X
 clkload14/X
 clkload15/Y
 clkload16/Y
 clkload17/X
 clkload18/Y
 clkload19/Y
 clkload2/X
 clkload20/Y
 clkload21/Y
 clkload22/X
 clkload23/X
 clkload24/X
 clkload25/X
 clkload26/Y
 clkload27/X
 clkload28/X
 clkload29/Y
 clkload3/Y
 clkload30/Y
 clkload31/X
 clkload32/X
 clkload33/Y
 clkload34/Y
 clkload35/Y
 clkload36/Y
 clkload37/Y
 clkload4/Y
 clkload5/X
 clkload6/X
 clkload7/Y
 clkload8/X
 clkload9/Y
 single_cycle_cpu/HI
 single_cycle_cpu_678/HI
 single_cycle_cpu_679/HI
 single_cycle_cpu_680/LO
 single_cycle_cpu_681/LO
Found 0 partially unannotated drivers.

===========================================================================
max slew violation count 0
max fanout violation count 45
max cap violation count 0
============================================================================

===========================================================================
check_setup -verbose -unconstrained_endpoints -multiple_clock -no_clock -no_input_delay -loops -generated_clocks
===========================================================================
