Clock: clk
Sources: clk 
Generated: no
Virtual: yes
Propagated: no
Period: 25.000000

===========================================================================
report_clock_properties
============================================================================
Clock                   Period          Waveform
----------------------------------------------------
clk                  25.000000    0.000000 12.500000

===========================================================================
report_clock_latency
============================================================================
Clock clk
rise -> rise
    min     max
0.000000 0.000000 source latency
0.863516         network latency _6738_/CLK
        0.909515 network latency _7080_/CLK
---------------
0.863516 0.909515 latency
        0.045999 skew

fall -> fall
    min     max
0.000000 0.000000 source latency
0.730044         network latency _6738_/CLK
        0.763714 network latency _7078_/CLK
---------------
0.730044 0.763714 latency
        0.033670 skew



===========================================================================
report_clock_min_period
============================================================================
clk period_min = 9.05 fmax = 110.51
