
===========================================================================
report_checks -unconstrained
===========================================================================
======================= nom_tt_025C_1v80 Corner ===================================

Startpoint: reset (input port clocked by clk)
Endpoint: _7015_ (recovery check against rising-edge clock clk)
Path Group: asynchronous
Path Type: max

Fanout         Cap        Slew       Delay        Time   Description
---------------------------------------------------------------------------------------------
                                  0.000000    0.000000   clock clk (rise edge)
                                  0.000000    0.000000   clock network delay (propagated)
                                  5.000000    5.000000 v input external delay
     1    0.004055    0.011539    0.006532    5.006532 v reset (in)
                                                         reset (net)
                      0.011539    0.000000    5.006532 v fanout73/A (sky130_fd_sc_hd__clkdlybuf4s25_1)
     8    0.036954    0.274661    0.414374    5.420906 v fanout73/X (sky130_fd_sc_hd__clkdlybuf4s25_1)
                                                         net73 (net)
                      0.274661    0.000680    5.421587 v place548/A (sky130_fd_sc_hd__buf_2)
     9    0.034212    0.090504    0.282752    5.704339 v place548/X (sky130_fd_sc_hd__buf_2)
                                                         net548 (net)
                      0.090504    0.000012    5.704351 v place547/A (sky130_fd_sc_hd__buf_2)
     8    0.033294    0.087350    0.198888    5.903238 v place547/X (sky130_fd_sc_hd__buf_2)
                                                         net547 (net)
                      0.087353    0.000616    5.903854 v place546/A (sky130_fd_sc_hd__buf_2)
     6    0.028263    0.076534    0.188168    6.092022 v place546/X (sky130_fd_sc_hd__buf_2)
                                                         net546 (net)
                      0.076535    0.000342    6.092364 v place545/A (sky130_fd_sc_hd__buf_2)
     7    0.030590    0.081390    0.187767    6.280131 v place545/X (sky130_fd_sc_hd__buf_2)
                                                         net545 (net)
                      0.081390    0.000258    6.280389 v place544/A (sky130_fd_sc_hd__buf_2)
     8    0.038708    0.096187    0.204611    6.485001 v place544/X (sky130_fd_sc_hd__buf_2)
                                                         net544 (net)
                      0.096189    0.000537    6.485538 v place543/A (sky130_fd_sc_hd__buf_2)
     7    0.032192    0.084808    0.199729    6.685266 v place543/X (sky130_fd_sc_hd__buf_2)
                                                         net543 (net)
                      0.084808    0.000181    6.685448 v place542/A (sky130_fd_sc_hd__buf_2)
     7    0.033562    0.087751    0.197084    6.882531 v place542/X (sky130_fd_sc_hd__buf_2)
                                                         net542 (net)
                      0.087751    0.000274    6.882806 v _6295_/A (sky130_fd_sc_hd__inv_2)
     1    0.003787    0.035474    0.059409    6.942214 ^ _6295_/Y (sky130_fd_sc_hd__inv_2)
                                                         _0036_ (net)
                      0.035474    0.000004    6.942219 ^ _7015_/RESET_B (sky130_fd_sc_hd__dfrtp_2)
                                              6.942219   data arrival time

                                 25.000000   25.000000   clock clk (rise edge)
                                  0.000000   25.000000   clock source latency
   720    1.867402    8.292984    5.721667   30.721666 ^ clk (in)
                                                         clk (net)
                      8.294501    0.000000   30.721666 ^ _7015_/CLK (sky130_fd_sc_hd__dfrtp_2)
                                 -0.250000   30.471664   clock uncertainty
                                  0.000000   30.471664   clock reconvergence pessimism
                                  1.347624   31.819288   library recovery time
                                             31.819288   data required time
---------------------------------------------------------------------------------------------
                                             31.819288   data required time
                                             -6.942219   data arrival time
---------------------------------------------------------------------------------------------
                                             24.877068   slack (MET)


Startpoint: _6980_ (rising edge-triggered flip-flop clocked by clk)
Endpoint: alu_result_out[0] (output port clocked by clk)
Path Group: clk
Path Type: max

Fanout         Cap        Slew       Delay        Time   Description
---------------------------------------------------------------------------------------------
                                  0.000000    0.000000   clock clk (rise edge)
                                  0.000000    0.000000   clock source latency
   720    1.867402    8.292984    5.718810    5.718810 ^ clk (in)
                                                         clk (net)
                      8.294410    0.000000    5.718810 ^ _6980_/CLK (sky130_fd_sc_hd__dfrtp_2)
     3    0.074801    0.355778    1.553512    7.272323 ^ _6980_/Q (sky130_fd_sc_hd__dfrtp_2)
                                                         net259 (net)
                      0.355778    0.000013    7.272336 ^ place511/A (sky130_fd_sc_hd__buf_2)
    10    0.042160    0.207782    0.307728    7.580064 ^ place511/X (sky130_fd_sc_hd__buf_2)
                                                         net511 (net)
                      0.207782    0.000280    7.580344 ^ place510/A (sky130_fd_sc_hd__buf_2)
     9    0.041414    0.203798    0.273548    7.853892 ^ place510/X (sky130_fd_sc_hd__buf_2)
                                                         net510 (net)
                      0.203798    0.000091    7.853982 ^ _3309_/B (sky130_fd_sc_hd__or3_4)
     3    0.011829    0.051068    0.178059    8.032042 ^ _3309_/X (sky130_fd_sc_hd__or3_4)
                                                         _1259_ (net)
                      0.051068    0.000020    8.032063 ^ _3310_/A3 (sky130_fd_sc_hd__a31oi_2)
     2    0.011397    0.108345    0.118526    8.150588 v _3310_/Y (sky130_fd_sc_hd__a31oi_2)
                                                         _1260_ (net)
                      0.108345    0.000011    8.150599 v _3312_/B1 (sky130_fd_sc_hd__a311o_2)
     4    0.013299    0.082115    0.414537    8.565136 v _3312_/X (sky130_fd_sc_hd__a311o_2)
                                                         _1262_ (net)
                      0.082115    0.000037    8.565173 v _3319_/B (sky130_fd_sc_hd__and4b_4)
     2    0.011065    0.045645    0.206333    8.771505 v _3319_/X (sky130_fd_sc_hd__and4b_4)
                                                         _1269_ (net)
                      0.045645    0.000038    8.771544 v _3339_/A1 (sky130_fd_sc_hd__a211oi_4)
     8    0.027205    0.364595    0.359530    9.131074 ^ _3339_/Y (sky130_fd_sc_hd__a211oi_4)
                                                         _1287_ (net)
                      0.364595    0.000198    9.131272 ^ _3358_/A1 (sky130_fd_sc_hd__o211a_4)
     9    0.041337    0.139889    0.303729    9.435000 ^ _3358_/X (sky130_fd_sc_hd__o211a_4)
                                                         _1304_ (net)
                      0.139896    0.001112    9.436112 ^ place378/A (sky130_fd_sc_hd__buf_2)
     9    0.031784    0.159004    0.223237    9.659350 ^ place378/X (sky130_fd_sc_hd__buf_2)
                                                         net378 (net)
                      0.159004    0.000655    9.660005 ^ place377/A (sky130_fd_sc_hd__buf_2)
     8    0.027511    0.139133    0.214456    9.874460 ^ place377/X (sky130_fd_sc_hd__buf_2)
                                                         net377 (net)
                      0.139133    0.000310    9.874770 ^ place376/A (sky130_fd_sc_hd__buf_2)
     9    0.028822    0.145169    0.213336   10.088107 ^ place376/X (sky130_fd_sc_hd__buf_2)
                                                         net376 (net)
                      0.145169    0.000487   10.088593 ^ place375/A (sky130_fd_sc_hd__buf_2)
     9    0.035628    0.176908    0.237468   10.326061 ^ place375/X (sky130_fd_sc_hd__buf_2)
                                                         net375 (net)
                      0.176908    0.000695   10.326756 ^ place374/A (sky130_fd_sc_hd__buf_2)
    10    0.042737    0.209979    0.269371   10.596127 ^ place374/X (sky130_fd_sc_hd__buf_2)
                                                         net374 (net)
                      0.209979    0.000717   10.596844 ^ _4086_/A2 (sky130_fd_sc_hd__a221o_2)
     1    0.007141    0.056474    0.202452   10.799296 ^ _4086_/X (sky130_fd_sc_hd__a221o_2)
                                                         _1954_ (net)
                      0.056474    0.000067   10.799362 ^ _4087_/C1 (sky130_fd_sc_hd__o211ai_2)
     3    0.008053    0.097849    0.089353   10.888716 v _4087_/Y (sky130_fd_sc_hd__o211ai_2)
                                                         _1955_ (net)
                      0.097849    0.000012   10.888728 v _4094_/A (sky130_fd_sc_hd__or2_2)
     3    0.010460    0.076145    0.341917   11.230645 v _4094_/X (sky130_fd_sc_hd__or2_2)
                                                         _1962_ (net)
                      0.076145    0.000024   11.230669 v _4096_/A (sky130_fd_sc_hd__nand2_2)
     9    0.034498    0.186555    0.172541   11.403211 ^ _4096_/Y (sky130_fd_sc_hd__nand2_2)
                                                         _1964_ (net)
                      0.186555    0.000163   11.403373 ^ _4209_/A (sky130_fd_sc_hd__and4_2)
     2    0.010504    0.090033    0.274025   11.677398 ^ _4209_/X (sky130_fd_sc_hd__and4_2)
                                                         _2077_ (net)
                      0.090033    0.000032   11.677430 ^ _4384_/A (sky130_fd_sc_hd__nand3_2)
     2    0.007684    0.068768    0.081227   11.758657 v _4384_/Y (sky130_fd_sc_hd__nand3_2)
                                                         _2252_ (net)
                      0.068768    0.000134   11.758791 v _4443_/A2 (sky130_fd_sc_hd__a2111o_2)
     3    0.011485    0.088385    0.506703   12.265493 v _4443_/X (sky130_fd_sc_hd__a2111o_2)
                                                         _2311_ (net)
                      0.088385    0.000131   12.265625 v _4454_/A1 (sky130_fd_sc_hd__a211o_2)
     2    0.007073    0.060931    0.320942   12.586567 v _4454_/X (sky130_fd_sc_hd__a211o_2)
                                                         _2322_ (net)
                      0.060931    0.000011   12.586577 v _4455_/C1 (sky130_fd_sc_hd__o211a_2)
     2    0.011099    0.060607    0.142885   12.729463 v _4455_/X (sky130_fd_sc_hd__o211a_2)
                                                         _2323_ (net)
                      0.060607    0.000047   12.729509 v _4457_/A2 (sky130_fd_sc_hd__o21a_2)
     3    0.009902    0.051030    0.217129   12.946638 v _4457_/X (sky130_fd_sc_hd__o21a_2)
                                                         _2325_ (net)
                      0.051030    0.000035   12.946672 v _4459_/A2 (sky130_fd_sc_hd__o211a_2)
     3    0.023065    0.086546    0.295301   13.241973 v _4459_/X (sky130_fd_sc_hd__o211a_2)
                                                         _2327_ (net)
                      0.086558    0.001095   13.243069 v _4465_/A (sky130_fd_sc_hd__nor2_2)
     2    0.014868    0.180536    0.199258   13.442327 ^ _4465_/Y (sky130_fd_sc_hd__nor2_2)
                                                         _2333_ (net)
                      0.180537    0.000305   13.442632 ^ _5650_/A (sky130_fd_sc_hd__inv_2)
     1    0.041179    0.107117    0.138602   13.581233 v _5650_/Y (sky130_fd_sc_hd__inv_2)
                                                         alu_result_out[0] (net)
                      0.107162    0.001807   13.583041 v alu_result_out[0] (out)
                                             13.583041   data arrival time

                                 25.000000   25.000000   clock clk (rise edge)
                                  0.000000   25.000000   clock network delay (propagated)
                                 -0.250000   24.750000   clock uncertainty
                                  0.000000   24.750000   clock reconvergence pessimism
                                 -5.000000   19.750000   output external delay
                                             19.750000   data required time
---------------------------------------------------------------------------------------------
                                             19.750000   data required time
                                            -13.583041   data arrival time
---------------------------------------------------------------------------------------------
                                              6.166959   slack (MET)




===========================================================================
report_checks --slack_max -0.01
============================================================================
======================= nom_tt_025C_1v80 Corner ===================================

No paths found.


===========================================================================
 report_check_types -max_slew -max_cap -max_fanout -violators
============================================================================
======================= nom_tt_025C_1v80 Corner ===================================

max slew

Pin                                        Limit        Slew       Slack
------------------------------------------------------------------------
_6711_/CLK                              0.750000    8.295839   -7.545839 (VIOLATED)
_6713_/CLK                              0.750000    8.295839   -7.545839 (VIOLATED)
_6714_/CLK                              0.750000    8.295835   -7.545835 (VIOLATED)
_6715_/CLK                              0.750000    8.295836   -7.545836 (VIOLATED)
_6716_/CLK                              0.750000    8.295838   -7.545838 (VIOLATED)
_6717_/CLK                              0.750000    8.295835   -7.545835 (VIOLATED)
_6891_/CLK                              0.750000    8.295836   -7.545836 (VIOLATED)
_6892_/CLK                              0.750000    8.295834   -7.545834 (VIOLATED)
_6797_/CLK                              0.750000    8.295818   -7.545818 (VIOLATED)
_6803_/CLK                              0.750000    8.295824   -7.545824 (VIOLATED)
_6893_/CLK                              0.750000    8.295831   -7.545831 (VIOLATED)
_6804_/CLK                              0.750000    8.295822   -7.545822 (VIOLATED)
_6805_/CLK                              0.750000    8.295827   -7.545826 (VIOLATED)
_6807_/CLK                              0.750000    8.295820   -7.545820 (VIOLATED)
_6885_/CLK                              0.750000    8.295819   -7.545819 (VIOLATED)
_6939_/CLK                              0.750000    8.295824   -7.545824 (VIOLATED)
_6940_/CLK                              0.750000    8.295823   -7.545823 (VIOLATED)
_6941_/CLK                              0.750000    8.295827   -7.545827 (VIOLATED)
_6802_/CLK                              0.750000    8.295809   -7.545809 (VIOLATED)
_6890_/CLK                              0.750000    8.295809   -7.545809 (VIOLATED)
_6938_/CLK                              0.750000    8.295808   -7.545808 (VIOLATED)
_6895_/CLK                              0.750000    8.295797   -7.545797 (VIOLATED)
_6943_/CLK                              0.750000    8.295797   -7.545797 (VIOLATED)
_6887_/CLK                              0.750000    8.295785   -7.545784 (VIOLATED)
_6935_/CLK                              0.750000    8.295784   -7.545784 (VIOLATED)
_6886_/CLK                              0.750000    8.295770   -7.545770 (VIOLATED)
_6934_/CLK                              0.750000    8.295768   -7.545768 (VIOLATED)
_6795_/CLK                              0.750000    8.295754   -7.545754 (VIOLATED)
_6931_/CLK                              0.750000    8.295753   -7.545753 (VIOLATED)
_6783_/CLK                              0.750000    8.295737   -7.545738 (VIOLATED)
_6806_/CLK                              0.750000    8.295743   -7.545743 (VIOLATED)
_6919_/CLK                              0.750000    8.295736   -7.545736 (VIOLATED)
_6791_/CLK                              0.750000    8.295721   -7.545721 (VIOLATED)
_6879_/CLK                              0.750000    8.295723   -7.545722 (VIOLATED)
_6904_/CLK                              0.750000    8.295711   -7.545711 (VIOLATED)
_6912_/CLK                              0.750000    8.295711   -7.545711 (VIOLATED)
_6927_/CLK                              0.750000    8.295708   -7.545707 (VIOLATED)
_6707_/CLK                              0.750000    8.295694   -7.545694 (VIOLATED)
_6792_/CLK                              0.750000    8.295691   -7.545691 (VIOLATED)
_6801_/CLK                              0.750000    8.295695   -7.545695 (VIOLATED)
_6933_/CLK                              0.750000    8.295693   -7.545693 (VIOLATED)
_6937_/CLK                              0.750000    8.295691   -7.545691 (VIOLATED)
_6708_/CLK                              0.750000    8.295682   -7.545681 (VIOLATED)
_6709_/CLK                              0.750000    8.295688   -7.545688 (VIOLATED)
_6712_/CLK                              0.750000    8.295692   -7.545692 (VIOLATED)
_6799_/CLK                              0.750000    8.295686   -7.545686 (VIOLATED)
_6880_/CLK                              0.750000    8.295693   -7.545693 (VIOLATED)
_6889_/CLK                              0.750000    8.295691   -7.545691 (VIOLATED)
_6705_/CLK                              0.750000    8.295671   -7.545672 (VIOLATED)
_6777_/CLK                              0.750000    8.295671   -7.545671 (VIOLATED)
_6798_/CLK                              0.750000    8.295678   -7.545678 (VIOLATED)
_6883_/CLK                              0.750000    8.295676   -7.545676 (VIOLATED)
_6706_/CLK                              0.750000    8.295653   -7.545653 (VIOLATED)
_6796_/CLK                              0.750000    8.295656   -7.545656 (VIOLATED)
_6808_/CLK                              0.750000    8.295654   -7.545654 (VIOLATED)
_6856_/CLK                              0.750000    8.295659   -7.545659 (VIOLATED)
_6864_/CLK                              0.750000    8.295665   -7.545665 (VIOLATED)
_6865_/CLK                              0.750000    8.295671   -7.545671 (VIOLATED)
_6884_/CLK                              0.750000    8.295654   -7.545654 (VIOLATED)
_6896_/CLK                              0.750000    8.295654   -7.545654 (VIOLATED)
_6913_/CLK                              0.750000    8.295659   -7.545660 (VIOLATED)
_6932_/CLK                              0.750000    8.295656   -7.545656 (VIOLATED)
_6944_/CLK                              0.750000    8.295654   -7.545654 (VIOLATED)
_6687_/CLK                              0.750000    8.295639   -7.545639 (VIOLATED)
_6701_/CLK                              0.750000    8.295639   -7.545639 (VIOLATED)
_6710_/CLK                              0.750000    8.295643   -7.545642 (VIOLATED)
_6702_/CLK                              0.750000    8.295629   -7.545629 (VIOLATED)
_6875_/CLK                              0.750000    8.295626   -7.545626 (VIOLATED)
_6697_/CLK                              0.750000    8.295608   -7.545608 (VIOLATED)
_6787_/CLK                              0.750000    8.295614   -7.545614 (VIOLATED)
_6788_/CLK                              0.750000    8.295615   -7.545615 (VIOLATED)
_6876_/CLK                              0.750000    8.295613   -7.545613 (VIOLATED)
_6923_/CLK                              0.750000    8.295614   -7.545614 (VIOLATED)
_6924_/CLK                              0.750000    8.295607   -7.545606 (VIOLATED)
_6698_/CLK                              0.750000    8.295573   -7.545573 (VIOLATED)
_6700_/CLK                              0.750000    8.295539   -7.545538 (VIOLATED)
_6871_/CLK                              0.750000    8.295495   -7.545495 (VIOLATED)
_6894_/CLK                              0.750000    8.295489   -7.545489 (VIOLATED)
_6928_/CLK                              0.750000    8.295488   -7.545488 (VIOLATED)
_6942_/CLK                              0.750000    8.295489   -7.545489 (VIOLATED)
_6731_/CLK                              0.750000    8.295480   -7.545480 (VIOLATED)
_6737_/CLK                              0.750000    8.295485   -7.545485 (VIOLATED)
_6743_/CLK                              0.750000    8.295481   -7.545481 (VIOLATED)
_6749_/CLK                              0.750000    8.295485   -7.545485 (VIOLATED)
_6849_/CLK                              0.750000    8.295481   -7.545481 (VIOLATED)
_6857_/CLK                              0.750000    8.295481   -7.545481 (VIOLATED)
_6897_/CLK                              0.750000    8.295487   -7.545487 (VIOLATED)
_6905_/CLK                              0.750000    8.295487   -7.545487 (VIOLATED)
_6779_/CLK                              0.750000    8.295467   -7.545467 (VIOLATED)
_6786_/CLK                              0.750000    8.295469   -7.545469 (VIOLATED)
_6878_/CLK                              0.750000    8.295474   -7.545474 (VIOLATED)
_6915_/CLK                              0.750000    8.295468   -7.545468 (VIOLATED)
_6965_/CLK                              0.750000    8.295476   -7.545475 (VIOLATED)
_6688_/CLK                              0.750000    8.295439   -7.545439 (VIOLATED)
_6689_/CLK                              0.750000    8.295441   -7.545441 (VIOLATED)
_6778_/CLK                              0.750000    8.295435   -7.545434 (VIOLATED)
_6790_/CLK                              0.750000    8.295442   -7.545442 (VIOLATED)
_6852_/CLK                              0.750000    8.295442   -7.545442 (VIOLATED)
_6860_/CLK                              0.750000    8.295442   -7.545442 (VIOLATED)
_6867_/CLK                              0.750000    8.295449   -7.545449 (VIOLATED)
_6866_/CLK                              0.750000    8.295437   -7.545436 (VIOLATED)
_6914_/CLK                              0.750000    8.295440   -7.545440 (VIOLATED)
_6926_/CLK                              0.750000    8.295441   -7.545441 (VIOLATED)
_6874_/CLK                              0.750000    8.295426   -7.545426 (VIOLATED)
_6922_/CLK                              0.750000    8.295431   -7.545431 (VIOLATED)
_6947_/CLK                              0.750000    8.295396   -7.545396 (VIOLATED)
_6953_/CLK                              0.750000    8.295396   -7.545396 (VIOLATED)
_6959_/CLK                              0.750000    8.295396   -7.545396 (VIOLATED)
_6757_/CLK                              0.750000    8.295387   -7.545388 (VIOLATED)
_6763_/CLK                              0.750000    8.295392   -7.545392 (VIOLATED)
_6766_/CLK                              0.750000    8.295392   -7.545392 (VIOLATED)
_6769_/CLK                              0.750000    8.295388   -7.545389 (VIOLATED)
_6775_/CLK                              0.750000    8.295391   -7.545391 (VIOLATED)
_6814_/CLK                              0.750000    8.295393   -7.545393 (VIOLATED)
_6819_/CLK                              0.750000    8.295394   -7.545394 (VIOLATED)
_6854_/CLK                              0.750000    8.295392   -7.545392 (VIOLATED)
_6862_/CLK                              0.750000    8.295394   -7.545394 (VIOLATED)
_6900_/CLK                              0.750000    8.295395   -7.545395 (VIOLATED)
_6902_/CLK                              0.750000    8.295392   -7.545392 (VIOLATED)
_6908_/CLK                              0.750000    8.295394   -7.545394 (VIOLATED)
_6910_/CLK                              0.750000    8.295394   -7.545394 (VIOLATED)
_6800_/CLK                              0.750000    8.295382   -7.545382 (VIOLATED)
_6936_/CLK                              0.750000    8.295382   -7.545382 (VIOLATED)
_6696_/CLK                              0.750000    8.295372   -7.545372 (VIOLATED)
_6754_/CLK                              0.750000    8.295377   -7.545377 (VIOLATED)
_6760_/CLK                              0.750000    8.295376   -7.545376 (VIOLATED)
_6772_/CLK                              0.750000    8.295377   -7.545377 (VIOLATED)
_6809_/CLK                              0.750000    8.295377   -7.545377 (VIOLATED)
_6888_/CLK                              0.750000    8.295376   -7.545376 (VIOLATED)
_6870_/CLK                              0.750000    8.295368   -7.545368 (VIOLATED)
_6918_/CLK                              0.750000    8.295366   -7.545366 (VIOLATED)
_6785_/CLK                              0.750000    8.295359   -7.545358 (VIOLATED)
_6873_/CLK                              0.750000    8.295360   -7.545359 (VIOLATED)
_6921_/CLK                              0.750000    8.295350   -7.545351 (VIOLATED)
_7009_/CLK                              0.750000    8.295300   -7.545300 (VIOLATED)
_7010_/CLK                              0.750000    8.295300   -7.545300 (VIOLATED)
_7077_/CLK                              0.750000    8.295293   -7.545292 (VIOLATED)
_7078_/CLK                              0.750000    8.295297   -7.545296 (VIOLATED)
_7079_/CLK                              0.750000    8.295290   -7.545290 (VIOLATED)
_7081_/CLK                              0.750000    8.295295   -7.545294 (VIOLATED)
_7082_/CLK                              0.750000    8.295291   -7.545291 (VIOLATED)
_7083_/CLK                              0.750000    8.295297   -7.545297 (VIOLATED)
_7084_/CLK                              0.750000    8.295300   -7.545300 (VIOLATED)
_7085_/CLK                              0.750000    8.295299   -7.545299 (VIOLATED)
_7086_/CLK                              0.750000    8.295300   -7.545300 (VIOLATED)
_7177_/CLK                              0.750000    8.295286   -7.545286 (VIOLATED)
_7209_/CLK                              0.750000    8.295287   -7.545287 (VIOLATED)
_7241_/CLK                              0.750000    8.295287   -7.545287 (VIOLATED)
_7369_/CLK                              0.750000    8.295292   -7.545292 (VIOLATED)
_7273_/CLK                              0.750000    8.295284   -7.545284 (VIOLATED)
_7274_/CLK                              0.750000    8.295286   -7.545286 (VIOLATED)
_7022_/CLK                              0.750000    8.295277   -7.545277 (VIOLATED)
_7211_/CLK                              0.750000    8.295276   -7.545276 (VIOLATED)
_7210_/CLK                              0.750000    8.295263   -7.545263 (VIOLATED)
_7242_/CLK                              0.750000    8.295268   -7.545268 (VIOLATED)
_7402_/CLK                              0.750000    8.295247   -7.545247 (VIOLATED)
_7146_/CLK                              0.750000    8.295233   -7.545233 (VIOLATED)
_7399_/CLK                              0.750000    8.295238   -7.545238 (VIOLATED)
_7178_/CLK                              0.750000    8.295225   -7.545225 (VIOLATED)
_7403_/CLK                              0.750000    8.295232   -7.545231 (VIOLATED)
_7405_/CLK                              0.750000    8.295218   -7.545218 (VIOLATED)
_7075_/CLK                              0.750000    8.295210   -7.545210 (VIOLATED)
_7076_/CLK                              0.750000    8.295211   -7.545211 (VIOLATED)
_7395_/CLK                              0.750000    8.295202   -7.545202 (VIOLATED)
_7401_/CLK                              0.750000    8.295208   -7.545208 (VIOLATED)
_7404_/CLK                              0.750000    8.295203   -7.545203 (VIOLATED)
_7080_/CLK                              0.750000    8.295191   -7.545190 (VIOLATED)
_7019_/CLK                              0.750000    8.295146   -7.545146 (VIOLATED)
_7064_/CLK                              0.750000    8.295146   -7.545146 (VIOLATED)
_7398_/CLK                              0.750000    8.295130   -7.545130 (VIOLATED)
_7073_/CLK                              0.750000    8.295114   -7.545113 (VIOLATED)
_7074_/CLK                              0.750000    8.295113   -7.545112 (VIOLATED)
_7393_/CLK                              0.750000    8.295112   -7.545111 (VIOLATED)
_7394_/CLK                              0.750000    8.295115   -7.545115 (VIOLATED)
_6991_/CLK                              0.750000    8.295093   -7.545093 (VIOLATED)
_7376_/CLK                              0.750000    8.295088   -7.545087 (VIOLATED)
_6987_/CLK                              0.750000    8.295077   -7.545077 (VIOLATED)
_6988_/CLK                              0.750000    8.295076   -7.545076 (VIOLATED)
_6989_/CLK                              0.750000    8.295076   -7.545076 (VIOLATED)
_7071_/CLK                              0.750000    8.295077   -7.545077 (VIOLATED)
_6990_/CLK                              0.750000    8.295069   -7.545069 (VIOLATED)
_6992_/CLK                              0.750000    8.295053   -7.545053 (VIOLATED)
_6993_/CLK                              0.750000    8.295054   -7.545054 (VIOLATED)
_7046_/CLK                              0.750000    8.295055   -7.545055 (VIOLATED)
_7072_/CLK                              0.750000    8.295047   -7.545047 (VIOLATED)
_7377_/CLK                              0.750000    8.295012   -7.545011 (VIOLATED)
_7391_/CLK                              0.750000    8.295003   -7.545003 (VIOLATED)
_7041_/CLK                              0.750000    8.294982   -7.544982 (VIOLATED)
_7389_/CLK                              0.750000    8.294982   -7.544982 (VIOLATED)
_7045_/CLK                              0.750000    8.294961   -7.544961 (VIOLATED)
_7198_/CLK                              0.750000    8.294953   -7.544953 (VIOLATED)
_7196_/CLK                              0.750000    8.294941   -7.544941 (VIOLATED)
_6718_/CLK                              0.750000    8.294915   -7.544915 (VIOLATED)
_6979_/CLK                              0.750000    8.294905   -7.544904 (VIOLATED)
_6985_/CLK                              0.750000    8.294909   -7.544908 (VIOLATED)
_6986_/CLK                              0.750000    8.294909   -7.544908 (VIOLATED)
_7038_/CLK                              0.750000    8.294909   -7.544910 (VIOLATED)
_7039_/CLK                              0.750000    8.294909   -7.544908 (VIOLATED)
_7068_/CLK                              0.750000    8.294914   -7.544914 (VIOLATED)
_7069_/CLK                              0.750000    8.294912   -7.544912 (VIOLATED)
_7070_/CLK                              0.750000    8.294914   -7.544914 (VIOLATED)
_7378_/CLK                              0.750000    8.294906   -7.544905 (VIOLATED)
_7386_/CLK                              0.750000    8.294911   -7.544911 (VIOLATED)
_7390_/CLK                              0.750000    8.294909   -7.544908 (VIOLATED)
_7065_/CLK                              0.750000    8.294892   -7.544892 (VIOLATED)
_7385_/CLK                              0.750000    8.294897   -7.544898 (VIOLATED)
_7388_/CLK                              0.750000    8.294900   -7.544900 (VIOLATED)
_7040_/CLK                              0.750000    8.294886   -7.544886 (VIOLATED)
_7066_/CLK                              0.750000    8.294888   -7.544888 (VIOLATED)
_7387_/CLK                              0.750000    8.294872   -7.544872 (VIOLATED)
_7063_/CLK                              0.750000    8.294859   -7.544859 (VIOLATED)
_7383_/CLK                              0.750000    8.294857   -7.544857 (VIOLATED)
_7384_/CLK                              0.750000    8.294857   -7.544858 (VIOLATED)
_7036_/CLK                              0.750000    8.294840   -7.544840 (VIOLATED)
_7067_/CLK                              0.750000    8.294840   -7.544840 (VIOLATED)
_7192_/CLK                              0.750000    8.294833   -7.544833 (VIOLATED)
_7111_/CLK                              0.750000    8.294803   -7.544802 (VIOLATED)
_7143_/CLK                              0.750000    8.294806   -7.544805 (VIOLATED)
_7145_/CLK                              0.750000    8.294806   -7.544807 (VIOLATED)
_7175_/CLK                              0.750000    8.294806   -7.544806 (VIOLATED)
_7207_/CLK                              0.750000    8.294806   -7.544807 (VIOLATED)
_7337_/CLK                              0.750000    8.294806   -7.544807 (VIOLATED)
_7191_/CLK                              0.750000    8.294798   -7.544798 (VIOLATED)
_7239_/CLK                              0.750000    8.294803   -7.544802 (VIOLATED)
_7271_/CLK                              0.750000    8.294805   -7.544804 (VIOLATED)
_7113_/CLK                              0.750000    8.294785   -7.544785 (VIOLATED)
_7307_/CLK                              0.750000    8.294791   -7.544791 (VIOLATED)
_7339_/CLK                              0.750000    8.294798   -7.544798 (VIOLATED)
_7371_/CLK                              0.750000    8.294801   -7.544801 (VIOLATED)
_6996_/CLK                              0.750000    8.294775   -7.544775 (VIOLATED)
_6997_/CLK                              0.750000    8.294780   -7.544779 (VIOLATED)
_7024_/CLK                              0.750000    8.294777   -7.544776 (VIOLATED)
_7303_/CLK                              0.750000    8.294779   -7.544778 (VIOLATED)
_7305_/CLK                              0.750000    8.294782   -7.544782 (VIOLATED)
_7335_/CLK                              0.750000    8.294781   -7.544781 (VIOLATED)
_7367_/CLK                              0.750000    8.294780   -7.544780 (VIOLATED)
_7406_/CLK                              0.750000    8.294774   -7.544774 (VIOLATED)
_7052_/CLK                              0.750000    8.294760   -7.544760 (VIOLATED)
_7053_/CLK                              0.750000    8.294759   -7.544759 (VIOLATED)
_7115_/CLK                              0.750000    8.294757   -7.544757 (VIOLATED)
_7147_/CLK                              0.750000    8.294760   -7.544760 (VIOLATED)
_7148_/CLK                              0.750000    8.294753   -7.544753 (VIOLATED)
_7179_/CLK                              0.750000    8.294760   -7.544760 (VIOLATED)
_7203_/CLK                              0.750000    8.294765   -7.544765 (VIOLATED)
_7180_/CLK                              0.750000    8.294755   -7.544755 (VIOLATED)
_7212_/CLK                              0.750000    8.294757   -7.544757 (VIOLATED)
_7243_/CLK                              0.750000    8.294758   -7.544758 (VIOLATED)
_7275_/CLK                              0.750000    8.294758   -7.544758 (VIOLATED)
_7276_/CLK                              0.750000    8.294756   -7.544756 (VIOLATED)
_7372_/CLK                              0.750000    8.294750   -7.544750 (VIOLATED)
_7048_/CLK                              0.750000    8.294742   -7.544742 (VIOLATED)
_7116_/CLK                              0.750000    8.294744   -7.544744 (VIOLATED)
_7026_/CLK                              0.750000    8.294733   -7.544733 (VIOLATED)
_7027_/CLK                              0.750000    8.294727   -7.544727 (VIOLATED)
_7047_/CLK                              0.750000    8.294731   -7.544731 (VIOLATED)
_7054_/CLK                              0.750000    8.294732   -7.544732 (VIOLATED)
_7184_/CLK                              0.750000    8.294736   -7.544736 (VIOLATED)
_7244_/CLK                              0.750000    8.294737   -7.544736 (VIOLATED)
_7202_/CLK                              0.750000    8.294724   -7.544724 (VIOLATED)
_7397_/CLK                              0.750000    8.294731   -7.544731 (VIOLATED)
_6995_/CLK                              0.750000    8.294715   -7.544715 (VIOLATED)
_7270_/CLK                              0.750000    8.294718   -7.544718 (VIOLATED)
_7171_/CLK                              0.750000    8.294709   -7.544709 (VIOLATED)
_7174_/CLK                              0.750000    8.294699   -7.544698 (VIOLATED)
_7396_/CLK                              0.750000    8.294701   -7.544700 (VIOLATED)
_6994_/CLK                              0.750000    8.294685   -7.544685 (VIOLATED)
_7050_/CLK                              0.750000    8.294686   -7.544686 (VIOLATED)
_7051_/CLK                              0.750000    8.294690   -7.544691 (VIOLATED)
_7206_/CLK                              0.750000    8.294689   -7.544690 (VIOLATED)
_7366_/CLK                              0.750000    8.294688   -7.544688 (VIOLATED)
_7400_/CLK                              0.750000    8.294689   -7.544689 (VIOLATED)
_7049_/CLK                              0.750000    8.294677   -7.544677 (VIOLATED)
_7205_/CLK                              0.750000    8.294675   -7.544674 (VIOLATED)
_7269_/CLK                              0.750000    8.294676   -7.544676 (VIOLATED)
_7201_/CLK                              0.750000    8.294664   -7.544665 (VIOLATED)
_7204_/CLK                              0.750000    8.294663   -7.544663 (VIOLATED)
_7233_/CLK                              0.750000    8.294665   -7.544665 (VIOLATED)
_7248_/CLK                              0.750000    8.294660   -7.544659 (VIOLATED)
_7265_/CLK                              0.750000    8.294661   -7.544660 (VIOLATED)
_7194_/CLK                              0.750000    8.294647   -7.544647 (VIOLATED)
_7197_/CLK                              0.750000    8.294649   -7.544649 (VIOLATED)
_7223_/CLK                              0.750000    8.294646   -7.544646 (VIOLATED)
_7236_/CLK                              0.750000    8.294645   -7.544645 (VIOLATED)
_7255_/CLK                              0.750000    8.294643   -7.544643 (VIOLATED)
_7266_/CLK                              0.750000    8.294650   -7.544650 (VIOLATED)
_7268_/CLK                              0.750000    8.294645   -7.544645 (VIOLATED)
_7357_/CLK                              0.750000    8.294648   -7.544648 (VIOLATED)
_7263_/CLK                              0.750000    8.294626   -7.544626 (VIOLATED)
_7135_/CLK                              0.750000    8.294593   -7.544593 (VIOLATED)
_7280_/CLK                              0.750000    8.294585   -7.544586 (VIOLATED)
_7128_/CLK                              0.750000    8.294566   -7.544566 (VIOLATED)
_7137_/CLK                              0.750000    8.294567   -7.544567 (VIOLATED)
_7141_/CLK                              0.750000    8.294567   -7.544567 (VIOLATED)
_7169_/CLK                              0.750000    8.294566   -7.544566 (VIOLATED)
_7358_/CLK                              0.750000    8.294565   -7.544565 (VIOLATED)
_7361_/CLK                              0.750000    8.294561   -7.544562 (VIOLATED)
_7362_/CLK                              0.750000    8.294562   -7.544562 (VIOLATED)
_7134_/CLK                              0.750000    8.294552   -7.544552 (VIOLATED)
_7136_/CLK                              0.750000    8.294556   -7.544555 (VIOLATED)
_7167_/CLK                              0.750000    8.294559   -7.544558 (VIOLATED)
_7170_/CLK                              0.750000    8.294562   -7.544562 (VIOLATED)
_7173_/CLK                              0.750000    8.294567   -7.544567 (VIOLATED)
_7229_/CLK                              0.750000    8.294564   -7.544564 (VIOLATED)
_7256_/CLK                              0.750000    8.294566   -7.544566 (VIOLATED)
_6719_/CLK                              0.750000    8.294509   -7.544509 (VIOLATED)
_6758_/CLK                              0.750000    8.294514   -7.544514 (VIOLATED)
_6764_/CLK                              0.750000    8.294512   -7.544512 (VIOLATED)
_6770_/CLK                              0.750000    8.294514   -7.544514 (VIOLATED)
_6776_/CLK                              0.750000    8.294512   -7.544512 (VIOLATED)
_6948_/CLK                              0.750000    8.294513   -7.544513 (VIOLATED)
_6968_/CLK                              0.750000    8.294512   -7.544512 (VIOLATED)
_6723_/CLK                              0.750000    8.294501   -7.544501 (VIOLATED)
_6724_/CLK                              0.750000    8.294506   -7.544506 (VIOLATED)
_6726_/CLK                              0.750000    8.294507   -7.544507 (VIOLATED)
_6744_/CLK                              0.750000    8.294502   -7.544502 (VIOLATED)
_6855_/CLK                              0.750000    8.294505   -7.544505 (VIOLATED)
_6869_/CLK                              0.750000    8.294505   -7.544505 (VIOLATED)
_6911_/CLK                              0.750000    8.294504   -7.544504 (VIOLATED)
_6916_/CLK                              0.750000    8.294505   -7.544505 (VIOLATED)
_6954_/CLK                              0.750000    8.294511   -7.544511 (VIOLATED)
_6956_/CLK                              0.750000    8.294511   -7.544511 (VIOLATED)
_6960_/CLK                              0.750000    8.294513   -7.544513 (VIOLATED)
_6962_/CLK                              0.750000    8.294512   -7.544512 (VIOLATED)
_6966_/CLK                              0.750000    8.294511   -7.544511 (VIOLATED)
_7166_/CLK                              0.750000    8.294518   -7.544517 (VIOLATED)
_6917_/CLK                              0.750000    8.294503   -7.544503 (VIOLATED)
_6721_/CLK                              0.750000    8.294494   -7.544493 (VIOLATED)
_6728_/CLK                              0.750000    8.294499   -7.544499 (VIOLATED)
_6729_/CLK                              0.750000    8.294498   -7.544498 (VIOLATED)
_6732_/CLK                              0.750000    8.294504   -7.544504 (VIOLATED)
_6733_/CLK                              0.750000    8.294497   -7.544497 (VIOLATED)
_6735_/CLK                              0.750000    8.294497   -7.544497 (VIOLATED)
_6738_/CLK                              0.750000    8.294500   -7.544500 (VIOLATED)
_6739_/CLK                              0.750000    8.294496   -7.544496 (VIOLATED)
_6741_/CLK                              0.750000    8.294498   -7.544498 (VIOLATED)
_6745_/CLK                              0.750000    8.294496   -7.544496 (VIOLATED)
_6747_/CLK                              0.750000    8.294497   -7.544497 (VIOLATED)
_6750_/CLK                              0.750000    8.294503   -7.544503 (VIOLATED)
_6751_/CLK                              0.750000    8.294497   -7.544497 (VIOLATED)
_6753_/CLK                              0.750000    8.294495   -7.544494 (VIOLATED)
_6771_/CLK                              0.750000    8.294499   -7.544499 (VIOLATED)
_6780_/CLK                              0.750000    8.294506   -7.544506 (VIOLATED)
_6781_/CLK                              0.750000    8.294505   -7.544505 (VIOLATED)
_6782_/CLK                              0.750000    8.294505   -7.544505 (VIOLATED)
_6811_/CLK                              0.750000    8.294496   -7.544496 (VIOLATED)
_6853_/CLK                              0.750000    8.294503   -7.544503 (VIOLATED)
_6909_/CLK                              0.750000    8.294503   -7.544503 (VIOLATED)
_6945_/CLK                              0.750000    8.294498   -7.544498 (VIOLATED)
_6950_/CLK                              0.750000    8.294505   -7.544505 (VIOLATED)
_6969_/CLK                              0.750000    8.294502   -7.544502 (VIOLATED)
_6974_/CLK                              0.750000    8.294504   -7.544504 (VIOLATED)
_6976_/CLK                              0.750000    8.294507   -7.544507 (VIOLATED)
_6978_/CLK                              0.750000    8.294501   -7.544501 (VIOLATED)
_7015_/CLK                              0.750000    8.294501   -7.544501 (VIOLATED)
_7029_/CLK                              0.750000    8.294501   -7.544501 (VIOLATED)
_6720_/CLK                              0.750000    8.294484   -7.544484 (VIOLATED)
_6725_/CLK                              0.750000    8.294488   -7.544488 (VIOLATED)
_6742_/CLK                              0.750000    8.294489   -7.544489 (VIOLATED)
_6759_/CLK                              0.750000    8.294492   -7.544491 (VIOLATED)
_6765_/CLK                              0.750000    8.294497   -7.544497 (VIOLATED)
_6813_/CLK                              0.750000    8.294492   -7.544491 (VIOLATED)
_6816_/CLK                              0.750000    8.294498   -7.544498 (VIOLATED)
_6817_/CLK                              0.750000    8.294495   -7.544494 (VIOLATED)
_6818_/CLK                              0.750000    8.294493   -7.544492 (VIOLATED)
_6821_/CLK                              0.750000    8.294498   -7.544498 (VIOLATED)
_6824_/CLK                              0.750000    8.294506   -7.544506 (VIOLATED)
_6823_/CLK                              0.750000    8.294492   -7.544491 (VIOLATED)
_6826_/CLK                              0.750000    8.294491   -7.544491 (VIOLATED)
_6827_/CLK                              0.750000    8.294495   -7.544494 (VIOLATED)
_6828_/CLK                              0.750000    8.294491   -7.544491 (VIOLATED)
_6748_/CLK                              0.750000    8.294482   -7.544483 (VIOLATED)
_6756_/CLK                              0.750000    8.294489   -7.544489 (VIOLATED)
_6762_/CLK                              0.750000    8.294486   -7.544486 (VIOLATED)
_6768_/CLK                              0.750000    8.294490   -7.544490 (VIOLATED)
_6774_/CLK                              0.750000    8.294485   -7.544485 (VIOLATED)
_6831_/CLK                              0.750000    8.294487   -7.544487 (VIOLATED)
_6833_/CLK                              0.750000    8.294487   -7.544487 (VIOLATED)
_6858_/CLK                              0.750000    8.294493   -7.544492 (VIOLATED)
_6861_/CLK                              0.750000    8.294498   -7.544498 (VIOLATED)
_6863_/CLK                              0.750000    8.294499   -7.544499 (VIOLATED)
_6868_/CLK                              0.750000    8.294505   -7.544505 (VIOLATED)
_6898_/CLK                              0.750000    8.294493   -7.544492 (VIOLATED)
_6901_/CLK                              0.750000    8.294498   -7.544498 (VIOLATED)
_6903_/CLK                              0.750000    8.294504   -7.544504 (VIOLATED)
_7056_/CLK                              0.750000    8.294502   -7.544502 (VIOLATED)
_7058_/CLK                              0.750000    8.294502   -7.544502 (VIOLATED)
_7164_/CLK                              0.750000    8.294508   -7.544508 (VIOLATED)
_6951_/CLK                              0.750000    8.294489   -7.544489 (VIOLATED)
_6955_/CLK                              0.750000    8.294492   -7.544491 (VIOLATED)
_6963_/CLK                              0.750000    8.294498   -7.544498 (VIOLATED)
_6957_/CLK                              0.750000    8.294489   -7.544489 (VIOLATED)
_6967_/CLK                              0.750000    8.294492   -7.544491 (VIOLATED)
_6971_/CLK                              0.750000    8.294494   -7.544493 (VIOLATED)
_6973_/CLK                              0.750000    8.294499   -7.544499 (VIOLATED)
_7152_/CLK                              0.750000    8.294500   -7.544500 (VIOLATED)
_7215_/CLK                              0.750000    8.294506   -7.544506 (VIOLATED)
_7312_/CLK                              0.750000    8.294498   -7.544498 (VIOLATED)
_6755_/CLK                              0.750000    8.294476   -7.544476 (VIOLATED)
_6767_/CLK                              0.750000    8.294476   -7.544476 (VIOLATED)
_6810_/CLK                              0.750000    8.294478   -7.544478 (VIOLATED)
_6812_/CLK                              0.750000    8.294482   -7.544482 (VIOLATED)
_6820_/CLK                              0.750000    8.294478   -7.544478 (VIOLATED)
_6822_/CLK                              0.750000    8.294482   -7.544482 (VIOLATED)
_6829_/CLK                              0.750000    8.294477   -7.544477 (VIOLATED)
_6836_/CLK                              0.750000    8.294483   -7.544484 (VIOLATED)
_6838_/CLK                              0.750000    8.294483   -7.544484 (VIOLATED)
_6839_/CLK                              0.750000    8.294482   -7.544482 (VIOLATED)
_6840_/CLK                              0.750000    8.294482   -7.544482 (VIOLATED)
_6841_/CLK                              0.750000    8.294483   -7.544484 (VIOLATED)
_6842_/CLK                              0.750000    8.294482   -7.544483 (VIOLATED)
_6843_/CLK                              0.750000    8.294487   -7.544487 (VIOLATED)
_6844_/CLK                              0.750000    8.294482   -7.544482 (VIOLATED)
_6846_/CLK                              0.750000    8.294488   -7.544488 (VIOLATED)
_6847_/CLK                              0.750000    8.294482   -7.544483 (VIOLATED)
_6850_/CLK                              0.750000    8.294489   -7.544489 (VIOLATED)
_6848_/CLK                              0.750000    8.294478   -7.544478 (VIOLATED)
_6906_/CLK                              0.750000    8.294484   -7.544484 (VIOLATED)
_6949_/CLK                              0.750000    8.294480   -7.544480 (VIOLATED)
_6961_/CLK                              0.750000    8.294480   -7.544480 (VIOLATED)
_6970_/CLK                              0.750000    8.294483   -7.544484 (VIOLATED)
_6975_/CLK                              0.750000    8.294489   -7.544489 (VIOLATED)
_7132_/CLK                              0.750000    8.294480   -7.544480 (VIOLATED)
_6730_/CLK                              0.750000    8.294467   -7.544466 (VIOLATED)
_6736_/CLK                              0.750000    8.294466   -7.544466 (VIOLATED)
_6761_/CLK                              0.750000    8.294461   -7.544461 (VIOLATED)
_6773_/CLK                              0.750000    8.294461   -7.544461 (VIOLATED)
_6815_/CLK                              0.750000    8.294465   -7.544465 (VIOLATED)
_6825_/CLK                              0.750000    8.294465   -7.544465 (VIOLATED)
_6832_/CLK                              0.750000    8.294468   -7.544467 (VIOLATED)
_6834_/CLK                              0.750000    8.294468   -7.544467 (VIOLATED)
_6837_/CLK                              0.750000    8.294468   -7.544467 (VIOLATED)
_6859_/CLK                              0.750000    8.294465   -7.544465 (VIOLATED)
_6899_/CLK                              0.750000    8.294472   -7.544472 (VIOLATED)
_7042_/CLK                              0.750000    8.294469   -7.544468 (VIOLATED)
_7043_/CLK                              0.750000    8.294470   -7.544470 (VIOLATED)
_7044_/CLK                              0.750000    8.294472   -7.544472 (VIOLATED)
_7199_/CLK                              0.750000    8.294471   -7.544471 (VIOLATED)
_7200_/CLK                              0.750000    8.294471   -7.544471 (VIOLATED)
_7392_/CLK                              0.750000    8.294470   -7.544470 (VIOLATED)
_7120_/CLK                              0.750000    8.294457   -7.544458 (VIOLATED)
_7133_/CLK                              0.750000    8.294454   -7.544453 (VIOLATED)
_7193_/CLK                              0.750000    8.294460   -7.544460 (VIOLATED)
_7260_/CLK                              0.750000    8.294459   -7.544459 (VIOLATED)
_7261_/CLK                              0.750000    8.294464   -7.544464 (VIOLATED)
_7262_/CLK                              0.750000    8.294466   -7.544466 (VIOLATED)
_7264_/CLK                              0.750000    8.294466   -7.544466 (VIOLATED)
_6722_/CLK                              0.750000    8.294450   -7.544450 (VIOLATED)
_6734_/CLK                              0.750000    8.294452   -7.544452 (VIOLATED)
_6972_/CLK                              0.750000    8.294448   -7.544448 (VIOLATED)
_6693_/CLK                              0.750000    8.294434   -7.544434 (VIOLATED)
_6727_/CLK                              0.750000    8.294438   -7.544438 (VIOLATED)
_6740_/CLK                              0.750000    8.294439   -7.544439 (VIOLATED)
_6830_/CLK                              0.750000    8.294440   -7.544440 (VIOLATED)
_6835_/CLK                              0.750000    8.294440   -7.544440 (VIOLATED)
_6845_/CLK                              0.750000    8.294440   -7.544440 (VIOLATED)
_7165_/CLK                              0.750000    8.294447   -7.544447 (VIOLATED)
_6746_/CLK                              0.750000    8.294431   -7.544430 (VIOLATED)
_6752_/CLK                              0.750000    8.294431   -7.544430 (VIOLATED)
_6789_/CLK                              0.750000    8.294436   -7.544436 (VIOLATED)
_6851_/CLK                              0.750000    8.294431   -7.544431 (VIOLATED)
_6877_/CLK                              0.750000    8.294432   -7.544432 (VIOLATED)
_6882_/CLK                              0.750000    8.294430   -7.544429 (VIOLATED)
_6907_/CLK                              0.750000    8.294431   -7.544431 (VIOLATED)
_6925_/CLK                              0.750000    8.294436   -7.544436 (VIOLATED)
_6946_/CLK                              0.750000    8.294437   -7.544437 (VIOLATED)
_6952_/CLK                              0.750000    8.294438   -7.544438 (VIOLATED)
_6958_/CLK                              0.750000    8.294437   -7.544437 (VIOLATED)
_6964_/CLK                              0.750000    8.294438   -7.544438 (VIOLATED)
_6977_/CLK                              0.750000    8.294439   -7.544439 (VIOLATED)
_6930_/CLK                              0.750000    8.294424   -7.544424 (VIOLATED)
_6872_/CLK                              0.750000    8.294415   -7.544415 (VIOLATED)
_6881_/CLK                              0.750000    8.294411   -7.544411 (VIOLATED)
_6980_/CLK                              0.750000    8.294410   -7.544410 (VIOLATED)
_7257_/CLK                              0.750000    8.294415   -7.544414 (VIOLATED)
_7344_/CLK                              0.750000    8.294414   -7.544413 (VIOLATED)
_6784_/CLK                              0.750000    8.294393   -7.544393 (VIOLATED)
_6793_/CLK                              0.750000    8.294399   -7.544399 (VIOLATED)
_7160_/CLK                              0.750000    8.294404   -7.544404 (VIOLATED)
_6794_/CLK                              0.750000    8.294393   -7.544393 (VIOLATED)
_6920_/CLK                              0.750000    8.294392   -7.544392 (VIOLATED)
_6929_/CLK                              0.750000    8.294388   -7.544387 (VIOLATED)
_7139_/CLK                              0.750000    8.294386   -7.544386 (VIOLATED)
_7142_/CLK                              0.750000    8.294391   -7.544390 (VIOLATED)
_7144_/CLK                              0.750000    8.294388   -7.544387 (VIOLATED)
_7150_/CLK                              0.750000    8.294392   -7.544392 (VIOLATED)
_7162_/CLK                              0.750000    8.294389   -7.544388 (VIOLATED)
_7176_/CLK                              0.750000    8.294388   -7.544387 (VIOLATED)
_7208_/CLK                              0.750000    8.294390   -7.544389 (VIOLATED)
_7272_/CLK                              0.750000    8.294392   -7.544391 (VIOLATED)
_7278_/CLK                              0.750000    8.294392   -7.544392 (VIOLATED)
_6998_/CLK                              0.750000    8.294379   -7.544380 (VIOLATED)
_6999_/CLK                              0.750000    8.294379   -7.544380 (VIOLATED)
_7181_/CLK                              0.750000    8.294379   -7.544380 (VIOLATED)
_7109_/CLK                              0.750000    8.294372   -7.544372 (VIOLATED)
_7117_/CLK                              0.750000    8.294372   -7.544372 (VIOLATED)
_7149_/CLK                              0.750000    8.294378   -7.544378 (VIOLATED)
_7189_/CLK                              0.750000    8.294373   -7.544373 (VIOLATED)
_7213_/CLK                              0.750000    8.294378   -7.544379 (VIOLATED)
_7214_/CLK                              0.750000    8.294377   -7.544377 (VIOLATED)
_7235_/CLK                              0.750000    8.294373   -7.544373 (VIOLATED)
_7238_/CLK                              0.750000    8.294378   -7.544379 (VIOLATED)
_7240_/CLK                              0.750000    8.294376   -7.544376 (VIOLATED)
_7245_/CLK                              0.750000    8.294379   -7.544380 (VIOLATED)
_7246_/CLK                              0.750000    8.294374   -7.544374 (VIOLATED)
_7277_/CLK                              0.750000    8.294378   -7.544378 (VIOLATED)
_7363_/CLK                              0.750000    8.294382   -7.544382 (VIOLATED)
_7374_/CLK                              0.750000    8.294386   -7.544386 (VIOLATED)
_7382_/CLK                              0.750000    8.294387   -7.544387 (VIOLATED)
_7000_/CLK                              0.750000    8.294370   -7.544370 (VIOLATED)
_7007_/CLK                              0.750000    8.294376   -7.544376 (VIOLATED)
_7001_/CLK                              0.750000    8.294368   -7.544368 (VIOLATED)
_7002_/CLK                              0.750000    8.294368   -7.544368 (VIOLATED)
_7003_/CLK                              0.750000    8.294369   -7.544369 (VIOLATED)
_7004_/CLK                              0.750000    8.294370   -7.544370 (VIOLATED)
_7005_/CLK                              0.750000    8.294370   -7.544370 (VIOLATED)
_7006_/CLK                              0.750000    8.294370   -7.544370 (VIOLATED)
_7008_/CLK                              0.750000    8.294376   -7.544376 (VIOLATED)
_7368_/CLK                              0.750000    8.294376   -7.544376 (VIOLATED)
_7105_/CLK                              0.750000    8.294359   -7.544359 (VIOLATED)
_7237_/CLK                              0.750000    8.294366   -7.544366 (VIOLATED)
_7106_/CLK                              0.750000    8.294356   -7.544356 (VIOLATED)
_7308_/CLK                              0.750000    8.294364   -7.544363 (VIOLATED)
_7340_/CLK                              0.750000    8.294365   -7.544364 (VIOLATED)
_7365_/CLK                              0.750000    8.294366   -7.544365 (VIOLATED)
_7114_/CLK                              0.750000    8.294350   -7.544349 (VIOLATED)
_7118_/CLK                              0.750000    8.294353   -7.544353 (VIOLATED)
_7138_/CLK                              0.750000    8.294351   -7.544350 (VIOLATED)
_7140_/CLK                              0.750000    8.294351   -7.544350 (VIOLATED)
_7182_/CLK                              0.750000    8.294353   -7.544353 (VIOLATED)
_7188_/CLK                              0.750000    8.294351   -7.544350 (VIOLATED)
_7234_/CLK                              0.750000    8.294351   -7.544350 (VIOLATED)
_7329_/CLK                              0.750000    8.294351   -7.544350 (VIOLATED)
_7373_/CLK                              0.750000    8.294357   -7.544357 (VIOLATED)
_7364_/CLK                              0.750000    8.294350   -7.544349 (VIOLATED)
_7231_/CLK                              0.750000    8.294340   -7.544340 (VIOLATED)
_7309_/CLK                              0.750000    8.294338   -7.544338 (VIOLATED)
_7103_/CLK                              0.750000    8.294330   -7.544330 (VIOLATED)
_7320_/CLK                              0.750000    8.294336   -7.544336 (VIOLATED)
_7338_/CLK                              0.750000    8.294336   -7.544336 (VIOLATED)
_7341_/CLK                              0.750000    8.294338   -7.544338 (VIOLATED)
_7342_/CLK                              0.750000    8.294338   -7.544338 (VIOLATED)
_7370_/CLK                              0.750000    8.294340   -7.544341 (VIOLATED)
_7195_/CLK                              0.750000    8.294327   -7.544326 (VIOLATED)
_7325_/CLK                              0.750000    8.294327   -7.544327 (VIOLATED)
_7380_/CLK                              0.750000    8.294334   -7.544334 (VIOLATED)
_7013_/CLK                              0.750000    8.294327   -7.544326 (VIOLATED)
_7104_/CLK                              0.750000    8.294316   -7.544316 (VIOLATED)
_7127_/CLK                              0.750000    8.294324   -7.544323 (VIOLATED)
_7130_/CLK                              0.750000    8.294323   -7.544322 (VIOLATED)
_7131_/CLK                              0.750000    8.294318   -7.544318 (VIOLATED)
_7159_/CLK                              0.750000    8.294323   -7.544322 (VIOLATED)
_7232_/CLK                              0.750000    8.294320   -7.544320 (VIOLATED)
_7258_/CLK                              0.750000    8.294326   -7.544325 (VIOLATED)
_7259_/CLK                              0.750000    8.294327   -7.544326 (VIOLATED)
_7267_/CLK                              0.750000    8.294327   -7.544326 (VIOLATED)
_7230_/CLK                              0.750000    8.294308   -7.544308 (VIOLATED)
_7331_/CLK                              0.750000    8.294313   -7.544313 (VIOLATED)
_7352_/CLK                              0.750000    8.294312   -7.544312 (VIOLATED)
_7336_/CLK                              0.750000    8.294301   -7.544301 (VIOLATED)
_7381_/CLK                              0.750000    8.294299   -7.544299 (VIOLATED)
_7112_/CLK                              0.750000    8.294291   -7.544291 (VIOLATED)
_7110_/CLK                              0.750000    8.294282   -7.544282 (VIOLATED)
_7293_/CLK                              0.750000    8.294288   -7.544288 (VIOLATED)
_7163_/CLK                              0.750000    8.294280   -7.544280 (VIOLATED)
_7225_/CLK                              0.750000    8.294282   -7.544282 (VIOLATED)
_7299_/CLK                              0.750000    8.294287   -7.544286 (VIOLATED)
_7310_/CLK                              0.750000    8.294289   -7.544289 (VIOLATED)
_7324_/CLK                              0.750000    8.294296   -7.544296 (VIOLATED)
_7020_/CLK                              0.750000    8.294288   -7.544287 (VIOLATED)
_7023_/CLK                              0.750000    8.294284   -7.544284 (VIOLATED)
_7025_/CLK                              0.750000    8.294288   -7.544288 (VIOLATED)
_7302_/CLK                              0.750000    8.294278   -7.544278 (VIOLATED)
_7304_/CLK                              0.750000    8.294286   -7.544285 (VIOLATED)
_7306_/CLK                              0.750000    8.294289   -7.544289 (VIOLATED)
_7107_/CLK                              0.750000    8.294267   -7.544267 (VIOLATED)
_7301_/CLK                              0.750000    8.294268   -7.544268 (VIOLATED)
_7321_/CLK                              0.750000    8.294271   -7.544271 (VIOLATED)
_7129_/CLK                              0.750000    8.294260   -7.544260 (VIOLATED)
_7168_/CLK                              0.750000    8.294266   -7.544266 (VIOLATED)
_7172_/CLK                              0.750000    8.294266   -7.544266 (VIOLATED)
_7161_/CLK                              0.750000    8.294257   -7.544257 (VIOLATED)
_7228_/CLK                              0.750000    8.294262   -7.544262 (VIOLATED)
_7226_/CLK                              0.750000    8.294253   -7.544253 (VIOLATED)
_7322_/CLK                              0.750000    8.294260   -7.544260 (VIOLATED)
_7333_/CLK                              0.750000    8.294267   -7.544267 (VIOLATED)
_7334_/CLK                              0.750000    8.294268   -7.544268 (VIOLATED)
_6692_/CLK                              0.750000    8.294260   -7.544260 (VIOLATED)
_7011_/CLK                              0.750000    8.294260   -7.544260 (VIOLATED)
_7353_/CLK                              0.750000    8.294255   -7.544255 (VIOLATED)
_7356_/CLK                              0.750000    8.294262   -7.544261 (VIOLATED)
_7359_/CLK                              0.750000    8.294266   -7.544266 (VIOLATED)
_7360_/CLK                              0.750000    8.294264   -7.544264 (VIOLATED)
_6984_/CLK                              0.750000    8.294251   -7.544251 (VIOLATED)
_7018_/CLK                              0.750000    8.294254   -7.544254 (VIOLATED)
_7354_/CLK                              0.750000    8.294251   -7.544251 (VIOLATED)
_7298_/CLK                              0.750000    8.294237   -7.544238 (VIOLATED)
_7375_/CLK                              0.750000    8.294241   -7.544241 (VIOLATED)
_7186_/CLK                              0.750000    8.294224   -7.544223 (VIOLATED)
_7297_/CLK                              0.750000    8.294224   -7.544224 (VIOLATED)
_7300_/CLK                              0.750000    8.294206   -7.544206 (VIOLATED)
_7351_/CLK                              0.750000    8.294211   -7.544212 (VIOLATED)
_7319_/CLK                              0.750000    8.294202   -7.544202 (VIOLATED)
_7017_/CLK                              0.750000    8.294192   -7.544192 (VIOLATED)
_7379_/CLK                              0.750000    8.294194   -7.544194 (VIOLATED)
_7021_/CLK                              0.750000    8.294173   -7.544174 (VIOLATED)
_7108_/CLK                              0.750000    8.294171   -7.544172 (VIOLATED)
_7295_/CLK                              0.750000    8.294175   -7.544175 (VIOLATED)
_7327_/CLK                              0.750000    8.294170   -7.544170 (VIOLATED)
_7330_/CLK                              0.750000    8.294173   -7.544174 (VIOLATED)
_7332_/CLK                              0.750000    8.294172   -7.544173 (VIOLATED)
_7328_/CLK                              0.750000    8.294151   -7.544151 (VIOLATED)
_7323_/CLK                              0.750000    8.294138   -7.544138 (VIOLATED)
_7028_/CLK                              0.750000    8.294129   -7.544129 (VIOLATED)
_7326_/CLK                              0.750000    8.294133   -7.544133 (VIOLATED)
_7060_/CLK                              0.750000    8.294119   -7.544118 (VIOLATED)
_7102_/CLK                              0.750000    8.294123   -7.544123 (VIOLATED)
_6695_/CLK                              0.750000    8.294100   -7.544100 (VIOLATED)
_7100_/CLK                              0.750000    8.294106   -7.544106 (VIOLATED)
_7122_/CLK                              0.750000    8.294094   -7.544095 (VIOLATED)
_6703_/CLK                              0.750000    8.294083   -7.544083 (VIOLATED)
_7012_/CLK                              0.750000    8.294086   -7.544086 (VIOLATED)
_7031_/CLK                              0.750000    8.294084   -7.544084 (VIOLATED)
_7037_/CLK                              0.750000    8.294084   -7.544084 (VIOLATED)
_7224_/CLK                              0.750000    8.294078   -7.544077 (VIOLATED)
_7016_/CLK                              0.750000    8.294067   -7.544067 (VIOLATED)
_7097_/CLK                              0.750000    8.294068   -7.544069 (VIOLATED)
_7101_/CLK                              0.750000    8.294068   -7.544068 (VIOLATED)
_7289_/CLK                              0.750000    8.294066   -7.544066 (VIOLATED)
_7292_/CLK                              0.750000    8.294069   -7.544070 (VIOLATED)
_7294_/CLK                              0.750000    8.294069   -7.544070 (VIOLATED)
_7296_/CLK                              0.750000    8.294070   -7.544070 (VIOLATED)
_7035_/CLK                              0.750000    8.294062   -7.544062 (VIOLATED)
_7098_/CLK                              0.750000    8.294051   -7.544051 (VIOLATED)
_7014_/CLK                              0.750000    8.294043   -7.544042 (VIOLATED)
_7290_/CLK                              0.750000    8.294037   -7.544037 (VIOLATED)
_6690_/CLK                              0.750000    8.294026   -7.544026 (VIOLATED)
_7291_/CLK                              0.750000    8.294011   -7.544011 (VIOLATED)
_7355_/CLK                              0.750000    8.294017   -7.544016 (VIOLATED)
_7099_/CLK                              0.750000    8.294000   -7.543999 (VIOLATED)
_7055_/CLK                              0.750000    8.293984   -7.543984 (VIOLATED)
_7183_/CLK                              0.750000    8.293991   -7.543992 (VIOLATED)
_7095_/CLK                              0.750000    8.293973   -7.543973 (VIOLATED)
_7096_/CLK                              0.750000    8.293977   -7.543976 (VIOLATED)
_7247_/CLK                              0.750000    8.293962   -7.543962 (VIOLATED)
_7227_/CLK                              0.750000    8.293951   -7.543951 (VIOLATED)
_7218_/CLK                              0.750000    8.293941   -7.543941 (VIOLATED)
_7279_/CLK                              0.750000    8.293944   -7.543944 (VIOLATED)
_7090_/CLK                              0.750000    8.293928   -7.543928 (VIOLATED)
_7287_/CLK                              0.750000    8.293929   -7.543929 (VIOLATED)
_7288_/CLK                              0.750000    8.293929   -7.543929 (VIOLATED)
_7034_/CLK                              0.750000    8.293899   -7.543898 (VIOLATED)
_7187_/CLK                              0.750000    8.293900   -7.543901 (VIOLATED)
_7216_/CLK                              0.750000    8.293896   -7.543896 (VIOLATED)
_7311_/CLK                              0.750000    8.293900   -7.543900 (VIOLATED)
_7343_/CLK                              0.750000    8.293900   -7.543900 (VIOLATED)
_7087_/CLK                              0.750000    8.293845   -7.543845 (VIOLATED)
_7185_/CLK                              0.750000    8.293845   -7.543845 (VIOLATED)
_7345_/CLK                              0.750000    8.293844   -7.543844 (VIOLATED)
_7033_/CLK                              0.750000    8.293832   -7.543831 (VIOLATED)
_7088_/CLK                              0.750000    8.293775   -7.543775 (VIOLATED)
_7126_/CLK                              0.750000    8.293764   -7.543764 (VIOLATED)
_7158_/CLK                              0.750000    8.293698   -7.543698 (VIOLATED)
_7249_/CLK                              0.750000    8.293661   -7.543661 (VIOLATED)
_7121_/CLK                              0.750000    8.293615   -7.543616 (VIOLATED)
_7153_/CLK                              0.750000    8.293620   -7.543620 (VIOLATED)
_7250_/CLK                              0.750000    8.293616   -7.543617 (VIOLATED)
_7282_/CLK                              0.750000    8.293616   -7.543617 (VIOLATED)
_6981_/CLK                              0.750000    8.293602   -7.543602 (VIOLATED)
_6982_/CLK                              0.750000    8.293601   -7.543601 (VIOLATED)
_6983_/CLK                              0.750000    8.293602   -7.543602 (VIOLATED)
_7030_/CLK                              0.750000    8.293605   -7.543605 (VIOLATED)
_7154_/CLK                              0.750000    8.293606   -7.543606 (VIOLATED)
_7314_/CLK                              0.750000    8.293606   -7.543606 (VIOLATED)
_7346_/CLK                              0.750000    8.293606   -7.543606 (VIOLATED)
_7057_/CLK                              0.750000    8.293596   -7.543596 (VIOLATED)
_7059_/CLK                              0.750000    8.293598   -7.543598 (VIOLATED)
_7061_/CLK                              0.750000    8.293598   -7.543598 (VIOLATED)
_7062_/CLK                              0.750000    8.293596   -7.543596 (VIOLATED)
_7119_/CLK                              0.750000    8.293596   -7.543596 (VIOLATED)
_7123_/CLK                              0.750000    8.293591   -7.543592 (VIOLATED)
_7124_/CLK                              0.750000    8.293595   -7.543595 (VIOLATED)
_7125_/CLK                              0.750000    8.293594   -7.543594 (VIOLATED)
_7155_/CLK                              0.750000    8.293593   -7.543593 (VIOLATED)
_7156_/CLK                              0.750000    8.293594   -7.543594 (VIOLATED)
_7157_/CLK                              0.750000    8.293597   -7.543597 (VIOLATED)
_7253_/CLK                              0.750000    8.293596   -7.543596 (VIOLATED)
_7281_/CLK                              0.750000    8.293597   -7.543597 (VIOLATED)
_7313_/CLK                              0.750000    8.293585   -7.543585 (VIOLATED)
_7093_/CLK                              0.750000    8.293576   -7.543576 (VIOLATED)
_7315_/CLK                              0.750000    8.293583   -7.543583 (VIOLATED)
_7347_/CLK                              0.750000    8.293586   -7.543585 (VIOLATED)
_7348_/CLK                              0.750000    8.293590   -7.543589 (VIOLATED)
_6691_/CLK                              0.750000    8.293576   -7.543576 (VIOLATED)
_7217_/CLK                              0.750000    8.293571   -7.543571 (VIOLATED)
_7283_/CLK                              0.750000    8.293574   -7.543574 (VIOLATED)
_7285_/CLK                              0.750000    8.293575   -7.543575 (VIOLATED)
_7316_/CLK                              0.750000    8.293579   -7.543579 (VIOLATED)
_6694_/CLK                              0.750000    8.293565   -7.543565 (VIOLATED)
_7091_/CLK                              0.750000    8.293562   -7.543561 (VIOLATED)
_7092_/CLK                              0.750000    8.293568   -7.543568 (VIOLATED)
_7151_/CLK                              0.750000    8.293565   -7.543565 (VIOLATED)
_7251_/CLK                              0.750000    8.293564   -7.543564 (VIOLATED)
_7190_/CLK                              0.750000    8.293556   -7.543556 (VIOLATED)
_7252_/CLK                              0.750000    8.293564   -7.543563 (VIOLATED)
_7317_/CLK                              0.750000    8.293563   -7.543562 (VIOLATED)
_7318_/CLK                              0.750000    8.293559   -7.543559 (VIOLATED)
_7349_/CLK                              0.750000    8.293565   -7.543565 (VIOLATED)
_6699_/CLK                              0.750000    8.293553   -7.543553 (VIOLATED)
_6704_/CLK                              0.750000    8.293551   -7.543551 (VIOLATED)
_7032_/CLK                              0.750000    8.293555   -7.543555 (VIOLATED)
_7350_/CLK                              0.750000    8.293561   -7.543561 (VIOLATED)
_7094_/CLK                              0.750000    8.293547   -7.543547 (VIOLATED)
_7219_/CLK                              0.750000    8.293552   -7.543553 (VIOLATED)
_7220_/CLK                              0.750000    8.293552   -7.543553 (VIOLATED)
_7254_/CLK                              0.750000    8.293556   -7.543556 (VIOLATED)
_7221_/CLK                              0.750000    8.293549   -7.543548 (VIOLATED)
_7222_/CLK                              0.750000    8.293551   -7.543552 (VIOLATED)
_7284_/CLK                              0.750000    8.293541   -7.543541 (VIOLATED)
_7286_/CLK                              0.750000    8.293546   -7.543546 (VIOLATED)
_7089_/CLK                              0.750000    8.293531   -7.543531 (VIOLATED)
clk                                     0.750000    8.292984   -7.542984 (VIOLATED)

max fanout

Pin                                   Limit Fanout  Slack
---------------------------------------------------------
clk                                      10    720   -710 (VIOLATED)

max capacitance

Pin                                        Limit         Cap       Slack
------------------------------------------------------------------------
clk                                     0.200000    1.867402   -1.667402 (VIOLATED)



===========================================================================
report_parasitic_annotation -report_unannotated
============================================================================
Found 5 unannotated drivers.
 _7407_/LO
 _7408_/LO
 _7409_/HI
 _7410_/HI
 _7411_/HI
Found 0 partially unannotated drivers.

===========================================================================
max slew violation count 721
Writing metric design__max_slew_violation__count__corner:nom_tt_025C_1v80: 721
max fanout violation count 1
Writing metric design__max_fanout_violation__count__corner:nom_tt_025C_1v80: 1
max cap violation count 1
Writing metric design__max_cap_violation__count__corner:nom_tt_025C_1v80: 1
============================================================================

===========================================================================
check_setup -verbose -unconstrained_endpoints -multiple_clock -no_clock -no_input_delay -loops -generated_clocks
===========================================================================
