Clock: clk
Sources: clk 
Generated: no
Virtual: yes
Propagated: no
Period: 25.000000

===========================================================================
report_clock_properties
============================================================================
Clock                   Period          Waveform
----------------------------------------------------
clk                  25.000000    0.000000 12.500000

===========================================================================
report_clock_latency
============================================================================
Clock clk
rise -> rise
    min     max
0.000000 0.000000 source latency
5.684506         network latency _7089_/CLK
        5.755658 network latency _6711_/CLK
---------------
5.684506 5.755658 latency
        0.071152 skew

fall -> fall
    min     max
0.000000 0.000000 source latency
2.816926         network latency _7089_/CLK
        2.883091 network latency _6711_/CLK
---------------
2.816926 2.883091 latency
        0.066166 skew



===========================================================================
report_clock_min_period
============================================================================
clk period_min = 8.63 fmax = 115.84
