
===========================================================================
report_checks -unconstrained
===========================================================================
======================= max_ff_n40C_1v95 Corner ===================================

Startpoint: reset (input port clocked by clk)
Endpoint: _7089_ (recovery check against rising-edge clock clk)
Path Group: asynchronous
Path Type: max

Fanout         Cap        Slew       Delay        Time   Description
---------------------------------------------------------------------------------------------
                                  0.000000    0.000000   clock clk (rise edge)
                                  0.000000    0.000000   clock network delay (propagated)
                                  5.000000    5.000000 v input external delay
     3    0.025714    0.041023    0.028899    5.028899 v reset (in)
                                                         reset (net)
                      0.041530    0.000000    5.028899 v fanout51/A (sky130_fd_sc_hd__clkdlybuf4s25_1)
     6    0.050562    0.255971    0.333980    5.362879 v fanout51/X (sky130_fd_sc_hd__clkdlybuf4s25_1)
                                                         net51 (net)
                      0.256665    0.010521    5.373400 v fanout39/A (sky130_fd_sc_hd__buf_1)
     2    0.022611    0.093626    0.182759    5.556159 v fanout39/X (sky130_fd_sc_hd__buf_1)
                                                         net39 (net)
                      0.093711    0.002536    5.558694 v max_cap576/A (sky130_fd_sc_hd__buf_2)
     4    0.059806    0.100652    0.168005    5.726699 v max_cap576/X (sky130_fd_sc_hd__buf_2)
                                                         net576 (net)
                      0.102208    0.010058    5.736757 v fanout29/A (sky130_fd_sc_hd__clkdlybuf4s25_1)
     5    0.027439    0.142545    0.277927    6.014685 v fanout29/X (sky130_fd_sc_hd__clkdlybuf4s25_1)
                                                         net29 (net)
                      0.142568    0.001761    6.016446 v fanout24/A (sky130_fd_sc_hd__clkbuf_2)
    10    0.083102    0.214897    0.254693    6.271139 v fanout24/X (sky130_fd_sc_hd__clkbuf_2)
                                                         net24 (net)
                      0.215699    0.010854    6.281993 v fanout23/A (sky130_fd_sc_hd__buf_2)
    10    0.074126    0.123641    0.228008    6.510001 v fanout23/X (sky130_fd_sc_hd__buf_2)
                                                         net23 (net)
                      0.124814    0.009527    6.519529 v _6369_/A (sky130_fd_sc_hd__inv_2)
     1    0.003820    0.036538    0.058046    6.577574 ^ _6369_/Y (sky130_fd_sc_hd__inv_2)
                                                         _0110_ (net)
                      0.036538    0.000203    6.577777 ^ _7089_/SET_B (sky130_fd_sc_hd__dfstp_2)
                                              6.577777   data arrival time

                                 25.000000   25.000000   clock clk (rise edge)
                                  0.000000   25.000000   clock source latency
     1    0.048481    0.166042    0.120544   25.120543 ^ clk (in)
                                                         clk (net)
                      0.167455    0.000000   25.120543 ^ clkbuf_0_clk/A (sky130_fd_sc_hd__clkbuf_16)
     8    0.146146    0.123698    0.178975   25.299519 ^ clkbuf_0_clk/X (sky130_fd_sc_hd__clkbuf_16)
                                                         clknet_0_clk (net)
                      0.125757    0.012649   25.312168 ^ clkbuf_3_1__f_clk/A (sky130_fd_sc_hd__clkbuf_16)
     6    0.099771    0.090107    0.150765   25.462933 ^ clkbuf_3_1__f_clk/X (sky130_fd_sc_hd__clkbuf_16)
                                                         clknet_3_1__leaf_clk (net)
                      0.090688    0.005826   25.468758 ^ clkbuf_leaf_40_clk/A (sky130_fd_sc_hd__clkbuf_16)
    16    0.062365    0.061575    0.124329   25.593088 ^ clkbuf_leaf_40_clk/X (sky130_fd_sc_hd__clkbuf_16)
                                                         clknet_leaf_40_clk (net)
                      0.062089    0.004396   25.597485 ^ _7089_/CLK (sky130_fd_sc_hd__dfstp_2)
                                 -0.100000   25.497484   clock uncertainty
                                  0.000000   25.497484   clock reconvergence pessimism
                                  0.088373   25.585855   library recovery time
                                             25.585855   data required time
---------------------------------------------------------------------------------------------
                                             25.585855   data required time
                                             -6.577777   data arrival time
---------------------------------------------------------------------------------------------
                                             19.008080   slack (MET)


Startpoint: _6979_ (rising edge-triggered flip-flop clocked by clk)
Endpoint: alu_result_out[0] (output port clocked by clk)
Path Group: clk
Path Type: max

Fanout         Cap        Slew       Delay        Time   Description
---------------------------------------------------------------------------------------------
                                  0.000000    0.000000   clock clk (rise edge)
                                  0.000000    0.000000   clock source latency
     1    0.048481    0.166042    0.120543    0.120543 ^ clk (in)
                                                         clk (net)
                      0.167455    0.000000    0.120543 ^ clkbuf_0_clk/A (sky130_fd_sc_hd__clkbuf_16)
     8    0.146146    0.123698    0.178977    0.299519 ^ clkbuf_0_clk/X (sky130_fd_sc_hd__clkbuf_16)
                                                         clknet_0_clk (net)
                      0.125625    0.012247    0.311766 ^ clkbuf_3_4__f_clk/A (sky130_fd_sc_hd__clkbuf_16)
     6    0.099343    0.089123    0.153351    0.465117 ^ clkbuf_3_4__f_clk/X (sky130_fd_sc_hd__clkbuf_16)
                                                         clknet_3_4__leaf_clk (net)
                      0.089390    0.003916    0.469033 ^ clkbuf_leaf_4_clk/A (sky130_fd_sc_hd__clkbuf_16)
    12    0.068301    0.065859    0.125926    0.594959 ^ clkbuf_leaf_4_clk/X (sky130_fd_sc_hd__clkbuf_16)
                                                         clknet_leaf_4_clk (net)
                      0.066518    0.005160    0.600118 ^ _6979_/CLK (sky130_fd_sc_hd__dfrtp_2)
    10    0.050359    0.183001    0.338538    0.938657 ^ _6979_/Q (sky130_fd_sc_hd__dfrtp_2)
                                                         net460 (net)
                      0.183051    0.002896    0.941553 ^ place462/A (sky130_fd_sc_hd__buf_2)
     8    0.028982    0.109682    0.152570    1.094122 ^ place462/X (sky130_fd_sc_hd__buf_2)
                                                         net462 (net)
                      0.109731    0.000859    1.094981 ^ place461/A (sky130_fd_sc_hd__buf_2)
     7    0.052678    0.194329    0.197763    1.292744 ^ place461/X (sky130_fd_sc_hd__buf_2)
                                                         net461 (net)
                      0.194490    0.004668    1.297412 ^ _3300_/A (sky130_fd_sc_hd__inv_2)
     8    0.048969    0.102761    0.104414    1.401826 v _3300_/Y (sky130_fd_sc_hd__inv_2)
                                                         _1252_ (net)
                      0.102982    0.003772    1.405599 v _3332_/A (sky130_fd_sc_hd__nand2_2)
     6    0.050386    0.198945    0.182248    1.587847 ^ _3332_/Y (sky130_fd_sc_hd__nand2_2)
                                                         _1281_ (net)
                      0.199175    0.005554    1.593401 ^ _3341_/A (sky130_fd_sc_hd__inv_2)
     3    0.013211    0.057174    0.040306    1.633707 v _3341_/Y (sky130_fd_sc_hd__inv_2)
                                                         _1289_ (net)
                      0.057192    0.000848    1.634554 v _3345_/A (sky130_fd_sc_hd__nor2_4)
     7    0.072355    0.326860    0.269053    1.903608 ^ _3345_/Y (sky130_fd_sc_hd__nor2_4)
                                                         _1293_ (net)
                      0.326918    0.003706    1.907313 ^ _3346_/A (sky130_fd_sc_hd__inv_2)
     2    0.006925    0.056937    0.014667    1.921980 v _3346_/Y (sky130_fd_sc_hd__inv_2)
                                                         net369 (net)
                      0.056938    0.000300    1.922280 v _3347_/B (sky130_fd_sc_hd__or2_2)
     2    0.006576    0.044418    0.175104    2.097384 v _3347_/X (sky130_fd_sc_hd__or2_2)
                                                         _1294_ (net)
                      0.044418    0.000463    2.097848 v _3352_/A (sky130_fd_sc_hd__nor2_2)
     8    0.034595    0.274922    0.234027    2.331875 ^ _3352_/Y (sky130_fd_sc_hd__nor2_2)
                                                         _1299_ (net)
                      0.274976    0.003179    2.335053 ^ _3358_/A2 (sky130_fd_sc_hd__o211a_4)
     5    0.034975    0.091345    0.155525    2.490578 ^ _3358_/X (sky130_fd_sc_hd__o211a_4)
                                                         _1304_ (net)
                      0.091436    0.002361    2.492939 ^ place323/A (sky130_fd_sc_hd__buf_2)
     8    0.042393    0.157111    0.171166    2.664105 ^ place323/X (sky130_fd_sc_hd__buf_2)
                                                         net323 (net)
                      0.157240    0.003704    2.667809 ^ place321/A (sky130_fd_sc_hd__buf_2)
     9    0.048311    0.178450    0.193762    2.861571 ^ place321/X (sky130_fd_sc_hd__buf_2)
                                                         net321 (net)
                      0.178528    0.003134    2.864705 ^ place320/A (sky130_fd_sc_hd__buf_2)
    10    0.066718    0.244609    0.239547    3.104251 ^ place320/X (sky130_fd_sc_hd__buf_2)
                                                         net320 (net)
                      0.245530    0.012241    3.116493 ^ place319/A (sky130_fd_sc_hd__buf_2)
     7    0.035215    0.131706    0.173993    3.290485 ^ place319/X (sky130_fd_sc_hd__buf_2)
                                                         net319 (net)
                      0.131786    0.001746    3.292231 ^ _4100_/A2 (sky130_fd_sc_hd__a221o_2)
     1    0.005326    0.033620    0.107385    3.399615 ^ _4100_/X (sky130_fd_sc_hd__a221o_2)
                                                         _1968_ (net)
                      0.033622    0.000403    3.400018 ^ _4101_/B1 (sky130_fd_sc_hd__a21oi_2)
     3    0.029583    0.083769    0.047803    3.447821 v _4101_/Y (sky130_fd_sc_hd__a21oi_2)
                                                         _1969_ (net)
                      0.083887    0.002498    3.450319 v _4110_/B (sky130_fd_sc_hd__or4_4)
     5    0.022282    0.080386    0.353229    3.803548 v _4110_/X (sky130_fd_sc_hd__or4_4)
                                                         _1978_ (net)
                      0.080386    0.001133    3.804682 v _4111_/B (sky130_fd_sc_hd__nand2b_2)
     7    0.028643    0.122528    0.126896    3.931578 ^ _4111_/Y (sky130_fd_sc_hd__nand2b_2)
                                                         _1979_ (net)
                      0.122573    0.001893    3.933470 ^ _4209_/C (sky130_fd_sc_hd__and4_2)
     2    0.010940    0.062294    0.161593    4.095064 ^ _4209_/X (sky130_fd_sc_hd__and4_2)
                                                         _2077_ (net)
                      0.062301    0.000663    4.095727 ^ _4384_/A (sky130_fd_sc_hd__nand3_2)
     2    0.007473    0.046497    0.045524    4.141252 v _4384_/Y (sky130_fd_sc_hd__nand3_2)
                                                         _2252_ (net)
                      0.046511    0.000649    4.141901 v _4443_/A2 (sky130_fd_sc_hd__a2111o_2)
     3    0.013067    0.065472    0.312931    4.454832 v _4443_/X (sky130_fd_sc_hd__a2111o_2)
                                                         _2311_ (net)
                      0.065489    0.001030    4.455862 v _4454_/A1 (sky130_fd_sc_hd__a211o_2)
     2    0.009146    0.046329    0.203825    4.659688 v _4454_/X (sky130_fd_sc_hd__a211o_2)
                                                         _2322_ (net)
                      0.046333    0.000448    4.660136 v _4455_/C1 (sky130_fd_sc_hd__o211a_2)
     2    0.011230    0.045586    0.091904    4.752039 v _4455_/X (sky130_fd_sc_hd__o211a_2)
                                                         _2323_ (net)
                      0.045593    0.000589    4.752628 v _4457_/A2 (sky130_fd_sc_hd__o21a_2)
     3    0.014542    0.043989    0.147186    4.899814 v _4457_/X (sky130_fd_sc_hd__o21a_2)
                                                         _2325_ (net)
                      0.044023    0.001054    4.900868 v _4459_/A2 (sky130_fd_sc_hd__o211a_2)
     3    0.029120    0.072538    0.198918    5.099786 v _4459_/X (sky130_fd_sc_hd__o211a_2)
                                                         _2327_ (net)
                      0.072728    0.003223    5.103009 v _4465_/A (sky130_fd_sc_hd__nor2_2)
     2    0.061217    0.470728    0.382936    5.485945 ^ _4465_/Y (sky130_fd_sc_hd__nor2_2)
                                                         _2333_ (net)
                      0.470807    0.005138    5.491083 ^ _5650_/A (sky130_fd_sc_hd__inv_2)
     1    0.003018    0.058779   -0.017600    5.473483 v _5650_/Y (sky130_fd_sc_hd__inv_2)
                                                         net463 (net)
                      0.058779    0.000195    5.473678 v output463/A (sky130_fd_sc_hd__clkdlybuf4s25_1)
     1    0.036567    0.186252    0.294608    5.768286 v output463/X (sky130_fd_sc_hd__clkdlybuf4s25_1)
                                                         alu_result_out[0] (net)
                      0.186283    0.002339    5.770625 v alu_result_out[0] (out)
                                              5.770625   data arrival time

                                 25.000000   25.000000   clock clk (rise edge)
                                  0.000000   25.000000   clock network delay (propagated)
                                 -0.100000   24.900000   clock uncertainty
                                  0.000000   24.900000   clock reconvergence pessimism
                                 -5.000000   19.899998   output external delay
                                             19.899998   data required time
---------------------------------------------------------------------------------------------
                                             19.899998   data required time
                                             -5.770625   data arrival time
---------------------------------------------------------------------------------------------
                                             14.129374   slack (MET)




===========================================================================
report_checks --slack_max -0.01
============================================================================
======================= max_ff_n40C_1v95 Corner ===================================

No paths found.


===========================================================================
 report_check_types -max_slew -max_cap -max_fanout -violators
============================================================================
======================= max_ff_n40C_1v95 Corner ===================================

max fanout

Pin                                   Limit Fanout  Slack
---------------------------------------------------------
clkbuf_leaf_30_clk/X                     10     20    -10 (VIOLATED)
clkbuf_leaf_24_clk/X                     10     19     -9 (VIOLATED)
clkbuf_leaf_26_clk/X                     10     19     -9 (VIOLATED)
clkbuf_leaf_27_clk/X                     10     19     -9 (VIOLATED)
clkbuf_leaf_28_clk/X                     10     19     -9 (VIOLATED)
clkbuf_leaf_29_clk/X                     10     19     -9 (VIOLATED)
clkbuf_leaf_31_clk/X                     10     19     -9 (VIOLATED)
clkbuf_leaf_44_clk/X                     10     19     -9 (VIOLATED)
clkbuf_leaf_19_clk/X                     10     18     -8 (VIOLATED)
clkbuf_leaf_20_clk/X                     10     18     -8 (VIOLATED)
clkbuf_leaf_22_clk/X                     10     18     -8 (VIOLATED)
clkbuf_leaf_23_clk/X                     10     18     -8 (VIOLATED)
clkbuf_leaf_33_clk/X                     10     18     -8 (VIOLATED)
clkbuf_leaf_34_clk/X                     10     18     -8 (VIOLATED)
clkbuf_leaf_35_clk/X                     10     18     -8 (VIOLATED)
clkbuf_leaf_36_clk/X                     10     18     -8 (VIOLATED)
clkbuf_leaf_42_clk/X                     10     18     -8 (VIOLATED)
clkbuf_leaf_14_clk/X                     10     17     -7 (VIOLATED)
clkbuf_leaf_16_clk/X                     10     17     -7 (VIOLATED)
clkbuf_leaf_18_clk/X                     10     17     -7 (VIOLATED)
clkbuf_leaf_32_clk/X                     10     17     -7 (VIOLATED)
clkbuf_leaf_37_clk/X                     10     17     -7 (VIOLATED)
clkbuf_leaf_41_clk/X                     10     17     -7 (VIOLATED)
clkbuf_leaf_7_clk/X                      10     17     -7 (VIOLATED)
clkbuf_leaf_12_clk/X                     10     16     -6 (VIOLATED)
clkbuf_leaf_15_clk/X                     10     16     -6 (VIOLATED)
clkbuf_leaf_38_clk/X                     10     16     -6 (VIOLATED)
clkbuf_leaf_40_clk/X                     10     16     -6 (VIOLATED)
clkbuf_leaf_5_clk/X                      10     16     -6 (VIOLATED)
clkbuf_leaf_6_clk/X                      10     16     -6 (VIOLATED)
clkbuf_leaf_8_clk/X                      10     16     -6 (VIOLATED)
clkbuf_leaf_10_clk/X                     10     15     -5 (VIOLATED)
clkbuf_leaf_11_clk/X                     10     15     -5 (VIOLATED)
clkbuf_leaf_17_clk/X                     10     15     -5 (VIOLATED)
clkbuf_leaf_1_clk/X                      10     15     -5 (VIOLATED)
clkbuf_leaf_21_clk/X                     10     15     -5 (VIOLATED)
clkbuf_leaf_2_clk/X                      10     15     -5 (VIOLATED)
clkbuf_leaf_39_clk/X                     10     15     -5 (VIOLATED)
clkbuf_leaf_3_clk/X                      10     15     -5 (VIOLATED)
clkbuf_leaf_0_clk/X                      10     14     -4 (VIOLATED)
clkbuf_leaf_13_clk/X                     10     14     -4 (VIOLATED)
clkbuf_leaf_25_clk/X                     10     14     -4 (VIOLATED)
clkbuf_leaf_9_clk/X                      10     14     -4 (VIOLATED)
clkbuf_leaf_43_clk/X                     10     13     -3 (VIOLATED)
clkbuf_leaf_4_clk/X                      10     12     -2 (VIOLATED)



===========================================================================
report_parasitic_annotation -report_unannotated
============================================================================
Found 42 unannotated drivers.
 clkload0/X
 clkload1/X
 clkload10/X
 clkload11/X
 clkload12/X
 clkload13/X
 clkload14/X
 clkload15/Y
 clkload16/Y
 clkload17/X
 clkload18/Y
 clkload19/X
 clkload2/X
 clkload20/Y
 clkload21/X
 clkload22/X
 clkload23/X
 clkload24/X
 clkload25/X
 clkload26/Y
 clkload27/Y
 clkload28/X
 clkload29/X
 clkload3/X
 clkload30/X
 clkload31/X
 clkload32/Y
 clkload33/X
 clkload34/X
 clkload35/X
 clkload36/Y
 clkload4/Y
 clkload5/X
 clkload6/Y
 clkload7/X
 clkload8/Y
 clkload9/X
 single_cycle_cpu/HI
 single_cycle_cpu_579/HI
 single_cycle_cpu_580/HI
 single_cycle_cpu_581/LO
 single_cycle_cpu_582/LO
Found 0 partially unannotated drivers.

===========================================================================
max slew violation count 0
max fanout violation count 45
max cap violation count 0
============================================================================

===========================================================================
check_setup -verbose -unconstrained_endpoints -multiple_clock -no_clock -no_input_delay -loops -generated_clocks
===========================================================================
