Clock: clk
Sources: clk 
Generated: no
Virtual: yes
Propagated: no
Period: 25.000000

===========================================================================
report_clock_properties
============================================================================
Clock                   Period          Waveform
----------------------------------------------------
clk                  25.000000    0.000000 12.500000

===========================================================================
report_clock_latency
============================================================================
Clock clk
rise -> rise
    min     max
0.000000 0.000000 source latency
0.568324         network latency _6770_/CLK
        0.604403 network latency _7064_/CLK
---------------
0.568324 0.604403 latency
        0.036079 skew

fall -> fall
    min     max
0.000000 0.000000 source latency
0.487063         network latency _6770_/CLK
        0.516789 network latency _7056_/CLK
---------------
0.487063 0.516789 latency
        0.029726 skew



===========================================================================
report_clock_min_period
============================================================================
clk period_min = 5.66 fmax = 176.72
