[WARNING ORD-0039] .openroad ignored with -python
Unannotated report:
['report_parasitic_annotation -report_unannotated\n',
 '============================================================================\n',
 'Found 42 unannotated drivers.\n',
 ' clkload0/X\n',
 ' clkload1/X\n',
 ' clkload10/X\n',
 ' clkload11/X\n',
 ' clkload12/X\n',
 ' clkload13/X\n',
 ' clkload14/X\n',
 ' clkload15/Y\n',
 ' clkload16/Y\n',
 ' clkload17/X\n',
 ' clkload18/Y\n',
 ' clkload19/X\n',
 ' clkload2/X\n',
 ' clkload20/Y\n',
 ' clkload21/X\n',
 ' clkload22/X\n',
 ' clkload23/X\n',
 ' clkload24/X\n',
 ' clkload25/X\n',
 ' clkload26/Y\n',
 ' clkload27/Y\n',
 ' clkload28/X\n',
 ' clkload29/X\n',
 ' clkload3/X\n',
 ' clkload30/X\n',
 ' clkload31/X\n',
 ' clkload32/Y\n',
 ' clkload33/X\n',
 ' clkload34/X\n',
 ' clkload35/X\n',
 ' clkload36/Y\n',
 ' clkload4/Y\n',
 ' clkload5/X\n',
 ' clkload6/Y\n',
 ' clkload7/X\n',
 ' clkload8/Y\n',
 ' clkload9/X\n',
 ' single_cycle_cpu/HI\n',
 ' single_cycle_cpu_579/HI\n',
 ' single_cycle_cpu_580/HI\n',
 ' single_cycle_cpu_581/LO\n',
 ' single_cycle_cpu_582/LO\n',
 'Found 0 partially unannotated drivers.\n',
 '\n']
Reported nets:
['clkload0/X',
 'clkload1/X',
 'clkload10/X',
 'clkload11/X',
 'clkload12/X',
 'clkload13/X',
 'clkload14/X',
 'clkload15/Y',
 'clkload16/Y',
 'clkload17/X',
 'clkload18/Y',
 'clkload19/X',
 'clkload2/X',
 'clkload20/Y',
 'clkload21/X',
 'clkload22/X',
 'clkload23/X',
 'clkload24/X',
 'clkload25/X',
 'clkload26/Y',
 'clkload27/Y',
 'clkload28/X',
 'clkload29/X',
 'clkload3/X',
 'clkload30/X',
 'clkload31/X',
 'clkload32/Y',
 'clkload33/X',
 'clkload34/X',
 'clkload35/X',
 'clkload36/Y',
 'clkload4/Y',
 'clkload5/X',
 'clkload6/Y',
 'clkload7/X',
 'clkload8/Y',
 'clkload9/X',
 'single_cycle_cpu/HI',
 'single_cycle_cpu_579/HI',
 'single_cycle_cpu_580/HI',
 'single_cycle_cpu_581/LO',
 'single_cycle_cpu_582/LO']
Filtered nets:
[]
done
