Reading timing models for corner max_tt_025C_1v80…
Reading timing library for the 'max_tt_025C_1v80' corner at '/home/cl4/.ciel/ciel/sky130/versions/8afc8346a57fe1ab7934ba5a6056ea8b43078e71/sky130A/libs.ref/sky130_fd_sc_hd/lib/sky130_fd_sc_hd__tt_025C_1v80.lib'…
Reading timing models for corner min_ss_100C_1v60…
Reading timing library for the 'min_ss_100C_1v60' corner at '/home/cl4/.ciel/ciel/sky130/versions/8afc8346a57fe1ab7934ba5a6056ea8b43078e71/sky130A/libs.ref/sky130_fd_sc_hd/lib/sky130_fd_sc_hd__ss_100C_1v60.lib'…
Reading timing models for corner nom_tt_025C_1v80…
Reading timing library for the 'nom_tt_025C_1v80' corner at '/home/cl4/.ciel/ciel/sky130/versions/8afc8346a57fe1ab7934ba5a6056ea8b43078e71/sky130A/libs.ref/sky130_fd_sc_hd/lib/sky130_fd_sc_hd__tt_025C_1v80.lib'…
[WARNING STA-1140] /home/cl4/.ciel/ciel/sky130/versions/8afc8346a57fe1ab7934ba5a6056ea8b43078e71/sky130A/libs.ref/sky130_fd_sc_hd/lib/sky130_fd_sc_hd__tt_025C_1v80.lib line 1, library sky130_fd_sc_hd__tt_025C_1v80 already exists.
Reading timing models for corner max_ff_n40C_1v95…
Reading timing library for the 'max_ff_n40C_1v95' corner at '/home/cl4/.ciel/ciel/sky130/versions/8afc8346a57fe1ab7934ba5a6056ea8b43078e71/sky130A/libs.ref/sky130_fd_sc_hd/lib/sky130_fd_sc_hd__ff_n40C_1v95.lib'…
Reading timing models for corner nom_ff_n40C_1v95…
Reading timing library for the 'nom_ff_n40C_1v95' corner at '/home/cl4/.ciel/ciel/sky130/versions/8afc8346a57fe1ab7934ba5a6056ea8b43078e71/sky130A/libs.ref/sky130_fd_sc_hd/lib/sky130_fd_sc_hd__ff_n40C_1v95.lib'…
[WARNING STA-1140] /home/cl4/.ciel/ciel/sky130/versions/8afc8346a57fe1ab7934ba5a6056ea8b43078e71/sky130A/libs.ref/sky130_fd_sc_hd/lib/sky130_fd_sc_hd__ff_n40C_1v95.lib line 1, library sky130_fd_sc_hd__ff_n40C_1v95 already exists.
Reading timing models for corner max_ss_100C_1v60…
Reading timing library for the 'max_ss_100C_1v60' corner at '/home/cl4/.ciel/ciel/sky130/versions/8afc8346a57fe1ab7934ba5a6056ea8b43078e71/sky130A/libs.ref/sky130_fd_sc_hd/lib/sky130_fd_sc_hd__ss_100C_1v60.lib'…
[WARNING STA-1140] /home/cl4/.ciel/ciel/sky130/versions/8afc8346a57fe1ab7934ba5a6056ea8b43078e71/sky130A/libs.ref/sky130_fd_sc_hd/lib/sky130_fd_sc_hd__ss_100C_1v60.lib line 1, library sky130_fd_sc_hd__ss_100C_1v60 already exists.
Reading timing models for corner min_tt_025C_1v80…
Reading timing library for the 'min_tt_025C_1v80' corner at '/home/cl4/.ciel/ciel/sky130/versions/8afc8346a57fe1ab7934ba5a6056ea8b43078e71/sky130A/libs.ref/sky130_fd_sc_hd/lib/sky130_fd_sc_hd__tt_025C_1v80.lib'…
[WARNING STA-1140] /home/cl4/.ciel/ciel/sky130/versions/8afc8346a57fe1ab7934ba5a6056ea8b43078e71/sky130A/libs.ref/sky130_fd_sc_hd/lib/sky130_fd_sc_hd__tt_025C_1v80.lib line 1, library sky130_fd_sc_hd__tt_025C_1v80 already exists.
Reading timing models for corner nom_ss_100C_1v60…
Reading timing library for the 'nom_ss_100C_1v60' corner at '/home/cl4/.ciel/ciel/sky130/versions/8afc8346a57fe1ab7934ba5a6056ea8b43078e71/sky130A/libs.ref/sky130_fd_sc_hd/lib/sky130_fd_sc_hd__ss_100C_1v60.lib'…
[WARNING STA-1140] /home/cl4/.ciel/ciel/sky130/versions/8afc8346a57fe1ab7934ba5a6056ea8b43078e71/sky130A/libs.ref/sky130_fd_sc_hd/lib/sky130_fd_sc_hd__ss_100C_1v60.lib line 1, library sky130_fd_sc_hd__ss_100C_1v60 already exists.
Reading timing models for corner min_ff_n40C_1v95…
Reading timing library for the 'min_ff_n40C_1v95' corner at '/home/cl4/.ciel/ciel/sky130/versions/8afc8346a57fe1ab7934ba5a6056ea8b43078e71/sky130A/libs.ref/sky130_fd_sc_hd/lib/sky130_fd_sc_hd__ff_n40C_1v95.lib'…
[WARNING STA-1140] /home/cl4/.ciel/ciel/sky130/versions/8afc8346a57fe1ab7934ba5a6056ea8b43078e71/sky130A/libs.ref/sky130_fd_sc_hd/lib/sky130_fd_sc_hd__ff_n40C_1v95.lib line 1, library sky130_fd_sc_hd__ff_n40C_1v95 already exists.
Reading OpenROAD database at '/home/cl4/Desktop/training/single_cycle/runs/RUN_2026-08-24_11-52-11/35-openroad-cts/single_cycle_cpu.odb'…
Reading design constraints file at '/home/cl4/Desktop/training/single_cycle/src/impl.sdc'…
[INFO] Using clock clk…
[INFO] Setting output delay to: 5.0
[INFO] Setting input delay to: 5.0
[INFO] Setting load to: 0.033442
[INFO] Setting clock uncertainty to: 0.25
[INFO] Setting clock transition to: 0.1499999999999999944488848768742172978818416595458984375
[INFO] Setting timing derate to: 5%
[INFO] No information on clock propagation in input SDC file-- propagating all clocks.
+ repair_timing -verbose -setup -setup_margin 0.05000000000000000277555756156289135105907917022705078125 -max_buffer_percent 50
[INFO RSZ-0100] Repair move sequence: UnbufferMove SizeUpMove SwapPinsMove BufferMove CloneMove SplitLoadMove 
[INFO RSZ-0098] No setup violations found
+ repair_timing -verbose -hold -setup_margin 0.05000000000000000277555756156289135105907917022705078125 -hold_margin 0.1000000000000000055511151231257827021181583404541015625 -max_buffer_percent 50
[INFO RSZ-0046] Found 660 endpoints with hold violations.
Iteration | Resized | Buffers | Cloned Gates |   Area   |   WNS   |   TNS   | Endpoint
--------------------------------------------------------------------------------------
        0 |       0 |       0 |            0 |    +0.0% |  -0.037 |  -9.009 | _6896_/D
       10 |       0 |       9 |            0 |    +0.2% |  -0.035 |  -8.682 | _6874_/D
       20 |       0 |      19 |            0 |    +0.5% |  -0.035 |  -8.329 | _6893_/D
       30 |       0 |      29 |            0 |    +0.7% |  -0.035 |  -7.979 | _6922_/D
       40 |       0 |      39 |            0 |    +1.0% |  -0.034 |  -7.633 | _6920_/D
       50 |       0 |      49 |            0 |    +1.2% |  -0.034 |  -7.290 | _6794_/D
       60 |       0 |      59 |            0 |    +1.5% |  -0.034 |  -6.949 | _6871_/D
       70 |       0 |      69 |            0 |    +1.7% |  -0.034 |  -6.610 | _6945_/D
       80 |       0 |      79 |            0 |    +1.9% |  -0.034 |  -6.273 | _6919_/D
       90 |       0 |      89 |            0 |    +2.2% |  -0.034 |  -5.936 | _6948_/D
      100 |       0 |      99 |            0 |    +2.4% |  -0.033 |  -5.600 | _6823_/D
      110 |       0 |     109 |            0 |    +2.7% |  -0.033 |  -5.266 | _6849_/D
      120 |       0 |     119 |            0 |    +2.9% |  -0.033 |  -4.932 | _6812_/D
      130 |       0 |     129 |            0 |    +3.2% |  -0.033 |  -4.599 | _6749_/D
      140 |       0 |     139 |            0 |    +3.4% |  -0.033 |  -4.267 | _6908_/D
      150 |       0 |     149 |            0 |    +3.7% |  -0.033 |  -3.935 | _6969_/D
      160 |       0 |     159 |            0 |    +3.9% |  -0.033 |  -3.604 | _6923_/D
      170 |       0 |     169 |            0 |    +4.2% |  -0.033 |  -3.273 | _6792_/D
      180 |       0 |     179 |            0 |    +4.4% |  -0.033 |  -2.944 | _6927_/D
      190 |       0 |     189 |            0 |    +4.7% |  -0.033 |  -2.615 | _6734_/D
      200 |       0 |     199 |            0 |    +4.9% |  -0.033 |  -2.287 | _6820_/D
      210 |       0 |     209 |            0 |    +5.2% |  -0.033 |  -1.960 | _6740_/D
      220 |       0 |     219 |            0 |    +5.4% |  -0.033 |  -1.633 | _6759_/D
      230 |       0 |     229 |            0 |    +5.6% |  -0.032 |  -1.309 | _6791_/D
      240 |       0 |     239 |            0 |    +5.9% |  -0.032 |  -0.985 | _6723_/D
      250 |       0 |     249 |            0 |    +6.1% |  -0.032 |  -0.663 | _6955_/D
      260 |       0 |     259 |            0 |    +6.4% |  -0.026 |  -0.356 | _6806_/D
      270 |       0 |     269 |            0 |    +6.6% |  -0.009 |  -0.232 | _7071_/D
      280 |       0 |     279 |            0 |    +6.9% |  -0.008 |  -0.144 | _7096_/D
      290 |       0 |     289 |            0 |    +7.1% |  -0.006 |  -0.076 | _7105_/D
      300 |       0 |     299 |            0 |    +7.4% |  -0.003 |  -0.032 | _7060_/D
      310 |       0 |     309 |            0 |    +7.6% |  -0.002 |  -0.008 | _7062_/D
      320 |       0 |     319 |            0 |    +7.9% |   0.002 |   0.000 | _7093_/D
      330 |       0 |     329 |            0 |    +8.1% |   0.047 |   0.000 | _6689_/D
      340 |       0 |     339 |            0 |    +8.4% |   0.048 |   0.000 | _6687_/D
      350 |       0 |     349 |            0 |    +8.6% |   0.053 |   0.000 | _7032_/D
      360 |       0 |     360 |            0 |    +8.9% |   0.057 |   0.000 | _7029_/D
      370 |       0 |     370 |            0 |    +9.1% |   0.059 |   0.000 | _6692_/D
      380 |       0 |     380 |            0 |    +9.4% |   0.063 |   0.000 | _7054_/D
      390 |       0 |     390 |            0 |    +9.6% |   0.065 |   0.000 | _7024_/D
      400 |       0 |     401 |            0 |    +9.9% |   0.067 |   0.000 | _7047_/D
      410 |       0 |     411 |            0 |   +10.1% |   0.071 |   0.000 | _7394_/D
      420 |       0 |     421 |            0 |   +10.4% |   0.073 |   0.000 | _7275_/D
      430 |       0 |     431 |            0 |   +10.6% |   0.073 |   0.000 | _7201_/D
      440 |       0 |     441 |            0 |   +10.9% |   0.074 |   0.000 | _7196_/D
      450 |       0 |     451 |            0 |   +11.1% |   0.074 |   0.000 | _7206_/D
      460 |       0 |     461 |            0 |   +11.4% |   0.075 |   0.000 | _7272_/D
      470 |       0 |     471 |            0 |   +11.6% |   0.076 |   0.000 | _7212_/D
      480 |       0 |     481 |            0 |   +11.9% |   0.078 |   0.000 | _6716_/D
      490 |       0 |     491 |            0 |   +12.1% |   0.080 |   0.000 | _7378_/D
      500 |       0 |     501 |            0 |   +12.4% |   0.082 |   0.000 | _7172_/D
      510 |       0 |     510 |            0 |   +12.6% |   0.082 |   0.000 | _7230_/D
      520 |       0 |     518 |            0 |   +12.8% |   0.083 |   0.000 | _7374_/D
      530 |       0 |     527 |            0 |   +13.0% |   0.084 |   0.000 | _7365_/D
      540 |       0 |     537 |            0 |   +13.2% |   0.085 |   0.000 | _7362_/D
      550 |       0 |     546 |            0 |   +13.5% |   0.085 |   0.000 | _7163_/D
      560 |       0 |     555 |            0 |   +13.7% |   0.086 |   0.000 | _7178_/D
      570 |       0 |     564 |            0 |   +13.9% |   0.087 |   0.000 | _7403_/D
      580 |       0 |     572 |            0 |   +14.1% |   0.088 |   0.000 | _7247_/D
      590 |       0 |     580 |            0 |   +14.3% |   0.088 |   0.000 | _7288_/D
      600 |       0 |     588 |            0 |   +14.5% |   0.089 |   0.000 | _7177_/D
      610 |       0 |     597 |            0 |   +14.7% |   0.090 |   0.000 | _7228_/D
      620 |       0 |     605 |            0 |   +14.9% |   0.091 |   0.000 | _7156_/D
      630 |       0 |     615 |            0 |   +15.2% |   0.093 |   0.000 | _7129_/D
      640 |       0 |     623 |            0 |   +15.4% |   0.094 |   0.000 | _7220_/D
      650 |       0 |     629 |            0 |   +15.5% |   0.097 |   0.000 | _7303_/D
      660 |       0 |     638 |            0 |   +15.7% |   0.100 |   0.000 | _7165_/D
    final |       0 |     639 |            0 |   +15.8% |   0.100 |   0.000 | _7132_/D
--------------------------------------------------------------------------------------
[INFO RSZ-0032] Inserted 639 hold buffers.
+ detailed_placement -max_displacement  500 100 
Placement Analysis
---------------------------------
total displacement       3308.6 u
average displacement        0.6 u
max displacement           15.3 u
original HPWL          126107.3 u
legalized HPWL         131714.4 u
delta HPWL                    4 %

[INFO DPL-0020] Mirrored 1819 instances
[INFO DPL-0021] HPWL before          131714.4 u
[INFO DPL-0022] HPWL after           127390.3 u
[INFO DPL-0023] HPWL delta               -3.3 %
Setting global connections for newly added cells…
[INFO] Setting global connections...
[INFO ODB-0403] 2556 connections made, 0 conflicts skipped.
Updating metrics…
Cell type report:                       Count       Area
  Fill cell                               234     878.34
  Tap cell                               1428    1786.71
  Buffer                                    3      12.51
  Clock buffer                             78    1670.35
  Timing Repair Buffer                   1010    8767.16
  Inverter                                479    1810.49
  Clock inverter                           15     158.90
  Sequential cell                         720   17456.74
  Multi-Input combinational cell         1767   17111.41
  Total                                  5734   49652.62
Writing OpenROAD database to '/home/cl4/Desktop/training/single_cycle/runs/RUN_2026-08-24_11-52-11/37-openroad-resizertimingpostcts/single_cycle_cpu.odb'…
Writing netlist to '/home/cl4/Desktop/training/single_cycle/runs/RUN_2026-08-24_11-52-11/37-openroad-resizertimingpostcts/single_cycle_cpu.nl.v'…
Writing powered netlist to '/home/cl4/Desktop/training/single_cycle/runs/RUN_2026-08-24_11-52-11/37-openroad-resizertimingpostcts/single_cycle_cpu.pnl.v'…
Writing layout to '/home/cl4/Desktop/training/single_cycle/runs/RUN_2026-08-24_11-52-11/37-openroad-resizertimingpostcts/single_cycle_cpu.def'…
Writing timing constraints to '/home/cl4/Desktop/training/single_cycle/runs/RUN_2026-08-24_11-52-11/37-openroad-resizertimingpostcts/single_cycle_cpu.sdc'…
