Clock: clk
Sources: clk 
Generated: no
Virtual: yes
Propagated: no
Period: 25.000000

===========================================================================
report_clock_properties
============================================================================
Clock                   Period          Waveform
----------------------------------------------------
clk                  25.000000    0.000000 12.500000

===========================================================================
report_clock_latency
============================================================================
Clock clk
rise -> rise
    min     max
0.000000 0.000000 source latency
1.481144         network latency _6738_/CLK
        1.554855 network latency _7080_/CLK
---------------
1.481144 1.554855 latency
        0.073711 skew

fall -> fall
    min     max
0.000000 0.000000 source latency
1.292349         network latency _6738_/CLK
        1.347221 network latency _7080_/CLK
---------------
1.292349 1.347221 latency
        0.054872 skew



===========================================================================
report_clock_min_period
============================================================================
clk period_min = 17.34 fmax = 57.67
