[WARNING ORD-0039] .openroad ignored with -python
Unannotated report:
['report_parasitic_annotation -report_unannotated\n',
 '============================================================================\n',
 'Found 43 unannotated drivers.\n',
 ' clkload0/X\n',
 ' clkload1/X\n',
 ' clkload10/Y\n',
 ' clkload11/Y\n',
 ' clkload12/X\n',
 ' clkload13/X\n',
 ' clkload14/X\n',
 ' clkload15/Y\n',
 ' clkload16/Y\n',
 ' clkload17/X\n',
 ' clkload18/Y\n',
 ' clkload19/Y\n',
 ' clkload2/X\n',
 ' clkload20/Y\n',
 ' clkload21/Y\n',
 ' clkload22/X\n',
 ' clkload23/X\n',
 ' clkload24/X\n',
 ' clkload25/X\n',
 ' clkload26/Y\n',
 ' clkload27/X\n',
 ' clkload28/X\n',
 ' clkload29/Y\n',
 ' clkload3/Y\n',
 ' clkload30/Y\n',
 ' clkload31/X\n',
 ' clkload32/X\n',
 ' clkload33/Y\n',
 ' clkload34/Y\n',
 ' clkload35/Y\n',
 ' clkload36/Y\n',
 ' clkload37/Y\n',
 ' clkload4/Y\n',
 ' clkload5/X\n',
 ' clkload6/X\n',
 ' clkload7/Y\n',
 ' clkload8/X\n',
 ' clkload9/Y\n',
 ' single_cycle_cpu/HI\n',
 ' single_cycle_cpu_678/HI\n',
 ' single_cycle_cpu_679/HI\n',
 ' single_cycle_cpu_680/LO\n',
 ' single_cycle_cpu_681/LO\n',
 'Found 0 partially unannotated drivers.\n',
 '\n']
Reported nets:
['clkload0/X',
 'clkload1/X',
 'clkload10/Y',
 'clkload11/Y',
 'clkload12/X',
 'clkload13/X',
 'clkload14/X',
 'clkload15/Y',
 'clkload16/Y',
 'clkload17/X',
 'clkload18/Y',
 'clkload19/Y',
 'clkload2/X',
 'clkload20/Y',
 'clkload21/Y',
 'clkload22/X',
 'clkload23/X',
 'clkload24/X',
 'clkload25/X',
 'clkload26/Y',
 'clkload27/X',
 'clkload28/X',
 'clkload29/Y',
 'clkload3/Y',
 'clkload30/Y',
 'clkload31/X',
 'clkload32/X',
 'clkload33/Y',
 'clkload34/Y',
 'clkload35/Y',
 'clkload36/Y',
 'clkload37/Y',
 'clkload4/Y',
 'clkload5/X',
 'clkload6/X',
 'clkload7/Y',
 'clkload8/X',
 'clkload9/Y',
 'single_cycle_cpu/HI',
 'single_cycle_cpu_678/HI',
 'single_cycle_cpu_679/HI',
 'single_cycle_cpu_680/LO',
 'single_cycle_cpu_681/LO']
Filtered nets:
[]
done
