Clock: clk
Sources: clk 
Generated: no
Virtual: yes
Propagated: no
Period: 25.000000

===========================================================================
report_clock_properties
============================================================================
Clock                   Period          Waveform
----------------------------------------------------
clk                  25.000000    0.000000 12.500000

===========================================================================
report_clock_latency
============================================================================
Clock clk
rise -> rise
    min     max
0.000000 0.000000 source latency
0.547244         network latency _6770_/CLK
        0.578035 network latency _7064_/CLK
---------------
0.547244 0.578035 latency
        0.030792 skew

fall -> fall
    min     max
0.000000 0.000000 source latency
0.470107         network latency _6770_/CLK
        0.494755 network latency _7064_/CLK
---------------
0.470107 0.494755 latency
        0.024649 skew



===========================================================================
report_clock_min_period
============================================================================
clk period_min = 5.51 fmax = 181.60
