Clock: clk
Sources: clk 
Generated: no
Virtual: yes
Propagated: no
Period: 25.000000

===========================================================================
report_clock_properties
============================================================================
Clock                   Period          Waveform
----------------------------------------------------
clk                  25.000000    0.000000 12.500000

===========================================================================
report_clock_latency
============================================================================
Clock clk
rise -> rise
    min     max
0.000000 0.000000 source latency
1.369329         network latency _6738_/CLK
        1.429396 network latency _7395_/CLK
---------------
1.369329 1.429396 latency
        0.060067 skew

fall -> fall
    min     max
0.000000 0.000000 source latency
1.211748         network latency _6738_/CLK
        1.256899 network latency _7395_/CLK
---------------
1.211748 1.256899 latency
        0.045151 skew



===========================================================================
report_clock_min_period
============================================================================
clk period_min = 16.67 fmax = 60.00
