Clock: clk
Sources: clk 
Generated: no
Virtual: yes
Propagated: no
Period: 25.000000

===========================================================================
report_clock_properties
============================================================================
Clock                   Period          Waveform
----------------------------------------------------
clk                  25.000000    0.000000 12.500000

===========================================================================
report_clock_latency
============================================================================
Clock clk
rise -> rise
    min     max
0.000000 0.000000 source latency
0.647358         network latency _7344_/CLK
        0.670601 network latency _7402_/CLK
---------------
0.647358 0.670601 latency
        0.023242 skew

fall -> fall
    min     max
0.000000 0.000000 source latency
0.585366         network latency _7344_/CLK
        0.602345 network latency _7402_/CLK
---------------
0.585366 0.602345 latency
        0.016979 skew



===========================================================================
report_clock_min_period
============================================================================
clk period_min = 7.86 fmax = 127.26
