Reading timing models for corner nom_tt_025C_1v80…
Reading timing library for the 'nom_tt_025C_1v80' corner at '/home/cl4/.ciel/ciel/sky130/versions/8afc8346a57fe1ab7934ba5a6056ea8b43078e71/sky130A/libs.ref/sky130_fd_sc_hd/lib/sky130_fd_sc_hd__tt_025C_1v80.lib'…
Reading OpenROAD database at '/home/cl4/Desktop/training/single_cycle/runs/RUN_2026-08-24_11-42-19/39-openroad-globalrouting/single_cycle_cpu.odb'…
Reading design constraints file at '/home/cl4/Desktop/training/single_cycle/src/impl.sdc'…
[INFO] Using clock clk…
[INFO] Setting output delay to: 5.0
[INFO] Setting input delay to: 5.0
[INFO] Setting load to: 0.033442
[INFO] Setting clock uncertainty to: 0.25
[INFO] Setting clock transition to: 0.1499999999999999944488848768742172978818416595458984375
[INFO] Setting timing derate to: 5%
[INFO] No information on clock propagation in input SDC file-- propagating all clocks.
+ repair_antennas sky130_fd_sc_hd__diode_2 -iterations 3 -ratio_margin 10
[INFO GRT-0012] Found 19 antenna violations.
[INFO GRT-0302] Inserted 19 jumpers for 17 nets.
[INFO GRT-0012] Found 3 antenna violations.
[INFO GRT-0015] Inserted 3 diodes.
[INFO GRT-0012] Found 8 antenna violations.
[INFO GRT-0302] Inserted 9 jumpers for 8 nets.
[INFO GRT-0012] Found 0 antenna violations.
Setting global connections for newly added cells…
[INFO] Setting global connections...
[INFO ODB-0403] 12 connections made, 0 conflicts skipped.
Updating metrics…
Cell type report:                       Count       Area
  Fill cell                               234     878.34
  Tap cell                               1428    1786.71
  Antenna cell                              3       7.51
  Buffer                                    3      12.51
  Clock buffer                             77    1632.82
  Timing Repair Buffer                   1012    8793.43
  Inverter                                479    1810.49
  Clock inverter                           14     220.21
  Sequential cell                         720   17456.74
  Multi-Input combinational cell         1767   17107.66
  Total                                  5737   49706.42
Writing OpenROAD database to '/home/cl4/Desktop/training/single_cycle/runs/RUN_2026-08-24_11-42-19/42-openroad-repairantennas/1-openroad-diodeinsertion/single_cycle_cpu.odb'…
Writing layout to '/home/cl4/Desktop/training/single_cycle/runs/RUN_2026-08-24_11-42-19/42-openroad-repairantennas/1-openroad-diodeinsertion/single_cycle_cpu.def'…
