Clock: clk
Sources: clk 
Generated: no
Virtual: yes
Propagated: no
Period: 25.000000

===========================================================================
report_clock_properties
============================================================================
Clock                   Period          Waveform
----------------------------------------------------
clk                  25.000000    0.000000 12.500000

===========================================================================
report_clock_latency
============================================================================
Clock clk
rise -> rise
    min     max
0.000000 0.000000 source latency
0.676976         network latency _6853_/CLK
        0.694868 network latency _7028_/CLK
---------------
0.676976 0.694868 latency
        0.017891 skew

fall -> fall
    min     max
0.000000 0.000000 source latency
0.605536         network latency _6853_/CLK
        0.619044 network latency _7028_/CLK
---------------
0.605536 0.619044 latency
        0.013507 skew



===========================================================================
report_clock_min_period
============================================================================
clk period_min = 7.82 fmax = 127.86
