Clock: clk
Sources: clk 
Generated: no
Virtual: yes
Propagated: no
Period: 25.000000

===========================================================================
report_clock_properties
============================================================================
Clock                   Period          Waveform
----------------------------------------------------
clk                  25.000000    0.000000 12.500000

===========================================================================
report_clock_latency
============================================================================
Clock clk
rise -> rise
    min     max
0.000000 0.000000 source latency
0.648144         network latency _7251_/CLK
        0.670952 network latency _7402_/CLK
---------------
0.648144 0.670952 latency
        0.022808 skew

fall -> fall
    min     max
0.000000 0.000000 source latency
0.586034         network latency _7251_/CLK
        0.602603 network latency _7402_/CLK
---------------
0.586034 0.602603 latency
        0.016569 skew



===========================================================================
report_clock_min_period
============================================================================
clk period_min = 7.86 fmax = 127.30
