
===========================================================================
report_checks -unconstrained
===========================================================================
======================= min_tt_025C_1v80 Corner ===================================

Startpoint: reset (input port clocked by clk)
Endpoint: _7207_ (recovery check against rising-edge clock clk)
Path Group: asynchronous
Path Type: max

Fanout         Cap        Slew       Delay        Time   Description
---------------------------------------------------------------------------------------------
                                  0.000000    0.000000   clock clk (rise edge)
                                  0.000000    0.000000   clock network delay (propagated)
                                  5.000000    5.000000 v input external delay
     2    0.013999    0.033145    0.022895    5.022895 v reset (in)
                                                         reset (net)
                      0.033159    0.000000    5.022895 v fanout74/A (sky130_fd_sc_hd__buf_1)
     3    0.026305    0.154824    0.182909    5.205804 v fanout74/X (sky130_fd_sc_hd__buf_1)
                                                         net74 (net)
                      0.154833    0.001309    5.207113 v max_cap575/A (sky130_fd_sc_hd__buf_2)
     3    0.044171    0.107944    0.244969    5.452082 v max_cap575/X (sky130_fd_sc_hd__buf_2)
                                                         net575 (net)
                      0.108061    0.003188    5.455270 v fanout73/A (sky130_fd_sc_hd__clkdlybuf4s25_1)
     5    0.019367    0.150818    0.363120    5.818389 v fanout73/X (sky130_fd_sc_hd__clkdlybuf4s25_1)
                                                         net73 (net)
                      0.150818    0.000222    5.818612 v fanout69/A (sky130_fd_sc_hd__buf_1)
     2    0.012317    0.077745    0.174102    5.992714 v fanout69/X (sky130_fd_sc_hd__buf_1)
                                                         net69 (net)
                      0.077745    0.000262    5.992976 v fanout68/A (sky130_fd_sc_hd__clkdlybuf4s25_1)
     6    0.027013    0.203571    0.390522    6.383497 v fanout68/X (sky130_fd_sc_hd__clkdlybuf4s25_1)
                                                         net68 (net)
                      0.203571    0.000575    6.384073 v fanout66/A (sky130_fd_sc_hd__buf_2)
     8    0.067458    0.158422    0.304701    6.688773 v fanout66/X (sky130_fd_sc_hd__buf_2)
                                                         net66 (net)
                      0.158469    0.002577    6.691350 v fanout65/A (sky130_fd_sc_hd__buf_2)
    10    0.072843    0.169621    0.293935    6.985285 v fanout65/X (sky130_fd_sc_hd__buf_2)
                                                         net65 (net)
                      0.169621    0.000382    6.985667 v _6487_/A (sky130_fd_sc_hd__inv_2)
     1    0.004159    0.051455    0.085269    7.070936 ^ _6487_/Y (sky130_fd_sc_hd__inv_2)
                                                         _0228_ (net)
                      0.051455    0.000034    7.070970 ^ _7207_/RESET_B (sky130_fd_sc_hd__dfrtp_2)
                                              7.070970   data arrival time

                                 25.000000   25.000000   clock clk (rise edge)
                                  0.000000   25.000000   clock source latency
     1    0.047048    0.215943    0.150877   25.150875 ^ clk (in)
                                                         clk (net)
                      0.215987    0.000000   25.150875 ^ clkbuf_0_clk/A (sky130_fd_sc_hd__clkbuf_16)
     8    0.135216    0.148200    0.266363   25.417238 ^ clkbuf_0_clk/X (sky130_fd_sc_hd__clkbuf_16)
                                                         clknet_0_clk (net)
                      0.148555    0.005121   25.422359 ^ clkbuf_3_5__f_clk/A (sky130_fd_sc_hd__clkbuf_16)
     6    0.078599    0.095908    0.206697   25.629057 ^ clkbuf_3_5__f_clk/X (sky130_fd_sc_hd__clkbuf_16)
                                                         clknet_3_5__leaf_clk (net)
                      0.095920    0.001084   25.630140 ^ clkbuf_leaf_13_clk/A (sky130_fd_sc_hd__clkbuf_16)
    18    0.052319    0.070938    0.169646   25.799786 ^ clkbuf_leaf_13_clk/X (sky130_fd_sc_hd__clkbuf_16)
                                                         clknet_leaf_13_clk (net)
                      0.070940    0.000481   25.800268 ^ _7207_/CLK (sky130_fd_sc_hd__dfrtp_2)
                                 -0.100000   25.700268   clock uncertainty
                                  0.000000   25.700268   clock reconvergence pessimism
                                  0.225228   25.925495   library recovery time
                                             25.925495   data required time
---------------------------------------------------------------------------------------------
                                             25.925495   data required time
                                             -7.070970   data arrival time
---------------------------------------------------------------------------------------------
                                             18.854527   slack (MET)


Startpoint: _6980_ (rising edge-triggered flip-flop clocked by clk)
Endpoint: alu_result_out[0] (output port clocked by clk)
Path Group: clk
Path Type: max

Fanout         Cap        Slew       Delay        Time   Description
---------------------------------------------------------------------------------------------
                                  0.000000    0.000000   clock clk (rise edge)
                                  0.000000    0.000000   clock source latency
     1    0.047048    0.215943    0.150877    0.150877 ^ clk (in)
                                                         clk (net)
                      0.215987    0.000000    0.150877 ^ clkbuf_0_clk/A (sky130_fd_sc_hd__clkbuf_16)
     8    0.135216    0.148200    0.266362    0.417239 ^ clkbuf_0_clk/X (sky130_fd_sc_hd__clkbuf_16)
                                                         clknet_0_clk (net)
                      0.148556    0.005133    0.422372 ^ clkbuf_3_0__f_clk/A (sky130_fd_sc_hd__clkbuf_16)
     6    0.075887    0.093214    0.203809    0.626181 ^ clkbuf_3_0__f_clk/X (sky130_fd_sc_hd__clkbuf_16)
                                                         clknet_3_0__leaf_clk (net)
                      0.093309    0.002677    0.628859 ^ clkbuf_leaf_38_clk/A (sky130_fd_sc_hd__clkbuf_16)
    18    0.064636    0.082297    0.177575    0.806434 ^ clkbuf_leaf_38_clk/X (sky130_fd_sc_hd__clkbuf_16)
                                                         clknet_leaf_38_clk (net)
                      0.082305    0.000922    0.807356 ^ _6980_/CLK (sky130_fd_sc_hd__dfrtp_2)
    10    0.045441    0.221533    0.499692    1.307048 ^ _6980_/Q (sky130_fd_sc_hd__dfrtp_2)
                                                         net13 (net)
                      0.221533    0.000553    1.307601 ^ place454/A (sky130_fd_sc_hd__buf_2)
     2    0.065480    0.317556    0.355777    1.663377 ^ place454/X (sky130_fd_sc_hd__buf_2)
                                                         net454 (net)
                      0.317556    0.000160    1.663537 ^ _3313_/B (sky130_fd_sc_hd__nand4b_4)
    10    0.060018    0.285582    0.309936    1.973473 v _3313_/Y (sky130_fd_sc_hd__nand4b_4)
                                                         _1263_ (net)
                      0.285587    0.000945    1.974417 v _3403_/B (sky130_fd_sc_hd__or2_4)
     5    0.052769    0.105043    0.400193    2.374611 v _3403_/X (sky130_fd_sc_hd__or2_4)
                                                         _1345_ (net)
                      0.105043    0.000300    2.374910 v _3405_/B1 (sky130_fd_sc_hd__o31a_2)
     3    0.022924    0.097294    0.182251    2.557162 v _3405_/X (sky130_fd_sc_hd__o31a_2)
                                                         _1347_ (net)
                      0.097302    0.000996    2.558158 v _3406_/A (sky130_fd_sc_hd__inv_4)
     4    0.018744    0.062437    0.092705    2.650863 ^ _3406_/Y (sky130_fd_sc_hd__inv_4)
                                                         net501 (net)
                      0.062437    0.000112    2.650975 ^ _3415_/C (sky130_fd_sc_hd__and3_4)
    10    0.047022    0.154740    0.278685    2.929660 ^ _3415_/X (sky130_fd_sc_hd__and3_4)
                                                         _1355_ (net)
                      0.154745    0.001070    2.930730 ^ place362/A (sky130_fd_sc_hd__buf_2)
    10    0.044784    0.219622    0.269753    3.200484 ^ place362/X (sky130_fd_sc_hd__buf_2)
                                                         net362 (net)
                      0.219626    0.001237    3.201720 ^ place361/A (sky130_fd_sc_hd__buf_2)
     7    0.025106    0.128373    0.222802    3.424523 ^ place361/X (sky130_fd_sc_hd__buf_2)
                                                         net361 (net)
                      0.128373    0.000435    3.424957 ^ place360/A (sky130_fd_sc_hd__buf_2)
    10    0.043214    0.212140    0.257474    3.682431 ^ place360/X (sky130_fd_sc_hd__buf_2)
                                                         net360 (net)
                      0.212215    0.001289    3.683719 ^ place359/A (sky130_fd_sc_hd__buf_2)
     8    0.031985    0.160101    0.243553    3.927272 ^ place359/X (sky130_fd_sc_hd__buf_2)
                                                         net359 (net)
                      0.160101    0.000534    3.927806 ^ place358/A (sky130_fd_sc_hd__buf_2)
     6    0.026963    0.136676    0.212630    4.140436 ^ place358/X (sky130_fd_sc_hd__buf_2)
                                                         net358 (net)
                      0.136677    0.000751    4.141187 ^ place357/A (sky130_fd_sc_hd__buf_2)
    10    0.062700    0.304045    0.322353    4.463540 ^ place357/X (sky130_fd_sc_hd__buf_2)
                                                         net357 (net)
                      0.304050    0.001140    4.464680 ^ _4107_/A2 (sky130_fd_sc_hd__a221o_2)
     1    0.002562    0.037433    0.203334    4.668014 ^ _4107_/X (sky130_fd_sc_hd__a221o_2)
                                                         _1975_ (net)
                      0.037433    0.000028    4.668042 ^ _4108_/C_N (sky130_fd_sc_hd__or3b_2)
     3    0.011446    0.106648    0.481896    5.149938 v _4108_/X (sky130_fd_sc_hd__or3b_2)
                                                         _1976_ (net)
                      0.106648    0.000212    5.150150 v _4110_/D (sky130_fd_sc_hd__or4_4)
     5    0.022447    0.115727    0.484711    5.634861 v _4110_/X (sky130_fd_sc_hd__or4_4)
                                                         _1978_ (net)
                      0.115727    0.000220    5.635081 v _4111_/B (sky130_fd_sc_hd__nand2b_2)
     7    0.026859    0.153269    0.174417    5.809498 ^ _4111_/Y (sky130_fd_sc_hd__nand2b_2)
                                                         _1979_ (net)
                      0.153271    0.000445    5.809943 ^ _4209_/C (sky130_fd_sc_hd__and4_2)
     2    0.011673    0.094135    0.278834    6.088778 ^ _4209_/X (sky130_fd_sc_hd__and4_2)
                                                         _2077_ (net)
                      0.094135    0.000169    6.088947 ^ _4384_/A (sky130_fd_sc_hd__nand3_2)
     2    0.006025    0.061835    0.075320    6.164267 v _4384_/Y (sky130_fd_sc_hd__nand3_2)
                                                         _2252_ (net)
                      0.061835    0.000063    6.164330 v _4443_/A2 (sky130_fd_sc_hd__a2111o_2)
     3    0.016480    0.099491    0.521609    6.685939 v _4443_/X (sky130_fd_sc_hd__a2111o_2)
                                                         _2311_ (net)
                      0.099492    0.000500    6.686439 v _4454_/A1 (sky130_fd_sc_hd__a211o_2)
     2    0.008052    0.061317    0.329138    7.015577 v _4454_/X (sky130_fd_sc_hd__a211o_2)
                                                         _2322_ (net)
                      0.061317    0.000048    7.015625 v _4455_/C1 (sky130_fd_sc_hd__o211a_2)
     2    0.014379    0.067304    0.150202    7.165827 v _4455_/X (sky130_fd_sc_hd__o211a_2)
                                                         _2323_ (net)
                      0.067304    0.000253    7.166080 v _4457_/A2 (sky130_fd_sc_hd__o21a_2)
     3    0.010668    0.053175    0.222343    7.388422 v _4457_/X (sky130_fd_sc_hd__o21a_2)
                                                         _2325_ (net)
                      0.053175    0.000075    7.388497 v _4459_/A2 (sky130_fd_sc_hd__o211a_2)
     3    0.029162    0.101423    0.310648    7.699145 v _4459_/X (sky130_fd_sc_hd__o211a_2)
                                                         _2327_ (net)
                      0.101460    0.001812    7.700956 v _4465_/A (sky130_fd_sc_hd__nor2_2)
     2    0.024525    0.279392    0.276760    7.977716 ^ _4465_/Y (sky130_fd_sc_hd__nor2_2)
                                                         _2333_ (net)
                      0.279402    0.001410    7.979127 ^ _5650_/A (sky130_fd_sc_hd__inv_2)
     1    0.002606    0.045008    0.043312    8.022439 v _5650_/Y (sky130_fd_sc_hd__inv_2)
                                                         net459 (net)
                      0.045008    0.000025    8.022464 v output459/A (sky130_fd_sc_hd__clkdlybuf4s25_1)
     1    0.034662    0.258039    0.416724    8.439188 v output459/X (sky130_fd_sc_hd__clkdlybuf4s25_1)
                                                         alu_result_out[0] (net)
                      0.258039    0.000313    8.439501 v alu_result_out[0] (out)
                                              8.439501   data arrival time

                                 25.000000   25.000000   clock clk (rise edge)
                                  0.000000   25.000000   clock network delay (propagated)
                                 -0.100000   24.900000   clock uncertainty
                                  0.000000   24.900000   clock reconvergence pessimism
                                 -5.000000   19.899998   output external delay
                                             19.899998   data required time
---------------------------------------------------------------------------------------------
                                             19.899998   data required time
                                             -8.439501   data arrival time
---------------------------------------------------------------------------------------------
                                             11.460498   slack (MET)




===========================================================================
report_checks --slack_max -0.01
============================================================================
======================= min_tt_025C_1v80 Corner ===================================

No paths found.


===========================================================================
 report_check_types -max_slew -max_cap -max_fanout -violators
============================================================================
======================= min_tt_025C_1v80 Corner ===================================

max fanout

Pin                                   Limit Fanout  Slack
---------------------------------------------------------
clkbuf_leaf_10_clk/X                     10     21    -11 (VIOLATED)
clkbuf_leaf_11_clk/X                     10     21    -11 (VIOLATED)
clkbuf_leaf_2_clk/X                      10     21    -11 (VIOLATED)
clkbuf_leaf_39_clk/X                     10     21    -11 (VIOLATED)
clkbuf_leaf_3_clk/X                      10     21    -11 (VIOLATED)
clkbuf_leaf_4_clk/X                      10     21    -11 (VIOLATED)
clkbuf_leaf_0_clk/X                      10     20    -10 (VIOLATED)
clkbuf_leaf_12_clk/X                     10     20    -10 (VIOLATED)
clkbuf_leaf_40_clk/X                     10     20    -10 (VIOLATED)
clkbuf_leaf_5_clk/X                      10     20    -10 (VIOLATED)
clkbuf_leaf_7_clk/X                      10     20    -10 (VIOLATED)
clkbuf_leaf_8_clk/X                      10     20    -10 (VIOLATED)
clkbuf_leaf_24_clk/X                     10     19     -9 (VIOLATED)
clkbuf_leaf_29_clk/X                     10     19     -9 (VIOLATED)
clkbuf_leaf_30_clk/X                     10     19     -9 (VIOLATED)
clkbuf_leaf_6_clk/X                      10     19     -9 (VIOLATED)
clkbuf_leaf_9_clk/X                      10     19     -9 (VIOLATED)
clkbuf_leaf_13_clk/X                     10     18     -8 (VIOLATED)
clkbuf_leaf_15_clk/X                     10     18     -8 (VIOLATED)
clkbuf_leaf_16_clk/X                     10     18     -8 (VIOLATED)
clkbuf_leaf_1_clk/X                      10     18     -8 (VIOLATED)
clkbuf_leaf_26_clk/X                     10     18     -8 (VIOLATED)
clkbuf_leaf_38_clk/X                     10     18     -8 (VIOLATED)
clkbuf_leaf_17_clk/X                     10     17     -7 (VIOLATED)
clkbuf_leaf_19_clk/X                     10     17     -7 (VIOLATED)
clkbuf_leaf_20_clk/X                     10     17     -7 (VIOLATED)
clkbuf_leaf_21_clk/X                     10     17     -7 (VIOLATED)
clkbuf_leaf_22_clk/X                     10     17     -7 (VIOLATED)
clkbuf_leaf_25_clk/X                     10     17     -7 (VIOLATED)
clkbuf_leaf_27_clk/X                     10     17     -7 (VIOLATED)
clkbuf_leaf_31_clk/X                     10     17     -7 (VIOLATED)
clkbuf_leaf_14_clk/X                     10     16     -6 (VIOLATED)
clkbuf_leaf_23_clk/X                     10     16     -6 (VIOLATED)
clkbuf_leaf_28_clk/X                     10     16     -6 (VIOLATED)
clkbuf_leaf_33_clk/X                     10     16     -6 (VIOLATED)
clkbuf_leaf_34_clk/X                     10     16     -6 (VIOLATED)
clkbuf_leaf_41_clk/X                     10     16     -6 (VIOLATED)
clkbuf_leaf_35_clk/X                     10     15     -5 (VIOLATED)
clkbuf_leaf_36_clk/X                     10     15     -5 (VIOLATED)
clkbuf_leaf_32_clk/X                     10     14     -4 (VIOLATED)
clkbuf_leaf_37_clk/X                     10     13     -3 (VIOLATED)
clkbuf_leaf_18_clk/X                     10     12     -2 (VIOLATED)
place390/X                               10     12     -2 (VIOLATED)
_3442_/Y                                 10     11        (VIOLATED)



===========================================================================
report_parasitic_annotation -report_unannotated
============================================================================
Found 41 unannotated drivers.
 clkload0/X
 clkload1/X
 clkload10/X
 clkload11/Y
 clkload12/X
 clkload13/Y
 clkload14/X
 clkload15/X
 clkload16/Y
 clkload17/Y
 clkload18/Y
 clkload19/Y
 clkload2/X
 clkload20/X
 clkload21/X
 clkload22/Y
 clkload23/X
 clkload24/X
 clkload25/X
 clkload26/Y
 clkload27/X
 clkload28/X
 clkload29/Y
 clkload3/X
 clkload30/Y
 clkload31/X
 clkload32/Y
 clkload33/X
 clkload34/X
 clkload35/X
 clkload4/X
 clkload5/X
 clkload6/Y
 clkload7/Y
 clkload8/X
 clkload9/Y
 single_cycle_cpu/HI
 single_cycle_cpu_577/HI
 single_cycle_cpu_578/HI
 single_cycle_cpu_579/LO
 single_cycle_cpu_580/LO
Found 0 partially unannotated drivers.

===========================================================================
max slew violation count 0
max fanout violation count 44
max cap violation count 0
============================================================================

===========================================================================
check_setup -verbose -unconstrained_endpoints -multiple_clock -no_clock -no_input_delay -loops -generated_clocks
===========================================================================
