Clock: clk
Sources: clk 
Generated: no
Virtual: yes
Propagated: no
Period: 25.000000

===========================================================================
report_clock_properties
============================================================================
Clock                   Period          Waveform
----------------------------------------------------
clk                  25.000000    0.000000 12.500000

===========================================================================
report_clock_latency
============================================================================
Clock clk
rise -> rise
    min     max
0.000000 0.000000 source latency
0.694069         network latency _7366_/CLK
        0.711985 network latency _7187_/CLK
---------------
0.694069 0.711985 latency
        0.017916 skew

fall -> fall
    min     max
0.000000 0.000000 source latency
0.618949         network latency _7366_/CLK
        0.633019 network latency _7187_/CLK
---------------
0.618949 0.633019 latency
        0.014070 skew



===========================================================================
report_clock_min_period
============================================================================
clk period_min = 8.09 fmax = 123.62
