Starting…
Running 'Verilator.Lint' at 'runs/RUN_2026-08-22_12-35-21/01-verilator-lint'…
Logging subprocess to [repr.filename]'runs/RUN_2026-08-22_12-35-21/01-verilator-lint/verilator-lint.log'[/repr.filename]…
Running 'Checker.LintTimingConstructs' at 'runs/RUN_2026-08-22_12-35-21/02-checker-linttimingconstructs'…
Check for Lint Timing Errors clear.
Running 'Checker.LintErrors' at 'runs/RUN_2026-08-22_12-35-21/03-checker-linterrors'…
Check for Lint errors clear.
Running 'Checker.LintWarnings' at 'runs/RUN_2026-08-22_12-35-21/04-checker-lintwarnings'…
449 Lint warnings found.
Running 'Yosys.JsonHeader' at 'runs/RUN_2026-08-22_12-35-21/05-yosys-jsonheader'…
Logging subprocess to [repr.filename]'runs/RUN_2026-08-22_12-35-21/05-yosys-jsonheader/yosys-jsonheader.log'[/repr.filename]…
Running 'Yosys.Synthesis' at 'runs/RUN_2026-08-22_12-35-21/06-yosys-synthesis'…
Logging subprocess to [repr.filename]'runs/RUN_2026-08-22_12-35-21/06-yosys-synthesis/yosys-synthesis.log'[/repr.filename]…
Parsing synthesis checks…
Running 'Checker.YosysUnmappedCells' at 'runs/RUN_2026-08-22_12-35-21/07-checker-yosysunmappedcells'…
Check for Unmapped Yosys instances clear.
Running 'Checker.YosysSynthChecks' at 'runs/RUN_2026-08-22_12-35-21/08-checker-yosyssynthchecks'…
Check for Yosys check errors clear.
Running 'Checker.NetlistAssignStatements' at 'runs/RUN_2026-08-22_12-35-21/09-checker-netlistassignstatements'…
Running 'OpenROAD.CheckSDCFiles' at 'runs/RUN_2026-08-22_12-35-21/10-openroad-checksdcfiles'…
Running 'OpenROAD.CheckMacroInstances' at 'runs/RUN_2026-08-22_12-35-21/11-openroad-checkmacroinstances'…
No macros found, skipping instance check…
Running 'OpenROAD.STAPrePNR' at 'runs/RUN_2026-08-22_12-35-21/12-openroad-staprepnr'…
Starting STA for the nom_tt_025C_1v80 timing corner…
Starting STA for the nom_ss_100C_1v60 timing corner…
Starting STA for the nom_ff_n40C_1v95 timing corner…
Skipping corner min_tt_025C_1v80 for STA (identical to nom_tt_025C_1v80 at this stage)…
Skipping corner min_ss_100C_1v60 for STA (identical to nom_ss_100C_1v60 at this stage)…
Skipping corner min_ff_n40C_1v95 for STA (identical to nom_ff_n40C_1v95 at this stage)…
Skipping corner max_tt_025C_1v80 for STA (identical to nom_tt_025C_1v80 at this stage)…
Skipping corner max_ss_100C_1v60 for STA (identical to nom_ss_100C_1v60 at this stage)…
Skipping corner max_ff_n40C_1v95 for STA (identical to nom_ff_n40C_1v95 at this stage)…
Logging subprocess to [repr.filename]'runs/RUN_2026-08-22_12-35-21/12-openroad-staprepnr/nom_ss_100C_1v60/sta.log'[/repr.filename]…
Logging subprocess to [repr.filename]'runs/RUN_2026-08-22_12-35-21/12-openroad-staprepnr/nom_tt_025C_1v80/sta.log'[/repr.filename]…
Logging subprocess to [repr.filename]'runs/RUN_2026-08-22_12-35-21/12-openroad-staprepnr/nom_ff_n40C_1v95/sta.log'[/repr.filename]…
Finished STA for the nom_tt_025C_1v80 timing corner.
Finished STA for the nom_ff_n40C_1v95 timing corner.
Finished STA for the nom_ss_100C_1v60 timing corner.
Running 'OpenROAD.Floorplan' at 'runs/RUN_2026-08-22_12-35-21/13-openroad-floorplan'…
Logging subprocess to [repr.filename]'runs/RUN_2026-08-22_12-35-21/13-openroad-floorplan/openroad-floorplan.log'[/repr.filename]…
[IFP-0028] Core area lower left (10.000, 10.000) snapped to (10.120, 10.880).
Running 'OpenROAD.DumpRCValues' at 'runs/RUN_2026-08-22_12-35-21/14-openroad-dumprcvalues'…
Logging subprocess to [repr.filename]'runs/RUN_2026-08-22_12-35-21/14-openroad-dumprcvalues/openroad-dumprcvalues.log'[/repr.filename]…
Running 'Odb.CheckMacroAntennaProperties' at 'runs/RUN_2026-08-22_12-35-21/15-odb-checkmacroantennaproperties'…
No cells provided, skipping 'Odb.CheckMacroAntennaProperties'…
Running 'Odb.SetPowerConnections' at 'runs/RUN_2026-08-22_12-35-21/16-odb-setpowerconnections'…
Logging subprocess to [repr.filename]'runs/RUN_2026-08-22_12-35-21/16-odb-setpowerconnections/odb-setpowerconnections.log'[/repr.filename]…
Running 'Odb.ManualMacroPlacement' at 'runs/RUN_2026-08-22_12-35-21/17-odb-manualmacroplacement'…
No instances found, skipping 'Odb.ManualMacroPlacement'…
Running 'OpenROAD.CutRows' at 'runs/RUN_2026-08-22_12-35-21/18-openroad-cutrows'…
Logging subprocess to [repr.filename]'runs/RUN_2026-08-22_12-35-21/18-openroad-cutrows/openroad-cutrows.log'[/repr.filename]…
Running 'OpenROAD.TapEndcapInsertion' at 'runs/RUN_2026-08-22_12-35-21/19-openroad-tapendcapinsertion'…
Logging subprocess to [repr.filename]'runs/RUN_2026-08-22_12-35-21/19-openroad-tapendcapinsertion/openroad-tapendcapinsertion.log'[/repr.filename]…
Running 'Odb.AddPDNObstructions' at 'runs/RUN_2026-08-22_12-35-21/20-odb-addpdnobstructions'…
'PDN_OBSTRUCTIONS' is not defined. Skipping 'Odb.AddPDNObstructions'…
Running 'OpenROAD.GeneratePDN' at 'runs/RUN_2026-08-22_12-35-21/21-openroad-generatepdn'…
'PDN_CFG' not explicitly set, setting it to /nix/store/5jsqcdxd774ydqqjk8zkw3zk47dxbryb-python3-3.13.9-env/lib/python3.13/site-packages/librelane/scripts/openroad/common/pdn_cfg.tcl…
Logging subprocess to [repr.filename]'runs/RUN_2026-08-22_12-35-21/21-openroad-generatepdn/openroad-generatepdn.log'[/repr.filename]…
[PDN-0239] Ring shape falls outside the die bounds.
Running 'Odb.RemovePDNObstructions' at 'runs/RUN_2026-08-22_12-35-21/22-odb-removepdnobstructions'…
'PDN_OBSTRUCTIONS' is not defined. Skipping 'Odb.RemovePDNObstructions'…
Running 'Odb.AddRoutingObstructions' at 'runs/RUN_2026-08-22_12-35-21/23-odb-addroutingobstructions'…
'ROUTING_OBSTRUCTIONS' is not defined. Skipping 'Odb.AddRoutingObstructions'…
Running 'OpenROAD.GlobalPlacementSkipIO' at 'runs/RUN_2026-08-22_12-35-21/24-openroad-globalplacementskipio'…
I/O pins to be placed from /home/cl4/Desktop/training/single_cycle/pin_order.cfg. Returning state unaltered…
Running 'OpenROAD.IOPlacement' at 'runs/RUN_2026-08-22_12-35-21/25-openroad-ioplacement'…
IO_PIN_ORDER_CFG is set. Skipping 'OpenROAD.IOPlacement'…
Running 'Odb.CustomIOPlacement' at 'runs/RUN_2026-08-22_12-35-21/26-odb-customioplacement'…
Logging subprocess to [repr.filename]'runs/RUN_2026-08-22_12-35-21/26-odb-customioplacement/odb-customioplacement.log'[/repr.filename]…
Overriding minimum distance 0.1 with 0.42 for pins on side N to avoid overlap.
Running 'Odb.ApplyDEFTemplate' at 'runs/RUN_2026-08-22_12-35-21/27-odb-applydeftemplate'…
No DEF template provided, skipping 'Odb.ApplyDEFTemplate'…
Running 'OpenROAD.GlobalPlacement' at 'runs/RUN_2026-08-22_12-35-21/28-openroad-globalplacement'…
Logging subprocess to [repr.filename]'runs/RUN_2026-08-22_12-35-21/28-openroad-globalplacement/openroad-globalplacement.log'[/repr.filename]…
[GPL-0302] Target density 0.6500 is too low for the available free area.
Running 'Odb.WriteVerilogHeader' at 'runs/RUN_2026-08-22_12-35-21/29-odb-writeverilogheader'…
Logging subprocess to [repr.filename]'runs/RUN_2026-08-22_12-35-21/29-odb-writeverilogheader/odb-writeverilogheader.log'[/repr.filename]…
Running 'Checker.PowerGridViolations' at 'runs/RUN_2026-08-22_12-35-21/30-checker-powergridviolations'…
Check for power grid violations (as reported by OpenROAD PSM- you may ignore these if LVS passes) clear.
Running 'OpenROAD.STAMidPNR' at 'runs/RUN_2026-08-22_12-35-21/31-openroad-stamidpnr'…
Logging subprocess to [repr.filename]'runs/RUN_2026-08-22_12-35-21/31-openroad-stamidpnr/openroad-stamidpnr.log'[/repr.filename]…
Running 'OpenROAD.RepairDesignPostGPL' at 'runs/RUN_2026-08-22_12-35-21/32-openroad-repairdesignpostgpl'…
Logging subprocess to [repr.filename]'runs/RUN_2026-08-22_12-35-21/32-openroad-repairdesignpostgpl/openroad-repairdesignpostgpl.log'[/repr.filename]…
[STA-1140] /home/cl4/.ciel/ciel/sky130/versions/8afc8346a57fe1ab7934ba5a6056ea8b43078e71/sky130A/libs.ref/sky130_fd_sc_hd/lib/sky130_fd_sc_hd__tt_025C_1v80.lib line 1, library sky130_fd_sc_hd__tt_025C_1v80 already exists.
[STA-1140] /home/cl4/.ciel/ciel/sky130/versions/8afc8346a57fe1ab7934ba5a6056ea8b43078e71/sky130A/libs.ref/sky130_fd_sc_hd/lib/sky130_fd_sc_hd__ff_n40C_1v95.lib line 1, library sky130_fd_sc_hd__ff_n40C_1v95 already exists.
[STA-1140] /home/cl4/.ciel/ciel/sky130/versions/8afc8346a57fe1ab7934ba5a6056ea8b43078e71/sky130A/libs.ref/sky130_fd_sc_hd/lib/sky130_fd_sc_hd__ss_100C_1v60.lib line 1, library sky130_fd_sc_hd__ss_100C_1v60 already exists.
[STA-1140] /home/cl4/.ciel/ciel/sky130/versions/8afc8346a57fe1ab7934ba5a6056ea8b43078e71/sky130A/libs.ref/sky130_fd_sc_hd/lib/sky130_fd_sc_hd__tt_025C_1v80.lib line 1, library sky130_fd_sc_hd__tt_025C_1v80 already exists.
[STA-1140] /home/cl4/.ciel/ciel/sky130/versions/8afc8346a57fe1ab7934ba5a6056ea8b43078e71/sky130A/libs.ref/sky130_fd_sc_hd/lib/sky130_fd_sc_hd__ss_100C_1v60.lib line 1, library sky130_fd_sc_hd__ss_100C_1v60 already exists.
[STA-1140] /home/cl4/.ciel/ciel/sky130/versions/8afc8346a57fe1ab7934ba5a6056ea8b43078e71/sky130A/libs.ref/sky130_fd_sc_hd/lib/sky130_fd_sc_hd__ff_n40C_1v95.lib line 1, library sky130_fd_sc_hd__ff_n40C_1v95 already exists.
[RSZ-0020] found 2 floating nets.
Running 'Odb.ManualGlobalPlacement' at 'runs/RUN_2026-08-22_12-35-21/33-odb-manualglobalplacement'…
'MANUAL_GLOBAL_PLACEMENTS' not set. Skipping 'Odb.ManualGlobalPlacement'…
Running 'OpenROAD.DetailedPlacement' at 'runs/RUN_2026-08-22_12-35-21/34-openroad-detailedplacement'…
Logging subprocess to [repr.filename]'runs/RUN_2026-08-22_12-35-21/34-openroad-detailedplacement/openroad-detailedplacement.log'[/repr.filename]…
Running 'OpenROAD.CTS' at 'runs/RUN_2026-08-22_12-35-21/35-openroad-cts'…
Logging subprocess to [repr.filename]'runs/RUN_2026-08-22_12-35-21/35-openroad-cts/openroad-cts.log'[/repr.filename]…
[STA-1140] /home/cl4/.ciel/ciel/sky130/versions/8afc8346a57fe1ab7934ba5a6056ea8b43078e71/sky130A/libs.ref/sky130_fd_sc_hd/lib/sky130_fd_sc_hd__tt_025C_1v80.lib line 1, library sky130_fd_sc_hd__tt_025C_1v80 already exists.
[STA-1140] /home/cl4/.ciel/ciel/sky130/versions/8afc8346a57fe1ab7934ba5a6056ea8b43078e71/sky130A/libs.ref/sky130_fd_sc_hd/lib/sky130_fd_sc_hd__ff_n40C_1v95.lib line 1, library sky130_fd_sc_hd__ff_n40C_1v95 already exists.
[STA-1140] /home/cl4/.ciel/ciel/sky130/versions/8afc8346a57fe1ab7934ba5a6056ea8b43078e71/sky130A/libs.ref/sky130_fd_sc_hd/lib/sky130_fd_sc_hd__ss_100C_1v60.lib line 1, library sky130_fd_sc_hd__ss_100C_1v60 already exists.
[STA-1140] /home/cl4/.ciel/ciel/sky130/versions/8afc8346a57fe1ab7934ba5a6056ea8b43078e71/sky130A/libs.ref/sky130_fd_sc_hd/lib/sky130_fd_sc_hd__tt_025C_1v80.lib line 1, library sky130_fd_sc_hd__tt_025C_1v80 already exists.
[STA-1140] /home/cl4/.ciel/ciel/sky130/versions/8afc8346a57fe1ab7934ba5a6056ea8b43078e71/sky130A/libs.ref/sky130_fd_sc_hd/lib/sky130_fd_sc_hd__ss_100C_1v60.lib line 1, library sky130_fd_sc_hd__ss_100C_1v60 already exists.
[STA-1140] /home/cl4/.ciel/ciel/sky130/versions/8afc8346a57fe1ab7934ba5a6056ea8b43078e71/sky130A/libs.ref/sky130_fd_sc_hd/lib/sky130_fd_sc_hd__ff_n40C_1v95.lib line 1, library sky130_fd_sc_hd__ff_n40C_1v95 already exists.
Running 'OpenROAD.STAMidPNR-1' at 'runs/RUN_2026-08-22_12-35-21/36-openroad-stamidpnr-1'…
Logging subprocess to [repr.filename]'runs/RUN_2026-08-22_12-35-21/36-openroad-stamidpnr-1/openroad-stamidpnr-1.log'[/repr.filename]…
Running 'OpenROAD.ResizerTimingPostCTS' at 'runs/RUN_2026-08-22_12-35-21/37-openroad-resizertimingpostcts'…
Logging subprocess to [repr.filename]'runs/RUN_2026-08-22_12-35-21/37-openroad-resizertimingpostcts/openroad-resizertimingpostcts.log'[/repr.filename]…
[STA-1140] /home/cl4/.ciel/ciel/sky130/versions/8afc8346a57fe1ab7934ba5a6056ea8b43078e71/sky130A/libs.ref/sky130_fd_sc_hd/lib/sky130_fd_sc_hd__tt_025C_1v80.lib line 1, library sky130_fd_sc_hd__tt_025C_1v80 already exists.
[STA-1140] /home/cl4/.ciel/ciel/sky130/versions/8afc8346a57fe1ab7934ba5a6056ea8b43078e71/sky130A/libs.ref/sky130_fd_sc_hd/lib/sky130_fd_sc_hd__ff_n40C_1v95.lib line 1, library sky130_fd_sc_hd__ff_n40C_1v95 already exists.
[STA-1140] /home/cl4/.ciel/ciel/sky130/versions/8afc8346a57fe1ab7934ba5a6056ea8b43078e71/sky130A/libs.ref/sky130_fd_sc_hd/lib/sky130_fd_sc_hd__ss_100C_1v60.lib line 1, library sky130_fd_sc_hd__ss_100C_1v60 already exists.
[STA-1140] /home/cl4/.ciel/ciel/sky130/versions/8afc8346a57fe1ab7934ba5a6056ea8b43078e71/sky130A/libs.ref/sky130_fd_sc_hd/lib/sky130_fd_sc_hd__tt_025C_1v80.lib line 1, library sky130_fd_sc_hd__tt_025C_1v80 already exists.
[STA-1140] /home/cl4/.ciel/ciel/sky130/versions/8afc8346a57fe1ab7934ba5a6056ea8b43078e71/sky130A/libs.ref/sky130_fd_sc_hd/lib/sky130_fd_sc_hd__ss_100C_1v60.lib line 1, library sky130_fd_sc_hd__ss_100C_1v60 already exists.
[STA-1140] /home/cl4/.ciel/ciel/sky130/versions/8afc8346a57fe1ab7934ba5a6056ea8b43078e71/sky130A/libs.ref/sky130_fd_sc_hd/lib/sky130_fd_sc_hd__ff_n40C_1v95.lib line 1, library sky130_fd_sc_hd__ff_n40C_1v95 already exists.
[RSZ-0062] Unable to repair all setup violations.
Running 'OpenROAD.STAMidPNR-2' at 'runs/RUN_2026-08-22_12-35-21/38-openroad-stamidpnr-2'…
Logging subprocess to [repr.filename]'runs/RUN_2026-08-22_12-35-21/38-openroad-stamidpnr-2/openroad-stamidpnr-2.log'[/repr.filename]…
Running 'OpenROAD.GlobalRouting' at 'runs/RUN_2026-08-22_12-35-21/39-openroad-globalrouting'…
Logging subprocess to [repr.filename]'runs/RUN_2026-08-22_12-35-21/39-openroad-globalrouting/openroad-globalrouting.log'[/repr.filename]…
[GRT-0041] Net VPWR has wires/vias outside die area.
[GRT-0041] Net VPWR has wires/vias outside die area.
[GRT-0041] Net VPWR has wires/vias outside die area.
[GRT-0041] Net VPWR has wires/vias outside die area.
[GRT-0041] Net VPWR has wires/vias outside die area.
[GRT-0041] Net VPWR has wires/vias outside die area.
[GRT-0041] Net VPWR has wires/vias outside die area.
[GRT-0041] Net VPWR has wires/vias outside die area.
[GRT-0041] Net VPWR has wires/vias outside die area.
[GRT-0041] Net VPWR has wires/vias outside die area.
[GRT-0041] Net VPWR has wires/vias outside die area.
[GRT-0041] Net VPWR has wires/vias outside die area.
[GRT-0041] Net VPWR has wires/vias outside die area.
[GRT-0041] Net VPWR has wires/vias outside die area.
[GRT-0041] Net VPWR has wires/vias outside die area.
[GRT-0041] Net VPWR has wires/vias outside die area.
[GRT-0041] Net VPWR has wires/vias outside die area.
[GRT-0041] Net VPWR has wires/vias outside die area.
[GRT-0041] Net VPWR has wires/vias outside die area.
[GRT-0041] Net VPWR has wires/vias outside die area.
[GRT-0041] Net VPWR has wires/vias outside die area.
[GRT-0041] Net VPWR has wires/vias outside die area.
[GRT-0041] Net VPWR has wires/vias outside die area.
[GRT-0041] Net VGND has wires/vias outside die area.
[GRT-0041] Net VGND has wires/vias outside die area.
[GRT-0041] Net VGND has wires/vias outside die area.
[GRT-0041] Net VGND has wires/vias outside die area.
[GRT-0041] Net VGND has wires/vias outside die area.
[GRT-0041] Net VGND has wires/vias outside die area.
[GRT-0041] Net VGND has wires/vias outside die area.
[GRT-0041] Net VGND has wires/vias outside die area.
[GRT-0041] Net VGND has wires/vias outside die area.
[GRT-0041] Net VGND has wires/vias outside die area.
[GRT-0041] Net VGND has wires/vias outside die area.
[GRT-0041] Net VGND has wires/vias outside die area.
[GRT-0041] Net VGND has wires/vias outside die area.
[GRT-0041] Net VGND has wires/vias outside die area.
[GRT-0041] Net VGND has wires/vias outside die area.
[GRT-0041] Net VGND has wires/vias outside die area.
[GRT-0041] Net VGND has wires/vias outside die area.
[GRT-0041] Net VGND has wires/vias outside die area.
[GRT-0041] Net VGND has wires/vias outside die area.
[GRT-0041] Net VGND has wires/vias outside die area.
[GRT-0041] Net VGND has wires/vias outside die area.
[GRT-0041] Net VGND has wires/vias outside die area.
[GRT-0041] Net VGND has wires/vias outside die area.
[GRT-0041] Net VGND has wires/vias outside die area.
[GRT-0041] Net VGND has wires/vias outside die area.
[GRT-0041] Net VGND has wires/vias outside die area.
[GRT-0041] Net VGND has wires/vias outside die area.
[GRT-0041] Net VGND has wires/vias outside die area.
[GRT-0041] Net VGND has wires/vias outside die area.
[GRT-0041] Net VGND has wires/vias outside die area.
[GRT-0041] Net VGND has wires/vias outside die area.
[GRT-0041] Net VGND has wires/vias outside die area.
[GRT-0041] Net VGND has wires/vias outside die area.
[GRT-0041] Net VGND has wires/vias outside die area.
[GRT-0041] Net VGND has wires/vias outside die area.
[GRT-0041] Net VGND has wires/vias outside die area.
[GRT-0041] Net VGND has wires/vias outside die area.
[GRT-0041] Net VGND has wires/vias outside die area.
[GRT-0041] Net VGND has wires/vias outside die area.
[GRT-0041] Net VGND has wires/vias outside die area.
[GRT-0041] Net VGND has wires/vias outside die area.
[GRT-0041] Net VGND has wires/vias outside die area.
[GRT-0041] Net VGND has wires/vias outside die area.
[GRT-0041] Net VGND has wires/vias outside die area.
[GRT-0041] Net VGND has wires/vias outside die area.
[GRT-0041] Net VGND has wires/vias outside die area.
[GRT-0041] Net VGND has wires/vias outside die area.
[GRT-0041] Net VGND has wires/vias outside die area.
[GRT-0041] Net VGND has wires/vias outside die area.
[GRT-0041] Net VGND has wires/vias outside die area.
[GRT-0041] Net VGND has wires/vias outside die area.
[GRT-0041] Net VGND has wires/vias outside die area.
[GRT-0041] Net VGND has wires/vias outside die area.
[GRT-0041] Net VGND has wires/vias outside die area.
[GRT-0041] Net VGND has wires/vias outside die area.
[GRT-0041] Net VGND has wires/vias outside die area.
[GRT-0041] Net VGND has wires/vias outside die area.
[GRT-0041] Net VGND has wires/vias outside die area.
[GRT-0041] Net VGND has wires/vias outside die area.
[GRT-0041] Net VGND has wires/vias outside die area.
[GRT-0041] Net VGND has wires/vias outside die area.
[GRT-0041] Net VGND has wires/vias outside die area.
[GRT-0041] Net VGND has wires/vias outside die area.
[GRT-0041] Net VGND has wires/vias outside die area.
[GRT-0041] Net VGND has wires/vias outside die area.
[GRT-0041] Net VGND has wires/vias outside die area.
[GRT-0041] Net VGND has wires/vias outside die area.
[GRT-0041] Net VGND has wires/vias outside die area.
[GRT-0041] Net VGND has wires/vias outside die area.
[GRT-0041] Net VGND has wires/vias outside die area.
[GRT-0041] Net VGND has wires/vias outside die area.
[GRT-0041] Net VGND has wires/vias outside die area.
[GRT-0041] Net VGND has wires/vias outside die area.
[GRT-0041] Net VGND has wires/vias outside die area.
[GRT-0041] Net VGND has wires/vias outside die area.
[GRT-0041] Net VGND has wires/vias outside die area.
[GRT-0041] Net VGND has wires/vias outside die area.
[GRT-0041] Net VGND has wires/vias outside die area.
[GRT-0041] Net VGND has wires/vias outside die area.
[GRT-0041] Net VGND has wires/vias outside die area.
[GRT-0041] Net VGND has wires/vias outside die area.
[GRT-0041] Net VGND has wires/vias outside die area.
[GRT-0041] Net VGND has wires/vias outside die area.
[GRT-0041] Net VGND has wires/vias outside die area.
[GRT-0041] Net VGND has wires/vias outside die area.
[GRT-0041] Net VGND has wires/vias outside die area.
[GRT-0041] Net VGND has wires/vias outside die area.
[GRT-0041] Net VGND has wires/vias outside die area.
[GRT-0041] Net VGND has wires/vias outside die area.
[GRT-0273] Disabled NDR (to reduce congestion) for net: clknet_0_clk
[GRT-0273] Disabled NDR (to reduce congestion) for net: clk
[GRT-0116] Global routing finished with congestion. Check the congestion regions in the DRC Viewer.
