Reading timing models for corner nom_tt_025C_1v80…
Reading timing library for the 'nom_tt_025C_1v80' corner at '/home/cl4/.ciel/ciel/sky130/versions/8afc8346a57fe1ab7934ba5a6056ea8b43078e71/sky130A/libs.ref/sky130_fd_sc_hd/lib/sky130_fd_sc_hd__tt_025C_1v80.lib'…
Reading OpenROAD database at '/home/cl4/Desktop/training/single_cycle/runs/RUN_2026-08-24_11-42-19/42-openroad-repairantennas/1-openroad-diodeinsertion/single_cycle_cpu.odb'…
Reading design constraints file at '/home/cl4/Desktop/training/single_cycle/src/impl.sdc'…
[INFO] Using clock clk…
[INFO] Setting output delay to: 5.0
[INFO] Setting input delay to: 5.0
[INFO] Setting load to: 0.033442
[INFO] Setting clock uncertainty to: 0.25
[INFO] Setting clock transition to: 0.1499999999999999944488848768742172978818416595458984375
[INFO] Setting timing derate to: 5%
[INFO] No information on clock propagation in input SDC file-- propagating all clocks.
[INFO ORD-0030] Using 12 thread(s).
+ detailed_route -droute_end_iter 64 -or_seed 42 -verbose 1 -output_drc /home/cl4/Desktop/training/single_cycle/runs/RUN_2026-08-24_11-42-19/44-openroad-detailedrouting/drt-run-0/single_cycle_cpu.drc
[INFO DRT-0149] Reading tech and libs.
[WARNING DRT-0349] LEF58_ENCLOSURE with no CUTCLASS is not supported. Skipping for layer mcon
[WARNING DRT-0349] LEF58_ENCLOSURE with no CUTCLASS is not supported. Skipping for layer mcon
[WARNING DRT-0349] LEF58_ENCLOSURE with no CUTCLASS is not supported. Skipping for layer via
[WARNING DRT-0349] LEF58_ENCLOSURE with no CUTCLASS is not supported. Skipping for layer via
[WARNING DRT-0349] LEF58_ENCLOSURE with no CUTCLASS is not supported. Skipping for layer via2
[WARNING DRT-0349] LEF58_ENCLOSURE with no CUTCLASS is not supported. Skipping for layer via2
[WARNING DRT-0349] LEF58_ENCLOSURE with no CUTCLASS is not supported. Skipping for layer via3
[WARNING DRT-0349] LEF58_ENCLOSURE with no CUTCLASS is not supported. Skipping for layer via3
[WARNING DRT-0349] LEF58_ENCLOSURE with no CUTCLASS is not supported. Skipping for layer via4
[WARNING DRT-0349] LEF58_ENCLOSURE with no CUTCLASS is not supported. Skipping for layer via4

Units:                1000
Number of layers:     13
Number of macros:     445
Number of vias:       32
Number of viarulegen: 25

[INFO DRT-0150] Reading design.

Design:                   single_cycle_cpu
Die area:                 ( 0 0 ) ( 330645 341365 )
Number of track patterns: 12
Number of DEF vias:       0
Number of components:     5737
Number of terminals:      100
Number of snets:          2
Number of nets:           4037

[INFO DRT-0167] List of default vias:
  Layer via
    default via: M1M2_PR
  Layer via2
    default via: M2M3_PR
  Layer via3
    default via: M3M4_PR
  Layer via4
    default via: M4M5_PR
[INFO DRT-0162] Library cell analysis.
[INFO DRT-0163] Instance analysis.
[INFO DRT-0164] Number of unique instances = 190.
[INFO DRT-0168] Init region query.
[INFO DRT-0024]   Complete FR_MASTERSLICE.
[INFO DRT-0024]   Complete licon.
[INFO DRT-0024]   Complete li1.
[INFO DRT-0024]   Complete mcon.
[INFO DRT-0024]   Complete met1.
[INFO DRT-0024]   Complete via.
[INFO DRT-0024]   Complete met2.
[INFO DRT-0024]   Complete via2.
[INFO DRT-0024]   Complete met3.
[INFO DRT-0024]   Complete via3.
[INFO DRT-0024]   Complete met4.
[INFO DRT-0024]   Complete via4.
[INFO DRT-0024]   Complete met5.
[INFO DRT-0033] FR_MASTERSLICE shape region query size = 0.
[INFO DRT-0033] licon shape region query size = 0.
[INFO DRT-0033] li1 shape region query size = 139177.
[INFO DRT-0033] mcon shape region query size = 0.
[INFO DRT-0033] met1 shape region query size = 21491.
[INFO DRT-0033] via shape region query size = 15576.
[INFO DRT-0033] met2 shape region query size = 2644.
[INFO DRT-0033] via2 shape region query size = 12980.
[INFO DRT-0033] met3 shape region query size = 3944.
[INFO DRT-0033] via3 shape region query size = 12980.
[INFO DRT-0033] met4 shape region query size = 1688.
[INFO DRT-0033] via4 shape region query size = 1152.
[INFO DRT-0033] met5 shape region query size = 390.
[INFO DRT-0165] Start pin access.
[INFO DRT-0076]   Complete 1000 pins.
[INFO DRT-0078]   Complete 1494 pins.
[INFO DRT-0079]   Complete 100 unique inst patterns.
[INFO DRT-0081]   Complete 190 unique inst patterns.
[INFO DRT-0084]   Complete 3049 groups.
#scanned instances     = 5737
#unique  instances     = 190
#stdCellGenAp          = 5268
#stdCellValidPlanarAp  = 69
#stdCellValidViaAp     = 4102
#stdCellPinNoAp        = 0
#stdCellPinCnt         = 13260
#instTermValidViaApCnt = 0
#macroGenAp            = 0
#macroValidPlanarAp    = 0
#macroValidViaAp       = 0
#macroNoAp             = 0
[INFO DRT-0166] Complete pin access.
[INFO DRT-0267] cpu time = 00:02:45, elapsed time = 00:00:15, memory = 159.93 (MB), peak = 159.12 (MB)

[INFO DRT-0157] Number of guides:     33381

[INFO DRT-0169] Post process guides.
[INFO DRT-0176] GCELLGRID X 0 DO 47 STEP 6900 ;
[INFO DRT-0177] GCELLGRID Y 0 DO 49 STEP 6900 ;
[INFO DRT-0028]   Complete FR_MASTERSLICE.
[INFO DRT-0028]   Complete licon.
[INFO DRT-0028]   Complete li1.
[INFO DRT-0028]   Complete mcon.
[INFO DRT-0028]   Complete met1.
[INFO DRT-0028]   Complete via.
[INFO DRT-0028]   Complete met2.
[INFO DRT-0028]   Complete via2.
[INFO DRT-0028]   Complete met3.
[INFO DRT-0028]   Complete via3.
[INFO DRT-0028]   Complete met4.
[INFO DRT-0028]   Complete via4.
[INFO DRT-0028]   Complete met5.
[INFO DRT-0178] Init guide query.
[INFO DRT-0035]   Complete FR_MASTERSLICE (guide).
[INFO DRT-0035]   Complete licon (guide).
[INFO DRT-0035]   Complete li1 (guide).
[INFO DRT-0035]   Complete mcon (guide).
[INFO DRT-0035]   Complete met1 (guide).
[INFO DRT-0035]   Complete via (guide).
[INFO DRT-0035]   Complete met2 (guide).
[INFO DRT-0035]   Complete via2 (guide).
[INFO DRT-0035]   Complete met3 (guide).
[INFO DRT-0035]   Complete via3 (guide).
[INFO DRT-0035]   Complete met4 (guide).
[INFO DRT-0035]   Complete via4 (guide).
[INFO DRT-0035]   Complete met5 (guide).
[INFO DRT-0036] FR_MASTERSLICE guide region query size = 0.
[INFO DRT-0036] licon guide region query size = 0.
[INFO DRT-0036] li1 guide region query size = 11245.
[INFO DRT-0036] mcon guide region query size = 0.
[INFO DRT-0036] met1 guide region query size = 10221.
[INFO DRT-0036] via guide region query size = 0.
[INFO DRT-0036] met2 guide region query size = 5100.
[INFO DRT-0036] via2 guide region query size = 0.
[INFO DRT-0036] met3 guide region query size = 371.
[INFO DRT-0036] via3 guide region query size = 0.
[INFO DRT-0036] met4 guide region query size = 129.
[INFO DRT-0036] via4 guide region query size = 0.
[INFO DRT-0036] met5 guide region query size = 11.
[INFO DRT-0179] Init gr pin query.
[INFO DRT-0267] cpu time = 00:00:00, elapsed time = 00:00:00, memory = 170.91 (MB), peak = 169.81 (MB)
[INFO DRT-0245] skipped writing guide updates to database.
[INFO DRT-0185] Post process initialize RPin region query.
[INFO DRT-0181] Start track assignment.
[INFO DRT-0184] Done with 16474 vertical wires in 1 frboxes and 10603 horizontal wires in 1 frboxes.
[INFO DRT-0186] Done with 2133 vertical wires in 1 frboxes and 3435 horizontal wires in 1 frboxes.
[INFO DRT-0182] Complete track assignment.
[INFO DRT-0267] cpu time = 00:00:07, elapsed time = 00:00:01, memory = 253.93 (MB), peak = 252.81 (MB)
[INFO DRT-0187] Start routing data preparation.
[INFO DRT-0267] cpu time = 00:00:00, elapsed time = 00:00:00, memory = 253.93 (MB), peak = 252.81 (MB)
[INFO DRT-0194] Start detail routing.
[INFO DRT-0195] Start 0th optimization iteration.
    Completing 10% with 0 violations.
    elapsed time = 00:00:00, memory = 482.91 (MB).
    Completing 20% with 0 violations.
    elapsed time = 00:00:01, memory = 499.39 (MB).
    Completing 30% with 0 violations.
    elapsed time = 00:00:04, memory = 434.45 (MB).
    Completing 40% with 521 violations.
    elapsed time = 00:00:06, memory = 596.14 (MB).
    Completing 50% with 521 violations.
    elapsed time = 00:00:08, memory = 561.89 (MB).
    Completing 60% with 1084 violations.
    elapsed time = 00:00:10, memory = 611.30 (MB).
    Completing 70% with 1084 violations.
    elapsed time = 00:00:13, memory = 654.88 (MB).
    Completing 80% with 1084 violations.
    elapsed time = 00:00:16, memory = 660.55 (MB).
    Completing 90% with 1629 violations.
    elapsed time = 00:00:20, memory = 736.27 (MB).
    Completing 100% with 2192 violations.
    elapsed time = 00:00:23, memory = 663.58 (MB).
[INFO DRT-0199]   Number of violations = 2616.
Viol/Layer         li1   mcon   met1    via   met2   met3   via3   met4   via4   met5
Cut Spacing          0      2      0      0      0      0      2      0      2      0
Metal Spacing        0      0    335      0    120     11      0     14      0      0
Recheck              5      0    283      0    100     12      0     12      0     12
Short                0      0   1393      5    288      0      4      3      6      7
[INFO DRT-0267] cpu time = 00:02:35, elapsed time = 00:00:23, memory = 982.62 (MB), peak = 981.67 (MB)
Total wire length = 165230 um.
Total wire length on LAYER li1 = 0 um.
Total wire length on LAYER met1 = 79492 um.
Total wire length on LAYER met2 = 69265 um.
Total wire length on LAYER met3 = 11956 um.
Total wire length on LAYER met4 = 4427 um.
Total wire length on LAYER met5 = 89 um.
Total number of vias = 29424.
Up-via summary (total 29424):

------------------------
 FR_MASTERSLICE        0
            li1    13014
           met1    15602
           met2      589
           met3      213
           met4        6
------------------------
               29424


[INFO DRT-0195] Start 1st optimization iteration.
    Completing 10% with 2616 violations.
    elapsed time = 00:00:00, memory = 993.36 (MB).
    Completing 20% with 2616 violations.
    elapsed time = 00:00:02, memory = 1014.88 (MB).
    Completing 30% with 2203 violations.
    elapsed time = 00:00:04, memory = 1050.95 (MB).
    Completing 40% with 2203 violations.
    elapsed time = 00:00:05, memory = 1067.98 (MB).
    Completing 50% with 2203 violations.
    elapsed time = 00:00:07, memory = 1074.89 (MB).
    Completing 60% with 1931 violations.
    elapsed time = 00:00:10, memory = 1103.65 (MB).
    Completing 70% with 1931 violations.
    elapsed time = 00:00:12, memory = 1107.26 (MB).
    Completing 80% with 1525 violations.
    elapsed time = 00:00:14, memory = 1113.41 (MB).
    Completing 90% with 1525 violations.
    elapsed time = 00:00:18, memory = 1130.01 (MB).
    Completing 100% with 1219 violations.
    elapsed time = 00:00:20, memory = 1130.03 (MB).
[INFO DRT-0199]   Number of violations = 1219.
Viol/Layer        met1   met2   met4
Metal Spacing      134     63      4
Short              821    197      0
[INFO DRT-0267] cpu time = 00:02:09, elapsed time = 00:00:20, memory = 1130.41 (MB), peak = 1129.04 (MB)
Total wire length = 164053 um.
Total wire length on LAYER li1 = 0 um.
Total wire length on LAYER met1 = 78815 um.
Total wire length on LAYER met2 = 68816 um.
Total wire length on LAYER met3 = 12009 um.
Total wire length on LAYER met4 = 4325 um.
Total wire length on LAYER met5 = 85 um.
Total number of vias = 29278.
Up-via summary (total 29278):

------------------------
 FR_MASTERSLICE        0
            li1    13014
           met1    15453
           met2      610
           met3      197
           met4        4
------------------------
               29278


[INFO DRT-0195] Start 2nd optimization iteration.
    Completing 10% with 1219 violations.
    elapsed time = 00:00:00, memory = 1130.92 (MB).
    Completing 20% with 1219 violations.
    elapsed time = 00:00:04, memory = 1133.39 (MB).
    Completing 30% with 1160 violations.
    elapsed time = 00:00:05, memory = 1133.39 (MB).
    Completing 40% with 1160 violations.
    elapsed time = 00:00:08, memory = 1133.39 (MB).
    Completing 50% with 1160 violations.
    elapsed time = 00:00:10, memory = 1133.40 (MB).
    Completing 60% with 1082 violations.
    elapsed time = 00:00:10, memory = 1133.40 (MB).
    Completing 70% with 1082 violations.
    elapsed time = 00:00:14, memory = 1139.84 (MB).
    Completing 80% with 1065 violations.
    elapsed time = 00:00:16, memory = 1158.38 (MB).
    Completing 90% with 1065 violations.
    elapsed time = 00:00:17, memory = 1158.38 (MB).
    Completing 100% with 1130 violations.
    elapsed time = 00:00:21, memory = 1159.31 (MB).
[INFO DRT-0199]   Number of violations = 1130.
Viol/Layer        met1   met2   met3   met4
Metal Spacing      126     66      1      3
Short              766    168      0      0
[INFO DRT-0267] cpu time = 00:02:09, elapsed time = 00:00:22, memory = 1162.30 (MB), peak = 1160.92 (MB)
Total wire length = 163872 um.
Total wire length on LAYER li1 = 0 um.
Total wire length on LAYER met1 = 78762 um.
Total wire length on LAYER met2 = 68697 um.
Total wire length on LAYER met3 = 12006 um.
Total wire length on LAYER met4 = 4324 um.
Total wire length on LAYER met5 = 81 um.
Total number of vias = 29297.
Up-via summary (total 29297):

------------------------
 FR_MASTERSLICE        0
            li1    13027
           met1    15469
           met2      606
           met3      191
           met4        4
------------------------
               29297


[INFO DRT-0195] Start 3rd optimization iteration.
    Completing 10% with 1130 violations.
    elapsed time = 00:00:00, memory = 1162.37 (MB).
    Completing 20% with 1130 violations.
    elapsed time = 00:00:00, memory = 1162.37 (MB).
    Completing 30% with 1130 violations.
    elapsed time = 00:00:01, memory = 1162.37 (MB).
    Completing 40% with 947 violations.
    elapsed time = 00:00:04, memory = 1162.37 (MB).
    Completing 50% with 947 violations.
    elapsed time = 00:00:05, memory = 1162.37 (MB).
    Completing 60% with 646 violations.
    elapsed time = 00:00:10, memory = 1171.42 (MB).
    Completing 70% with 646 violations.
    elapsed time = 00:00:11, memory = 1171.42 (MB).
    Completing 80% with 646 violations.
    elapsed time = 00:00:14, memory = 1171.42 (MB).
    Completing 90% with 413 violations.
    elapsed time = 00:00:16, memory = 1199.73 (MB).
    Completing 100% with 57 violations.
    elapsed time = 00:00:20, memory = 1172.85 (MB).
[INFO DRT-0199]   Number of violations = 57.
Viol/Layer        met1    via   met2   met4
Metal Spacing       12      0      5      4
Short               18      1     17      0
[INFO DRT-0267] cpu time = 00:01:21, elapsed time = 00:00:20, memory = 1172.85 (MB), peak = 1198.34 (MB)
Total wire length = 163958 um.
Total wire length on LAYER li1 = 0 um.
Total wire length on LAYER met1 = 75152 um.
Total wire length on LAYER met2 = 68433 um.
Total wire length on LAYER met3 = 15579 um.
Total wire length on LAYER met4 = 4711 um.
Total wire length on LAYER met5 = 81 um.
Total number of vias = 29987.
Up-via summary (total 29987):

------------------------
 FR_MASTERSLICE        0
            li1    13023
           met1    15589
           met2     1134
           met3      237
           met4        4
------------------------
               29987


[INFO DRT-0195] Start 4th guides tiles iteration.
    Completing 10% with 57 violations.
    elapsed time = 00:00:00, memory = 1172.91 (MB).
    Completing 20% with 57 violations.
    elapsed time = 00:00:00, memory = 1172.91 (MB).
    Completing 30% with 57 violations.
    elapsed time = 00:00:00, memory = 1172.91 (MB).
    Completing 40% with 57 violations.
    elapsed time = 00:00:00, memory = 1172.91 (MB).
    Completing 50% with 57 violations.
    elapsed time = 00:00:02, memory = 1172.91 (MB).
    Completing 60% with 3 violations.
    elapsed time = 00:00:02, memory = 1172.91 (MB).
    Completing 70% with 3 violations.
    elapsed time = 00:00:02, memory = 1172.91 (MB).
    Completing 80% with 3 violations.
    elapsed time = 00:00:02, memory = 1172.91 (MB).
    Completing 90% with 3 violations.
    elapsed time = 00:00:02, memory = 1172.91 (MB).
    Completing 100% with 1 violations.
    elapsed time = 00:00:03, memory = 1172.91 (MB).
[INFO DRT-0199]   Number of violations = 1.
Viol/Layer        met1
Short                1
[INFO DRT-0267] cpu time = 00:00:11, elapsed time = 00:00:03, memory = 1172.91 (MB), peak = 1198.34 (MB)
Total wire length = 163931 um.
Total wire length on LAYER li1 = 0 um.
Total wire length on LAYER met1 = 75034 um.
Total wire length on LAYER met2 = 68264 um.
Total wire length on LAYER met3 = 15703 um.
Total wire length on LAYER met4 = 4846 um.
Total wire length on LAYER met5 = 81 um.
Total number of vias = 29983.
Up-via summary (total 29983):

------------------------
 FR_MASTERSLICE        0
            li1    13023
           met1    15572
           met2     1139
           met3      245
           met4        4
------------------------
               29983


[INFO DRT-0195] Start 5th guides tiles iteration.
    Completing 100% with 0 violations.
    elapsed time = 00:00:00, memory = 1172.91 (MB).
[INFO DRT-0199]   Number of violations = 0.
[INFO DRT-0267] cpu time = 00:00:03, elapsed time = 00:00:00, memory = 1172.91 (MB), peak = 1198.34 (MB)
Total wire length = 163930 um.
Total wire length on LAYER li1 = 0 um.
Total wire length on LAYER met1 = 75029 um.
Total wire length on LAYER met2 = 68264 um.
Total wire length on LAYER met3 = 15708 um.
Total wire length on LAYER met4 = 4846 um.
Total wire length on LAYER met5 = 81 um.
Total number of vias = 29985.
Up-via summary (total 29985):

------------------------
 FR_MASTERSLICE        0
            li1    13023
           met1    15572
           met2     1141
           met3      245
           met4        4
------------------------
               29985


[INFO DRT-0198] Complete detail routing.
Total wire length = 163930 um.
Total wire length on LAYER li1 = 0 um.
Total wire length on LAYER met1 = 75029 um.
Total wire length on LAYER met2 = 68264 um.
Total wire length on LAYER met3 = 15708 um.
Total wire length on LAYER met4 = 4846 um.
Total wire length on LAYER met5 = 81 um.
Total number of vias = 29985.
Up-via summary (total 29985):

------------------------
 FR_MASTERSLICE        0
            li1    13023
           met1    15572
           met2     1141
           met3      245
           met4        4
------------------------
               29985


[INFO DRT-0267] cpu time = 00:08:30, elapsed time = 00:01:30, memory = 1173.02 (MB), peak = 1198.34 (MB)

[INFO DRT-0180] Post processing.
+ check_antennas 
[INFO ANT-0002] Found 11 net violations.
[INFO ANT-0001] Found 11 pin violations.
[INFO] Running antenna repair iteration 1…
+ repair_antennas sky130_fd_sc_hd__diode_2 -ratio_margin 10
[INFO GRT-0012] Found 12 antenna violations.
[INFO GRT-0015] Inserted 12 diodes.
+ detailed_route -droute_end_iter 64 -or_seed 42 -verbose 1 -output_drc /home/cl4/Desktop/training/single_cycle/runs/RUN_2026-08-24_11-42-19/44-openroad-detailedrouting/drt-run-1/single_cycle_cpu.drc
[INFO DRT-0024]   Complete FR_MASTERSLICE.
[INFO DRT-0024]   Complete licon.
[INFO DRT-0024]   Complete li1.
[INFO DRT-0024]   Complete mcon.
[INFO DRT-0024]   Complete met1.
[INFO DRT-0024]   Complete via.
[INFO DRT-0024]   Complete met2.
[INFO DRT-0024]   Complete via2.
[INFO DRT-0024]   Complete met3.
[INFO DRT-0024]   Complete via3.
[INFO DRT-0024]   Complete met4.
[INFO DRT-0024]   Complete via4.
[INFO DRT-0024]   Complete met5.
[INFO DRT-0165] Start pin access.
[INFO DRT-0076]   Complete 1000 pins.
[INFO DRT-0078]   Complete 1499 pins.
[INFO DRT-0079]   Complete 100 unique inst patterns.
[INFO DRT-0081]   Complete 191 unique inst patterns.
[INFO DRT-0084]   Complete 3050 groups.
#scanned instances     = 5749
#unique  instances     = 191
#stdCellGenAp          = 5280
#stdCellValidPlanarAp  = 69
#stdCellValidViaAp     = 4114
#stdCellPinNoAp        = 0
#stdCellPinCnt         = 13260
#instTermValidViaApCnt = 0
#macroGenAp            = 0
#macroValidPlanarAp    = 0
#macroValidViaAp       = 0
#macroNoAp             = 0
[INFO DRT-0166] Complete pin access.
[INFO DRT-0267] cpu time = 00:03:03, elapsed time = 00:00:16, memory = 1174.74 (MB), peak = 1198.34 (MB)

[INFO DRT-0157] Number of guides:     33325

[INFO DRT-0169] Post process guides.
[INFO DRT-0176] GCELLGRID X 0 DO 47 STEP 6900 ;
[INFO DRT-0177] GCELLGRID Y 0 DO 49 STEP 6900 ;
[INFO DRT-0028]   Complete FR_MASTERSLICE.
[INFO DRT-0028]   Complete licon.
[INFO DRT-0028]   Complete li1.
[INFO DRT-0028]   Complete mcon.
[INFO DRT-0028]   Complete met1.
[INFO DRT-0028]   Complete via.
[INFO DRT-0028]   Complete met2.
[INFO DRT-0028]   Complete via2.
[INFO DRT-0028]   Complete met3.
[INFO DRT-0028]   Complete via3.
[INFO DRT-0028]   Complete met4.
[INFO DRT-0028]   Complete via4.
[INFO DRT-0028]   Complete met5.
[INFO DRT-0178] Init guide query.
[INFO DRT-0035]   Complete FR_MASTERSLICE (guide).
[INFO DRT-0035]   Complete licon (guide).
[INFO DRT-0035]   Complete li1 (guide).
[INFO DRT-0035]   Complete mcon (guide).
[INFO DRT-0035]   Complete met1 (guide).
[INFO DRT-0035]   Complete via (guide).
[INFO DRT-0035]   Complete met2 (guide).
[INFO DRT-0035]   Complete via2 (guide).
[INFO DRT-0035]   Complete met3 (guide).
[INFO DRT-0035]   Complete via3 (guide).
[INFO DRT-0035]   Complete met4 (guide).
[INFO DRT-0035]   Complete via4 (guide).
[INFO DRT-0035]   Complete met5 (guide).
[INFO DRT-0036] FR_MASTERSLICE guide region query size = 0.
[INFO DRT-0036] licon guide region query size = 0.
[INFO DRT-0036] li1 guide region query size = 11251.
[INFO DRT-0036] mcon guide region query size = 0.
[INFO DRT-0036] met1 guide region query size = 10227.
[INFO DRT-0036] via guide region query size = 0.
[INFO DRT-0036] met2 guide region query size = 5096.
[INFO DRT-0036] via2 guide region query size = 0.
[INFO DRT-0036] met3 guide region query size = 350.
[INFO DRT-0036] via3 guide region query size = 0.
[INFO DRT-0036] met4 guide region query size = 107.
[INFO DRT-0036] via4 guide region query size = 0.
[INFO DRT-0036] met5 guide region query size = 4.
[INFO DRT-0179] Init gr pin query.
[INFO DRT-0267] cpu time = 00:00:00, elapsed time = 00:00:00, memory = 1174.74 (MB), peak = 1198.34 (MB)
[INFO DRT-0245] skipped writing guide updates to database.
[INFO DRT-0185] Post process initialize RPin region query.
[INFO DRT-0181] Start track assignment.
[INFO DRT-0184] Done with 16454 vertical wires in 1 frboxes and 10581 horizontal wires in 1 frboxes.
[INFO DRT-0186] Done with 2114 vertical wires in 1 frboxes and 3454 horizontal wires in 1 frboxes.
[INFO DRT-0182] Complete track assignment.
[INFO DRT-0267] cpu time = 00:00:07, elapsed time = 00:00:01, memory = 1174.74 (MB), peak = 1198.34 (MB)
[INFO DRT-0187] Start routing data preparation.
[INFO DRT-0267] cpu time = 00:00:00, elapsed time = 00:00:00, memory = 1174.74 (MB), peak = 1198.34 (MB)
[INFO DRT-0194] Start detail routing.
[INFO DRT-0195] Start 0th optimization iteration.
    Completing 10% with 0 violations.
    elapsed time = 00:00:00, memory = 1174.74 (MB).
    Completing 20% with 0 violations.
    elapsed time = 00:00:00, memory = 1174.74 (MB).
    Completing 30% with 0 violations.
    elapsed time = 00:00:01, memory = 1174.74 (MB).
    Completing 40% with 59 violations.
    elapsed time = 00:00:01, memory = 1174.74 (MB).
    Completing 50% with 59 violations.
    elapsed time = 00:00:02, memory = 1174.74 (MB).
    Completing 60% with 139 violations.
    elapsed time = 00:00:03, memory = 1175.12 (MB).
    Completing 70% with 139 violations.
    elapsed time = 00:00:03, memory = 1175.12 (MB).
    Completing 80% with 139 violations.
    elapsed time = 00:00:04, memory = 1175.12 (MB).
    Completing 90% with 173 violations.
    elapsed time = 00:00:05, memory = 1183.36 (MB).
    Completing 100% with 233 violations.
    elapsed time = 00:00:05, memory = 1183.36 (MB).
[INFO DRT-0199]   Number of violations = 267.
Viol/Layer        met1   met2   met3
Metal Spacing       12      7      7
Recheck             21     11      2
Short              157     46      4
[INFO DRT-0267] cpu time = 00:00:47, elapsed time = 00:00:06, memory = 1283.68 (MB), peak = 1282.23 (MB)
Total wire length = 164112 um.
Total wire length on LAYER li1 = 0 um.
Total wire length on LAYER met1 = 75527 um.
Total wire length on LAYER met2 = 68614 um.
Total wire length on LAYER met3 = 15277 um.
Total wire length on LAYER met4 = 4611 um.
Total wire length on LAYER met5 = 81 um.
Total number of vias = 30002.
Up-via summary (total 30002):

------------------------
 FR_MASTERSLICE        0
            li1    13045
           met1    15610
           met2     1108
           met3      235
           met4        4
------------------------
               30002


[INFO DRT-0195] Start 1st optimization iteration.
    Completing 10% with 267 violations.
    elapsed time = 00:00:00, memory = 1283.68 (MB).
    Completing 20% with 267 violations.
    elapsed time = 00:00:00, memory = 1283.68 (MB).
    Completing 30% with 231 violations.
    elapsed time = 00:00:01, memory = 1283.68 (MB).
    Completing 40% with 231 violations.
    elapsed time = 00:00:01, memory = 1283.68 (MB).
    Completing 50% with 231 violations.
    elapsed time = 00:00:02, memory = 1283.68 (MB).
    Completing 60% with 178 violations.
    elapsed time = 00:00:03, memory = 1283.82 (MB).
    Completing 70% with 178 violations.
    elapsed time = 00:00:03, memory = 1283.82 (MB).
    Completing 80% with 156 violations.
    elapsed time = 00:00:04, memory = 1289.75 (MB).
    Completing 90% with 156 violations.
    elapsed time = 00:00:04, memory = 1291.93 (MB).
    Completing 100% with 108 violations.
    elapsed time = 00:00:05, memory = 1291.93 (MB).
[INFO DRT-0199]   Number of violations = 108.
Viol/Layer        met1   met2   met3
Metal Spacing        4      6      7
Short               69     21      1
[INFO DRT-0267] cpu time = 00:00:46, elapsed time = 00:00:05, memory = 1188.73 (MB), peak = 1290.61 (MB)
Total wire length = 163990 um.
Total wire length on LAYER li1 = 0 um.
Total wire length on LAYER met1 = 75460 um.
Total wire length on LAYER met2 = 68574 um.
Total wire length on LAYER met3 = 15267 um.
Total wire length on LAYER met4 = 4605 um.
Total wire length on LAYER met5 = 81 um.
Total number of vias = 29990.
Up-via summary (total 29990):

------------------------
 FR_MASTERSLICE        0
            li1    13045
           met1    15596
           met2     1110
           met3      235
           met4        4
------------------------
               29990


[INFO DRT-0195] Start 2nd optimization iteration.
    Completing 10% with 108 violations.
    elapsed time = 00:00:00, memory = 1188.73 (MB).
    Completing 20% with 108 violations.
    elapsed time = 00:00:00, memory = 1188.73 (MB).
    Completing 30% with 105 violations.
    elapsed time = 00:00:01, memory = 1188.73 (MB).
    Completing 40% with 105 violations.
    elapsed time = 00:00:01, memory = 1188.73 (MB).
    Completing 50% with 105 violations.
    elapsed time = 00:00:02, memory = 1188.73 (MB).
    Completing 60% with 107 violations.
    elapsed time = 00:00:02, memory = 1188.73 (MB).
    Completing 70% with 107 violations.
    elapsed time = 00:00:02, memory = 1188.73 (MB).
    Completing 80% with 115 violations.
    elapsed time = 00:00:03, memory = 1188.73 (MB).
    Completing 90% with 115 violations.
    elapsed time = 00:00:03, memory = 1188.73 (MB).
    Completing 100% with 104 violations.
    elapsed time = 00:00:04, memory = 1190.61 (MB).
[INFO DRT-0199]   Number of violations = 104.
Viol/Layer        met1   met2   met3
Metal Spacing        2      8      4
Short               65     16      9
[INFO DRT-0267] cpu time = 00:00:21, elapsed time = 00:00:04, memory = 1293.87 (MB), peak = 1292.61 (MB)
Total wire length = 163968 um.
Total wire length on LAYER li1 = 0 um.
Total wire length on LAYER met1 = 75447 um.
Total wire length on LAYER met2 = 68534 um.
Total wire length on LAYER met3 = 15281 um.
Total wire length on LAYER met4 = 4622 um.
Total wire length on LAYER met5 = 81 um.
Total number of vias = 29969.
Up-via summary (total 29969):

------------------------
 FR_MASTERSLICE        0
            li1    13042
           met1    15574
           met2     1113
           met3      236
           met4        4
------------------------
               29969


[INFO DRT-0195] Start 3rd optimization iteration.
    Completing 10% with 104 violations.
    elapsed time = 00:00:00, memory = 1293.87 (MB).
    Completing 20% with 104 violations.
    elapsed time = 00:00:00, memory = 1293.87 (MB).
    Completing 30% with 104 violations.
    elapsed time = 00:00:00, memory = 1293.87 (MB).
    Completing 40% with 68 violations.
    elapsed time = 00:00:01, memory = 1293.87 (MB).
    Completing 50% with 68 violations.
    elapsed time = 00:00:01, memory = 1293.87 (MB).
    Completing 60% with 60 violations.
    elapsed time = 00:00:03, memory = 1293.87 (MB).
    Completing 70% with 60 violations.
    elapsed time = 00:00:03, memory = 1293.87 (MB).
    Completing 80% with 60 violations.
    elapsed time = 00:00:04, memory = 1293.87 (MB).
    Completing 90% with 44 violations.
    elapsed time = 00:00:04, memory = 1293.87 (MB).
    Completing 100% with 6 violations.
    elapsed time = 00:00:05, memory = 1294.22 (MB).
[INFO DRT-0199]   Number of violations = 6.
Viol/Layer        met1   met2
Metal Spacing        0      1
Short                4      1
[INFO DRT-0267] cpu time = 00:00:19, elapsed time = 00:00:05, memory = 1190.96 (MB), peak = 1293.11 (MB)
Total wire length = 163961 um.
Total wire length on LAYER li1 = 0 um.
Total wire length on LAYER met1 = 75206 um.
Total wire length on LAYER met2 = 68578 um.
Total wire length on LAYER met3 = 15486 um.
Total wire length on LAYER met4 = 4606 um.
Total wire length on LAYER met5 = 81 um.
Total number of vias = 30035.
Up-via summary (total 30035):

------------------------
 FR_MASTERSLICE        0
            li1    13040
           met1    15609
           met2     1147
           met3      235
           met4        4
------------------------
               30035


[INFO DRT-0195] Start 4th guides tiles iteration.
    Completing 30% with 6 violations.
    elapsed time = 00:00:00, memory = 1190.96 (MB).
    Completing 60% with 2 violations.
    elapsed time = 00:00:00, memory = 1190.96 (MB).
    Completing 100% with 0 violations.
    elapsed time = 00:00:00, memory = 1190.96 (MB).
[INFO DRT-0199]   Number of violations = 0.
[INFO DRT-0267] cpu time = 00:00:05, elapsed time = 00:00:00, memory = 1294.26 (MB), peak = 1293.11 (MB)
Total wire length = 163955 um.
Total wire length on LAYER li1 = 0 um.
Total wire length on LAYER met1 = 75038 um.
Total wire length on LAYER met2 = 68572 um.
Total wire length on LAYER met3 = 15656 um.
Total wire length on LAYER met4 = 4606 um.
Total wire length on LAYER met5 = 81 um.
Total number of vias = 30036.
Up-via summary (total 30036):

------------------------
 FR_MASTERSLICE        0
            li1    13040
           met1    15604
           met2     1153
           met3      235
           met4        4
------------------------
               30036


[INFO DRT-0198] Complete detail routing.
Total wire length = 163955 um.
Total wire length on LAYER li1 = 0 um.
Total wire length on LAYER met1 = 75038 um.
Total wire length on LAYER met2 = 68572 um.
Total wire length on LAYER met3 = 15656 um.
Total wire length on LAYER met4 = 4606 um.
Total wire length on LAYER met5 = 81 um.
Total number of vias = 30036.
Up-via summary (total 30036):

------------------------
 FR_MASTERSLICE        0
            li1    13040
           met1    15604
           met2     1153
           met3      235
           met4        4
------------------------
               30036


[INFO DRT-0267] cpu time = 00:02:21, elapsed time = 00:00:22, memory = 1294.32 (MB), peak = 1293.18 (MB)

[INFO DRT-0180] Post processing.
+ check_antennas 
[INFO ANT-0002] Found 1 net violations.
[INFO ANT-0001] Found 2 pin violations.
[INFO] Running antenna repair iteration 2…
+ repair_antennas sky130_fd_sc_hd__diode_2 -ratio_margin 10
[INFO GRT-0012] Found 2 antenna violations.
[INFO GRT-0015] Inserted 3 diodes.
+ detailed_route -droute_end_iter 64 -or_seed 42 -verbose 1 -output_drc /home/cl4/Desktop/training/single_cycle/runs/RUN_2026-08-24_11-42-19/44-openroad-detailedrouting/drt-run-2/single_cycle_cpu.drc
[INFO DRT-0024]   Complete FR_MASTERSLICE.
[INFO DRT-0024]   Complete licon.
[INFO DRT-0024]   Complete li1.
[INFO DRT-0024]   Complete mcon.
[INFO DRT-0024]   Complete met1.
[INFO DRT-0024]   Complete via.
[INFO DRT-0024]   Complete met2.
[INFO DRT-0024]   Complete via2.
[INFO DRT-0024]   Complete met3.
[INFO DRT-0024]   Complete via3.
[INFO DRT-0024]   Complete met4.
[INFO DRT-0024]   Complete via4.
[INFO DRT-0024]   Complete met5.
[INFO DRT-0165] Start pin access.
[INFO DRT-0076]   Complete 1000 pins.
[INFO DRT-0078]   Complete 1499 pins.
[INFO DRT-0079]   Complete 100 unique inst patterns.
[INFO DRT-0081]   Complete 191 unique inst patterns.
[INFO DRT-0084]   Complete 3050 groups.
#scanned instances     = 5752
#unique  instances     = 191
#stdCellGenAp          = 5280
#stdCellValidPlanarAp  = 69
#stdCellValidViaAp     = 4114
#stdCellPinNoAp        = 0
#stdCellPinCnt         = 13260
#instTermValidViaApCnt = 0
#macroGenAp            = 0
#macroValidPlanarAp    = 0
#macroValidViaAp       = 0
#macroNoAp             = 0
[INFO DRT-0166] Complete pin access.
[INFO DRT-0267] cpu time = 00:03:10, elapsed time = 00:00:17, memory = 1294.32 (MB), peak = 1293.18 (MB)

[INFO DRT-0157] Number of guides:     33321

[INFO DRT-0169] Post process guides.
[INFO DRT-0176] GCELLGRID X 0 DO 47 STEP 6900 ;
[INFO DRT-0177] GCELLGRID Y 0 DO 49 STEP 6900 ;
[INFO DRT-0028]   Complete FR_MASTERSLICE.
[INFO DRT-0028]   Complete licon.
[INFO DRT-0028]   Complete li1.
[INFO DRT-0028]   Complete mcon.
[INFO DRT-0028]   Complete met1.
[INFO DRT-0028]   Complete via.
[INFO DRT-0028]   Complete met2.
[INFO DRT-0028]   Complete via2.
[INFO DRT-0028]   Complete met3.
[INFO DRT-0028]   Complete via3.
[INFO DRT-0028]   Complete met4.
[INFO DRT-0028]   Complete via4.
[INFO DRT-0028]   Complete met5.
[INFO DRT-0178] Init guide query.
[INFO DRT-0035]   Complete FR_MASTERSLICE (guide).
[INFO DRT-0035]   Complete licon (guide).
[INFO DRT-0035]   Complete li1 (guide).
[INFO DRT-0035]   Complete mcon (guide).
[INFO DRT-0035]   Complete met1 (guide).
[INFO DRT-0035]   Complete via (guide).
[INFO DRT-0035]   Complete met2 (guide).
[INFO DRT-0035]   Complete via2 (guide).
[INFO DRT-0035]   Complete met3 (guide).
[INFO DRT-0035]   Complete via3 (guide).
[INFO DRT-0035]   Complete met4 (guide).
[INFO DRT-0035]   Complete via4 (guide).
[INFO DRT-0035]   Complete met5 (guide).
[INFO DRT-0036] FR_MASTERSLICE guide region query size = 0.
[INFO DRT-0036] licon guide region query size = 0.
[INFO DRT-0036] li1 guide region query size = 11252.
[INFO DRT-0036] mcon guide region query size = 0.
[INFO DRT-0036] met1 guide region query size = 10225.
[INFO DRT-0036] via guide region query size = 0.
[INFO DRT-0036] met2 guide region query size = 5094.
[INFO DRT-0036] via2 guide region query size = 0.
[INFO DRT-0036] met3 guide region query size = 350.
[INFO DRT-0036] via3 guide region query size = 0.
[INFO DRT-0036] met4 guide region query size = 107.
[INFO DRT-0036] via4 guide region query size = 0.
[INFO DRT-0036] met5 guide region query size = 4.
[INFO DRT-0179] Init gr pin query.
[INFO DRT-0267] cpu time = 00:00:00, elapsed time = 00:00:00, memory = 1294.32 (MB), peak = 1293.18 (MB)
[INFO DRT-0245] skipped writing guide updates to database.
[INFO DRT-0185] Post process initialize RPin region query.
[INFO DRT-0181] Start track assignment.
[INFO DRT-0184] Done with 16453 vertical wires in 1 frboxes and 10579 horizontal wires in 1 frboxes.
[INFO DRT-0186] Done with 2088 vertical wires in 1 frboxes and 3400 horizontal wires in 1 frboxes.
[INFO DRT-0182] Complete track assignment.
[INFO DRT-0267] cpu time = 00:00:07, elapsed time = 00:00:01, memory = 1294.32 (MB), peak = 1293.18 (MB)
[INFO DRT-0187] Start routing data preparation.
[INFO DRT-0267] cpu time = 00:00:00, elapsed time = 00:00:00, memory = 1294.32 (MB), peak = 1293.18 (MB)
[INFO DRT-0194] Start detail routing.
[INFO DRT-0195] Start 0th optimization iteration.
    Completing 10% with 0 violations.
    elapsed time = 00:00:00, memory = 1294.32 (MB).
    Completing 20% with 0 violations.
    elapsed time = 00:00:00, memory = 1294.32 (MB).
    Completing 30% with 0 violations.
    elapsed time = 00:00:00, memory = 1294.32 (MB).
    Completing 40% with 10 violations.
    elapsed time = 00:00:01, memory = 1294.32 (MB).
    Completing 50% with 10 violations.
    elapsed time = 00:00:02, memory = 1294.32 (MB).
    Completing 60% with 18 violations.
    elapsed time = 00:00:02, memory = 1294.32 (MB).
    Completing 70% with 18 violations.
    elapsed time = 00:00:03, memory = 1294.32 (MB).
    Completing 80% with 18 violations.
    elapsed time = 00:00:03, memory = 1294.32 (MB).
    Completing 90% with 50 violations.
    elapsed time = 00:00:04, memory = 1300.21 (MB).
    Completing 100% with 63 violations.
    elapsed time = 00:00:04, memory = 1300.21 (MB).
[INFO DRT-0199]   Number of violations = 70.
Viol/Layer        met1   met2   met3   met4
Metal Spacing        4      2      2      1
Recheck              3      3      0      1
Short               16     25     13      0
[INFO DRT-0267] cpu time = 00:00:42, elapsed time = 00:00:04, memory = 1300.21 (MB), peak = 1299.05 (MB)
Total wire length = 163981 um.
Total wire length on LAYER li1 = 0 um.
Total wire length on LAYER met1 = 74842 um.
Total wire length on LAYER met2 = 68576 um.
Total wire length on LAYER met3 = 15872 um.
Total wire length on LAYER met4 = 4608 um.
Total wire length on LAYER met5 = 81 um.
Total number of vias = 30022.
Up-via summary (total 30022):

------------------------
 FR_MASTERSLICE        0
            li1    13043
           met1    15592
           met2     1148
           met3      235
           met4        4
------------------------
               30022


[INFO DRT-0195] Start 1st optimization iteration.
    Completing 10% with 70 violations.
    elapsed time = 00:00:00, memory = 1300.21 (MB).
    Completing 20% with 70 violations.
    elapsed time = 00:00:00, memory = 1300.21 (MB).
    Completing 30% with 65 violations.
    elapsed time = 00:00:01, memory = 1305.09 (MB).
    Completing 40% with 65 violations.
    elapsed time = 00:00:01, memory = 1305.09 (MB).
    Completing 50% with 65 violations.
    elapsed time = 00:00:01, memory = 1305.09 (MB).
    Completing 60% with 58 violations.
    elapsed time = 00:00:02, memory = 1305.13 (MB).
    Completing 70% with 58 violations.
    elapsed time = 00:00:03, memory = 1305.13 (MB).
    Completing 80% with 32 violations.
    elapsed time = 00:00:03, memory = 1307.83 (MB).
    Completing 90% with 32 violations.
    elapsed time = 00:00:04, memory = 1307.83 (MB).
    Completing 100% with 20 violations.
    elapsed time = 00:00:04, memory = 1307.83 (MB).
[INFO DRT-0199]   Number of violations = 20.
Viol/Layer        met1   met2   met3
Metal Spacing        0      0      3
Short                2      9      6
[INFO DRT-0267] cpu time = 00:00:43, elapsed time = 00:00:04, memory = 1307.83 (MB), peak = 1306.68 (MB)
Total wire length = 163970 um.
Total wire length on LAYER li1 = 0 um.
Total wire length on LAYER met1 = 74829 um.
Total wire length on LAYER met2 = 68584 um.
Total wire length on LAYER met3 = 15863 um.
Total wire length on LAYER met4 = 4611 um.
Total wire length on LAYER met5 = 81 um.
Total number of vias = 30026.
Up-via summary (total 30026):

------------------------
 FR_MASTERSLICE        0
            li1    13044
           met1    15596
           met2     1147
           met3      235
           met4        4
------------------------
               30026


[INFO DRT-0195] Start 2nd optimization iteration.
    Completing 10% with 20 violations.
    elapsed time = 00:00:00, memory = 1307.83 (MB).
    Completing 20% with 20 violations.
    elapsed time = 00:00:00, memory = 1307.83 (MB).
    Completing 30% with 16 violations.
    elapsed time = 00:00:00, memory = 1307.83 (MB).
    Completing 40% with 16 violations.
    elapsed time = 00:00:00, memory = 1307.83 (MB).
    Completing 50% with 16 violations.
    elapsed time = 00:00:01, memory = 1307.83 (MB).
    Completing 60% with 14 violations.
    elapsed time = 00:00:01, memory = 1307.83 (MB).
    Completing 70% with 14 violations.
    elapsed time = 00:00:01, memory = 1307.83 (MB).
    Completing 80% with 18 violations.
    elapsed time = 00:00:02, memory = 1307.83 (MB).
    Completing 90% with 18 violations.
    elapsed time = 00:00:02, memory = 1307.83 (MB).
    Completing 100% with 18 violations.
    elapsed time = 00:00:02, memory = 1307.83 (MB).
[INFO DRT-0199]   Number of violations = 18.
Viol/Layer        met2   met3
Metal Spacing        0      5
Short                6      7
[INFO DRT-0267] cpu time = 00:00:12, elapsed time = 00:00:02, memory = 1307.83 (MB), peak = 1306.68 (MB)
Total wire length = 163970 um.
Total wire length on LAYER li1 = 0 um.
Total wire length on LAYER met1 = 74829 um.
Total wire length on LAYER met2 = 68584 um.
Total wire length on LAYER met3 = 15867 um.
Total wire length on LAYER met4 = 4607 um.
Total wire length on LAYER met5 = 81 um.
Total number of vias = 30026.
Up-via summary (total 30026):

------------------------
 FR_MASTERSLICE        0
            li1    13045
           met1    15595
           met2     1147
           met3      235
           met4        4
------------------------
               30026


[INFO DRT-0195] Start 3rd guides tiles iteration.
    Completing 30% with 18 violations.
    elapsed time = 00:00:00, memory = 1307.83 (MB).
    Completing 60% with 12 violations.
    elapsed time = 00:00:00, memory = 1307.83 (MB).
    Completing 100% with 0 violations.
    elapsed time = 00:00:01, memory = 1307.83 (MB).
[INFO DRT-0199]   Number of violations = 0.
[INFO DRT-0267] cpu time = 00:00:06, elapsed time = 00:00:01, memory = 1307.83 (MB), peak = 1350.80 (MB)
Total wire length = 163927 um.
Total wire length on LAYER li1 = 0 um.
Total wire length on LAYER met1 = 74915 um.
Total wire length on LAYER met2 = 68365 um.
Total wire length on LAYER met3 = 15747 um.
Total wire length on LAYER met4 = 4817 um.
Total wire length on LAYER met5 = 81 um.
Total number of vias = 30038.
Up-via summary (total 30038):

------------------------
 FR_MASTERSLICE        0
            li1    13044
           met1    15593
           met2     1155
           met3      242
           met4        4
------------------------
               30038


[INFO DRT-0198] Complete detail routing.
Total wire length = 163927 um.
Total wire length on LAYER li1 = 0 um.
Total wire length on LAYER met1 = 74915 um.
Total wire length on LAYER met2 = 68365 um.
Total wire length on LAYER met3 = 15747 um.
Total wire length on LAYER met4 = 4817 um.
Total wire length on LAYER met5 = 81 um.
Total number of vias = 30038.
Up-via summary (total 30038):

------------------------
 FR_MASTERSLICE        0
            li1    13044
           met1    15593
           met2     1155
           met3      242
           met4        4
------------------------
               30038


[INFO DRT-0267] cpu time = 00:01:45, elapsed time = 00:00:14, memory = 1307.83 (MB), peak = 1350.80 (MB)

[INFO DRT-0180] Post processing.
+ check_antennas 
[INFO ANT-0002] Found 1 net violations.
[INFO ANT-0001] Found 2 pin violations.
[INFO] Running antenna repair iteration 3…
+ repair_antennas sky130_fd_sc_hd__diode_2 -ratio_margin 10
[INFO GRT-0012] Found 1 antenna violations.
[INFO GRT-0015] Inserted 2 diodes.
+ detailed_route -droute_end_iter 64 -or_seed 42 -verbose 1 -output_drc /home/cl4/Desktop/training/single_cycle/runs/RUN_2026-08-24_11-42-19/44-openroad-detailedrouting/drt-run-3/single_cycle_cpu.drc
[INFO DRT-0024]   Complete FR_MASTERSLICE.
[INFO DRT-0024]   Complete licon.
[INFO DRT-0024]   Complete li1.
[INFO DRT-0024]   Complete mcon.
[INFO DRT-0024]   Complete met1.
[INFO DRT-0024]   Complete via.
[INFO DRT-0024]   Complete met2.
[INFO DRT-0024]   Complete via2.
[INFO DRT-0024]   Complete met3.
[INFO DRT-0024]   Complete via3.
[INFO DRT-0024]   Complete met4.
[INFO DRT-0024]   Complete via4.
[INFO DRT-0024]   Complete met5.
[INFO DRT-0165] Start pin access.
[INFO DRT-0076]   Complete 1000 pins.
[INFO DRT-0078]   Complete 1499 pins.
[INFO DRT-0079]   Complete 100 unique inst patterns.
[INFO DRT-0081]   Complete 191 unique inst patterns.
[INFO DRT-0084]   Complete 3051 groups.
#scanned instances     = 5754
#unique  instances     = 191
#stdCellGenAp          = 5280
#stdCellValidPlanarAp  = 69
#stdCellValidViaAp     = 4114
#stdCellPinNoAp        = 0
#stdCellPinCnt         = 13260
#instTermValidViaApCnt = 0
#macroGenAp            = 0
#macroValidPlanarAp    = 0
#macroValidViaAp       = 0
#macroNoAp             = 0
[INFO DRT-0166] Complete pin access.
[INFO DRT-0267] cpu time = 00:03:12, elapsed time = 00:00:17, memory = 1227.42 (MB), peak = 1350.80 (MB)

[INFO DRT-0157] Number of guides:     33321

[INFO DRT-0169] Post process guides.
[INFO DRT-0176] GCELLGRID X 0 DO 47 STEP 6900 ;
[INFO DRT-0177] GCELLGRID Y 0 DO 49 STEP 6900 ;
[INFO DRT-0028]   Complete FR_MASTERSLICE.
[INFO DRT-0028]   Complete licon.
[INFO DRT-0028]   Complete li1.
[INFO DRT-0028]   Complete mcon.
[INFO DRT-0028]   Complete met1.
[INFO DRT-0028]   Complete via.
[INFO DRT-0028]   Complete met2.
[INFO DRT-0028]   Complete via2.
[INFO DRT-0028]   Complete met3.
[INFO DRT-0028]   Complete via3.
[INFO DRT-0028]   Complete met4.
[INFO DRT-0028]   Complete via4.
[INFO DRT-0028]   Complete met5.
[INFO DRT-0178] Init guide query.
[INFO DRT-0035]   Complete FR_MASTERSLICE (guide).
[INFO DRT-0035]   Complete licon (guide).
[INFO DRT-0035]   Complete li1 (guide).
[INFO DRT-0035]   Complete mcon (guide).
[INFO DRT-0035]   Complete met1 (guide).
[INFO DRT-0035]   Complete via (guide).
[INFO DRT-0035]   Complete met2 (guide).
[INFO DRT-0035]   Complete via2 (guide).
[INFO DRT-0035]   Complete met3 (guide).
[INFO DRT-0035]   Complete via3 (guide).
[INFO DRT-0035]   Complete met4 (guide).
[INFO DRT-0035]   Complete via4 (guide).
[INFO DRT-0035]   Complete met5 (guide).
[INFO DRT-0036] FR_MASTERSLICE guide region query size = 0.
[INFO DRT-0036] licon guide region query size = 0.
[INFO DRT-0036] li1 guide region query size = 11252.
[INFO DRT-0036] mcon guide region query size = 0.
[INFO DRT-0036] met1 guide region query size = 10225.
[INFO DRT-0036] via guide region query size = 0.
[INFO DRT-0036] met2 guide region query size = 5094.
[INFO DRT-0036] via2 guide region query size = 0.
[INFO DRT-0036] met3 guide region query size = 350.
[INFO DRT-0036] via3 guide region query size = 0.
[INFO DRT-0036] met4 guide region query size = 107.
[INFO DRT-0036] via4 guide region query size = 0.
[INFO DRT-0036] met5 guide region query size = 4.
[INFO DRT-0179] Init gr pin query.
[INFO DRT-0267] cpu time = 00:00:00, elapsed time = 00:00:00, memory = 1227.42 (MB), peak = 1350.80 (MB)
[INFO DRT-0245] skipped writing guide updates to database.
[INFO DRT-0185] Post process initialize RPin region query.
[INFO DRT-0181] Start track assignment.
[INFO DRT-0184] Done with 16453 vertical wires in 1 frboxes and 10579 horizontal wires in 1 frboxes.
[INFO DRT-0186] Done with 2098 vertical wires in 1 frboxes and 3403 horizontal wires in 1 frboxes.
[INFO DRT-0182] Complete track assignment.
[INFO DRT-0267] cpu time = 00:00:07, elapsed time = 00:00:01, memory = 1227.42 (MB), peak = 1350.80 (MB)
[INFO DRT-0187] Start routing data preparation.
[INFO DRT-0267] cpu time = 00:00:00, elapsed time = 00:00:00, memory = 1227.42 (MB), peak = 1350.80 (MB)
[INFO DRT-0194] Start detail routing.
[INFO DRT-0195] Start 0th optimization iteration.
    Completing 10% with 0 violations.
    elapsed time = 00:00:00, memory = 1227.42 (MB).
    Completing 20% with 0 violations.
    elapsed time = 00:00:00, memory = 1227.42 (MB).
    Completing 30% with 0 violations.
    elapsed time = 00:00:00, memory = 1227.42 (MB).
    Completing 40% with 0 violations.
    elapsed time = 00:00:01, memory = 1227.42 (MB).
    Completing 50% with 0 violations.
    elapsed time = 00:00:01, memory = 1227.42 (MB).
    Completing 60% with 0 violations.
    elapsed time = 00:00:02, memory = 1227.42 (MB).
    Completing 70% with 0 violations.
    elapsed time = 00:00:02, memory = 1227.42 (MB).
    Completing 80% with 0 violations.
    elapsed time = 00:00:03, memory = 1227.42 (MB).
    Completing 90% with 1 violations.
    elapsed time = 00:00:04, memory = 1227.42 (MB).
    Completing 100% with 1 violations.
    elapsed time = 00:00:04, memory = 1227.42 (MB).
[INFO DRT-0199]   Number of violations = 2.
Viol/Layer        met4
Metal Spacing        1
Recheck              1
[INFO DRT-0267] cpu time = 00:00:41, elapsed time = 00:00:04, memory = 1307.34 (MB), peak = 1350.80 (MB)
Total wire length = 163935 um.
Total wire length on LAYER li1 = 0 um.
Total wire length on LAYER met1 = 74883 um.
Total wire length on LAYER met2 = 68365 um.
Total wire length on LAYER met3 = 15790 um.
Total wire length on LAYER met4 = 4815 um.
Total wire length on LAYER met5 = 81 um.
Total number of vias = 30039.
Up-via summary (total 30039):

------------------------
 FR_MASTERSLICE        0
            li1    13047
           met1    15592
           met2     1154
           met3      242
           met4        4
------------------------
               30039


[INFO DRT-0195] Start 1st optimization iteration.
    Completing 10% with 2 violations.
    elapsed time = 00:00:00, memory = 1307.34 (MB).
    Completing 20% with 2 violations.
    elapsed time = 00:00:00, memory = 1307.34 (MB).
    Completing 30% with 2 violations.
    elapsed time = 00:00:01, memory = 1307.34 (MB).
    Completing 40% with 2 violations.
    elapsed time = 00:00:01, memory = 1307.34 (MB).
    Completing 50% with 2 violations.
    elapsed time = 00:00:01, memory = 1307.34 (MB).
    Completing 60% with 2 violations.
    elapsed time = 00:00:02, memory = 1314.06 (MB).
    Completing 70% with 2 violations.
    elapsed time = 00:00:03, memory = 1314.06 (MB).
    Completing 80% with 2 violations.
    elapsed time = 00:00:03, memory = 1314.06 (MB).
    Completing 90% with 2 violations.
    elapsed time = 00:00:04, memory = 1314.13 (MB).
    Completing 100% with 0 violations.
    elapsed time = 00:00:04, memory = 1314.13 (MB).
[INFO DRT-0199]   Number of violations = 0.
[INFO DRT-0267] cpu time = 00:00:42, elapsed time = 00:00:04, memory = 1314.26 (MB), peak = 1350.80 (MB)
Total wire length = 163931 um.
Total wire length on LAYER li1 = 0 um.
Total wire length on LAYER met1 = 74884 um.
Total wire length on LAYER met2 = 68364 um.
Total wire length on LAYER met3 = 15785 um.
Total wire length on LAYER met4 = 4815 um.
Total wire length on LAYER met5 = 81 um.
Total number of vias = 30037.
Up-via summary (total 30037):

------------------------
 FR_MASTERSLICE        0
            li1    13047
           met1    15591
           met2     1153
           met3      242
           met4        4
------------------------
               30037


[INFO DRT-0198] Complete detail routing.
Total wire length = 163931 um.
Total wire length on LAYER li1 = 0 um.
Total wire length on LAYER met1 = 74884 um.
Total wire length on LAYER met2 = 68364 um.
Total wire length on LAYER met3 = 15785 um.
Total wire length on LAYER met4 = 4815 um.
Total wire length on LAYER met5 = 81 um.
Total number of vias = 30037.
Up-via summary (total 30037):

------------------------
 FR_MASTERSLICE        0
            li1    13047
           met1    15591
           met2     1153
           met3      242
           met4        4
------------------------
               30037


[INFO DRT-0267] cpu time = 00:01:24, elapsed time = 00:00:09, memory = 1314.26 (MB), peak = 1350.80 (MB)

[INFO DRT-0180] Post processing.
Setting global connections for newly added cells…
[INFO] Setting global connections...
[INFO ODB-0403] 68 connections made, 0 conflicts skipped.
Updating metrics…
Cell type report:                       Count       Area
  Fill cell                               234     878.34
  Tap cell                               1428    1786.71
  Antenna cell                             20      50.05
  Buffer                                    3      12.51
  Clock buffer                             77    1632.82
  Timing Repair Buffer                   1012    8793.43
  Inverter                                479    1810.49
  Clock inverter                           14     220.21
  Sequential cell                         720   17456.74
  Multi-Input combinational cell         1767   17107.66
  Total                                  5754   49748.96
Writing OpenROAD database to '/home/cl4/Desktop/training/single_cycle/runs/RUN_2026-08-24_11-42-19/44-openroad-detailedrouting/single_cycle_cpu.odb'…
Writing netlist to '/home/cl4/Desktop/training/single_cycle/runs/RUN_2026-08-24_11-42-19/44-openroad-detailedrouting/single_cycle_cpu.nl.v'…
Writing powered netlist to '/home/cl4/Desktop/training/single_cycle/runs/RUN_2026-08-24_11-42-19/44-openroad-detailedrouting/single_cycle_cpu.pnl.v'…
Writing layout to '/home/cl4/Desktop/training/single_cycle/runs/RUN_2026-08-24_11-42-19/44-openroad-detailedrouting/single_cycle_cpu.def'…
Writing timing constraints to '/home/cl4/Desktop/training/single_cycle/runs/RUN_2026-08-24_11-42-19/44-openroad-detailedrouting/single_cycle_cpu.sdc'…
