Clock: clk
Sources: clk 
Generated: no
Virtual: yes
Propagated: no
Period: 25.000000

===========================================================================
report_clock_properties
============================================================================
Clock                   Period          Waveform
----------------------------------------------------
clk                  25.000000    0.000000 12.500000

===========================================================================
report_clock_latency
============================================================================
Clock clk
rise -> rise
    min     max
0.000000 0.000000 source latency
0.667170         network latency _6740_/CLK
        0.685015 network latency _7127_/CLK
---------------
0.667170 0.685015 latency
        0.017845 skew

fall -> fall
    min     max
0.000000 0.000000 source latency
0.599189         network latency _6740_/CLK
        0.613389 network latency _7127_/CLK
---------------
0.599189 0.613389 latency
        0.014200 skew



===========================================================================
report_clock_min_period
============================================================================
clk period_min = 8.19 fmax = 122.09
