Clock: clk
Sources: clk 
Generated: no
Virtual: yes
Propagated: no
Period: 25.000000

===========================================================================
report_clock_properties
============================================================================
Clock                   Period          Waveform
----------------------------------------------------
clk                  25.000000    0.000000 12.500000

===========================================================================
report_clock_latency
============================================================================
Clock clk
rise -> rise
    min     max
0.000000 0.000000 source latency
1.440649         network latency _7289_/CLK
        1.485516 network latency _7337_/CLK
---------------
1.440649 1.485516 latency
        0.044867 skew

fall -> fall
    min     max
0.000000 0.000000 source latency
1.265495         network latency _7289_/CLK
        1.299147 network latency _6996_/CLK
---------------
1.265495 1.299147 latency
        0.033651 skew



===========================================================================
report_clock_min_period
============================================================================
clk period_min = 18.51 fmax = 54.04
