
===========================================================================
 report_power
============================================================================
======================= max_ss_100C_1v60 Corner ===================================

Group                    Internal    Switching      Leakage        Total
                            Power        Power        Power        Power (Watts)
------------------------------------------------------------------------
Sequential           8.872650e-04 0.000000e+00 1.241405e-05 8.996790e-04  53.2%
Combinational        8.505868e-06 2.709394e-05 1.780166e-05 5.340147e-05   3.2%
Clock                3.784524e-04 3.586515e-04 1.369871e-06 7.384737e-04  43.7%
Macro                0.000000e+00 0.000000e+00 0.000000e+00 0.000000e+00   0.0%
Pad                  0.000000e+00 0.000000e+00 0.000000e+00 0.000000e+00   0.0%
------------------------------------------------------------------------
Total                1.274223e-03 3.857454e-04 3.158480e-05 1.691553e-03 100.0%
                            75.3%        22.8%         1.9%

