
===========================================================================
report_checks -unconstrained
===========================================================================
======================= max_tt_025C_1v80 Corner ===================================

Startpoint: reset (input port clocked by clk)
Endpoint: _7207_ (recovery check against rising-edge clock clk)
Path Group: asynchronous
Path Type: max

Fanout         Cap        Slew       Delay        Time   Description
---------------------------------------------------------------------------------------------
                                  0.000000    0.000000   clock clk (rise edge)
                                  0.000000    0.000000   clock network delay (propagated)
                                  5.000000    5.000000 v input external delay
     2    0.015195    0.035610    0.025054    5.025054 v reset (in)
                                                         reset (net)
                      0.035666    0.000000    5.025054 v fanout74/A (sky130_fd_sc_hd__buf_1)
     3    0.030459    0.178798    0.199483    5.224537 v fanout74/X (sky130_fd_sc_hd__buf_1)
                                                         net74 (net)
                      0.178942    0.004260    5.228797 v max_cap575/A (sky130_fd_sc_hd__buf_2)
     3    0.052690    0.127753    0.265965    5.494762 v max_cap575/X (sky130_fd_sc_hd__buf_2)
                                                         net575 (net)
                      0.128863    0.009302    5.504065 v fanout73/A (sky130_fd_sc_hd__clkdlybuf4s25_1)
     5    0.020003    0.155581    0.374153    5.878217 v fanout73/X (sky130_fd_sc_hd__clkdlybuf4s25_1)
                                                         net73 (net)
                      0.155589    0.001228    5.879445 v fanout69/A (sky130_fd_sc_hd__buf_1)
     2    0.014036    0.087391    0.182574    6.062019 v fanout69/X (sky130_fd_sc_hd__buf_1)
                                                         net69 (net)
                      0.087403    0.001024    6.063043 v fanout68/A (sky130_fd_sc_hd__clkdlybuf4s25_1)
     6    0.028120    0.211620    0.399866    6.462909 v fanout68/X (sky130_fd_sc_hd__clkdlybuf4s25_1)
                                                         net68 (net)
                      0.211631    0.001661    6.464571 v fanout66/A (sky130_fd_sc_hd__buf_2)
     8    0.075679    0.177321    0.317276    6.781846 v fanout66/X (sky130_fd_sc_hd__buf_2)
                                                         net66 (net)
                      0.178053    0.008963    6.790810 v fanout65/A (sky130_fd_sc_hd__buf_2)
    10    0.080213    0.186555    0.310892    7.101701 v fanout65/X (sky130_fd_sc_hd__buf_2)
                                                         net65 (net)
                      0.186621    0.003373    7.105074 v _6487_/A (sky130_fd_sc_hd__inv_2)
     1    0.004277    0.055097    0.090185    7.195260 ^ _6487_/Y (sky130_fd_sc_hd__inv_2)
                                                         _0228_ (net)
                      0.055098    0.000223    7.195483 ^ _7207_/RESET_B (sky130_fd_sc_hd__dfrtp_2)
                                              7.195483   data arrival time

                                 25.000000   25.000000   clock clk (rise edge)
                                  0.000000   25.000000   clock source latency
     1    0.054490    0.249246    0.175158   25.175158 ^ clk (in)
                                                         clk (net)
                      0.249375    0.000000   25.175158 ^ clkbuf_0_clk/A (sky130_fd_sc_hd__clkbuf_16)
     8    0.153102    0.167150    0.282379   25.457535 ^ clkbuf_0_clk/X (sky130_fd_sc_hd__clkbuf_16)
                                                         clknet_0_clk (net)
                      0.169931    0.017129   25.474665 ^ clkbuf_3_5__f_clk/A (sky130_fd_sc_hd__clkbuf_16)
     6    0.086327    0.103904    0.216929   25.691593 ^ clkbuf_3_5__f_clk/X (sky130_fd_sc_hd__clkbuf_16)
                                                         clknet_3_5__leaf_clk (net)
                      0.104427    0.005896   25.697489 ^ clkbuf_leaf_13_clk/A (sky130_fd_sc_hd__clkbuf_16)
    18    0.056026    0.074580    0.174042   25.871531 ^ clkbuf_leaf_13_clk/X (sky130_fd_sc_hd__clkbuf_16)
                                                         clknet_leaf_13_clk (net)
                      0.074834    0.003007   25.874538 ^ _7207_/CLK (sky130_fd_sc_hd__dfrtp_2)
                                 -0.100000   25.774538   clock uncertainty
                                  0.000000   25.774538   clock reconvergence pessimism
                                  0.225343   25.999882   library recovery time
                                             25.999882   data required time
---------------------------------------------------------------------------------------------
                                             25.999882   data required time
                                             -7.195483   data arrival time
---------------------------------------------------------------------------------------------
                                             18.804399   slack (MET)


Startpoint: _6980_ (rising edge-triggered flip-flop clocked by clk)
Endpoint: alu_result_out[0] (output port clocked by clk)
Path Group: clk
Path Type: max

Fanout         Cap        Slew       Delay        Time   Description
---------------------------------------------------------------------------------------------
                                  0.000000    0.000000   clock clk (rise edge)
                                  0.000000    0.000000   clock source latency
     1    0.054490    0.249246    0.175157    0.175157 ^ clk (in)
                                                         clk (net)
                      0.249375    0.000000    0.175157 ^ clkbuf_0_clk/A (sky130_fd_sc_hd__clkbuf_16)
     8    0.153102    0.167150    0.282379    0.457536 ^ clkbuf_0_clk/X (sky130_fd_sc_hd__clkbuf_16)
                                                         clknet_0_clk (net)
                      0.170065    0.017532    0.475068 ^ clkbuf_3_0__f_clk/A (sky130_fd_sc_hd__clkbuf_16)
     6    0.082692    0.101388    0.211363    0.686430 ^ clkbuf_3_0__f_clk/X (sky130_fd_sc_hd__clkbuf_16)
                                                         clknet_3_0__leaf_clk (net)
                      0.102849    0.009651    0.696082 ^ clkbuf_leaf_38_clk/A (sky130_fd_sc_hd__clkbuf_16)
    18    0.070936    0.088685    0.183734    0.879816 ^ clkbuf_leaf_38_clk/X (sky130_fd_sc_hd__clkbuf_16)
                                                         clknet_leaf_38_clk (net)
                      0.088904    0.003533    0.883349 ^ _6980_/CLK (sky130_fd_sc_hd__dfrtp_2)
    10    0.047524    0.231280    0.507694    1.391043 ^ _6980_/Q (sky130_fd_sc_hd__dfrtp_2)
                                                         net13 (net)
                      0.231305    0.002484    1.393527 ^ place454/A (sky130_fd_sc_hd__buf_2)
     2    0.071337    0.345744    0.375072    1.768599 ^ place454/X (sky130_fd_sc_hd__buf_2)
                                                         net454 (net)
                      0.345758    0.001914    1.770513 ^ _3313_/B (sky130_fd_sc_hd__nand4b_4)
    10    0.069392    0.324828    0.340529    2.111042 v _3313_/Y (sky130_fd_sc_hd__nand4b_4)
                                                         _1263_ (net)
                      0.324912    0.004304    2.115346 v _3403_/B (sky130_fd_sc_hd__or2_4)
     5    0.061013    0.114770    0.422132    2.537478 v _3403_/X (sky130_fd_sc_hd__or2_4)
                                                         _1345_ (net)
                      0.115106    0.002577    2.540055 v _3405_/B1 (sky130_fd_sc_hd__o31a_2)
     3    0.025358    0.103649    0.190983    2.731039 v _3405_/X (sky130_fd_sc_hd__o31a_2)
                                                         _1347_ (net)
                      0.103743    0.002824    2.733862 v _3406_/A (sky130_fd_sc_hd__inv_4)
     4    0.021009    0.068509    0.099406    2.833268 ^ _3406_/Y (sky130_fd_sc_hd__inv_4)
                                                         net501 (net)
                      0.068524    0.000798    2.834066 ^ _3415_/C (sky130_fd_sc_hd__and3_4)
    10    0.051697    0.165527    0.288842    3.122908 ^ _3415_/X (sky130_fd_sc_hd__and3_4)
                                                         _1355_ (net)
                      0.165665    0.004328    3.127235 ^ place362/A (sky130_fd_sc_hd__buf_2)
    10    0.049545    0.242346    0.286688    3.413923 ^ place362/X (sky130_fd_sc_hd__buf_2)
                                                         net362 (net)
                      0.242451    0.004193    3.418116 ^ place361/A (sky130_fd_sc_hd__buf_2)
     7    0.026701    0.135627    0.233317    3.651433 ^ place361/X (sky130_fd_sc_hd__buf_2)
                                                         net361 (net)
                      0.135661    0.002086    3.653519 ^ place360/A (sky130_fd_sc_hd__buf_2)
    10    0.047201    0.231135    0.271126    3.924645 ^ place360/X (sky130_fd_sc_hd__buf_2)
                                                         net360 (net)
                      0.231227    0.003819    3.928463 ^ place359/A (sky130_fd_sc_hd__buf_2)
     8    0.034467    0.171832    0.256018    4.184482 ^ place359/X (sky130_fd_sc_hd__buf_2)
                                                         net359 (net)
                      0.171853    0.001942    4.186424 ^ place358/A (sky130_fd_sc_hd__buf_2)
     6    0.030190    0.151385    0.225320    4.411744 ^ place358/X (sky130_fd_sc_hd__buf_2)
                                                         net358 (net)
                      0.151505    0.002691    4.414435 ^ place357/A (sky130_fd_sc_hd__buf_2)
    10    0.071549    0.346600    0.351049    4.765484 ^ place357/X (sky130_fd_sc_hd__buf_2)
                                                         net357 (net)
                      0.346697    0.004856    4.770339 ^ _4107_/A2 (sky130_fd_sc_hd__a221o_2)
     1    0.002813    0.039148    0.212062    4.982402 ^ _4107_/X (sky130_fd_sc_hd__a221o_2)
                                                         _1975_ (net)
                      0.039148    0.000203    4.982605 ^ _4108_/C_N (sky130_fd_sc_hd__or3b_2)
     3    0.012869    0.110419    0.487701    5.470306 v _4108_/X (sky130_fd_sc_hd__or3b_2)
                                                         _1976_ (net)
                      0.110419    0.001148    5.471454 v _4110_/D (sky130_fd_sc_hd__or4_4)
     5    0.023702    0.117487    0.488109    5.959563 v _4110_/X (sky130_fd_sc_hd__or4_4)
                                                         _1978_ (net)
                      0.117487    0.001562    5.961125 v _4111_/B (sky130_fd_sc_hd__nand2b_2)
     7    0.028618    0.162526    0.180599    6.141724 ^ _4111_/Y (sky130_fd_sc_hd__nand2b_2)
                                                         _1979_ (net)
                      0.162614    0.001966    6.143690 ^ _4209_/C (sky130_fd_sc_hd__and4_2)
     2    0.012186    0.096568    0.283336    6.427026 ^ _4209_/X (sky130_fd_sc_hd__and4_2)
                                                         _2077_ (net)
                      0.096574    0.000788    6.427814 ^ _4384_/A (sky130_fd_sc_hd__nand3_2)
     2    0.006674    0.065087    0.078745    6.506559 v _4384_/Y (sky130_fd_sc_hd__nand3_2)
                                                         _2252_ (net)
                      0.065087    0.000347    6.506906 v _4443_/A2 (sky130_fd_sc_hd__a2111o_2)
     3    0.018265    0.103697    0.528000    7.034906 v _4443_/X (sky130_fd_sc_hd__a2111o_2)
                                                         _2311_ (net)
                      0.103740    0.001398    7.036304 v _4454_/A1 (sky130_fd_sc_hd__a211o_2)
     2    0.008420    0.062444    0.332089    7.368392 v _4454_/X (sky130_fd_sc_hd__a211o_2)
                                                         _2322_ (net)
                      0.062444    0.000298    7.368690 v _4455_/C1 (sky130_fd_sc_hd__o211a_2)
     2    0.015515    0.069744    0.152693    7.521383 v _4455_/X (sky130_fd_sc_hd__o211a_2)
                                                         _2323_ (net)
                      0.069762    0.001046    7.522429 v _4457_/A2 (sky130_fd_sc_hd__o21a_2)
     3    0.011127    0.054750    0.224497    7.746926 v _4457_/X (sky130_fd_sc_hd__o21a_2)
                                                         _2325_ (net)
                      0.054755    0.000551    7.747477 v _4459_/A2 (sky130_fd_sc_hd__o211a_2)
     3    0.033763    0.106566    0.321298    8.068774 v _4459_/X (sky130_fd_sc_hd__o211a_2)
                                                         _2327_ (net)
                      0.106777    0.004121    8.072895 v _4465_/A (sky130_fd_sc_hd__nor2_2)
     2    0.028029    0.315377    0.303184    8.376080 ^ _4465_/Y (sky130_fd_sc_hd__nor2_2)
                                                         _2333_ (net)
                      0.315460    0.004245    8.380324 ^ _5650_/A (sky130_fd_sc_hd__inv_2)
     1    0.002701    0.048841    0.044027    8.424352 v _5650_/Y (sky130_fd_sc_hd__inv_2)
                                                         net459 (net)
                      0.048841    0.000182    8.424533 v output459/A (sky130_fd_sc_hd__clkdlybuf4s25_1)
     1    0.034787    0.259433    0.417859    8.842392 v output459/X (sky130_fd_sc_hd__clkdlybuf4s25_1)
                                                         alu_result_out[0] (net)
                      0.259443    0.001815    8.844207 v alu_result_out[0] (out)
                                              8.844207   data arrival time

                                 25.000000   25.000000   clock clk (rise edge)
                                  0.000000   25.000000   clock network delay (propagated)
                                 -0.100000   24.900000   clock uncertainty
                                  0.000000   24.900000   clock reconvergence pessimism
                                 -5.000000   19.899998   output external delay
                                             19.899998   data required time
---------------------------------------------------------------------------------------------
                                             19.899998   data required time
                                             -8.844207   data arrival time
---------------------------------------------------------------------------------------------
                                             11.055792   slack (MET)




===========================================================================
report_checks --slack_max -0.01
============================================================================
======================= max_tt_025C_1v80 Corner ===================================

No paths found.


===========================================================================
 report_check_types -max_slew -max_cap -max_fanout -violators
============================================================================
======================= max_tt_025C_1v80 Corner ===================================

max fanout

Pin                                   Limit Fanout  Slack
---------------------------------------------------------
clkbuf_leaf_10_clk/X                     10     21    -11 (VIOLATED)
clkbuf_leaf_11_clk/X                     10     21    -11 (VIOLATED)
clkbuf_leaf_2_clk/X                      10     21    -11 (VIOLATED)
clkbuf_leaf_39_clk/X                     10     21    -11 (VIOLATED)
clkbuf_leaf_3_clk/X                      10     21    -11 (VIOLATED)
clkbuf_leaf_4_clk/X                      10     21    -11 (VIOLATED)
clkbuf_leaf_0_clk/X                      10     20    -10 (VIOLATED)
clkbuf_leaf_12_clk/X                     10     20    -10 (VIOLATED)
clkbuf_leaf_40_clk/X                     10     20    -10 (VIOLATED)
clkbuf_leaf_5_clk/X                      10     20    -10 (VIOLATED)
clkbuf_leaf_7_clk/X                      10     20    -10 (VIOLATED)
clkbuf_leaf_8_clk/X                      10     20    -10 (VIOLATED)
clkbuf_leaf_24_clk/X                     10     19     -9 (VIOLATED)
clkbuf_leaf_29_clk/X                     10     19     -9 (VIOLATED)
clkbuf_leaf_30_clk/X                     10     19     -9 (VIOLATED)
clkbuf_leaf_6_clk/X                      10     19     -9 (VIOLATED)
clkbuf_leaf_9_clk/X                      10     19     -9 (VIOLATED)
clkbuf_leaf_13_clk/X                     10     18     -8 (VIOLATED)
clkbuf_leaf_15_clk/X                     10     18     -8 (VIOLATED)
clkbuf_leaf_16_clk/X                     10     18     -8 (VIOLATED)
clkbuf_leaf_1_clk/X                      10     18     -8 (VIOLATED)
clkbuf_leaf_26_clk/X                     10     18     -8 (VIOLATED)
clkbuf_leaf_38_clk/X                     10     18     -8 (VIOLATED)
clkbuf_leaf_17_clk/X                     10     17     -7 (VIOLATED)
clkbuf_leaf_19_clk/X                     10     17     -7 (VIOLATED)
clkbuf_leaf_20_clk/X                     10     17     -7 (VIOLATED)
clkbuf_leaf_21_clk/X                     10     17     -7 (VIOLATED)
clkbuf_leaf_22_clk/X                     10     17     -7 (VIOLATED)
clkbuf_leaf_25_clk/X                     10     17     -7 (VIOLATED)
clkbuf_leaf_27_clk/X                     10     17     -7 (VIOLATED)
clkbuf_leaf_31_clk/X                     10     17     -7 (VIOLATED)
clkbuf_leaf_14_clk/X                     10     16     -6 (VIOLATED)
clkbuf_leaf_23_clk/X                     10     16     -6 (VIOLATED)
clkbuf_leaf_28_clk/X                     10     16     -6 (VIOLATED)
clkbuf_leaf_33_clk/X                     10     16     -6 (VIOLATED)
clkbuf_leaf_34_clk/X                     10     16     -6 (VIOLATED)
clkbuf_leaf_41_clk/X                     10     16     -6 (VIOLATED)
clkbuf_leaf_35_clk/X                     10     15     -5 (VIOLATED)
clkbuf_leaf_36_clk/X                     10     15     -5 (VIOLATED)
clkbuf_leaf_32_clk/X                     10     14     -4 (VIOLATED)
clkbuf_leaf_37_clk/X                     10     13     -3 (VIOLATED)
clkbuf_leaf_18_clk/X                     10     12     -2 (VIOLATED)
place390/X                               10     12     -2 (VIOLATED)
_3442_/Y                                 10     11        (VIOLATED)



===========================================================================
report_parasitic_annotation -report_unannotated
============================================================================
Found 41 unannotated drivers.
 clkload0/X
 clkload1/X
 clkload10/X
 clkload11/Y
 clkload12/X
 clkload13/Y
 clkload14/X
 clkload15/X
 clkload16/Y
 clkload17/Y
 clkload18/Y
 clkload19/Y
 clkload2/X
 clkload20/X
 clkload21/X
 clkload22/Y
 clkload23/X
 clkload24/X
 clkload25/X
 clkload26/Y
 clkload27/X
 clkload28/X
 clkload29/Y
 clkload3/X
 clkload30/Y
 clkload31/X
 clkload32/Y
 clkload33/X
 clkload34/X
 clkload35/X
 clkload4/X
 clkload5/X
 clkload6/Y
 clkload7/Y
 clkload8/X
 clkload9/Y
 single_cycle_cpu/HI
 single_cycle_cpu_577/HI
 single_cycle_cpu_578/HI
 single_cycle_cpu_579/LO
 single_cycle_cpu_580/LO
Found 0 partially unannotated drivers.

===========================================================================
max slew violation count 0
max fanout violation count 44
max cap violation count 0
============================================================================

===========================================================================
check_setup -verbose -unconstrained_endpoints -multiple_clock -no_clock -no_input_delay -loops -generated_clocks
===========================================================================
