Clock: clk
Sources: clk 
Generated: no
Virtual: yes
Propagated: no
Period: 25.000000

===========================================================================
report_clock_properties
============================================================================
Clock                   Period          Waveform
----------------------------------------------------
clk                  25.000000    0.000000 12.500000

===========================================================================
report_clock_latency
============================================================================
Clock clk
rise -> rise
    min     max
0.000000 0.000000 source latency
0.856917         network latency _7298_/CLK
        0.904720 network latency _7384_/CLK
---------------
0.856917 0.904720 latency
        0.047802 skew

fall -> fall
    min     max
0.000000 0.000000 source latency
0.724277         network latency _7298_/CLK
        0.763976 network latency _7384_/CLK
---------------
0.724277 0.763976 latency
        0.039700 skew



===========================================================================
report_clock_min_period
============================================================================
clk period_min = 8.82 fmax = 113.38
