Reading timing models for corner nom_tt_025C_1v80…
Reading timing library for the 'nom_tt_025C_1v80' corner at '/home/cl4/.ciel/ciel/sky130/versions/8afc8346a57fe1ab7934ba5a6056ea8b43078e71/sky130A/libs.ref/sky130_fd_sc_hd/lib/sky130_fd_sc_hd__tt_025C_1v80.lib'…
Reading OpenROAD database at '/home/cl4/Desktop/training/single_cycle/runs/RUN_2026-08-22_11-57-02/42-openroad-repairantennas/1-openroad-diodeinsertion/single_cycle_cpu.odb'…
Reading design constraints file at '/home/cl4/Desktop/training/single_cycle/src/impl.sdc'…
[INFO] Using clock clk…
[INFO] Setting output delay to: 5.0
[INFO] Setting input delay to: 5.0
[INFO] Setting load to: 0.033442
[INFO] Setting clock uncertainty to: 0.25
[INFO] Setting clock transition to: 0.1499999999999999944488848768742172978818416595458984375
[INFO] Setting timing derate to: 5%
[INFO] No information on clock propagation in input SDC file-- propagating all clocks.
[INFO ORD-0030] Using 12 thread(s).
+ detailed_route -droute_end_iter 64 -or_seed 42 -verbose 1 -output_drc /home/cl4/Desktop/training/single_cycle/runs/RUN_2026-08-22_11-57-02/44-openroad-detailedrouting/drt-run-0/single_cycle_cpu.drc
[INFO DRT-0149] Reading tech and libs.
[WARNING DRT-0349] LEF58_ENCLOSURE with no CUTCLASS is not supported. Skipping for layer mcon
[WARNING DRT-0349] LEF58_ENCLOSURE with no CUTCLASS is not supported. Skipping for layer mcon
[WARNING DRT-0349] LEF58_ENCLOSURE with no CUTCLASS is not supported. Skipping for layer via
[WARNING DRT-0349] LEF58_ENCLOSURE with no CUTCLASS is not supported. Skipping for layer via
[WARNING DRT-0349] LEF58_ENCLOSURE with no CUTCLASS is not supported. Skipping for layer via2
[WARNING DRT-0349] LEF58_ENCLOSURE with no CUTCLASS is not supported. Skipping for layer via2
[WARNING DRT-0349] LEF58_ENCLOSURE with no CUTCLASS is not supported. Skipping for layer via3
[WARNING DRT-0349] LEF58_ENCLOSURE with no CUTCLASS is not supported. Skipping for layer via3
[WARNING DRT-0349] LEF58_ENCLOSURE with no CUTCLASS is not supported. Skipping for layer via4
[WARNING DRT-0349] LEF58_ENCLOSURE with no CUTCLASS is not supported. Skipping for layer via4

Units:                1000
Number of layers:     13
Number of macros:     445
Number of vias:       32
Number of viarulegen: 25

[INFO DRT-0150] Reading design.

Design:                   single_cycle_cpu
Die area:                 ( 0 0 ) ( 360000 360000 )
Number of track patterns: 12
Number of DEF vias:       0
Number of components:     5577
Number of terminals:      100
Number of snets:          2
Number of nets:           4042

[INFO DRT-0167] List of default vias:
  Layer via
    default via: M1M2_PR
  Layer via2
    default via: M2M3_PR
  Layer via3
    default via: M3M4_PR
  Layer via4
    default via: M4M5_PR
[INFO DRT-0162] Library cell analysis.
[INFO DRT-0163] Instance analysis.
[INFO DRT-0164] Number of unique instances = 194.
[INFO DRT-0168] Init region query.
[INFO DRT-0024]   Complete FR_MASTERSLICE.
[INFO DRT-0024]   Complete licon.
[INFO DRT-0024]   Complete li1.
[INFO DRT-0024]   Complete mcon.
[INFO DRT-0024]   Complete met1.
[INFO DRT-0024]   Complete via.
[INFO DRT-0024]   Complete met2.
[INFO DRT-0024]   Complete via2.
[INFO DRT-0024]   Complete met3.
[INFO DRT-0024]   Complete via3.
[INFO DRT-0024]   Complete met4.
[INFO DRT-0024]   Complete via4.
[INFO DRT-0024]   Complete met5.
[INFO DRT-0033] FR_MASTERSLICE shape region query size = 0.
[INFO DRT-0033] licon shape region query size = 0.
[INFO DRT-0033] li1 shape region query size = 138337.
[INFO DRT-0033] mcon shape region query size = 0.
[INFO DRT-0033] met1 shape region query size = 20960.
[INFO DRT-0033] via shape region query size = 6600.
[INFO DRT-0033] met2 shape region query size = 2264.
[INFO DRT-0033] via2 shape region query size = 5500.
[INFO DRT-0033] met3 shape region query size = 3334.
[INFO DRT-0033] via3 shape region query size = 5500.
[INFO DRT-0033] met4 shape region query size = 1436.
[INFO DRT-0033] via4 shape region query size = 288.
[INFO DRT-0033] met5 shape region query size = 336.
[INFO DRT-0165] Start pin access.
[INFO DRT-0076]   Complete 1000 pins.
[INFO DRT-0078]   Complete 1533 pins.
[INFO DRT-0079]   Complete 100 unique inst patterns.
[INFO DRT-0081]   Complete 194 unique inst patterns.
[INFO DRT-0084]   Complete 3028 groups.
#scanned instances     = 5577
#unique  instances     = 194
#stdCellGenAp          = 5402
#stdCellValidPlanarAp  = 69
#stdCellValidViaAp     = 4178
#stdCellPinNoAp        = 0
#stdCellPinCnt         = 13271
#instTermValidViaApCnt = 0
#macroGenAp            = 0
#macroValidPlanarAp    = 0
#macroValidViaAp       = 0
#macroNoAp             = 0
[INFO DRT-0166] Complete pin access.
[INFO DRT-0267] cpu time = 00:02:47, elapsed time = 00:00:15, memory = 159.18 (MB), peak = 158.34 (MB)

[INFO DRT-0157] Number of guides:     32119

[INFO DRT-0169] Post process guides.
[INFO DRT-0176] GCELLGRID X 0 DO 52 STEP 6900 ;
[INFO DRT-0177] GCELLGRID Y 0 DO 52 STEP 6900 ;
[INFO DRT-0028]   Complete FR_MASTERSLICE.
[INFO DRT-0028]   Complete licon.
[INFO DRT-0028]   Complete li1.
[INFO DRT-0028]   Complete mcon.
[INFO DRT-0028]   Complete met1.
[INFO DRT-0028]   Complete via.
[INFO DRT-0028]   Complete met2.
[INFO DRT-0028]   Complete via2.
[INFO DRT-0028]   Complete met3.
[INFO DRT-0028]   Complete via3.
[INFO DRT-0028]   Complete met4.
[INFO DRT-0028]   Complete via4.
[INFO DRT-0028]   Complete met5.
[INFO DRT-0178] Init guide query.
[INFO DRT-0035]   Complete FR_MASTERSLICE (guide).
[INFO DRT-0035]   Complete licon (guide).
[INFO DRT-0035]   Complete li1 (guide).
[INFO DRT-0035]   Complete mcon (guide).
[INFO DRT-0035]   Complete met1 (guide).
[INFO DRT-0035]   Complete via (guide).
[INFO DRT-0035]   Complete met2 (guide).
[INFO DRT-0035]   Complete via2 (guide).
[INFO DRT-0035]   Complete met3 (guide).
[INFO DRT-0035]   Complete via3 (guide).
[INFO DRT-0035]   Complete met4 (guide).
[INFO DRT-0035]   Complete via4 (guide).
[INFO DRT-0035]   Complete met5 (guide).
[INFO DRT-0036] FR_MASTERSLICE guide region query size = 0.
[INFO DRT-0036] licon guide region query size = 0.
[INFO DRT-0036] li1 guide region query size = 11129.
[INFO DRT-0036] mcon guide region query size = 0.
[INFO DRT-0036] met1 guide region query size = 9927.
[INFO DRT-0036] via guide region query size = 0.
[INFO DRT-0036] met2 guide region query size = 4879.
[INFO DRT-0036] via2 guide region query size = 0.
[INFO DRT-0036] met3 guide region query size = 245.
[INFO DRT-0036] via3 guide region query size = 0.
[INFO DRT-0036] met4 guide region query size = 41.
[INFO DRT-0036] via4 guide region query size = 0.
[INFO DRT-0036] met5 guide region query size = 6.
[INFO DRT-0179] Init gr pin query.
[INFO DRT-0267] cpu time = 00:00:00, elapsed time = 00:00:00, memory = 169.61 (MB), peak = 168.21 (MB)
[INFO DRT-0245] skipped writing guide updates to database.
[INFO DRT-0185] Post process initialize RPin region query.
[INFO DRT-0181] Start track assignment.
[INFO DRT-0184] Done with 16049 vertical wires in 2 frboxes and 10178 horizontal wires in 2 frboxes.
[INFO DRT-0186] Done with 1790 vertical wires in 2 frboxes and 3385 horizontal wires in 2 frboxes.
[INFO DRT-0182] Complete track assignment.
[INFO DRT-0267] cpu time = 00:00:07, elapsed time = 00:00:01, memory = 247.31 (MB), peak = 246.02 (MB)
[INFO DRT-0187] Start routing data preparation.
[INFO DRT-0267] cpu time = 00:00:00, elapsed time = 00:00:00, memory = 251.11 (MB), peak = 249.89 (MB)
[INFO DRT-0194] Start detail routing.
[INFO DRT-0195] Start 0th optimization iteration.
    Completing 10% with 0 violations.
    elapsed time = 00:00:01, memory = 470.32 (MB).
    Completing 20% with 0 violations.
    elapsed time = 00:00:02, memory = 419.96 (MB).
    Completing 30% with 490 violations.
    elapsed time = 00:00:05, memory = 539.68 (MB).
    Completing 40% with 490 violations.
    elapsed time = 00:00:06, memory = 579.56 (MB).
    Completing 50% with 490 violations.
    elapsed time = 00:00:12, memory = 490.96 (MB).
    Completing 60% with 1016 violations.
    elapsed time = 00:00:13, memory = 575.85 (MB).
    Completing 70% with 1016 violations.
    elapsed time = 00:00:15, memory = 604.00 (MB).
    Completing 80% with 1473 violations.
    elapsed time = 00:00:17, memory = 607.84 (MB).
    Completing 90% with 1473 violations.
    elapsed time = 00:00:20, memory = 730.56 (MB).
    Completing 100% with 1994 violations.
    elapsed time = 00:00:23, memory = 680.48 (MB).
[INFO DRT-0199]   Number of violations = 2348.
Viol/Layer         li1   mcon   met1    via   met2   met3   met4   via4   met5
Cut Spacing          0      1      0      0      0      0      0      0      0
Metal Spacing        0      0    379      0    123      0      1      0      3
Recheck              4      0    256      0     85      1      4      0      4
Short                0      0   1321     12    150      0      0      2      2
[INFO DRT-0267] cpu time = 00:02:16, elapsed time = 00:00:23, memory = 998.73 (MB), peak = 997.44 (MB)
Total wire length = 152748 um.
Total wire length on LAYER li1 = 0 um.
Total wire length on LAYER met1 = 76408 um.
Total wire length on LAYER met2 = 64623 um.
Total wire length on LAYER met3 = 10033 um.
Total wire length on LAYER met4 = 1475 um.
Total wire length on LAYER met5 = 208 um.
Total number of vias = 29060.
Up-via summary (total 29060):

------------------------
 FR_MASTERSLICE        0
            li1    13012
           met1    15505
           met2      469
           met3       64
           met4       10
------------------------
               29060


[INFO DRT-0195] Start 1st optimization iteration.
    Completing 10% with 2348 violations.
    elapsed time = 00:00:00, memory = 1020.98 (MB).
    Completing 20% with 2348 violations.
    elapsed time = 00:00:02, memory = 1032.05 (MB).
    Completing 30% with 2126 violations.
    elapsed time = 00:00:04, memory = 1094.09 (MB).
    Completing 40% with 2126 violations.
    elapsed time = 00:00:05, memory = 1094.19 (MB).
    Completing 50% with 2126 violations.
    elapsed time = 00:00:11, memory = 1069.61 (MB).
    Completing 60% with 1913 violations.
    elapsed time = 00:00:13, memory = 1109.54 (MB).
    Completing 70% with 1913 violations.
    elapsed time = 00:00:14, memory = 1109.54 (MB).
    Completing 80% with 1475 violations.
    elapsed time = 00:00:16, memory = 1110.79 (MB).
    Completing 90% with 1475 violations.
    elapsed time = 00:00:20, memory = 1156.95 (MB).
    Completing 100% with 1074 violations.
    elapsed time = 00:00:21, memory = 1156.95 (MB).
[INFO DRT-0199]   Number of violations = 1074.
Viol/Layer        mcon   met1   met2   met3   met5
Cut Spacing          1      0      0      0      0
Metal Spacing        0    139     39      2      1
Short                0    835     57      0      0
[INFO DRT-0267] cpu time = 00:02:02, elapsed time = 00:00:22, memory = 1157.35 (MB), peak = 1156.19 (MB)
Total wire length = 151639 um.
Total wire length on LAYER li1 = 0 um.
Total wire length on LAYER met1 = 75771 um.
Total wire length on LAYER met2 = 64050 um.
Total wire length on LAYER met3 = 10106 um.
Total wire length on LAYER met4 = 1488 um.
Total wire length on LAYER met5 = 223 um.
Total number of vias = 28913.
Up-via summary (total 28913):

------------------------
 FR_MASTERSLICE        0
            li1    13032
           met1    15294
           met2      516
           met3       63
           met4        8
------------------------
               28913


[INFO DRT-0195] Start 2nd optimization iteration.
    Completing 10% with 1074 violations.
    elapsed time = 00:00:00, memory = 1157.35 (MB).
    Completing 20% with 1074 violations.
    elapsed time = 00:00:00, memory = 1157.35 (MB).
    Completing 30% with 1074 violations.
    elapsed time = 00:00:04, memory = 1160.29 (MB).
    Completing 40% with 1028 violations.
    elapsed time = 00:00:04, memory = 1160.29 (MB).
    Completing 50% with 1028 violations.
    elapsed time = 00:00:06, memory = 1160.60 (MB).
    Completing 60% with 978 violations.
    elapsed time = 00:00:07, memory = 1160.60 (MB).
    Completing 70% with 978 violations.
    elapsed time = 00:00:09, memory = 1162.12 (MB).
    Completing 80% with 978 violations.
    elapsed time = 00:00:15, memory = 1162.12 (MB).
    Completing 90% with 1009 violations.
    elapsed time = 00:00:17, memory = 1189.62 (MB).
    Completing 100% with 945 violations.
    elapsed time = 00:00:21, memory = 1162.12 (MB).
[INFO DRT-0199]   Number of violations = 945.
Viol/Layer        mcon   met1   met2   met3   met5
Cut Spacing          4      0      0      0      0
Metal Spacing        0    135     33      1      1
Short                0    696     75      0      0
[INFO DRT-0267] cpu time = 00:01:52, elapsed time = 00:00:21, memory = 1165.12 (MB), peak = 1188.44 (MB)
Total wire length = 151285 um.
Total wire length on LAYER li1 = 0 um.
Total wire length on LAYER met1 = 75534 um.
Total wire length on LAYER met2 = 64003 um.
Total wire length on LAYER met3 = 10013 um.
Total wire length on LAYER met4 = 1487 um.
Total wire length on LAYER met5 = 246 um.
Total number of vias = 28738.
Up-via summary (total 28738):

------------------------
 FR_MASTERSLICE        0
            li1    13020
           met1    15129
           met2      517
           met3       64
           met4        8
------------------------
               28738


[INFO DRT-0195] Start 3rd optimization iteration.
    Completing 10% with 945 violations.
    elapsed time = 00:00:00, memory = 1165.18 (MB).
    Completing 20% with 945 violations.
    elapsed time = 00:00:01, memory = 1165.18 (MB).
    Completing 30% with 729 violations.
    elapsed time = 00:00:09, memory = 1165.18 (MB).
    Completing 40% with 729 violations.
    elapsed time = 00:00:09, memory = 1165.18 (MB).
    Completing 50% with 729 violations.
    elapsed time = 00:00:15, memory = 1165.18 (MB).
    Completing 60% with 469 violations.
    elapsed time = 00:00:16, memory = 1166.39 (MB).
    Completing 70% with 469 violations.
    elapsed time = 00:00:17, memory = 1166.39 (MB).
    Completing 80% with 229 violations.
    elapsed time = 00:00:18, memory = 1166.39 (MB).
    Completing 90% with 229 violations.
    elapsed time = 00:00:19, memory = 1167.92 (MB).
    Completing 100% with 33 violations.
    elapsed time = 00:00:22, memory = 1167.92 (MB).
[INFO DRT-0199]   Number of violations = 33.
Viol/Layer        met1   met2   met5
Metal Spacing       13      2      2
Short               16      0      0
[INFO DRT-0267] cpu time = 00:01:13, elapsed time = 00:00:22, memory = 1167.92 (MB), peak = 1188.44 (MB)
Total wire length = 151082 um.
Total wire length on LAYER li1 = 0 um.
Total wire length on LAYER met1 = 72258 um.
Total wire length on LAYER met2 = 63987 um.
Total wire length on LAYER met3 = 12967 um.
Total wire length on LAYER met4 = 1675 um.
Total wire length on LAYER met5 = 193 um.
Total number of vias = 29348.
Up-via summary (total 29348):

------------------------
 FR_MASTERSLICE        0
            li1    13026
           met1    15313
           met2      916
           met3       85
           met4        8
------------------------
               29348


[INFO DRT-0195] Start 4th guides tiles iteration.
    Completing 10% with 33 violations.
    elapsed time = 00:00:00, memory = 1167.92 (MB).
    Completing 20% with 33 violations.
    elapsed time = 00:00:00, memory = 1167.92 (MB).
    Completing 30% with 33 violations.
    elapsed time = 00:00:00, memory = 1167.92 (MB).
    Completing 40% with 33 violations.
    elapsed time = 00:00:00, memory = 1167.92 (MB).
    Completing 50% with 33 violations.
    elapsed time = 00:00:00, memory = 1167.92 (MB).
    Completing 60% with 33 violations.
    elapsed time = 00:00:00, memory = 1167.92 (MB).
    Completing 70% with 1 violations.
    elapsed time = 00:00:00, memory = 1167.92 (MB).
    Completing 80% with 1 violations.
    elapsed time = 00:00:00, memory = 1167.92 (MB).
    Completing 90% with 1 violations.
    elapsed time = 00:00:00, memory = 1167.92 (MB).
    Completing 100% with 1 violations.
    elapsed time = 00:00:00, memory = 1167.92 (MB).
[INFO DRT-0199]   Number of violations = 1.
Viol/Layer        met5
Metal Spacing        1
[INFO DRT-0267] cpu time = 00:00:05, elapsed time = 00:00:00, memory = 1167.92 (MB), peak = 1188.44 (MB)
Total wire length = 151064 um.
Total wire length on LAYER li1 = 0 um.
Total wire length on LAYER met1 = 72120 um.
Total wire length on LAYER met2 = 63974 um.
Total wire length on LAYER met3 = 13094 um.
Total wire length on LAYER met4 = 1675 um.
Total wire length on LAYER met5 = 199 um.
Total number of vias = 29350.
Up-via summary (total 29350):

------------------------
 FR_MASTERSLICE        0
            li1    13027
           met1    15307
           met2      923
           met3       85
           met4        8
------------------------
               29350


[INFO DRT-0195] Start 5th guides tiles iteration.
    Completing 100% with 1 violations.
    elapsed time = 00:00:00, memory = 1167.92 (MB).
[INFO DRT-0199]   Number of violations = 1.
Viol/Layer        met5
Metal Spacing        1
[INFO DRT-0267] cpu time = 00:00:03, elapsed time = 00:00:00, memory = 1167.92 (MB), peak = 1188.44 (MB)
Total wire length = 151064 um.
Total wire length on LAYER li1 = 0 um.
Total wire length on LAYER met1 = 72120 um.
Total wire length on LAYER met2 = 63974 um.
Total wire length on LAYER met3 = 13094 um.
Total wire length on LAYER met4 = 1675 um.
Total wire length on LAYER met5 = 198 um.
Total number of vias = 29350.
Up-via summary (total 29350):

------------------------
 FR_MASTERSLICE        0
            li1    13027
           met1    15307
           met2      923
           met3       85
           met4        8
------------------------
               29350


[INFO DRT-0195] Start 6th stubborn tiles iteration.
    Completing 10% with 1 violations.
    elapsed time = 00:00:00, memory = 1167.98 (MB).
    Completing 20% with 1 violations.
    elapsed time = 00:00:00, memory = 1167.98 (MB).
    Completing 30% with 1 violations.
    elapsed time = 00:00:00, memory = 1167.98 (MB).
    Completing 40% with 1 violations.
    elapsed time = 00:00:00, memory = 1167.98 (MB).
    Completing 50% with 1 violations.
    elapsed time = 00:00:01, memory = 1173.91 (MB).
    Completing 60% with 1 violations.
    elapsed time = 00:00:01, memory = 1176.66 (MB).
    Completing 70% with 1 violations.
    elapsed time = 00:00:01, memory = 1198.61 (MB).
    Completing 80% with 1 violations.
    elapsed time = 00:00:01, memory = 1205.20 (MB).
    Completing 90% with 1 violations.
    elapsed time = 00:00:02, memory = 1189.57 (MB).
    Completing 100% with 0 violations.
    elapsed time = 00:00:02, memory = 1190.12 (MB).
[INFO DRT-0199]   Number of violations = 0.
[INFO DRT-0267] cpu time = 00:00:25, elapsed time = 00:00:02, memory = 1190.12 (MB), peak = 1208.12 (MB)
Total wire length = 151057 um.
Total wire length on LAYER li1 = 0 um.
Total wire length on LAYER met1 = 72126 um.
Total wire length on LAYER met2 = 63994 um.
Total wire length on LAYER met3 = 13122 um.
Total wire length on LAYER met4 = 1652 um.
Total wire length on LAYER met5 = 161 um.
Total number of vias = 29346.
Up-via summary (total 29346):

------------------------
 FR_MASTERSLICE        0
            li1    13027
           met1    15307
           met2      923
           met3       83
           met4        6
------------------------
               29346


[INFO DRT-0198] Complete detail routing.
Total wire length = 151057 um.
Total wire length on LAYER li1 = 0 um.
Total wire length on LAYER met1 = 72126 um.
Total wire length on LAYER met2 = 63994 um.
Total wire length on LAYER met3 = 13122 um.
Total wire length on LAYER met4 = 1652 um.
Total wire length on LAYER met5 = 161 um.
Total number of vias = 29346.
Up-via summary (total 29346):

------------------------
 FR_MASTERSLICE        0
            li1    13027
           met1    15307
           met2      923
           met3       83
           met4        6
------------------------
               29346


[INFO DRT-0267] cpu time = 00:08:01, elapsed time = 00:01:33, memory = 1190.23 (MB), peak = 1208.12 (MB)

[INFO DRT-0180] Post processing.
+ check_antennas 
[INFO ANT-0002] Found 5 net violations.
[INFO ANT-0001] Found 5 pin violations.
[INFO] Running antenna repair iteration 1…
+ repair_antennas sky130_fd_sc_hd__diode_2 -ratio_margin 10
[INFO GRT-0012] Found 6 antenna violations.
[INFO GRT-0015] Inserted 6 diodes.
+ detailed_route -droute_end_iter 64 -or_seed 42 -verbose 1 -output_drc /home/cl4/Desktop/training/single_cycle/runs/RUN_2026-08-22_11-57-02/44-openroad-detailedrouting/drt-run-1/single_cycle_cpu.drc
[INFO DRT-0024]   Complete FR_MASTERSLICE.
[INFO DRT-0024]   Complete licon.
[INFO DRT-0024]   Complete li1.
[INFO DRT-0024]   Complete mcon.
[INFO DRT-0024]   Complete met1.
[INFO DRT-0024]   Complete via.
[INFO DRT-0024]   Complete met2.
[INFO DRT-0024]   Complete via2.
[INFO DRT-0024]   Complete met3.
[INFO DRT-0024]   Complete via3.
[INFO DRT-0024]   Complete met4.
[INFO DRT-0024]   Complete via4.
[INFO DRT-0024]   Complete met5.
[INFO DRT-0165] Start pin access.
[INFO DRT-0076]   Complete 1000 pins.
[INFO DRT-0078]   Complete 1533 pins.
[INFO DRT-0079]   Complete 100 unique inst patterns.
[INFO DRT-0081]   Complete 194 unique inst patterns.
[INFO DRT-0084]   Complete 3029 groups.
#scanned instances     = 5583
#unique  instances     = 194
#stdCellGenAp          = 5402
#stdCellValidPlanarAp  = 69
#stdCellValidViaAp     = 4178
#stdCellPinNoAp        = 0
#stdCellPinCnt         = 13271
#instTermValidViaApCnt = 0
#macroGenAp            = 0
#macroValidPlanarAp    = 0
#macroValidViaAp       = 0
#macroNoAp             = 0
[INFO DRT-0166] Complete pin access.
[INFO DRT-0267] cpu time = 00:03:09, elapsed time = 00:00:17, memory = 1191.76 (MB), peak = 1208.12 (MB)

[INFO DRT-0157] Number of guides:     32117

[INFO DRT-0169] Post process guides.
[INFO DRT-0176] GCELLGRID X 0 DO 52 STEP 6900 ;
[INFO DRT-0177] GCELLGRID Y 0 DO 52 STEP 6900 ;
[INFO DRT-0028]   Complete FR_MASTERSLICE.
[INFO DRT-0028]   Complete licon.
[INFO DRT-0028]   Complete li1.
[INFO DRT-0028]   Complete mcon.
[INFO DRT-0028]   Complete met1.
[INFO DRT-0028]   Complete via.
[INFO DRT-0028]   Complete met2.
[INFO DRT-0028]   Complete via2.
[INFO DRT-0028]   Complete met3.
[INFO DRT-0028]   Complete via3.
[INFO DRT-0028]   Complete met4.
[INFO DRT-0028]   Complete via4.
[INFO DRT-0028]   Complete met5.
[INFO DRT-0178] Init guide query.
[INFO DRT-0035]   Complete FR_MASTERSLICE (guide).
[INFO DRT-0035]   Complete licon (guide).
[INFO DRT-0035]   Complete li1 (guide).
[INFO DRT-0035]   Complete mcon (guide).
[INFO DRT-0035]   Complete met1 (guide).
[INFO DRT-0035]   Complete via (guide).
[INFO DRT-0035]   Complete met2 (guide).
[INFO DRT-0035]   Complete via2 (guide).
[INFO DRT-0035]   Complete met3 (guide).
[INFO DRT-0035]   Complete via3 (guide).
[INFO DRT-0035]   Complete met4 (guide).
[INFO DRT-0035]   Complete via4 (guide).
[INFO DRT-0035]   Complete met5 (guide).
[INFO DRT-0036] FR_MASTERSLICE guide region query size = 0.
[INFO DRT-0036] licon guide region query size = 0.
[INFO DRT-0036] li1 guide region query size = 11131.
[INFO DRT-0036] mcon guide region query size = 0.
[INFO DRT-0036] met1 guide region query size = 9930.
[INFO DRT-0036] via guide region query size = 0.
[INFO DRT-0036] met2 guide region query size = 4879.
[INFO DRT-0036] via2 guide region query size = 0.
[INFO DRT-0036] met3 guide region query size = 244.
[INFO DRT-0036] via3 guide region query size = 0.
[INFO DRT-0036] met4 guide region query size = 41.
[INFO DRT-0036] via4 guide region query size = 0.
[INFO DRT-0036] met5 guide region query size = 6.
[INFO DRT-0179] Init gr pin query.
[INFO DRT-0267] cpu time = 00:00:00, elapsed time = 00:00:00, memory = 1191.76 (MB), peak = 1208.12 (MB)
[INFO DRT-0245] skipped writing guide updates to database.
[INFO DRT-0185] Post process initialize RPin region query.
[INFO DRT-0181] Start track assignment.
[INFO DRT-0184] Done with 16051 vertical wires in 2 frboxes and 10180 horizontal wires in 2 frboxes.
[INFO DRT-0186] Done with 1811 vertical wires in 2 frboxes and 3398 horizontal wires in 2 frboxes.
[INFO DRT-0182] Complete track assignment.
[INFO DRT-0267] cpu time = 00:00:07, elapsed time = 00:00:01, memory = 1191.76 (MB), peak = 1208.12 (MB)
[INFO DRT-0187] Start routing data preparation.
[INFO DRT-0267] cpu time = 00:00:00, elapsed time = 00:00:00, memory = 1191.76 (MB), peak = 1208.12 (MB)
[INFO DRT-0194] Start detail routing.
[INFO DRT-0195] Start 0th optimization iteration.
    Completing 10% with 0 violations.
    elapsed time = 00:00:00, memory = 1191.76 (MB).
    Completing 20% with 0 violations.
    elapsed time = 00:00:00, memory = 1191.76 (MB).
    Completing 30% with 18 violations.
    elapsed time = 00:00:01, memory = 1193.21 (MB).
    Completing 40% with 18 violations.
    elapsed time = 00:00:01, memory = 1193.21 (MB).
    Completing 50% with 18 violations.
    elapsed time = 00:00:02, memory = 1193.21 (MB).
    Completing 60% with 42 violations.
    elapsed time = 00:00:02, memory = 1206.84 (MB).
    Completing 70% with 42 violations.
    elapsed time = 00:00:03, memory = 1206.84 (MB).
    Completing 80% with 63 violations.
    elapsed time = 00:00:03, memory = 1206.84 (MB).
    Completing 90% with 63 violations.
    elapsed time = 00:00:04, memory = 1206.84 (MB).
    Completing 100% with 84 violations.
    elapsed time = 00:00:04, memory = 1206.84 (MB).
[INFO DRT-0199]   Number of violations = 92.
Viol/Layer        met1   met2
Metal Spacing       10      2
Recheck              6      2
Short               64      8
[INFO DRT-0267] cpu time = 00:00:41, elapsed time = 00:00:04, memory = 1306.28 (MB), peak = 1305.15 (MB)
Total wire length = 151113 um.
Total wire length on LAYER li1 = 0 um.
Total wire length on LAYER met1 = 72184 um.
Total wire length on LAYER met2 = 64011 um.
Total wire length on LAYER met3 = 13103 um.
Total wire length on LAYER met4 = 1652 um.
Total wire length on LAYER met5 = 161 um.
Total number of vias = 29372.
Up-via summary (total 29372):

------------------------
 FR_MASTERSLICE        0
            li1    13038
           met1    15324
           met2      921
           met3       83
           met4        6
------------------------
               29372


[INFO DRT-0195] Start 1st optimization iteration.
    Completing 10% with 92 violations.
    elapsed time = 00:00:00, memory = 1306.28 (MB).
    Completing 20% with 92 violations.
    elapsed time = 00:00:00, memory = 1306.28 (MB).
    Completing 30% with 68 violations.
    elapsed time = 00:00:01, memory = 1307.86 (MB).
    Completing 40% with 68 violations.
    elapsed time = 00:00:01, memory = 1307.86 (MB).
    Completing 50% with 68 violations.
    elapsed time = 00:00:02, memory = 1307.86 (MB).
    Completing 60% with 67 violations.
    elapsed time = 00:00:02, memory = 1335.43 (MB).
    Completing 70% with 67 violations.
    elapsed time = 00:00:03, memory = 1307.86 (MB).
    Completing 80% with 41 violations.
    elapsed time = 00:00:03, memory = 1307.86 (MB).
    Completing 90% with 41 violations.
    elapsed time = 00:00:04, memory = 1309.01 (MB).
    Completing 100% with 24 violations.
    elapsed time = 00:00:04, memory = 1309.01 (MB).
[INFO DRT-0199]   Number of violations = 24.
Viol/Layer        met1   met2
Short               23      1
[INFO DRT-0267] cpu time = 00:00:40, elapsed time = 00:00:04, memory = 1309.01 (MB), peak = 1334.27 (MB)
Total wire length = 151078 um.
Total wire length on LAYER li1 = 0 um.
Total wire length on LAYER met1 = 72168 um.
Total wire length on LAYER met2 = 63993 um.
Total wire length on LAYER met3 = 13103 um.
Total wire length on LAYER met4 = 1652 um.
Total wire length on LAYER met5 = 161 um.
Total number of vias = 29355.
Up-via summary (total 29355):

------------------------
 FR_MASTERSLICE        0
            li1    13038
           met1    15307
           met2      921
           met3       83
           met4        6
------------------------
               29355


[INFO DRT-0195] Start 2nd optimization iteration.
    Completing 10% with 24 violations.
    elapsed time = 00:00:00, memory = 1309.01 (MB).
    Completing 20% with 24 violations.
    elapsed time = 00:00:00, memory = 1309.01 (MB).
    Completing 30% with 24 violations.
    elapsed time = 00:00:00, memory = 1309.01 (MB).
    Completing 40% with 22 violations.
    elapsed time = 00:00:00, memory = 1309.01 (MB).
    Completing 50% with 22 violations.
    elapsed time = 00:00:00, memory = 1309.01 (MB).
    Completing 60% with 22 violations.
    elapsed time = 00:00:00, memory = 1206.69 (MB).
    Completing 70% with 22 violations.
    elapsed time = 00:00:00, memory = 1206.69 (MB).
    Completing 80% with 22 violations.
    elapsed time = 00:00:01, memory = 1206.69 (MB).
    Completing 90% with 20 violations.
    elapsed time = 00:00:01, memory = 1206.69 (MB).
    Completing 100% with 20 violations.
    elapsed time = 00:00:01, memory = 1206.69 (MB).
[INFO DRT-0199]   Number of violations = 20.
Viol/Layer        met1
Short               20
[INFO DRT-0267] cpu time = 00:00:08, elapsed time = 00:00:01, memory = 1309.00 (MB), peak = 1334.27 (MB)
Total wire length = 151079 um.
Total wire length on LAYER li1 = 0 um.
Total wire length on LAYER met1 = 72166 um.
Total wire length on LAYER met2 = 63995 um.
Total wire length on LAYER met3 = 13103 um.
Total wire length on LAYER met4 = 1652 um.
Total wire length on LAYER met5 = 161 um.
Total number of vias = 29355.
Up-via summary (total 29355):

------------------------
 FR_MASTERSLICE        0
            li1    13038
           met1    15307
           met2      921
           met3       83
           met4        6
------------------------
               29355


[INFO DRT-0195] Start 3rd guides tiles iteration.
    Completing 30% with 20 violations.
    elapsed time = 00:00:00, memory = 1312.14 (MB).
    Completing 60% with 0 violations.
    elapsed time = 00:00:00, memory = 1312.14 (MB).
    Completing 100% with 0 violations.
    elapsed time = 00:00:00, memory = 1312.14 (MB).
[INFO DRT-0199]   Number of violations = 0.
[INFO DRT-0267] cpu time = 00:00:04, elapsed time = 00:00:00, memory = 1251.14 (MB), peak = 1334.27 (MB)
Total wire length = 151085 um.
Total wire length on LAYER li1 = 0 um.
Total wire length on LAYER met1 = 71932 um.
Total wire length on LAYER met2 = 64007 um.
Total wire length on LAYER met3 = 13331 um.
Total wire length on LAYER met4 = 1652 um.
Total wire length on LAYER met5 = 161 um.
Total number of vias = 29370.
Up-via summary (total 29370):

------------------------
 FR_MASTERSLICE        0
            li1    13038
           met1    15312
           met2      931
           met3       83
           met4        6
------------------------
               29370


[INFO DRT-0198] Complete detail routing.
Total wire length = 151085 um.
Total wire length on LAYER li1 = 0 um.
Total wire length on LAYER met1 = 71932 um.
Total wire length on LAYER met2 = 64007 um.
Total wire length on LAYER met3 = 13331 um.
Total wire length on LAYER met4 = 1652 um.
Total wire length on LAYER met5 = 161 um.
Total number of vias = 29370.
Up-via summary (total 29370):

------------------------
 FR_MASTERSLICE        0
            li1    13038
           met1    15312
           met2      931
           met3       83
           met4        6
------------------------
               29370


[INFO DRT-0267] cpu time = 00:01:35, elapsed time = 00:00:11, memory = 1251.14 (MB), peak = 1334.27 (MB)

[INFO DRT-0180] Post processing.
+ check_antennas 
[INFO ANT-0002] Found 0 net violations.
[INFO ANT-0001] Found 0 pin violations.
Setting global connections for newly added cells…
[INFO] Setting global connections...
[INFO ODB-0403] 24 connections made, 0 conflicts skipped.
Updating metrics…
Cell type report:                       Count       Area
  Fill cell                               218     818.28
  Tap cell                               1276    1596.53
  Antenna cell                             11      27.53
  Buffer                                    3      12.51
  Clock buffer                             79    1609.04
  Timing Repair Buffer                   1017    8878.52
  Inverter                                479    1810.49
  Clock inverter                           13     113.86
  Sequential cell                         720   17456.74
  Multi-Input combinational cell         1767   17073.88
  Total                                  5583   49397.38
Writing OpenROAD database to '/home/cl4/Desktop/training/single_cycle/runs/RUN_2026-08-22_11-57-02/44-openroad-detailedrouting/single_cycle_cpu.odb'…
Writing netlist to '/home/cl4/Desktop/training/single_cycle/runs/RUN_2026-08-22_11-57-02/44-openroad-detailedrouting/single_cycle_cpu.nl.v'…
Writing powered netlist to '/home/cl4/Desktop/training/single_cycle/runs/RUN_2026-08-22_11-57-02/44-openroad-detailedrouting/single_cycle_cpu.pnl.v'…
Writing layout to '/home/cl4/Desktop/training/single_cycle/runs/RUN_2026-08-22_11-57-02/44-openroad-detailedrouting/single_cycle_cpu.def'…
Writing timing constraints to '/home/cl4/Desktop/training/single_cycle/runs/RUN_2026-08-22_11-57-02/44-openroad-detailedrouting/single_cycle_cpu.sdc'…
