Clock: clk
Sources: clk 
Generated: no
Virtual: yes
Propagated: no
Period: 25.000000

===========================================================================
report_clock_properties
============================================================================
Clock                   Period          Waveform
----------------------------------------------------
clk                  25.000000    0.000000 12.500000

===========================================================================
report_clock_latency
============================================================================
Clock clk
rise -> rise
    min     max
0.000000 0.000000 source latency
1.350052         network latency _6770_/CLK
        1.413307 network latency _7064_/CLK
---------------
1.350052 1.413307 latency
        0.063255 skew

fall -> fall
    min     max
0.000000 0.000000 source latency
1.203200         network latency _6770_/CLK
        1.250452 network latency _7064_/CLK
---------------
1.203200 1.250452 latency
        0.047252 skew



===========================================================================
report_clock_min_period
============================================================================
clk period_min = 17.24 fmax = 57.99
