
===========================================================================
 report_power
============================================================================
======================= nom_ss_100C_1v60 Corner ===================================

Group                    Internal    Switching      Leakage        Total
                            Power        Power        Power        Power (Watts)
------------------------------------------------------------------------
Sequential           8.873609e-04 0.000000e+00 1.241405e-05 8.997750e-04  52.5%
Combinational        8.600207e-06 2.631201e-05 1.785383e-05 5.276604e-05   3.1%
Clock                4.152138e-04 3.434295e-04 1.468244e-06 7.601116e-04  44.4%
Macro                0.000000e+00 0.000000e+00 0.000000e+00 0.000000e+00   0.0%
Pad                  0.000000e+00 0.000000e+00 0.000000e+00 0.000000e+00   0.0%
------------------------------------------------------------------------
Total                1.311176e-03 3.697416e-04 3.173529e-05 1.712653e-03 100.0%
                            76.6%        21.6%         1.9%

