
===========================================================================
report_checks -unconstrained
===========================================================================
======================= max_ss_100C_1v60 Corner ===================================

Startpoint: reset (input port clocked by clk)
Endpoint: _7207_ (recovery check against rising-edge clock clk)
Path Group: asynchronous
Path Type: max

Fanout         Cap        Slew       Delay        Time   Description
---------------------------------------------------------------------------------------------
                                  0.000000    0.000000   clock clk (rise edge)
                                  0.000000    0.000000   clock network delay (propagated)
                                  5.000000    5.000000 v input external delay
     2    0.015157    0.068599    0.047415    5.047416 v reset (in)
                                                         reset (net)
                      0.068628    0.000000    5.047416 v fanout74/A (sky130_fd_sc_hd__buf_1)
     3    0.030479    0.346242    0.381283    5.428699 v fanout74/X (sky130_fd_sc_hd__buf_1)
                                                         net74 (net)
                      0.346317    0.004267    5.432965 v max_cap575/A (sky130_fd_sc_hd__buf_2)
     3    0.052744    0.241831    0.530301    5.963266 v max_cap575/X (sky130_fd_sc_hd__buf_2)
                                                         net575 (net)
                      0.242299    0.009363    5.972629 v fanout73/A (sky130_fd_sc_hd__clkdlybuf4s25_1)
     5    0.020034    0.283762    0.708306    6.680935 v fanout73/X (sky130_fd_sc_hd__clkdlybuf4s25_1)
                                                         net73 (net)
                      0.283764    0.001230    6.682166 v fanout69/A (sky130_fd_sc_hd__buf_1)
     2    0.014032    0.168032    0.348930    7.031096 v fanout69/X (sky130_fd_sc_hd__buf_1)
                                                         net69 (net)
                      0.168036    0.001025    7.032121 v fanout68/A (sky130_fd_sc_hd__clkdlybuf4s25_1)
     6    0.028172    0.386746    0.753890    7.786011 v fanout68/X (sky130_fd_sc_hd__clkdlybuf4s25_1)
                                                         net68 (net)
                      0.386748    0.001663    7.787674 v fanout66/A (sky130_fd_sc_hd__buf_2)
     8    0.075825    0.329144    0.620172    8.407846 v fanout66/X (sky130_fd_sc_hd__buf_2)
                                                         net66 (net)
                      0.329449    0.009013    8.416860 v fanout65/A (sky130_fd_sc_hd__buf_2)
    10    0.080453    0.347895    0.608058    9.024917 v fanout65/X (sky130_fd_sc_hd__buf_2)
                                                         net65 (net)
                      0.347924    0.003388    9.028305 v _6487_/A (sky130_fd_sc_hd__inv_2)
     1    0.003928    0.092448    0.158063    9.186368 ^ _6487_/Y (sky130_fd_sc_hd__inv_2)
                                                         _0228_ (net)
                      0.092448    0.000203    9.186571 ^ _7207_/RESET_B (sky130_fd_sc_hd__dfrtp_2)
                                              9.186571   data arrival time

                                 25.000000   25.000000   clock clk (rise edge)
                                  0.000000   25.000000   clock source latency
     1    0.054490    0.391527    0.275151   25.275150 ^ clk (in)
                                                         clk (net)
                      0.391607    0.000000   25.275150 ^ clkbuf_0_clk/A (sky130_fd_sc_hd__clkbuf_16)
     8    0.153102    0.254085    0.504810   25.779961 ^ clkbuf_0_clk/X (sky130_fd_sc_hd__clkbuf_16)
                                                         clknet_0_clk (net)
                      0.256011    0.017222   25.797182 ^ clkbuf_3_5__f_clk/A (sky130_fd_sc_hd__clkbuf_16)
     6    0.086327    0.157759    0.382446   26.179628 ^ clkbuf_3_5__f_clk/X (sky130_fd_sc_hd__clkbuf_16)
                                                         clknet_3_5__leaf_clk (net)
                      0.158213    0.005912   26.185539 ^ clkbuf_leaf_13_clk/A (sky130_fd_sc_hd__clkbuf_16)
    18    0.053824    0.112366    0.304702   26.490242 ^ clkbuf_leaf_13_clk/X (sky130_fd_sc_hd__clkbuf_16)
                                                         clknet_leaf_13_clk (net)
                      0.112462    0.002899   26.493141 ^ _7207_/CLK (sky130_fd_sc_hd__dfrtp_2)
                                 -0.100000   26.393141   clock uncertainty
                                  0.000000   26.393141   clock reconvergence pessimism
                                  0.449176   26.842316   library recovery time
                                             26.842316   data required time
---------------------------------------------------------------------------------------------
                                             26.842316   data required time
                                             -9.186571   data arrival time
---------------------------------------------------------------------------------------------
                                             17.655745   slack (MET)


Startpoint: _6980_ (rising edge-triggered flip-flop clocked by clk)
Endpoint: alu_result_out[0] (output port clocked by clk)
Path Group: clk
Path Type: max

Fanout         Cap        Slew       Delay        Time   Description
---------------------------------------------------------------------------------------------
                                  0.000000    0.000000   clock clk (rise edge)
                                  0.000000    0.000000   clock source latency
     1    0.054490    0.391527    0.275150    0.275150 ^ clk (in)
                                                         clk (net)
                      0.391607    0.000000    0.275150 ^ clkbuf_0_clk/A (sky130_fd_sc_hd__clkbuf_16)
     8    0.153102    0.254085    0.504811    0.779961 ^ clkbuf_0_clk/X (sky130_fd_sc_hd__clkbuf_16)
                                                         clknet_0_clk (net)
                      0.256100    0.017629    0.797590 ^ clkbuf_3_0__f_clk/A (sky130_fd_sc_hd__clkbuf_16)
     6    0.082692    0.152832    0.375930    1.173521 ^ clkbuf_3_0__f_clk/X (sky130_fd_sc_hd__clkbuf_16)
                                                         clknet_3_0__leaf_clk (net)
                      0.153947    0.009708    1.183229 ^ clkbuf_leaf_38_clk/A (sky130_fd_sc_hd__clkbuf_16)
    18    0.068760    0.132892    0.318248    1.501477 ^ clkbuf_leaf_38_clk/X (sky130_fd_sc_hd__clkbuf_16)
                                                         clknet_leaf_38_clk (net)
                      0.133136    0.003421    1.504898 ^ _6980_/CLK (sky130_fd_sc_hd__dfrtp_2)
    10    0.047325    0.373102    0.971335    2.476233 ^ _6980_/Q (sky130_fd_sc_hd__dfrtp_2)
                                                         net13 (net)
                      0.373113    0.002471    2.478704 ^ place454/A (sky130_fd_sc_hd__buf_2)
     2    0.071412    0.548376    0.667281    3.145985 ^ place454/X (sky130_fd_sc_hd__buf_2)
                                                         net454 (net)
                      0.548376    0.001919    3.147904 ^ _3313_/B (sky130_fd_sc_hd__nand4b_4)
    10    0.069793    0.666074    0.744740    3.892644 v _3313_/Y (sky130_fd_sc_hd__nand4b_4)
                                                         _1263_ (net)
                      0.666114    0.004333    3.896977 v _3403_/B (sky130_fd_sc_hd__or2_4)
     5    0.061334    0.209012    0.833811    4.730788 v _3403_/X (sky130_fd_sc_hd__or2_4)
                                                         _1345_ (net)
                      0.209035    0.002593    4.733382 v _3405_/B1 (sky130_fd_sc_hd__o31a_2)
     3    0.025408    0.184692    0.362873    5.096255 v _3405_/X (sky130_fd_sc_hd__o31a_2)
                                                         _1347_ (net)
                      0.184738    0.002831    5.099086 v _3406_/A (sky130_fd_sc_hd__inv_4)
     4    0.020815    0.110137    0.171219    5.270305 ^ _3406_/Y (sky130_fd_sc_hd__inv_4)
                                                         net501 (net)
                      0.110140    0.000790    5.271096 ^ _3415_/C (sky130_fd_sc_hd__and3_4)
    10    0.051167    0.279637    0.598639    5.869735 ^ _3415_/X (sky130_fd_sc_hd__and3_4)
                                                         _1355_ (net)
                      0.279707    0.004282    5.874017 ^ place362/A (sky130_fd_sc_hd__buf_2)
    10    0.049174    0.383824    0.514659    6.388677 ^ place362/X (sky130_fd_sc_hd__buf_2)
                                                         net362 (net)
                      0.383867    0.004160    6.392837 ^ place361/A (sky130_fd_sc_hd__buf_2)
     7    0.026362    0.214988    0.434894    6.827731 ^ place361/X (sky130_fd_sc_hd__buf_2)
                                                         net361 (net)
                      0.215005    0.002063    6.829793 ^ place360/A (sky130_fd_sc_hd__buf_2)
    10    0.046686    0.365153    0.475915    7.305708 ^ place360/X (sky130_fd_sc_hd__buf_2)
                                                         net360 (net)
                      0.365189    0.003778    7.309486 ^ place359/A (sky130_fd_sc_hd__buf_2)
     8    0.034032    0.271539    0.468486    7.777972 ^ place359/X (sky130_fd_sc_hd__buf_2)
                                                         net359 (net)
                      0.271549    0.001918    7.779891 ^ place358/A (sky130_fd_sc_hd__buf_2)
     6    0.030029    0.241523    0.410320    8.190210 ^ place358/X (sky130_fd_sc_hd__buf_2)
                                                         net358 (net)
                      0.241551    0.002676    8.192886 ^ place357/A (sky130_fd_sc_hd__buf_2)
    10    0.071121    0.546846    0.612154    8.805040 ^ place357/X (sky130_fd_sc_hd__buf_2)
                                                         net357 (net)
                      0.546906    0.004832    8.809873 ^ _4107_/A2 (sky130_fd_sc_hd__a221o_2)
     1    0.002724    0.071404    0.464981    9.274853 ^ _4107_/X (sky130_fd_sc_hd__a221o_2)
                                                         _1975_ (net)
                      0.071404    0.000195    9.275048 ^ _4108_/C_N (sky130_fd_sc_hd__or3b_2)
     3    0.012890    0.223281    1.135620   10.410669 v _4108_/X (sky130_fd_sc_hd__or3b_2)
                                                         _1976_ (net)
                      0.223281    0.001153   10.411822 v _4110_/D (sky130_fd_sc_hd__or4_4)
     5    0.023801    0.219041    1.001961   11.413783 v _4110_/X (sky130_fd_sc_hd__or4_4)
                                                         _1978_ (net)
                      0.219041    0.001569   11.415352 v _4111_/B (sky130_fd_sc_hd__nand2b_2)
     7    0.028466    0.244483    0.300898   11.716249 ^ _4111_/Y (sky130_fd_sc_hd__nand2b_2)
                                                         _1979_ (net)
                      0.244591    0.001950   11.718200 ^ _4209_/C (sky130_fd_sc_hd__and4_2)
     2    0.012197    0.171658    0.598375   12.316575 ^ _4209_/X (sky130_fd_sc_hd__and4_2)
                                                         _2077_ (net)
                      0.171658    0.000790   12.317366 ^ _4384_/A (sky130_fd_sc_hd__nand3_2)
     2    0.006658    0.134580    0.178594   12.495959 v _4384_/Y (sky130_fd_sc_hd__nand3_2)
                                                         _2252_ (net)
                      0.134580    0.000348   12.496307 v _4443_/A2 (sky130_fd_sc_hd__a2111o_2)
     3    0.018397    0.192282    1.032716   13.529023 v _4443_/X (sky130_fd_sc_hd__a2111o_2)
                                                         _2311_ (net)
                      0.192282    0.001413   13.530437 v _4454_/A1 (sky130_fd_sc_hd__a211o_2)
     2    0.008488    0.110612    0.650079   14.180516 v _4454_/X (sky130_fd_sc_hd__a211o_2)
                                                         _2322_ (net)
                      0.110612    0.000301   14.180817 v _4455_/C1 (sky130_fd_sc_hd__o211a_2)
     2    0.015742    0.130975    0.290409   14.471227 v _4455_/X (sky130_fd_sc_hd__o211a_2)
                                                         _2323_ (net)
                      0.130982    0.001061   14.472288 v _4457_/A2 (sky130_fd_sc_hd__o21a_2)
     3    0.011283    0.097686    0.429471   14.901758 v _4457_/X (sky130_fd_sc_hd__o21a_2)
                                                         _2325_ (net)
                      0.097687    0.000560   14.902318 v _4459_/A2 (sky130_fd_sc_hd__o211a_2)
     3    0.033967    0.197340    0.604313   15.506631 v _4459_/X (sky130_fd_sc_hd__o211a_2)
                                                         _2327_ (net)
                      0.197442    0.004151   15.510782 v _4465_/A (sky130_fd_sc_hd__nor2_2)
     2    0.027992    0.519454    0.519048   16.029831 ^ _4465_/Y (sky130_fd_sc_hd__nor2_2)
                                                         _2333_ (net)
                      0.519504    0.004238   16.034069 ^ _5650_/A (sky130_fd_sc_hd__inv_2)
     1    0.002719    0.085160    0.149859   16.183928 v _5650_/Y (sky130_fd_sc_hd__inv_2)
                                                         net459 (net)
                      0.085160    0.000183   16.184111 v output459/A (sky130_fd_sc_hd__clkdlybuf4s25_1)
     1    0.034787    0.470876    0.778481   16.962591 v output459/X (sky130_fd_sc_hd__clkdlybuf4s25_1)
                                                         alu_result_out[0] (net)
                      0.470878    0.001815   16.964407 v alu_result_out[0] (out)
                                             16.964407   data arrival time

                                 25.000000   25.000000   clock clk (rise edge)
                                  0.000000   25.000000   clock network delay (propagated)
                                 -0.100000   24.900000   clock uncertainty
                                  0.000000   24.900000   clock reconvergence pessimism
                                 -5.000000   19.899998   output external delay
                                             19.899998   data required time
---------------------------------------------------------------------------------------------
                                             19.899998   data required time
                                            -16.964407   data arrival time
---------------------------------------------------------------------------------------------
                                              2.935591   slack (MET)




===========================================================================
report_checks --slack_max -0.01
============================================================================
======================= max_ss_100C_1v60 Corner ===================================

No paths found.


===========================================================================
 report_check_types -max_slew -max_cap -max_fanout -violators
============================================================================
======================= max_ss_100C_1v60 Corner ===================================

max fanout

Pin                                   Limit Fanout  Slack
---------------------------------------------------------
clkbuf_leaf_10_clk/X                     10     21    -11 (VIOLATED)
clkbuf_leaf_11_clk/X                     10     21    -11 (VIOLATED)
clkbuf_leaf_2_clk/X                      10     21    -11 (VIOLATED)
clkbuf_leaf_39_clk/X                     10     21    -11 (VIOLATED)
clkbuf_leaf_3_clk/X                      10     21    -11 (VIOLATED)
clkbuf_leaf_4_clk/X                      10     21    -11 (VIOLATED)
clkbuf_leaf_0_clk/X                      10     20    -10 (VIOLATED)
clkbuf_leaf_12_clk/X                     10     20    -10 (VIOLATED)
clkbuf_leaf_40_clk/X                     10     20    -10 (VIOLATED)
clkbuf_leaf_5_clk/X                      10     20    -10 (VIOLATED)
clkbuf_leaf_7_clk/X                      10     20    -10 (VIOLATED)
clkbuf_leaf_8_clk/X                      10     20    -10 (VIOLATED)
clkbuf_leaf_24_clk/X                     10     19     -9 (VIOLATED)
clkbuf_leaf_29_clk/X                     10     19     -9 (VIOLATED)
clkbuf_leaf_30_clk/X                     10     19     -9 (VIOLATED)
clkbuf_leaf_6_clk/X                      10     19     -9 (VIOLATED)
clkbuf_leaf_9_clk/X                      10     19     -9 (VIOLATED)
clkbuf_leaf_13_clk/X                     10     18     -8 (VIOLATED)
clkbuf_leaf_15_clk/X                     10     18     -8 (VIOLATED)
clkbuf_leaf_16_clk/X                     10     18     -8 (VIOLATED)
clkbuf_leaf_1_clk/X                      10     18     -8 (VIOLATED)
clkbuf_leaf_26_clk/X                     10     18     -8 (VIOLATED)
clkbuf_leaf_38_clk/X                     10     18     -8 (VIOLATED)
clkbuf_leaf_17_clk/X                     10     17     -7 (VIOLATED)
clkbuf_leaf_19_clk/X                     10     17     -7 (VIOLATED)
clkbuf_leaf_20_clk/X                     10     17     -7 (VIOLATED)
clkbuf_leaf_21_clk/X                     10     17     -7 (VIOLATED)
clkbuf_leaf_22_clk/X                     10     17     -7 (VIOLATED)
clkbuf_leaf_25_clk/X                     10     17     -7 (VIOLATED)
clkbuf_leaf_27_clk/X                     10     17     -7 (VIOLATED)
clkbuf_leaf_31_clk/X                     10     17     -7 (VIOLATED)
clkbuf_leaf_14_clk/X                     10     16     -6 (VIOLATED)
clkbuf_leaf_23_clk/X                     10     16     -6 (VIOLATED)
clkbuf_leaf_28_clk/X                     10     16     -6 (VIOLATED)
clkbuf_leaf_33_clk/X                     10     16     -6 (VIOLATED)
clkbuf_leaf_34_clk/X                     10     16     -6 (VIOLATED)
clkbuf_leaf_41_clk/X                     10     16     -6 (VIOLATED)
clkbuf_leaf_35_clk/X                     10     15     -5 (VIOLATED)
clkbuf_leaf_36_clk/X                     10     15     -5 (VIOLATED)
clkbuf_leaf_32_clk/X                     10     14     -4 (VIOLATED)
clkbuf_leaf_37_clk/X                     10     13     -3 (VIOLATED)
clkbuf_leaf_18_clk/X                     10     12     -2 (VIOLATED)
place390/X                               10     12     -2 (VIOLATED)
_3442_/Y                                 10     11        (VIOLATED)



===========================================================================
report_parasitic_annotation -report_unannotated
============================================================================
Found 41 unannotated drivers.
 clkload0/X
 clkload1/X
 clkload10/X
 clkload11/Y
 clkload12/X
 clkload13/Y
 clkload14/X
 clkload15/X
 clkload16/Y
 clkload17/Y
 clkload18/Y
 clkload19/Y
 clkload2/X
 clkload20/X
 clkload21/X
 clkload22/Y
 clkload23/X
 clkload24/X
 clkload25/X
 clkload26/Y
 clkload27/X
 clkload28/X
 clkload29/Y
 clkload3/X
 clkload30/Y
 clkload31/X
 clkload32/Y
 clkload33/X
 clkload34/X
 clkload35/X
 clkload4/X
 clkload5/X
 clkload6/Y
 clkload7/Y
 clkload8/X
 clkload9/Y
 single_cycle_cpu/HI
 single_cycle_cpu_577/HI
 single_cycle_cpu_578/HI
 single_cycle_cpu_579/LO
 single_cycle_cpu_580/LO
Found 0 partially unannotated drivers.

===========================================================================
max slew violation count 0
max fanout violation count 44
max cap violation count 0
============================================================================

===========================================================================
check_setup -verbose -unconstrained_endpoints -multiple_clock -no_clock -no_input_delay -loops -generated_clocks
===========================================================================
