Reading timing models for corner max_tt_025C_1v80…
Reading timing library for the 'max_tt_025C_1v80' corner at '/home/cl4/.ciel/ciel/sky130/versions/8afc8346a57fe1ab7934ba5a6056ea8b43078e71/sky130A/libs.ref/sky130_fd_sc_hd/lib/sky130_fd_sc_hd__tt_025C_1v80.lib'…
Reading timing models for corner min_ss_100C_1v60…
Reading timing library for the 'min_ss_100C_1v60' corner at '/home/cl4/.ciel/ciel/sky130/versions/8afc8346a57fe1ab7934ba5a6056ea8b43078e71/sky130A/libs.ref/sky130_fd_sc_hd/lib/sky130_fd_sc_hd__ss_100C_1v60.lib'…
Reading timing models for corner nom_tt_025C_1v80…
Reading timing library for the 'nom_tt_025C_1v80' corner at '/home/cl4/.ciel/ciel/sky130/versions/8afc8346a57fe1ab7934ba5a6056ea8b43078e71/sky130A/libs.ref/sky130_fd_sc_hd/lib/sky130_fd_sc_hd__tt_025C_1v80.lib'…
[WARNING STA-1140] /home/cl4/.ciel/ciel/sky130/versions/8afc8346a57fe1ab7934ba5a6056ea8b43078e71/sky130A/libs.ref/sky130_fd_sc_hd/lib/sky130_fd_sc_hd__tt_025C_1v80.lib line 1, library sky130_fd_sc_hd__tt_025C_1v80 already exists.
Reading timing models for corner max_ff_n40C_1v95…
Reading timing library for the 'max_ff_n40C_1v95' corner at '/home/cl4/.ciel/ciel/sky130/versions/8afc8346a57fe1ab7934ba5a6056ea8b43078e71/sky130A/libs.ref/sky130_fd_sc_hd/lib/sky130_fd_sc_hd__ff_n40C_1v95.lib'…
Reading timing models for corner nom_ff_n40C_1v95…
Reading timing library for the 'nom_ff_n40C_1v95' corner at '/home/cl4/.ciel/ciel/sky130/versions/8afc8346a57fe1ab7934ba5a6056ea8b43078e71/sky130A/libs.ref/sky130_fd_sc_hd/lib/sky130_fd_sc_hd__ff_n40C_1v95.lib'…
[WARNING STA-1140] /home/cl4/.ciel/ciel/sky130/versions/8afc8346a57fe1ab7934ba5a6056ea8b43078e71/sky130A/libs.ref/sky130_fd_sc_hd/lib/sky130_fd_sc_hd__ff_n40C_1v95.lib line 1, library sky130_fd_sc_hd__ff_n40C_1v95 already exists.
Reading timing models for corner max_ss_100C_1v60…
Reading timing library for the 'max_ss_100C_1v60' corner at '/home/cl4/.ciel/ciel/sky130/versions/8afc8346a57fe1ab7934ba5a6056ea8b43078e71/sky130A/libs.ref/sky130_fd_sc_hd/lib/sky130_fd_sc_hd__ss_100C_1v60.lib'…
[WARNING STA-1140] /home/cl4/.ciel/ciel/sky130/versions/8afc8346a57fe1ab7934ba5a6056ea8b43078e71/sky130A/libs.ref/sky130_fd_sc_hd/lib/sky130_fd_sc_hd__ss_100C_1v60.lib line 1, library sky130_fd_sc_hd__ss_100C_1v60 already exists.
Reading timing models for corner min_tt_025C_1v80…
Reading timing library for the 'min_tt_025C_1v80' corner at '/home/cl4/.ciel/ciel/sky130/versions/8afc8346a57fe1ab7934ba5a6056ea8b43078e71/sky130A/libs.ref/sky130_fd_sc_hd/lib/sky130_fd_sc_hd__tt_025C_1v80.lib'…
[WARNING STA-1140] /home/cl4/.ciel/ciel/sky130/versions/8afc8346a57fe1ab7934ba5a6056ea8b43078e71/sky130A/libs.ref/sky130_fd_sc_hd/lib/sky130_fd_sc_hd__tt_025C_1v80.lib line 1, library sky130_fd_sc_hd__tt_025C_1v80 already exists.
Reading timing models for corner nom_ss_100C_1v60…
Reading timing library for the 'nom_ss_100C_1v60' corner at '/home/cl4/.ciel/ciel/sky130/versions/8afc8346a57fe1ab7934ba5a6056ea8b43078e71/sky130A/libs.ref/sky130_fd_sc_hd/lib/sky130_fd_sc_hd__ss_100C_1v60.lib'…
[WARNING STA-1140] /home/cl4/.ciel/ciel/sky130/versions/8afc8346a57fe1ab7934ba5a6056ea8b43078e71/sky130A/libs.ref/sky130_fd_sc_hd/lib/sky130_fd_sc_hd__ss_100C_1v60.lib line 1, library sky130_fd_sc_hd__ss_100C_1v60 already exists.
Reading timing models for corner min_ff_n40C_1v95…
Reading timing library for the 'min_ff_n40C_1v95' corner at '/home/cl4/.ciel/ciel/sky130/versions/8afc8346a57fe1ab7934ba5a6056ea8b43078e71/sky130A/libs.ref/sky130_fd_sc_hd/lib/sky130_fd_sc_hd__ff_n40C_1v95.lib'…
[WARNING STA-1140] /home/cl4/.ciel/ciel/sky130/versions/8afc8346a57fe1ab7934ba5a6056ea8b43078e71/sky130A/libs.ref/sky130_fd_sc_hd/lib/sky130_fd_sc_hd__ff_n40C_1v95.lib line 1, library sky130_fd_sc_hd__ff_n40C_1v95 already exists.
Reading OpenROAD database at '/home/cl4/Desktop/training/single_cycle/runs/RUN_2026-08-22_12-24-55/35-openroad-cts/single_cycle_cpu.odb'…
Reading design constraints file at '/home/cl4/Desktop/training/single_cycle/src/impl.sdc'…
[INFO] Using clock clk…
[INFO] Setting output delay to: 5.0
[INFO] Setting input delay to: 5.0
[INFO] Setting load to: 0.033442
[INFO] Setting clock uncertainty to: 0.25
[INFO] Setting clock transition to: 0.1499999999999999944488848768742172978818416595458984375
[INFO] Setting timing derate to: 5%
[INFO] No information on clock propagation in input SDC file-- propagating all clocks.
+ repair_timing -verbose -setup -setup_margin 0.05000000000000000277555756156289135105907917022705078125 -max_buffer_percent 50
[INFO RSZ-0100] Repair move sequence: UnbufferMove SizeUpMove SwapPinsMove BufferMove CloneMove SplitLoadMove 
[INFO RSZ-0098] No setup violations found
+ repair_timing -verbose -hold -setup_margin 0.05000000000000000277555756156289135105907917022705078125 -hold_margin 0.1000000000000000055511151231257827021181583404541015625 -max_buffer_percent 50
[INFO RSZ-0046] Found 664 endpoints with hold violations.
Iteration | Resized | Buffers | Cloned Gates |   Area   |   WNS   |   TNS   | Endpoint
--------------------------------------------------------------------------------------
        0 |       0 |       0 |            0 |    +0.0% |  -0.037 |  -9.041 | _6904_/D
       10 |       0 |       9 |            0 |    +0.2% |  -0.036 |  -8.714 | _6796_/D
       20 |       0 |      19 |            0 |    +0.5% |  -0.035 |  -8.360 | _6798_/D
       30 |       0 |      29 |            0 |    +0.7% |  -0.035 |  -8.010 | _6943_/D
       40 |       0 |      39 |            0 |    +1.0% |  -0.035 |  -7.663 | _6828_/D
       50 |       0 |      49 |            0 |    +1.2% |  -0.034 |  -7.318 | _6835_/D
       60 |       0 |      59 |            0 |    +1.5% |  -0.034 |  -6.974 | _6938_/D
       70 |       0 |      69 |            0 |    +1.7% |  -0.034 |  -6.631 | _6789_/D
       80 |       0 |      79 |            0 |    +2.0% |  -0.034 |  -6.290 | _6768_/D
       90 |       0 |      89 |            0 |    +2.2% |  -0.034 |  -5.949 | _6739_/D
      100 |       0 |      99 |            0 |    +2.4% |  -0.034 |  -5.608 | _6951_/D
      110 |       0 |     109 |            0 |    +2.7% |  -0.034 |  -5.269 | _6811_/D
      120 |       0 |     119 |            0 |    +2.9% |  -0.034 |  -4.932 | _6802_/D
      130 |       0 |     129 |            0 |    +3.2% |  -0.034 |  -4.595 | _6815_/D
      140 |       0 |     139 |            0 |    +3.4% |  -0.033 |  -4.260 | _6854_/D
      150 |       0 |     149 |            0 |    +3.7% |  -0.033 |  -3.925 | _6906_/D
      160 |       0 |     159 |            0 |    +3.9% |  -0.033 |  -3.592 | _6757_/D
      170 |       0 |     169 |            0 |    +4.2% |  -0.033 |  -3.259 | _6956_/D
      180 |       0 |     179 |            0 |    +4.4% |  -0.033 |  -2.927 | _6826_/D
      190 |       0 |     189 |            0 |    +4.7% |  -0.033 |  -2.596 | _6907_/D
      200 |       0 |     199 |            0 |    +4.9% |  -0.033 |  -2.267 | _6850_/D
      210 |       0 |     209 |            0 |    +5.2% |  -0.033 |  -1.938 | _6857_/D
      220 |       0 |     219 |            0 |    +5.4% |  -0.033 |  -1.610 | _6754_/D
      230 |       0 |     229 |            0 |    +5.7% |  -0.033 |  -1.284 | _6866_/D
      240 |       0 |     239 |            0 |    +5.9% |  -0.032 |  -0.959 | _6908_/D
      250 |       0 |     249 |            0 |    +6.1% |  -0.032 |  -0.637 | _6766_/D
      260 |       0 |     259 |            0 |    +6.4% |  -0.029 |  -0.328 | _6806_/D
      270 |       0 |     269 |            0 |    +6.6% |  -0.009 |  -0.207 | _7115_/D
      280 |       0 |     279 |            0 |    +6.9% |  -0.008 |  -0.119 | _7118_/D
      290 |       0 |     289 |            0 |    +7.1% |  -0.004 |  -0.059 | _7082_/D
      300 |       0 |     299 |            0 |    +7.4% |  -0.003 |  -0.025 | _7072_/D
      310 |       0 |     309 |            0 |    +7.6% |  -0.001 |  -0.005 | _7075_/D
      320 |       0 |     319 |            0 |    +7.9% |   0.003 |   0.000 | _7101_/D
      330 |       0 |     329 |            0 |    +8.1% |   0.046 |   0.000 | _6705_/D
      340 |       0 |     339 |            0 |    +8.4% |   0.049 |   0.000 | _6713_/D
      350 |       0 |     349 |            0 |    +8.6% |   0.056 |   0.000 | _7049_/D
      360 |       0 |     359 |            0 |    +8.9% |   0.058 |   0.000 | _7041_/D
      370 |       0 |     369 |            0 |    +9.1% |   0.063 |   0.000 | _7051_/D
      380 |       0 |     379 |            0 |    +9.4% |   0.065 |   0.000 | _7047_/D
      390 |       0 |     389 |            0 |    +9.6% |   0.069 |   0.000 | _7393_/D
      400 |       0 |     399 |            0 |    +9.9% |   0.073 |   0.000 | _7198_/D
      410 |       0 |     410 |            0 |   +10.1% |   0.074 |   0.000 | _7277_/D
      420 |       0 |     420 |            0 |   +10.4% |   0.074 |   0.000 | _7381_/D
      430 |       0 |     430 |            0 |   +10.6% |   0.075 |   0.000 | _7265_/D
      440 |       0 |     440 |            0 |   +10.9% |   0.076 |   0.000 | _7206_/D
      450 |       0 |     450 |            0 |   +11.1% |   0.077 |   0.000 | _7197_/D
      460 |       0 |     460 |            0 |   +11.4% |   0.077 |   0.000 | _7212_/D
      470 |       0 |     470 |            0 |   +11.6% |   0.078 |   0.000 | _7283_/D
      480 |       0 |     480 |            0 |   +11.9% |   0.081 |   0.000 | _7222_/D
      490 |       0 |     491 |            0 |   +12.1% |   0.082 |   0.000 | _7363_/D
      500 |       0 |     500 |            0 |   +12.3% |   0.083 |   0.000 | _7313_/D
      510 |       0 |     510 |            0 |   +12.6% |   0.084 |   0.000 | _7130_/D
      520 |       0 |     520 |            0 |   +12.8% |   0.085 |   0.000 | _7149_/D
      530 |       0 |     529 |            0 |   +13.1% |   0.086 |   0.000 | _7316_/D
      540 |       0 |     539 |            0 |   +13.3% |   0.086 |   0.000 | _7158_/D
      550 |       0 |     548 |            0 |   +13.5% |   0.086 |   0.000 | _7166_/D
      560 |       0 |     556 |            0 |   +13.7% |   0.087 |   0.000 | _7328_/D
      570 |       0 |     564 |            0 |   +13.9% |   0.088 |   0.000 | _7223_/D
      580 |       0 |     575 |            0 |   +14.2% |   0.088 |   0.000 | _7177_/D
      590 |       0 |     584 |            0 |   +14.4% |   0.089 |   0.000 | _7150_/D
      600 |       0 |     594 |            0 |   +14.7% |   0.090 |   0.000 | _7144_/D
      610 |       0 |     603 |            0 |   +14.9% |   0.091 |   0.000 | _7238_/D
      620 |       0 |     612 |            0 |   +15.1% |   0.092 |   0.000 | _7294_/D
      630 |       0 |     619 |            0 |   +15.3% |   0.094 |   0.000 | _7378_/D
      640 |       0 |     625 |            0 |   +15.4% |   0.096 |   0.000 | _7280_/D
      650 |       0 |     631 |            0 |   +15.6% |   0.097 |   0.000 | _7155_/D
      660 |       0 |     638 |            0 |   +15.8% |   0.098 |   0.000 | _7216_/D
    final |       0 |     643 |            0 |   +15.9% |   0.100 |   0.000 | _7237_/D
--------------------------------------------------------------------------------------
[INFO RSZ-0032] Inserted 643 hold buffers.
+ detailed_placement -max_displacement  500 100 
Placement Analysis
---------------------------------
total displacement       3337.8 u
average displacement        0.6 u
max displacement           20.6 u
original HPWL          127020.0 u
legalized HPWL         132593.7 u
delta HPWL                    4 %

[INFO DPL-0020] Mirrored 1878 instances
[INFO DPL-0021] HPWL before          132593.7 u
[INFO DPL-0022] HPWL after           128115.7 u
[INFO DPL-0023] HPWL delta               -3.4 %
Setting global connections for newly added cells…
[INFO] Setting global connections...
[INFO ODB-0403] 2572 connections made, 0 conflicts skipped.
Updating metrics…
Cell type report:                       Count       Area
  Fill cell                               240     900.86
  Tap cell                               1525    1908.08
  Buffer                                    3      12.51
  Clock buffer                             72    1586.52
  Timing Repair Buffer                   1007    8723.37
  Inverter                                479    1810.49
  Clock inverter                           20     279.02
  Sequential cell                         720   17456.74
  Multi-Input combinational cell         1767   17095.15
  Total                                  5833   49772.74
Writing OpenROAD database to '/home/cl4/Desktop/training/single_cycle/runs/RUN_2026-08-22_12-24-55/37-openroad-resizertimingpostcts/single_cycle_cpu.odb'…
Writing netlist to '/home/cl4/Desktop/training/single_cycle/runs/RUN_2026-08-22_12-24-55/37-openroad-resizertimingpostcts/single_cycle_cpu.nl.v'…
Writing powered netlist to '/home/cl4/Desktop/training/single_cycle/runs/RUN_2026-08-22_12-24-55/37-openroad-resizertimingpostcts/single_cycle_cpu.pnl.v'…
Writing layout to '/home/cl4/Desktop/training/single_cycle/runs/RUN_2026-08-22_12-24-55/37-openroad-resizertimingpostcts/single_cycle_cpu.def'…
Writing timing constraints to '/home/cl4/Desktop/training/single_cycle/runs/RUN_2026-08-22_12-24-55/37-openroad-resizertimingpostcts/single_cycle_cpu.sdc'…
