┏━━━━━━━━━━━━━━━━━━━━━━┳━━━━━━━━━━┳━━━━━━━━━━┳━━━━━━━━━━┳━━━━━━━━━━┳━━━━━━━━━━━┳━━━━━━━━━━┳━━━━━━━━━━━┳━━━━━━━━━━┳━━━━━━━━━━━┳━━━━━━━━━━┳━━━━━━━━━━━┳━━━━━━━━━━┓
┃                      ┃ Hold     ┃ Reg to   ┃          ┃          ┃ of which  ┃ Setup    ┃           ┃          ┃           ┃ of which ┃           ┃          ┃
┃                      ┃ Worst    ┃ Reg      ┃          ┃ Hold Vio ┃ reg to    ┃ Worst    ┃ Reg to    ┃ Setup    ┃ Setup Vio ┃ reg to   ┃ Max Cap   ┃ Max Slew ┃
┃ Corner/Group         ┃ Slack    ┃ Paths    ┃ Hold TNS ┃ Count    ┃ reg       ┃ Slack    ┃ Reg Paths ┃ TNS      ┃ Count     ┃ reg      ┃ Violatio… ┃ Violati… ┃
┡━━━━━━━━━━━━━━━━━━━━━━╇━━━━━━━━━━╇━━━━━━━━━━╇━━━━━━━━━━╇━━━━━━━━━━╇━━━━━━━━━━━╇━━━━━━━━━━╇━━━━━━━━━━━╇━━━━━━━━━━╇━━━━━━━━━━━╇━━━━━━━━━━╇━━━━━━━━━━━╇━━━━━━━━━━┩
│ Overall              │ 0.0468   │ 0.0468   │ 0.0000   │ 0        │ 0         │ -2.2736  │ -1.7778   │ -239.95… │ 198       │ 166      │ 4         │ 1781     │
│ nom_tt_025C_1v80     │ 0.2133   │ 0.2133   │ 0.0000   │ 0        │ 0         │ 2.6106   │ 3.9440    │ 0.0000   │ 0         │ 0        │ 4         │ 1658     │
│ nom_ss_100C_1v60     │ 0.6908   │ 0.6908   │ 0.0000   │ 0        │ 0         │ -2.2736  │ -1.7778   │ -239.95… │ 198       │ 166      │ 4         │ 1781     │
│ nom_ff_n40C_1v95     │ 0.0468   │ 0.0468   │ 0.0000   │ 0        │ 0         │ 4.5212   │ 6.1303    │ 0.0000   │ 0         │ 0        │ 4         │ 683      │
└──────────────────────┴──────────┴──────────┴──────────┴──────────┴───────────┴──────────┴───────────┴──────────┴───────────┴──────────┴───────────┴──────────┘
