Clock: clk
Sources: clk 
Generated: no
Virtual: yes
Propagated: no
Period: 25.000000

===========================================================================
report_clock_properties
============================================================================
Clock                   Period          Waveform
----------------------------------------------------
clk                  25.000000    0.000000 12.500000

===========================================================================
report_clock_latency
============================================================================
Clock clk
rise -> rise
    min     max
0.000000 0.000000 source latency
0.675831         network latency _7263_/CLK
        0.700914 network latency _7163_/CLK
---------------
0.675831 0.700914 latency
        0.025082 skew

fall -> fall
    min     max
0.000000 0.000000 source latency
0.606479         network latency _7263_/CLK
        0.624481 network latency _7163_/CLK
---------------
0.606479 0.624481 latency
        0.018002 skew



===========================================================================
report_clock_min_period
============================================================================
clk period_min = 8.25 fmax = 121.23
