┏━━━━━━━┳━━━━━━━━━┳━━━━━━━━━━┳━━━━━━━━━━━━━━━━━━━━━━━━┳━━━━━━━━━━━━━┳━━━━━━━┓
┃ P / R ┃ Partial ┃ Required ┃ Net                    ┃ Pin         ┃ Layer ┃
┡━━━━━━━╇━━━━━━━━━╇━━━━━━━━━━╇━━━━━━━━━━━━━━━━━━━━━━━━╇━━━━━━━━━━━━━╇━━━━━━━┩
│ 5.28  │ 2111.81 │ 400.00   │ _3128_                 │ _5661_/D    │ met3  │
│ 4.81  │ 1923.04 │ 400.00   │ net500                 │ output500/A │ met3  │
│ 3.77  │ 1508.39 │ 400.00   │ net497                 │ output497/A │ met3  │
│ 3.64  │ 1456.56 │ 400.00   │ net523                 │ output523/A │ met3  │
│ 3.48  │ 1391.84 │ 400.00   │ _1578_                 │ _4664_/B    │ met3  │
│ 3.36  │ 1342.74 │ 400.00   │ _1927_                 │ _4060_/C1   │ met3  │
│ 3.32  │ 1326.34 │ 400.00   │ RF.registers[12\][20\] │ _5715_/A0   │ met3  │
│ 3.25  │ 1298.13 │ 400.00   │ net473                 │ _4961_/B    │ met3  │
│ 2.91  │ 1164.32 │ 400.00   │ net468                 │ _5039_/A3   │ met3  │
│ 2.72  │ 1088.65 │ 400.00   │ net263                 │ place74/A   │ met3  │
│ 2.72  │ 1088.65 │ 400.00   │ net263                 │ _4927_/C    │ met3  │
│ 2.65  │ 1060.38 │ 400.00   │ _2882_                 │ _5207_/B    │ met3  │
│ 2.07  │ 827.62  │ 400.00   │ net522                 │ _5229_/A_N  │ met1  │
│ 1.96  │ 782.76  │ 400.00   │ net498                 │ output498/A │ met3  │
│ 1.93  │ 771.12  │ 400.00   │ _2682_                 │ _4914_/A1   │ met3  │
│ 1.93  │ 770.87  │ 400.00   │ RF.registers[12\][21\] │ _5717_/A0   │ met3  │
│ 1.78  │ 710.34  │ 400.00   │ net485                 │ _4770_/B1   │ met1  │
│ 1.65  │ 661.96  │ 400.00   │ net502                 │ output502/A │ met2  │
│ 1.62  │ 649.07  │ 400.00   │ _1941_                 │ _4074_/C1   │ met3  │
│ 1.51  │ 602.50  │ 400.00   │ net482                 │ _4822_/B1   │ met1  │
│ 1.46  │ 584.44  │ 400.00   │ net483                 │ _5656_/A    │ met3  │
│ 1.41  │ 563.44  │ 400.00   │ _2841_                 │ _5108_/A1   │ met1  │
│ 1.41  │ 562.57  │ 400.00   │ net514                 │ place392/A  │ met3  │
│ 1.35  │ 539.83  │ 400.00   │ _2208_                 │ _4341_/C1   │ met3  │
│ 1.33  │ 533.57  │ 400.00   │ _2466_                 │ _4716_/A2   │ met1  │
│ 1.32  │ 527.90  │ 400.00   │ _2830_                 │ _5342_/A1   │ met3  │
│ 1.32  │ 527.90  │ 400.00   │ _2830_                 │ _5411_/A1   │ met3  │
│ 1.24  │ 494.40  │ 400.00   │ net478                 │ _4899_/B1   │ met1  │
│ 1.23  │ 493.13  │ 400.00   │ RF.registers[12\][23\] │ _5721_/A0   │ met3  │
│ 1.16  │ 464.92  │ 400.00   │ _2859_                 │ _5132_/A1   │ met1  │
│ 1.15  │ 459.68  │ 400.00   │ _1298_                 │ _3352_/B    │ met3  │
│ 1.15  │ 459.68  │ 400.00   │ _1298_                 │ _3420_/B    │ met3  │
│ 1.15  │ 459.68  │ 400.00   │ _1298_                 │ _5642_/B    │ met3  │
│ 1.13  │ 450.62  │ 400.00   │ _1516_                 │ _3581_/C1   │ met3  │
│ 1.13  │ 450.62  │ 400.00   │ _2200_                 │ _4333_/B1   │ met3  │
│ 1.13  │ 450.62  │ 400.00   │ next_pc[7\]            │ _5121_/B1   │ met3  │
│ 1.12  │ 447.62  │ 400.00   │ net265                 │ _5117_/B    │ met3  │
│ 1.12  │ 447.05  │ 400.00   │ net609                 │ _6728_/D    │ met3  │
│ 1.09  │ 434.89  │ 400.00   │ _2751_                 │ _5398_/A1   │ met1  │
│ 1.05  │ 419.94  │ 400.00   │ net265                 │ output494/A │ met3  │
│ 1.02  │ 406.01  │ 400.00   │ _2190_                 │ _4326_/B1   │ met3  │
│ 1.01  │ 402.34  │ 400.00   │ _2785_                 │ _5270_/A1   │ met1  │
└───────┴─────────┴──────────┴────────────────────────┴─────────────┴───────┘
