
===========================================================================
report_checks -unconstrained
===========================================================================
======================= nom_tt_025C_1v80 Corner ===================================

Startpoint: reset (input port clocked by clk)
Endpoint: _7143_ (recovery check against rising-edge clock clk)
Path Group: asynchronous
Path Type: max

Fanout         Cap        Slew       Delay        Time   Description
---------------------------------------------------------------------------------------------
                                  0.000000    0.000000   clock clk (rise edge)
                                  0.000000    0.000000   clock network delay (propagated)
                                  5.000000    5.000000 v input external delay
     4    0.040768    0.091606    0.064752    5.064752 v reset (in)
                                                         reset (net)
                      0.091623    0.000000    5.064752 v fanout72/A (sky130_fd_sc_hd__clkdlybuf4s25_1)
     7    0.029412    0.220542    0.409022    5.473774 v fanout72/X (sky130_fd_sc_hd__clkdlybuf4s25_1)
                                                         net72 (net)
                      0.220543    0.000884    5.474658 v fanout68/A (sky130_fd_sc_hd__clkdlybuf4s25_1)
     8    0.044902    0.330355    0.537852    6.012510 v fanout68/X (sky130_fd_sc_hd__clkdlybuf4s25_1)
                                                         net68 (net)
                      0.330355    0.000358    6.012868 v fanout67/A (sky130_fd_sc_hd__clkdlybuf4s25_1)
     7    0.038630    0.286285    0.536452    6.549320 v fanout67/X (sky130_fd_sc_hd__clkdlybuf4s25_1)
                                                         net67 (net)
                      0.286285    0.000670    6.549990 v fanout66/A (sky130_fd_sc_hd__clkdlybuf4s25_1)
    10    0.051277    0.376402    0.593476    7.143466 v fanout66/X (sky130_fd_sc_hd__clkdlybuf4s25_1)
                                                         net66 (net)
                      0.376402    0.000137    7.143602 v fanout65/A (sky130_fd_sc_hd__clkdlybuf4s25_1)
    10    0.050839    0.373092    0.611365    7.754968 v fanout65/X (sky130_fd_sc_hd__clkdlybuf4s25_1)
                                                         net65 (net)
                      0.373092    0.000020    7.754987 v _6423_/A (sky130_fd_sc_hd__inv_2)
     1    0.004003    0.082950    0.125832    7.880819 ^ _6423_/Y (sky130_fd_sc_hd__inv_2)
                                                         _0164_ (net)
                      0.082950    0.000009    7.880828 ^ _7143_/RESET_B (sky130_fd_sc_hd__dfrtp_2)
                                              7.880828   data arrival time

                                 25.000000   25.000000   clock clk (rise edge)
                                  0.000000   25.000000   clock source latency
   720    1.867321    8.291542    5.727880   30.727880 ^ clk (in)
                                                         clk (net)
                      8.293080    0.000000   30.727880 ^ _7143_/CLK (sky130_fd_sc_hd__dfrtp_2)
                                 -0.250000   30.477879   clock uncertainty
                                  0.000000   30.477879   clock reconvergence pessimism
                                  1.339906   31.817785   library recovery time
                                             31.817785   data required time
---------------------------------------------------------------------------------------------
                                             31.817785   data required time
                                             -7.880828   data arrival time
---------------------------------------------------------------------------------------------
                                             23.936956   slack (MET)


Startpoint: _6980_ (rising edge-triggered flip-flop clocked by clk)
Endpoint: alu_result_out[0] (output port clocked by clk)
Path Group: clk
Path Type: max

Fanout         Cap        Slew       Delay        Time   Description
---------------------------------------------------------------------------------------------
                                  0.000000    0.000000   clock clk (rise edge)
                                  0.000000    0.000000   clock source latency
   720    1.867321    8.291542    5.724482    5.724482 ^ clk (in)
                                                         clk (net)
                      8.292970    0.000000    5.724482 ^ _6980_/CLK (sky130_fd_sc_hd__dfrtp_2)
    10    0.039847    0.194913    1.443814    7.168296 ^ _6980_/Q (sky130_fd_sc_hd__dfrtp_2)
                                                         net13 (net)
                      0.194913    0.000086    7.168382 ^ place451/A (sky130_fd_sc_hd__buf_2)
     3    0.072472    0.349556    0.367982    7.536364 ^ place451/X (sky130_fd_sc_hd__buf_2)
                                                         net451 (net)
                      0.349562    0.001195    7.537559 ^ _3313_/B (sky130_fd_sc_hd__nand4b_4)
    10    0.037708    0.210214    0.251264    7.788822 v _3313_/Y (sky130_fd_sc_hd__nand4b_4)
                                                         _1263_ (net)
                      0.210217    0.000668    7.789490 v _3403_/B (sky130_fd_sc_hd__or2_4)
     5    0.040372    0.092841    0.352979    8.142469 v _3403_/X (sky130_fd_sc_hd__or2_4)
                                                         _1345_ (net)
                      0.092841    0.000355    8.142824 v _3405_/B1 (sky130_fd_sc_hd__o31a_2)
     3    0.020411    0.091422    0.171748    8.314572 v _3405_/X (sky130_fd_sc_hd__o31a_2)
                                                         _1347_ (net)
                      0.091422    0.000509    8.315082 v _3406_/A (sky130_fd_sc_hd__inv_4)
     4    0.044687    0.126001    0.137504    8.452585 ^ _3406_/Y (sky130_fd_sc_hd__inv_4)
                                                         instruction_out[21] (net)
                      0.126002    0.000163    8.452749 ^ _3415_/C (sky130_fd_sc_hd__and3_4)
     9    0.032210    0.115160    0.261330    8.714079 ^ _3415_/X (sky130_fd_sc_hd__and3_4)
                                                         _1355_ (net)
                      0.115160    0.000171    8.714250 ^ place356/A (sky130_fd_sc_hd__buf_2)
     8    0.029945    0.150271    0.209945    8.924195 ^ place356/X (sky130_fd_sc_hd__buf_2)
                                                         net356 (net)
                      0.150271    0.000132    8.924327 ^ place354/A (sky130_fd_sc_hd__buf_2)
    10    0.038267    0.188845    0.247562    9.171889 ^ place354/X (sky130_fd_sc_hd__buf_2)
                                                         net354 (net)
                      0.188845    0.000633    9.172523 ^ place353/A (sky130_fd_sc_hd__buf_2)
    10    0.036705    0.181673    0.252707    9.425230 ^ place353/X (sky130_fd_sc_hd__buf_2)
                                                         net353 (net)
                      0.181674    0.000860    9.426089 ^ place352/A (sky130_fd_sc_hd__buf_2)
     7    0.024709    0.126268    0.211305    9.637394 ^ place352/X (sky130_fd_sc_hd__buf_2)
                                                         net352 (net)
                      0.126268    0.000195    9.637589 ^ place351/A (sky130_fd_sc_hd__buf_2)
     7    0.029397    0.147828    0.211640    9.849229 ^ place351/X (sky130_fd_sc_hd__buf_2)
                                                         net351 (net)
                      0.147828    0.000107    9.849337 ^ _4090_/A2 (sky130_fd_sc_hd__a211o_2)
     1    0.002755    0.030788    0.143716    9.993052 ^ _4090_/X (sky130_fd_sc_hd__a211o_2)
                                                         _1958_ (net)
                      0.030788    0.000004    9.993057 ^ _4091_/C1 (sky130_fd_sc_hd__a221o_2)
     1    0.002828    0.038801    0.088451   10.081509 ^ _4091_/X (sky130_fd_sc_hd__a221o_2)
                                                         _1959_ (net)
                      0.038801    0.000006   10.081514 ^ _4092_/C1 (sky130_fd_sc_hd__a221o_2)
     1    0.004612    0.045507    0.099729   10.181244 ^ _4092_/X (sky130_fd_sc_hd__a221o_2)
                                                         _1960_ (net)
                      0.045507    0.000041   10.181285 ^ _4093_/C_N (sky130_fd_sc_hd__or3b_2)
     3    0.010754    0.103425    0.480180   10.661465 v _4093_/X (sky130_fd_sc_hd__or3b_2)
                                                         _1961_ (net)
                      0.103425    0.000195   10.661659 v _4094_/B (sky130_fd_sc_hd__or2_2)
     3    0.009773    0.076463    0.321295   10.982954 v _4094_/X (sky130_fd_sc_hd__or2_2)
                                                         _1962_ (net)
                      0.076463    0.000015   10.982969 v _4096_/A (sky130_fd_sc_hd__nand2_2)
     9    0.032515    0.176965    0.165804   11.148774 ^ _4096_/Y (sky130_fd_sc_hd__nand2_2)
                                                         _1964_ (net)
                      0.176965    0.000104   11.148878 ^ _4209_/A (sky130_fd_sc_hd__and4_2)
     2    0.009679    0.086189    0.266613   11.415490 ^ _4209_/X (sky130_fd_sc_hd__and4_2)
                                                         _2077_ (net)
                      0.086189    0.000002   11.415492 ^ _4384_/A (sky130_fd_sc_hd__nand3_2)
     2    0.005519    0.058324    0.070866   11.486358 v _4384_/Y (sky130_fd_sc_hd__nand3_2)
                                                         _2252_ (net)
                      0.058324    0.000030   11.486388 v _4443_/A2 (sky130_fd_sc_hd__a2111o_2)
     3    0.011850    0.089247    0.504546   11.990934 v _4443_/X (sky130_fd_sc_hd__a2111o_2)
                                                         _2311_ (net)
                      0.089247    0.000125   11.991059 v _4454_/A1 (sky130_fd_sc_hd__a211o_2)
     2    0.006903    0.060476    0.320598   12.311657 v _4454_/X (sky130_fd_sc_hd__a211o_2)
                                                         _2322_ (net)
                      0.060476    0.000011   12.311667 v _4455_/C1 (sky130_fd_sc_hd__o211a_2)
     2    0.011322    0.061006    0.143313   12.454981 v _4455_/X (sky130_fd_sc_hd__o211a_2)
                                                         _2323_ (net)
                      0.061006    0.000060   12.455041 v _4457_/A2 (sky130_fd_sc_hd__o21a_2)
     3    0.010083    0.051522    0.217887   12.672928 v _4457_/X (sky130_fd_sc_hd__o21a_2)
                                                         _2325_ (net)
                      0.051522    0.000035   12.672962 v _4459_/A2 (sky130_fd_sc_hd__o211a_2)
     3    0.014605    0.067655    0.274901   12.947864 v _4459_/X (sky130_fd_sc_hd__o211a_2)
                                                         _2327_ (net)
                      0.067655    0.000234   12.948098 v _4465_/A (sky130_fd_sc_hd__nor2_2)
     2    0.019855    0.231596    0.229179   13.177278 ^ _4465_/Y (sky130_fd_sc_hd__nor2_2)
                                                         _2333_ (net)
                      0.231599    0.000721   13.177999 ^ _5650_/A (sky130_fd_sc_hd__inv_2)
     1    0.037678    0.112201    0.149290   13.327289 v _5650_/Y (sky130_fd_sc_hd__inv_2)
                                                         alu_result_out[0] (net)
                      0.112207    0.000955   13.328244 v alu_result_out[0] (out)
                                             13.328244   data arrival time

                                 25.000000   25.000000   clock clk (rise edge)
                                  0.000000   25.000000   clock network delay (propagated)
                                 -0.250000   24.750000   clock uncertainty
                                  0.000000   24.750000   clock reconvergence pessimism
                                 -5.000000   19.750000   output external delay
                                             19.750000   data required time
---------------------------------------------------------------------------------------------
                                             19.750000   data required time
                                            -13.328244   data arrival time
---------------------------------------------------------------------------------------------
                                              6.421756   slack (MET)




===========================================================================
report_checks --slack_max -0.01
============================================================================
======================= nom_tt_025C_1v80 Corner ===================================

No paths found.


===========================================================================
 report_check_types -max_slew -max_cap -max_fanout -violators
============================================================================
======================= nom_tt_025C_1v80 Corner ===================================

max slew

Pin                                        Limit        Slew       Slack
------------------------------------------------------------------------
_6943_/CLK                              0.750000    8.294176   -7.544176 (VIOLATED)
_6705_/CLK                              0.750000    8.294168   -7.544168 (VIOLATED)
_6708_/CLK                              0.750000    8.294174   -7.544174 (VIOLATED)
_6795_/CLK                              0.750000    8.294168   -7.544168 (VIOLATED)
_6798_/CLK                              0.750000    8.294170   -7.544170 (VIOLATED)
_6886_/CLK                              0.750000    8.294171   -7.544171 (VIOLATED)
_6887_/CLK                              0.750000    8.294173   -7.544174 (VIOLATED)
_6889_/CLK                              0.750000    8.294177   -7.544177 (VIOLATED)
_6895_/CLK                              0.750000    8.294176   -7.544176 (VIOLATED)
_6718_/CLK                              0.750000    8.294158   -7.544158 (VIOLATED)
_6806_/CLK                              0.750000    8.294162   -7.544162 (VIOLATED)
_6856_/CLK                              0.750000    8.294160   -7.544160 (VIOLATED)
_6864_/CLK                              0.750000    8.294161   -7.544161 (VIOLATED)
_6883_/CLK                              0.750000    8.294163   -7.544163 (VIOLATED)
_6904_/CLK                              0.750000    8.294162   -7.544162 (VIOLATED)
_6912_/CLK                              0.750000    8.294162   -7.544162 (VIOLATED)
_6931_/CLK                              0.750000    8.294168   -7.544168 (VIOLATED)
_6934_/CLK                              0.750000    8.294170   -7.544170 (VIOLATED)
_6935_/CLK                              0.750000    8.294172   -7.544173 (VIOLATED)
_6937_/CLK                              0.750000    8.294177   -7.544177 (VIOLATED)
_7083_/CLK                              0.750000    8.294170   -7.544170 (VIOLATED)
_7084_/CLK                              0.750000    8.294171   -7.544171 (VIOLATED)
_6808_/CLK                              0.750000    8.294149   -7.544149 (VIOLATED)
_6710_/CLK                              0.750000    8.294139   -7.544139 (VIOLATED)
_6731_/CLK                              0.750000    8.294131   -7.544131 (VIOLATED)
_6737_/CLK                              0.750000    8.294134   -7.544135 (VIOLATED)
_6743_/CLK                              0.750000    8.294132   -7.544132 (VIOLATED)
_6749_/CLK                              0.750000    8.294133   -7.544134 (VIOLATED)
_6783_/CLK                              0.750000    8.294128   -7.544128 (VIOLATED)
_6849_/CLK                              0.750000    8.294132   -7.544132 (VIOLATED)
_6894_/CLK                              0.750000    8.294135   -7.544135 (VIOLATED)
_6942_/CLK                              0.750000    8.294135   -7.544135 (VIOLATED)
_6852_/CLK                              0.750000    8.294126   -7.544126 (VIOLATED)
_6857_/CLK                              0.750000    8.294126   -7.544126 (VIOLATED)
_6860_/CLK                              0.750000    8.294125   -7.544125 (VIOLATED)
_6896_/CLK                              0.750000    8.294128   -7.544128 (VIOLATED)
_6897_/CLK                              0.750000    8.294123   -7.544123 (VIOLATED)
_6900_/CLK                              0.750000    8.294127   -7.544127 (VIOLATED)
_6919_/CLK                              0.750000    8.294127   -7.544127 (VIOLATED)
_6944_/CLK                              0.750000    8.294128   -7.544128 (VIOLATED)
_6953_/CLK                              0.750000    8.294127   -7.544127 (VIOLATED)
_6965_/CLK                              0.750000    8.294127   -7.544127 (VIOLATED)
_6800_/CLK                              0.750000    8.294113   -7.544113 (VIOLATED)
_6888_/CLK                              0.750000    8.294113   -7.544113 (VIOLATED)
_6905_/CLK                              0.750000    8.294120   -7.544120 (VIOLATED)
_6908_/CLK                              0.750000    8.294126   -7.544126 (VIOLATED)
_6936_/CLK                              0.750000    8.294113   -7.544113 (VIOLATED)
_6757_/CLK                              0.750000    8.294099   -7.544099 (VIOLATED)
_6758_/CLK                              0.750000    8.294105   -7.544104 (VIOLATED)
_6764_/CLK                              0.750000    8.294104   -7.544103 (VIOLATED)
_6769_/CLK                              0.750000    8.294099   -7.544099 (VIOLATED)
_6770_/CLK                              0.750000    8.294105   -7.544104 (VIOLATED)
_6776_/CLK                              0.750000    8.294103   -7.544103 (VIOLATED)
_6790_/CLK                              0.750000    8.294105   -7.544104 (VIOLATED)
_6878_/CLK                              0.750000    8.294100   -7.544100 (VIOLATED)
_6926_/CLK                              0.750000    8.294104   -7.544103 (VIOLATED)
_6947_/CLK                              0.750000    8.294106   -7.544105 (VIOLATED)
_6959_/CLK                              0.750000    8.294106   -7.544106 (VIOLATED)
_6787_/CLK                              0.750000    8.294090   -7.544090 (VIOLATED)
_6809_/CLK                              0.750000    8.294092   -7.544092 (VIOLATED)
_6814_/CLK                              0.750000    8.294095   -7.544096 (VIOLATED)
_6819_/CLK                              0.750000    8.294096   -7.544096 (VIOLATED)
_6824_/CLK                              0.750000    8.294086   -7.544086 (VIOLATED)
_6923_/CLK                              0.750000    8.294090   -7.544090 (VIOLATED)
_6766_/CLK                              0.750000    8.294079   -7.544078 (VIOLATED)
_6772_/CLK                              0.750000    8.294069   -7.544070 (VIOLATED)
_6697_/CLK                              0.750000    8.294055   -7.544055 (VIOLATED)
_6700_/CLK                              0.750000    8.294056   -7.544056 (VIOLATED)
_6760_/CLK                              0.750000    8.294054   -7.544054 (VIOLATED)
_6875_/CLK                              0.750000    8.294055   -7.544055 (VIOLATED)
_6754_/CLK                              0.750000    8.294043   -7.544043 (VIOLATED)
_6948_/CLK                              0.750000    8.294024   -7.544024 (VIOLATED)
_6954_/CLK                              0.750000    8.294024   -7.544024 (VIOLATED)
_6960_/CLK                              0.750000    8.294024   -7.544024 (VIOLATED)
_6966_/CLK                              0.750000    8.294023   -7.544023 (VIOLATED)
_6921_/CLK                              0.750000    8.294012   -7.544012 (VIOLATED)
_6780_/CLK                              0.750000    8.293978   -7.543977 (VIOLATED)
_6916_/CLK                              0.750000    8.293977   -7.543976 (VIOLATED)
_6969_/CLK                              0.750000    8.293978   -7.543977 (VIOLATED)
_6974_/CLK                              0.750000    8.293978   -7.543977 (VIOLATED)
_6871_/CLK                              0.750000    8.293963   -7.543963 (VIOLATED)
_6693_/CLK                              0.750000    8.293922   -7.543922 (VIOLATED)
_6868_/CLK                              0.750000    8.293927   -7.543928 (VIOLATED)
_6763_/CLK                              0.750000    8.293908   -7.543908 (VIOLATED)
_6775_/CLK                              0.750000    8.293908   -7.543908 (VIOLATED)
_6690_/CLK                              0.750000    8.293898   -7.543897 (VIOLATED)
_6854_/CLK                              0.750000    8.293904   -7.543904 (VIOLATED)
_6719_/CLK                              0.750000    8.293897   -7.543896 (VIOLATED)
_6855_/CLK                              0.750000    8.293901   -7.543902 (VIOLATED)
_6862_/CLK                              0.750000    8.293907   -7.543907 (VIOLATED)
_6863_/CLK                              0.750000    8.293900   -7.543901 (VIOLATED)
_6902_/CLK                              0.750000    8.293906   -7.543906 (VIOLATED)
_6903_/CLK                              0.750000    8.293900   -7.543900 (VIOLATED)
_6910_/CLK                              0.750000    8.293907   -7.543907 (VIOLATED)
_6724_/CLK                              0.750000    8.293892   -7.543892 (VIOLATED)
_6911_/CLK                              0.750000    8.293899   -7.543898 (VIOLATED)
_6950_/CLK                              0.750000    8.293901   -7.543902 (VIOLATED)
_6956_/CLK                              0.750000    8.293900   -7.543901 (VIOLATED)
_6962_/CLK                              0.750000    8.293900   -7.543901 (VIOLATED)
_6968_/CLK                              0.750000    8.293900   -7.543901 (VIOLATED)
_6704_/CLK                              0.750000    8.293884   -7.543884 (VIOLATED)
_6756_/CLK                              0.750000    8.293887   -7.543888 (VIOLATED)
_6762_/CLK                              0.750000    8.293887   -7.543887 (VIOLATED)
_6768_/CLK                              0.750000    8.293887   -7.543888 (VIOLATED)
_6774_/CLK                              0.750000    8.293885   -7.543885 (VIOLATED)
_6811_/CLK                              0.750000    8.293881   -7.543881 (VIOLATED)
_6826_/CLK                              0.750000    8.293876   -7.543876 (VIOLATED)
_6734_/CLK                              0.750000    8.293865   -7.543865 (VIOLATED)
_6740_/CLK                              0.750000    8.293859   -7.543858 (VIOLATED)
_6866_/CLK                              0.750000    8.293848   -7.543848 (VIOLATED)
_6721_/CLK                              0.750000    8.293836   -7.543836 (VIOLATED)
_6726_/CLK                              0.750000    8.293834   -7.543833 (VIOLATED)
_6729_/CLK                              0.750000    8.293836   -7.543836 (VIOLATED)
_6735_/CLK                              0.750000    8.293836   -7.543835 (VIOLATED)
_6741_/CLK                              0.750000    8.293836   -7.543836 (VIOLATED)
_6747_/CLK                              0.750000    8.293834   -7.543833 (VIOLATED)
_6778_/CLK                              0.750000    8.293838   -7.543838 (VIOLATED)
_6813_/CLK                              0.750000    8.293837   -7.543837 (VIOLATED)
_6818_/CLK                              0.750000    8.293839   -7.543839 (VIOLATED)
_6828_/CLK                              0.750000    8.293838   -7.543838 (VIOLATED)
_6858_/CLK                              0.750000    8.293838   -7.543838 (VIOLATED)
_6816_/CLK                              0.750000    8.293830   -7.543830 (VIOLATED)
_6821_/CLK                              0.750000    8.293831   -7.543831 (VIOLATED)
_6823_/CLK                              0.750000    8.293838   -7.543838 (VIOLATED)
_6861_/CLK                              0.750000    8.293836   -7.543835 (VIOLATED)
_6898_/CLK                              0.750000    8.293838   -7.543838 (VIOLATED)
_6901_/CLK                              0.750000    8.293836   -7.543835 (VIOLATED)
_6906_/CLK                              0.750000    8.293837   -7.543837 (VIOLATED)
_6909_/CLK                              0.750000    8.293836   -7.543836 (VIOLATED)
_6971_/CLK                              0.750000    8.293836   -7.543836 (VIOLATED)
_6976_/CLK                              0.750000    8.293835   -7.543834 (VIOLATED)
_6829_/CLK                              0.750000    8.293826   -7.543826 (VIOLATED)
_6831_/CLK                              0.750000    8.293831   -7.543831 (VIOLATED)
_6836_/CLK                              0.750000    8.293833   -7.543832 (VIOLATED)
_6841_/CLK                              0.750000    8.293834   -7.543833 (VIOLATED)
_6746_/CLK                              0.750000    8.293817   -7.543817 (VIOLATED)
_6834_/CLK                              0.750000    8.293823   -7.543824 (VIOLATED)
_6839_/CLK                              0.750000    8.293831   -7.543831 (VIOLATED)
_6844_/CLK                              0.750000    8.293830   -7.543830 (VIOLATED)
_6850_/CLK                              0.750000    8.293837   -7.543837 (VIOLATED)
_6846_/CLK                              0.750000    8.293829   -7.543829 (VIOLATED)
_6853_/CLK                              0.750000    8.293836   -7.543836 (VIOLATED)
_6810_/CLK                              0.750000    8.293816   -7.543816 (VIOLATED)
_6815_/CLK                              0.750000    8.293816   -7.543816 (VIOLATED)
_6820_/CLK                              0.750000    8.293817   -7.543817 (VIOLATED)
_6822_/CLK                              0.750000    8.293814   -7.543814 (VIOLATED)
_6825_/CLK                              0.750000    8.293816   -7.543816 (VIOLATED)
_6833_/CLK                              0.750000    8.293812   -7.543812 (VIOLATED)
_6703_/CLK                              0.750000    8.293802   -7.543802 (VIOLATED)
_6723_/CLK                              0.750000    8.293810   -7.543809 (VIOLATED)
_6725_/CLK                              0.750000    8.293807   -7.543807 (VIOLATED)
_6728_/CLK                              0.750000    8.293808   -7.543808 (VIOLATED)
_6730_/CLK                              0.750000    8.293810   -7.543810 (VIOLATED)
_6732_/CLK                              0.750000    8.293806   -7.543806 (VIOLATED)
_6736_/CLK                              0.750000    8.293810   -7.543810 (VIOLATED)
_6738_/CLK                              0.750000    8.293805   -7.543805 (VIOLATED)
_6742_/CLK                              0.750000    8.293811   -7.543811 (VIOLATED)
_6744_/CLK                              0.750000    8.293805   -7.543805 (VIOLATED)
_6748_/CLK                              0.750000    8.293811   -7.543811 (VIOLATED)
_6750_/CLK                              0.750000    8.293806   -7.543806 (VIOLATED)
_6752_/CLK                              0.750000    8.293812   -7.543812 (VIOLATED)
_6753_/CLK                              0.750000    8.293804   -7.543804 (VIOLATED)
_6759_/CLK                              0.750000    8.293802   -7.543802 (VIOLATED)
_6765_/CLK                              0.750000    8.293806   -7.543806 (VIOLATED)
_6771_/CLK                              0.750000    8.293805   -7.543805 (VIOLATED)
_6838_/CLK                              0.750000    8.293810   -7.543809 (VIOLATED)
_6843_/CLK                              0.750000    8.293813   -7.543813 (VIOLATED)
_6848_/CLK                              0.750000    8.293810   -7.543809 (VIOLATED)
_6784_/CLK                              0.750000    8.293800   -7.543800 (VIOLATED)
_6851_/CLK                              0.750000    8.293797   -7.543798 (VIOLATED)
_6899_/CLK                              0.750000    8.293803   -7.543803 (VIOLATED)
_6920_/CLK                              0.750000    8.293800   -7.543800 (VIOLATED)
_6945_/CLK                              0.750000    8.293808   -7.543808 (VIOLATED)
_6951_/CLK                              0.750000    8.293806   -7.543806 (VIOLATED)
_6957_/CLK                              0.750000    8.293807   -7.543807 (VIOLATED)
_6963_/CLK                              0.750000    8.293807   -7.543807 (VIOLATED)
_6973_/CLK                              0.750000    8.293808   -7.543808 (VIOLATED)
_6975_/CLK                              0.750000    8.293807   -7.543807 (VIOLATED)
_6978_/CLK                              0.750000    8.293810   -7.543809 (VIOLATED)
_6859_/CLK                              0.750000    8.293790   -7.543790 (VIOLATED)
_6907_/CLK                              0.750000    8.293797   -7.543797 (VIOLATED)
_6914_/CLK                              0.750000    8.293760   -7.543760 (VIOLATED)
_6946_/CLK                              0.750000    8.293758   -7.543759 (VIOLATED)
_6952_/CLK                              0.750000    8.293763   -7.543763 (VIOLATED)
_6958_/CLK                              0.750000    8.293762   -7.543762 (VIOLATED)
_6964_/CLK                              0.750000    8.293763   -7.543763 (VIOLATED)
_6793_/CLK                              0.750000    8.293740   -7.543740 (VIOLATED)
_6929_/CLK                              0.750000    8.293739   -7.543739 (VIOLATED)
_6727_/CLK                              0.750000    8.293732   -7.543731 (VIOLATED)
_6872_/CLK                              0.750000    8.293732   -7.543731 (VIOLATED)
_6930_/CLK                              0.750000    8.293730   -7.543729 (VIOLATED)
_6977_/CLK                              0.750000    8.293732   -7.543731 (VIOLATED)
_6688_/CLK                              0.750000    8.293720   -7.543721 (VIOLATED)
_6881_/CLK                              0.750000    8.293724   -7.543724 (VIOLATED)
_6882_/CLK                              0.750000    8.293730   -7.543729 (VIOLATED)
_6733_/CLK                              0.750000    8.293699   -7.543699 (VIOLATED)
_6794_/CLK                              0.750000    8.293706   -7.543705 (VIOLATED)
_6745_/CLK                              0.750000    8.293696   -7.543696 (VIOLATED)
_6751_/CLK                              0.750000    8.293699   -7.543699 (VIOLATED)
_6812_/CLK                              0.750000    8.293704   -7.543704 (VIOLATED)
_6817_/CLK                              0.750000    8.293705   -7.543705 (VIOLATED)
_6827_/CLK                              0.750000    8.293704   -7.543704 (VIOLATED)
_6755_/CLK                              0.750000    8.293694   -7.543695 (VIOLATED)
_6949_/CLK                              0.750000    8.293700   -7.543700 (VIOLATED)
_6955_/CLK                              0.750000    8.293704   -7.543704 (VIOLATED)
_6961_/CLK                              0.750000    8.293701   -7.543701 (VIOLATED)
_6967_/CLK                              0.750000    8.293703   -7.543703 (VIOLATED)
_6720_/CLK                              0.750000    8.293687   -7.543687 (VIOLATED)
_6761_/CLK                              0.750000    8.293694   -7.543694 (VIOLATED)
_6767_/CLK                              0.750000    8.293694   -7.543695 (VIOLATED)
_6773_/CLK                              0.750000    8.293694   -7.543693 (VIOLATED)
_6781_/CLK                              0.750000    8.293695   -7.543695 (VIOLATED)
_6869_/CLK                              0.750000    8.293691   -7.543690 (VIOLATED)
_6739_/CLK                              0.750000    8.293682   -7.543682 (VIOLATED)
_6789_/CLK                              0.750000    8.293683   -7.543683 (VIOLATED)
_6925_/CLK                              0.750000    8.293680   -7.543681 (VIOLATED)
_6970_/CLK                              0.750000    8.293688   -7.543688 (VIOLATED)
_6694_/CLK                              0.750000    8.293672   -7.543672 (VIOLATED)
_6830_/CLK                              0.750000    8.293677   -7.543677 (VIOLATED)
_6832_/CLK                              0.750000    8.293680   -7.543681 (VIOLATED)
_6835_/CLK                              0.750000    8.293680   -7.543681 (VIOLATED)
_6837_/CLK                              0.750000    8.293680   -7.543681 (VIOLATED)
_6840_/CLK                              0.750000    8.293680   -7.543681 (VIOLATED)
_6842_/CLK                              0.750000    8.293683   -7.543683 (VIOLATED)
_6845_/CLK                              0.750000    8.293680   -7.543680 (VIOLATED)
_6847_/CLK                              0.750000    8.293683   -7.543683 (VIOLATED)
_6981_/CLK                              0.750000    8.293679   -7.543679 (VIOLATED)
_6982_/CLK                              0.750000    8.293679   -7.543679 (VIOLATED)
_6983_/CLK                              0.750000    8.293677   -7.543677 (VIOLATED)
_6699_/CLK                              0.750000    8.293668   -7.543668 (VIOLATED)
_6877_/CLK                              0.750000    8.293673   -7.543673 (VIOLATED)
_7379_/CLK                              0.750000    8.293656   -7.543656 (VIOLATED)
_6722_/CLK                              0.750000    8.293643   -7.543643 (VIOLATED)
_6917_/CLK                              0.750000    8.293642   -7.543643 (VIOLATED)
_6972_/CLK                              0.750000    8.293643   -7.543643 (VIOLATED)
_7382_/CLK                              0.750000    8.293651   -7.543650 (VIOLATED)
_7380_/CLK                              0.750000    8.293633   -7.543633 (VIOLATED)
_7377_/CLK                              0.750000    8.293625   -7.543624 (VIOLATED)
_6701_/CLK                              0.750000    8.293538   -7.543539 (VIOLATED)
_6706_/CLK                              0.750000    8.293542   -7.543542 (VIOLATED)
_6785_/CLK                              0.750000    8.293540   -7.543540 (VIOLATED)
_6791_/CLK                              0.750000    8.293536   -7.543536 (VIOLATED)
_6796_/CLK                              0.750000    8.293539   -7.543540 (VIOLATED)
_6873_/CLK                              0.750000    8.293540   -7.543540 (VIOLATED)
_6884_/CLK                              0.750000    8.293542   -7.543542 (VIOLATED)
_6702_/CLK                              0.750000    8.293528   -7.543528 (VIOLATED)
_6870_/CLK                              0.750000    8.293532   -7.543532 (VIOLATED)
_6879_/CLK                              0.750000    8.293536   -7.543536 (VIOLATED)
_6880_/CLK                              0.750000    8.293527   -7.543527 (VIOLATED)
_6918_/CLK                              0.750000    8.293530   -7.543530 (VIOLATED)
_6927_/CLK                              0.750000    8.293536   -7.543536 (VIOLATED)
_6932_/CLK                              0.750000    8.293542   -7.543542 (VIOLATED)
_6928_/CLK                              0.750000    8.293528   -7.543528 (VIOLATED)
_6777_/CLK                              0.750000    8.293518   -7.543518 (VIOLATED)
_6792_/CLK                              0.750000    8.293525   -7.543525 (VIOLATED)
_6865_/CLK                              0.750000    8.293518   -7.543518 (VIOLATED)
_6913_/CLK                              0.750000    8.293513   -7.543514 (VIOLATED)
_7385_/CLK                              0.750000    8.293512   -7.543513 (VIOLATED)
_7386_/CLK                              0.750000    8.293512   -7.543513 (VIOLATED)
_6788_/CLK                              0.750000    8.293502   -7.543502 (VIOLATED)
_6924_/CLK                              0.750000    8.293504   -7.543504 (VIOLATED)
_6695_/CLK                              0.750000    8.293494   -7.543494 (VIOLATED)
_7215_/CLK                              0.750000    8.293487   -7.543486 (VIOLATED)
_7384_/CLK                              0.750000    8.293481   -7.543481 (VIOLATED)
_7381_/CLK                              0.750000    8.293472   -7.543472 (VIOLATED)
_6989_/CLK                              0.750000    8.293462   -7.543462 (VIOLATED)
_7038_/CLK                              0.750000    8.293461   -7.543460 (VIOLATED)
_7039_/CLK                              0.750000    8.293461   -7.543461 (VIOLATED)
_6687_/CLK                              0.750000    8.293449   -7.543449 (VIOLATED)
_6689_/CLK                              0.750000    8.293450   -7.543450 (VIOLATED)
_6692_/CLK                              0.750000    8.293455   -7.543455 (VIOLATED)
_6698_/CLK                              0.750000    8.293457   -7.543457 (VIOLATED)
_6779_/CLK                              0.750000    8.293452   -7.543452 (VIOLATED)
_6782_/CLK                              0.750000    8.293456   -7.543456 (VIOLATED)
_6867_/CLK                              0.750000    8.293454   -7.543454 (VIOLATED)
_6876_/CLK                              0.750000    8.293456   -7.543456 (VIOLATED)
_6696_/CLK                              0.750000    8.293444   -7.543443 (VIOLATED)
_6786_/CLK                              0.750000    8.293444   -7.543443 (VIOLATED)
_6874_/CLK                              0.750000    8.293447   -7.543446 (VIOLATED)
_6915_/CLK                              0.750000    8.293445   -7.543444 (VIOLATED)
_6922_/CLK                              0.750000    8.293446   -7.543445 (VIOLATED)
_6984_/CLK                              0.750000    8.293451   -7.543451 (VIOLATED)
_6985_/CLK                              0.750000    8.293456   -7.543456 (VIOLATED)
_6986_/CLK                              0.750000    8.293461   -7.543460 (VIOLATED)
_7069_/CLK                              0.750000    8.293461   -7.543460 (VIOLATED)
_7375_/CLK                              0.750000    8.293461   -7.543461 (VIOLATED)
_7189_/CLK                              0.750000    8.293450   -7.543450 (VIOLATED)
_7383_/CLK                              0.750000    8.293455   -7.543455 (VIOLATED)
_7387_/CLK                              0.750000    8.293460   -7.543459 (VIOLATED)
_7376_/CLK                              0.750000    8.293446   -7.543445 (VIOLATED)
_7343_/CLK                              0.750000    8.293434   -7.543434 (VIOLATED)
_7378_/CLK                              0.750000    8.293438   -7.543438 (VIOLATED)
_7183_/CLK                              0.750000    8.293424   -7.543424 (VIOLATED)
_7188_/CLK                              0.750000    8.293416   -7.543416 (VIOLATED)
_7029_/CLK                              0.750000    8.293395   -7.543395 (VIOLATED)
_7028_/CLK                              0.750000    8.293225   -7.543225 (VIOLATED)
_6711_/CLK                              0.750000    8.293116   -7.543116 (VIOLATED)
_6712_/CLK                              0.750000    8.293118   -7.543118 (VIOLATED)
_6713_/CLK                              0.750000    8.293113   -7.543113 (VIOLATED)
_6714_/CLK                              0.750000    8.293118   -7.543118 (VIOLATED)
_6715_/CLK                              0.750000    8.293114   -7.543114 (VIOLATED)
_6716_/CLK                              0.750000    8.293115   -7.543115 (VIOLATED)
_6717_/CLK                              0.750000    8.293117   -7.543117 (VIOLATED)
_6707_/CLK                              0.750000    8.293105   -7.543105 (VIOLATED)
_6802_/CLK                              0.750000    8.293110   -7.543109 (VIOLATED)
_6805_/CLK                              0.750000    8.293110   -7.543109 (VIOLATED)
_6890_/CLK                              0.750000    8.293115   -7.543115 (VIOLATED)
_6891_/CLK                              0.750000    8.293108   -7.543108 (VIOLATED)
_6892_/CLK                              0.750000    8.293115   -7.543115 (VIOLATED)
_6893_/CLK                              0.750000    8.293109   -7.543108 (VIOLATED)
_6933_/CLK                              0.750000    8.293104   -7.543104 (VIOLATED)
_6941_/CLK                              0.750000    8.293110   -7.543109 (VIOLATED)
_7111_/CLK                              0.750000    8.293111   -7.543111 (VIOLATED)
_7115_/CLK                              0.750000    8.293110   -7.543109 (VIOLATED)
_7116_/CLK                              0.750000    8.293108   -7.543108 (VIOLATED)
_7145_/CLK                              0.750000    8.293111   -7.543110 (VIOLATED)
_7147_/CLK                              0.750000    8.293111   -7.543111 (VIOLATED)
_7148_/CLK                              0.750000    8.293106   -7.543106 (VIOLATED)
_7273_/CLK                              0.750000    8.293113   -7.543113 (VIOLATED)
_7149_/CLK                              0.750000    8.293105   -7.543105 (VIOLATED)
_7179_/CLK                              0.750000    8.293111   -7.543111 (VIOLATED)
_7241_/CLK                              0.750000    8.293116   -7.543116 (VIOLATED)
_7180_/CLK                              0.750000    8.293107   -7.543107 (VIOLATED)
_7181_/CLK                              0.750000    8.293106   -7.543106 (VIOLATED)
_7212_/CLK                              0.750000    8.293106   -7.543106 (VIOLATED)
_7243_/CLK                              0.750000    8.293110   -7.543109 (VIOLATED)
_7244_/CLK                              0.750000    8.293109   -7.543108 (VIOLATED)
_7245_/CLK                              0.750000    8.293105   -7.543105 (VIOLATED)
_7275_/CLK                              0.750000    8.293111   -7.543111 (VIOLATED)
_7276_/CLK                              0.750000    8.293110   -7.543109 (VIOLATED)
_7337_/CLK                              0.750000    8.293115   -7.543115 (VIOLATED)
_7277_/CLK                              0.750000    8.293104   -7.543104 (VIOLATED)
_7308_/CLK                              0.750000    8.293110   -7.543109 (VIOLATED)
_7340_/CLK                              0.750000    8.293108   -7.543108 (VIOLATED)
_7369_/CLK                              0.750000    8.293114   -7.543114 (VIOLATED)
_6709_/CLK                              0.750000    8.293097   -7.543096 (VIOLATED)
_6797_/CLK                              0.750000    8.293099   -7.543100 (VIOLATED)
_6799_/CLK                              0.750000    8.293096   -7.543095 (VIOLATED)
_6801_/CLK                              0.750000    8.293097   -7.543097 (VIOLATED)
_6803_/CLK                              0.750000    8.293098   -7.543099 (VIOLATED)
_6804_/CLK                              0.750000    8.293100   -7.543100 (VIOLATED)
_6807_/CLK                              0.750000    8.293097   -7.543096 (VIOLATED)
_6885_/CLK                              0.750000    8.293099   -7.543100 (VIOLATED)
_6938_/CLK                              0.750000    8.293100   -7.543100 (VIOLATED)
_6939_/CLK                              0.750000    8.293097   -7.543097 (VIOLATED)
_6940_/CLK                              0.750000    8.293100   -7.543100 (VIOLATED)
_7009_/CLK                              0.750000    8.293098   -7.543098 (VIOLATED)
_7010_/CLK                              0.750000    8.293098   -7.543098 (VIOLATED)
_7024_/CLK                              0.750000    8.293100   -7.543100 (VIOLATED)
_7026_/CLK                              0.750000    8.293105   -7.543105 (VIOLATED)
_7027_/CLK                              0.750000    8.293091   -7.543091 (VIOLATED)
_7079_/CLK                              0.750000    8.293093   -7.543093 (VIOLATED)
_7177_/CLK                              0.750000    8.293097   -7.543096 (VIOLATED)
_7081_/CLK                              0.750000    8.293085   -7.543086 (VIOLATED)
_7209_/CLK                              0.750000    8.293088   -7.543088 (VIOLATED)
_7401_/CLK                              0.750000    8.293091   -7.543091 (VIOLATED)
_7403_/CLK                              0.750000    8.293098   -7.543098 (VIOLATED)
_7143_/CLK                              0.750000    8.293080   -7.543080 (VIOLATED)
_7211_/CLK                              0.750000    8.293085   -7.543085 (VIOLATED)
_7175_/CLK                              0.750000    8.293077   -7.543077 (VIOLATED)
_7239_/CLK                              0.750000    8.293083   -7.543083 (VIOLATED)
_7271_/CLK                              0.750000    8.293080   -7.543080 (VIOLATED)
_7303_/CLK                              0.750000    8.293077   -7.543077 (VIOLATED)
_7335_/CLK                              0.750000    8.293082   -7.543082 (VIOLATED)
_7339_/CLK                              0.750000    8.293083   -7.543083 (VIOLATED)
_7367_/CLK                              0.750000    8.293081   -7.543081 (VIOLATED)
_7371_/CLK                              0.750000    8.293083   -7.543083 (VIOLATED)
_7086_/CLK                              0.750000    8.293066   -7.543066 (VIOLATED)
_7113_/CLK                              0.750000    8.293068   -7.543068 (VIOLATED)
_7178_/CLK                              0.750000    8.293072   -7.543071 (VIOLATED)
_7207_/CLK                              0.750000    8.293073   -7.543073 (VIOLATED)
_7210_/CLK                              0.750000    8.293066   -7.543066 (VIOLATED)
_7305_/CLK                              0.750000    8.293073   -7.543072 (VIOLATED)
_7307_/CLK                              0.750000    8.293077   -7.543077 (VIOLATED)
_7372_/CLK                              0.750000    8.293077   -7.543077 (VIOLATED)
_7373_/CLK                              0.750000    8.293080   -7.543080 (VIOLATED)
_7399_/CLK                              0.750000    8.293078   -7.543078 (VIOLATED)
_7022_/CLK                              0.750000    8.293059   -7.543060 (VIOLATED)
_7085_/CLK                              0.750000    8.293055   -7.543055 (VIOLATED)
_7146_/CLK                              0.750000    8.293058   -7.543058 (VIOLATED)
_7404_/CLK                              0.750000    8.293060   -7.543061 (VIOLATED)
_7402_/CLK                              0.750000    8.293043   -7.543043 (VIOLATED)
_7023_/CLK                              0.750000    8.293035   -7.543035 (VIOLATED)
_7025_/CLK                              0.750000    8.293035   -7.543035 (VIOLATED)
_7052_/CLK                              0.750000    8.293035   -7.543035 (VIOLATED)
_7053_/CLK                              0.750000    8.293036   -7.543036 (VIOLATED)
_7054_/CLK                              0.750000    8.293036   -7.543036 (VIOLATED)
_7242_/CLK                              0.750000    8.293038   -7.543038 (VIOLATED)
_7274_/CLK                              0.750000    8.293034   -7.543034 (VIOLATED)
_7400_/CLK                              0.750000    8.293034   -7.543034 (VIOLATED)
_7082_/CLK                              0.750000    8.293020   -7.543020 (VIOLATED)
_7405_/CLK                              0.750000    8.293027   -7.543027 (VIOLATED)
_7406_/CLK                              0.750000    8.293032   -7.543031 (VIOLATED)
_7397_/CLK                              0.750000    8.292994   -7.542994 (VIOLATED)
_6691_/CLK                              0.750000    8.292971   -7.542971 (VIOLATED)
_6980_/CLK                              0.750000    8.292970   -7.542970 (VIOLATED)
_7015_/CLK                              0.750000    8.292968   -7.542967 (VIOLATED)
_7035_/CLK                              0.750000    8.292969   -7.542969 (VIOLATED)
_7060_/CLK                              0.750000    8.292971   -7.542971 (VIOLATED)
_7349_/CLK                              0.750000    8.292971   -7.542971 (VIOLATED)
_7077_/CLK                              0.750000    8.292956   -7.542957 (VIOLATED)
_7184_/CLK                              0.750000    8.292942   -7.542942 (VIOLATED)
_7396_/CLK                              0.750000    8.292905   -7.542905 (VIOLATED)
_7059_/CLK                              0.750000    8.292843   -7.542843 (VIOLATED)
_7345_/CLK                              0.750000    8.292759   -7.542758 (VIOLATED)
_6979_/CLK                              0.750000    8.292747   -7.542746 (VIOLATED)
_6987_/CLK                              0.750000    8.292747   -7.542746 (VIOLATED)
_6988_/CLK                              0.750000    8.292749   -7.542750 (VIOLATED)
_6990_/CLK                              0.750000    8.292749   -7.542749 (VIOLATED)
_6991_/CLK                              0.750000    8.292747   -7.542747 (VIOLATED)
_7388_/CLK                              0.750000    8.292750   -7.542751 (VIOLATED)
_7390_/CLK                              0.750000    8.292750   -7.542751 (VIOLATED)
_7391_/CLK                              0.750000    8.292749   -7.542750 (VIOLATED)
_7392_/CLK                              0.750000    8.292744   -7.542744 (VIOLATED)
_6992_/CLK                              0.750000    8.292665   -7.542665 (VIOLATED)
_7034_/CLK                              0.750000    8.292664   -7.542664 (VIOLATED)
_7311_/CLK                              0.750000    8.292637   -7.542637 (VIOLATED)
_7001_/CLK                              0.750000    8.292609   -7.542609 (VIOLATED)
_7000_/CLK                              0.750000    8.292602   -7.542602 (VIOLATED)
_7002_/CLK                              0.750000    8.292602   -7.542602 (VIOLATED)
_7003_/CLK                              0.750000    8.292608   -7.542609 (VIOLATED)
_7117_/CLK                              0.750000    8.292607   -7.542608 (VIOLATED)
_7213_/CLK                              0.750000    8.292609   -7.542609 (VIOLATED)
_6994_/CLK                              0.750000    8.292593   -7.542593 (VIOLATED)
_6995_/CLK                              0.750000    8.292594   -7.542593 (VIOLATED)
_6996_/CLK                              0.750000    8.292595   -7.542595 (VIOLATED)
_6997_/CLK                              0.750000    8.292595   -7.542595 (VIOLATED)
_6998_/CLK                              0.750000    8.292597   -7.542597 (VIOLATED)
_6999_/CLK                              0.750000    8.292598   -7.542598 (VIOLATED)
_7004_/CLK                              0.750000    8.292599   -7.542599 (VIOLATED)
_7005_/CLK                              0.750000    8.292601   -7.542601 (VIOLATED)
_7006_/CLK                              0.750000    8.292601   -7.542601 (VIOLATED)
_7214_/CLK                              0.750000    8.292603   -7.542603 (VIOLATED)
_7246_/CLK                              0.750000    8.292606   -7.542606 (VIOLATED)
_7278_/CLK                              0.750000    8.292606   -7.542606 (VIOLATED)
_7309_/CLK                              0.750000    8.292607   -7.542608 (VIOLATED)
_7341_/CLK                              0.750000    8.292607   -7.542608 (VIOLATED)
_7007_/CLK                              0.750000    8.292590   -7.542590 (VIOLATED)
_7008_/CLK                              0.750000    8.292590   -7.542590 (VIOLATED)
_7051_/CLK                              0.750000    8.292591   -7.542591 (VIOLATED)
_7150_/CLK                              0.750000    8.292597   -7.542597 (VIOLATED)
_7182_/CLK                              0.750000    8.292594   -7.542594 (VIOLATED)
_7203_/CLK                              0.750000    8.292591   -7.542591 (VIOLATED)
_7048_/CLK                              0.750000    8.292583   -7.542583 (VIOLATED)
_7270_/CLK                              0.750000    8.292586   -7.542586 (VIOLATED)
_7306_/CLK                              0.750000    8.292589   -7.542589 (VIOLATED)
_7338_/CLK                              0.750000    8.292589   -7.542589 (VIOLATED)
_7342_/CLK                              0.750000    8.292593   -7.542593 (VIOLATED)
_7374_/CLK                              0.750000    8.292593   -7.542593 (VIOLATED)
_6993_/CLK                              0.750000    8.292578   -7.542577 (VIOLATED)
_7020_/CLK                              0.750000    8.292583   -7.542583 (VIOLATED)
_7370_/CLK                              0.750000    8.292583   -7.542583 (VIOLATED)
_7049_/CLK                              0.750000    8.292573   -7.542573 (VIOLATED)
_7050_/CLK                              0.750000    8.292578   -7.542577 (VIOLATED)
_7075_/CLK                              0.750000    8.292577   -7.542577 (VIOLATED)
_7078_/CLK                              0.750000    8.292578   -7.542577 (VIOLATED)
_7080_/CLK                              0.750000    8.292579   -7.542578 (VIOLATED)
_7114_/CLK                              0.750000    8.292579   -7.542578 (VIOLATED)
_7118_/CLK                              0.750000    8.292585   -7.542585 (VIOLATED)
_7046_/CLK                              0.750000    8.292576   -7.542576 (VIOLATED)
_7047_/CLK                              0.750000    8.292572   -7.542572 (VIOLATED)
_7393_/CLK                              0.750000    8.292579   -7.542578 (VIOLATED)
_7142_/CLK                              0.750000    8.292570   -7.542570 (VIOLATED)
_7394_/CLK                              0.750000    8.292578   -7.542577 (VIOLATED)
_7395_/CLK                              0.750000    8.292578   -7.542577 (VIOLATED)
_7398_/CLK                              0.750000    8.292579   -7.542578 (VIOLATED)
_7174_/CLK                              0.750000    8.292569   -7.542570 (VIOLATED)
_7141_/CLK                              0.750000    8.292562   -7.542562 (VIOLATED)
_7206_/CLK                              0.750000    8.292562   -7.542562 (VIOLATED)
_7269_/CLK                              0.750000    8.292567   -7.542567 (VIOLATED)
_7366_/CLK                              0.750000    8.292567   -7.542567 (VIOLATED)
_7205_/CLK                              0.750000    8.292552   -7.542552 (VIOLATED)
_7109_/CLK                              0.750000    8.292532   -7.542532 (VIOLATED)
_7137_/CLK                              0.750000    8.292540   -7.542539 (VIOLATED)
_7201_/CLK                              0.750000    8.292532   -7.542532 (VIOLATED)
_7019_/CLK                              0.750000    8.292513   -7.542512 (VIOLATED)
_7070_/CLK                              0.750000    8.292515   -7.542514 (VIOLATED)
_7202_/CLK                              0.750000    8.292514   -7.542513 (VIOLATED)
_7074_/CLK                              0.750000    8.292493   -7.542493 (VIOLATED)
_7076_/CLK                              0.750000    8.292494   -7.542494 (VIOLATED)
_7042_/CLK                              0.750000    8.292486   -7.542486 (VIOLATED)
_7073_/CLK                              0.750000    8.292473   -7.542473 (VIOLATED)
_7071_/CLK                              0.750000    8.292450   -7.542449 (VIOLATED)
_7389_/CLK                              0.750000    8.292452   -7.542451 (VIOLATED)
_7033_/CLK                              0.750000    8.292439   -7.542438 (VIOLATED)
_7041_/CLK                              0.750000    8.292442   -7.542442 (VIOLATED)
_7043_/CLK                              0.750000    8.292435   -7.542434 (VIOLATED)
_7044_/CLK                              0.750000    8.292437   -7.542436 (VIOLATED)
_7045_/CLK                              0.750000    8.292437   -7.542436 (VIOLATED)
_7072_/CLK                              0.750000    8.292437   -7.542436 (VIOLATED)
_7197_/CLK                              0.750000    8.292431   -7.542431 (VIOLATED)
_7198_/CLK                              0.750000    8.292435   -7.542434 (VIOLATED)
_7199_/CLK                              0.750000    8.292437   -7.542436 (VIOLATED)
_7200_/CLK                              0.750000    8.292437   -7.542436 (VIOLATED)
_7262_/CLK                              0.750000    8.292434   -7.542434 (VIOLATED)
_7263_/CLK                              0.750000    8.292428   -7.542428 (VIOLATED)
_7357_/CLK                              0.750000    8.292434   -7.542434 (VIOLATED)
_7254_/CLK                              0.750000    8.292406   -7.542406 (VIOLATED)
_7018_/CLK                              0.750000    8.292397   -7.542396 (VIOLATED)
_7208_/CLK                              0.750000    8.292397   -7.542397 (VIOLATED)
_7264_/CLK                              0.750000    8.292403   -7.542403 (VIOLATED)
_7272_/CLK                              0.750000    8.292396   -7.542396 (VIOLATED)
_7065_/CLK                              0.750000    8.292387   -7.542387 (VIOLATED)
_7068_/CLK                              0.750000    8.292387   -7.542387 (VIOLATED)
_7105_/CLK                              0.750000    8.292393   -7.542393 (VIOLATED)
_7112_/CLK                              0.750000    8.292393   -7.542393 (VIOLATED)
_7144_/CLK                              0.750000    8.292396   -7.542396 (VIOLATED)
_7171_/CLK                              0.750000    8.292389   -7.542389 (VIOLATED)
_7176_/CLK                              0.750000    8.292396   -7.542396 (VIOLATED)
_7196_/CLK                              0.750000    8.292387   -7.542387 (VIOLATED)
_7304_/CLK                              0.750000    8.292394   -7.542394 (VIOLATED)
_7310_/CLK                              0.750000    8.292397   -7.542397 (VIOLATED)
_7336_/CLK                              0.750000    8.292396   -7.542396 (VIOLATED)
_7368_/CLK                              0.750000    8.292395   -7.542395 (VIOLATED)
_7235_/CLK                              0.750000    8.292384   -7.542384 (VIOLATED)
_7240_/CLK                              0.750000    8.292387   -7.542387 (VIOLATED)
_7135_/CLK                              0.750000    8.292373   -7.542372 (VIOLATED)
_7139_/CLK                              0.750000    8.292379   -7.542379 (VIOLATED)
_7167_/CLK                              0.750000    8.292372   -7.542371 (VIOLATED)
_7168_/CLK                              0.750000    8.292377   -7.542377 (VIOLATED)
_7170_/CLK                              0.750000    8.292377   -7.542377 (VIOLATED)
_7088_/CLK                              0.750000    8.292363   -7.542363 (VIOLATED)
_7136_/CLK                              0.750000    8.292363   -7.542363 (VIOLATED)
_7138_/CLK                              0.750000    8.292363   -7.542363 (VIOLATED)
_7169_/CLK                              0.750000    8.292369   -7.542369 (VIOLATED)
_7173_/CLK                              0.750000    8.292374   -7.542374 (VIOLATED)
_7204_/CLK                              0.750000    8.292376   -7.542376 (VIOLATED)
_7236_/CLK                              0.750000    8.292374   -7.542374 (VIOLATED)
_7266_/CLK                              0.750000    8.292376   -7.542376 (VIOLATED)
_7267_/CLK                              0.750000    8.292377   -7.542377 (VIOLATED)
_7106_/CLK                              0.750000    8.292354   -7.542354 (VIOLATED)
_7107_/CLK                              0.750000    8.292357   -7.542357 (VIOLATED)
_7110_/CLK                              0.750000    8.292357   -7.542357 (VIOLATED)
_7233_/CLK                              0.750000    8.292355   -7.542355 (VIOLATED)
_7237_/CLK                              0.750000    8.292356   -7.542356 (VIOLATED)
_7260_/CLK                              0.750000    8.292361   -7.542362 (VIOLATED)
_7265_/CLK                              0.750000    8.292368   -7.542368 (VIOLATED)
_7268_/CLK                              0.750000    8.292375   -7.542375 (VIOLATED)
_7334_/CLK                              0.750000    8.292357   -7.542357 (VIOLATED)
_7361_/CLK                              0.750000    8.292358   -7.542358 (VIOLATED)
_7363_/CLK                              0.750000    8.292357   -7.542357 (VIOLATED)
_7365_/CLK                              0.750000    8.292357   -7.542357 (VIOLATED)
_7140_/CLK                              0.750000    8.292347   -7.542346 (VIOLATED)
_7234_/CLK                              0.750000    8.292346   -7.542346 (VIOLATED)
_7325_/CLK                              0.750000    8.292344   -7.542344 (VIOLATED)
_7329_/CLK                              0.750000    8.292344   -7.542344 (VIOLATED)
_7330_/CLK                              0.750000    8.292344   -7.542344 (VIOLATED)
_7362_/CLK                              0.750000    8.292346   -7.542346 (VIOLATED)
_7108_/CLK                              0.750000    8.292334   -7.542333 (VIOLATED)
_7172_/CLK                              0.750000    8.292334   -7.542333 (VIOLATED)
_7231_/CLK                              0.750000    8.292336   -7.542335 (VIOLATED)
_7232_/CLK                              0.750000    8.292337   -7.542337 (VIOLATED)
_7238_/CLK                              0.750000    8.292330   -7.542330 (VIOLATED)
_7297_/CLK                              0.750000    8.292324   -7.542325 (VIOLATED)
_7298_/CLK                              0.750000    8.292322   -7.542323 (VIOLATED)
_7299_/CLK                              0.750000    8.292330   -7.542330 (VIOLATED)
_7301_/CLK                              0.750000    8.292327   -7.542327 (VIOLATED)
_7302_/CLK                              0.750000    8.292328   -7.542328 (VIOLATED)
_7327_/CLK                              0.750000    8.292335   -7.542334 (VIOLATED)
_7331_/CLK                              0.750000    8.292329   -7.542329 (VIOLATED)
_7333_/CLK                              0.750000    8.292327   -7.542327 (VIOLATED)
_7359_/CLK                              0.750000    8.292335   -7.542334 (VIOLATED)
_7017_/CLK                              0.750000    8.292320   -7.542320 (VIOLATED)
_7103_/CLK                              0.750000    8.292311   -7.542311 (VIOLATED)
_7230_/CLK                              0.750000    8.292315   -7.542315 (VIOLATED)
_7332_/CLK                              0.750000    8.292317   -7.542317 (VIOLATED)
_7364_/CLK                              0.750000    8.292322   -7.542322 (VIOLATED)
_7021_/CLK                              0.750000    8.292298   -7.542298 (VIOLATED)
_7258_/CLK                              0.750000    8.292305   -7.542305 (VIOLATED)
_7300_/CLK                              0.750000    8.292305   -7.542305 (VIOLATED)
_7360_/CLK                              0.750000    8.292303   -7.542303 (VIOLATED)
_7058_/CLK                              0.750000    8.292285   -7.542285 (VIOLATED)
_7185_/CLK                              0.750000    8.292285   -7.542285 (VIOLATED)
_7251_/CLK                              0.750000    8.292285   -7.542285 (VIOLATED)
_7292_/CLK                              0.750000    8.292281   -7.542281 (VIOLATED)
_7295_/CLK                              0.750000    8.292288   -7.542288 (VIOLATED)
_7344_/CLK                              0.750000    8.292286   -7.542286 (VIOLATED)
_7358_/CLK                              0.750000    8.292289   -7.542289 (VIOLATED)
_7104_/CLK                              0.750000    8.292267   -7.542266 (VIOLATED)
_7120_/CLK                              0.750000    8.292269   -7.542268 (VIOLATED)
_7229_/CLK                              0.750000    8.292264   -7.542264 (VIOLATED)
_7328_/CLK                              0.750000    8.292268   -7.542267 (VIOLATED)
_7165_/CLK                              0.750000    8.292253   -7.542253 (VIOLATED)
_7259_/CLK                              0.750000    8.292257   -7.542258 (VIOLATED)
_7296_/CLK                              0.750000    8.292259   -7.542260 (VIOLATED)
_7293_/CLK                              0.750000    8.292241   -7.542241 (VIOLATED)
_7294_/CLK                              0.750000    8.292246   -7.542246 (VIOLATED)
_7326_/CLK                              0.750000    8.292241   -7.542241 (VIOLATED)
_7101_/CLK                              0.750000    8.292232   -7.542232 (VIOLATED)
_7102_/CLK                              0.750000    8.292233   -7.542234 (VIOLATED)
_7255_/CLK                              0.750000    8.292217   -7.542217 (VIOLATED)
_7016_/CLK                              0.750000    8.292209   -7.542209 (VIOLATED)
_7013_/CLK                              0.750000    8.292195   -7.542195 (VIOLATED)
_7127_/CLK                              0.750000    8.292194   -7.542195 (VIOLATED)
_7130_/CLK                              0.750000    8.292196   -7.542196 (VIOLATED)
_7257_/CLK                              0.750000    8.292196   -7.542196 (VIOLATED)
_7012_/CLK                              0.750000    8.292178   -7.542178 (VIOLATED)
_7097_/CLK                              0.750000    8.292150   -7.542150 (VIOLATED)
_7159_/CLK                              0.750000    8.292154   -7.542155 (VIOLATED)
_7036_/CLK                              0.750000    8.292129   -7.542128 (VIOLATED)
_7040_/CLK                              0.750000    8.292129   -7.542129 (VIOLATED)
_7056_/CLK                              0.750000    8.292125   -7.542124 (VIOLATED)
_7063_/CLK                              0.750000    8.292125   -7.542124 (VIOLATED)
_7064_/CLK                              0.750000    8.292125   -7.542124 (VIOLATED)
_7066_/CLK                              0.750000    8.292129   -7.542128 (VIOLATED)
_7067_/CLK                              0.750000    8.292129   -7.542128 (VIOLATED)
_7100_/CLK                              0.750000    8.292125   -7.542124 (VIOLATED)
_7191_/CLK                              0.750000    8.292127   -7.542126 (VIOLATED)
_7192_/CLK                              0.750000    8.292125   -7.542124 (VIOLATED)
_7280_/CLK                              0.750000    8.292125   -7.542124 (VIOLATED)
_7160_/CLK                              0.750000    8.292116   -7.542117 (VIOLATED)
_7248_/CLK                              0.750000    8.292123   -7.542123 (VIOLATED)
_7256_/CLK                              0.750000    8.292125   -7.542124 (VIOLATED)
_7289_/CLK                              0.750000    8.292121   -7.542121 (VIOLATED)
_7312_/CLK                              0.750000    8.292125   -7.542124 (VIOLATED)
_7321_/CLK                              0.750000    8.292125   -7.542124 (VIOLATED)
_7324_/CLK                              0.750000    8.292125   -7.542124 (VIOLATED)
_7011_/CLK                              0.750000    8.292101   -7.542100 (VIOLATED)
_7152_/CLK                              0.750000    8.292090   -7.542091 (VIOLATED)
_7014_/CLK                              0.750000    8.292079   -7.542079 (VIOLATED)
_7037_/CLK                              0.750000    8.292076   -7.542076 (VIOLATED)
_7098_/CLK                              0.750000    8.292073   -7.542073 (VIOLATED)
_7121_/CLK                              0.750000    8.292064   -7.542063 (VIOLATED)
_7126_/CLK                              0.750000    8.292065   -7.542065 (VIOLATED)
_7158_/CLK                              0.750000    8.292065   -7.542065 (VIOLATED)
_7187_/CLK                              0.750000    8.292066   -7.542066 (VIOLATED)
_7190_/CLK                              0.750000    8.292065   -7.542065 (VIOLATED)
_7249_/CLK                              0.750000    8.292064   -7.542064 (VIOLATED)
_7281_/CLK                              0.750000    8.292063   -7.542062 (VIOLATED)
_7128_/CLK                              0.750000    8.292049   -7.542049 (VIOLATED)
_7161_/CLK                              0.750000    8.292038   -7.542038 (VIOLATED)
_7164_/CLK                              0.750000    8.292039   -7.542039 (VIOLATED)
_7193_/CLK                              0.750000    8.292039   -7.542039 (VIOLATED)
_7225_/CLK                              0.750000    8.292036   -7.542036 (VIOLATED)
_7226_/CLK                              0.750000    8.292036   -7.542036 (VIOLATED)
_7228_/CLK                              0.750000    8.292038   -7.542038 (VIOLATED)
_7290_/CLK                              0.750000    8.292041   -7.542041 (VIOLATED)
_7122_/CLK                              0.750000    8.292027   -7.542027 (VIOLATED)
_7250_/CLK                              0.750000    8.292028   -7.542028 (VIOLATED)
_7322_/CLK                              0.750000    8.292034   -7.542034 (VIOLATED)
_7353_/CLK                              0.750000    8.292038   -7.542037 (VIOLATED)
_7354_/CLK                              0.750000    8.292037   -7.542037 (VIOLATED)
_7356_/CLK                              0.750000    8.292038   -7.542038 (VIOLATED)
_7186_/CLK                              0.750000    8.292012   -7.542012 (VIOLATED)
_7099_/CLK                              0.750000    8.292000   -7.542000 (VIOLATED)
_7227_/CLK                              0.750000    8.291998   -7.541997 (VIOLATED)
_7323_/CLK                              0.750000    8.291998   -7.541997 (VIOLATED)
_7291_/CLK                              0.750000    8.291988   -7.541988 (VIOLATED)
_7313_/CLK                              0.750000    8.291986   -7.541985 (VIOLATED)
_7346_/CLK                              0.750000    8.291987   -7.541988 (VIOLATED)
_7154_/CLK                              0.750000    8.291971   -7.541971 (VIOLATED)
_7095_/CLK                              0.750000    8.291961   -7.541960 (VIOLATED)
_7282_/CLK                              0.750000    8.291961   -7.541961 (VIOLATED)
_7287_/CLK                              0.750000    8.291956   -7.541956 (VIOLATED)
_7314_/CLK                              0.750000    8.291943   -7.541943 (VIOLATED)
_7288_/CLK                              0.750000    8.291923   -7.541923 (VIOLATED)
_7129_/CLK                              0.750000    8.291912   -7.541912 (VIOLATED)
_7131_/CLK                              0.750000    8.291907   -7.541907 (VIOLATED)
_7132_/CLK                              0.750000    8.291913   -7.541913 (VIOLATED)
_7133_/CLK                              0.750000    8.291914   -7.541914 (VIOLATED)
_7134_/CLK                              0.750000    8.291915   -7.541915 (VIOLATED)
_7162_/CLK                              0.750000    8.291909   -7.541910 (VIOLATED)
_7166_/CLK                              0.750000    8.291915   -7.541915 (VIOLATED)
_7163_/CLK                              0.750000    8.291907   -7.541907 (VIOLATED)
_7194_/CLK                              0.750000    8.291911   -7.541911 (VIOLATED)
_7195_/CLK                              0.750000    8.291908   -7.541909 (VIOLATED)
_7261_/CLK                              0.750000    8.291914   -7.541914 (VIOLATED)
_7090_/CLK                              0.750000    8.291898   -7.541898 (VIOLATED)
_7096_/CLK                              0.750000    8.291897   -7.541897 (VIOLATED)
_7319_/CLK                              0.750000    8.291904   -7.541904 (VIOLATED)
_7320_/CLK                              0.750000    8.291902   -7.541902 (VIOLATED)
_7351_/CLK                              0.750000    8.291903   -7.541903 (VIOLATED)
_7031_/CLK                              0.750000    8.291895   -7.541894 (VIOLATED)
_7216_/CLK                              0.750000    8.291894   -7.541893 (VIOLATED)
_7223_/CLK                              0.750000    8.291898   -7.541898 (VIOLATED)
_7352_/CLK                              0.750000    8.291901   -7.541901 (VIOLATED)
_7355_/CLK                              0.750000    8.291900   -7.541900 (VIOLATED)
_7224_/CLK                              0.750000    8.291880   -7.541879 (VIOLATED)
_7055_/CLK                              0.750000    8.291856   -7.541855 (VIOLATED)
_7057_/CLK                              0.750000    8.291855   -7.541854 (VIOLATED)
_7061_/CLK                              0.750000    8.291856   -7.541855 (VIOLATED)
_7062_/CLK                              0.750000    8.291856   -7.541855 (VIOLATED)
_7087_/CLK                              0.750000    8.291850   -7.541850 (VIOLATED)
_7091_/CLK                              0.750000    8.291849   -7.541849 (VIOLATED)
_7092_/CLK                              0.750000    8.291850   -7.541850 (VIOLATED)
_7093_/CLK                              0.750000    8.291850   -7.541850 (VIOLATED)
_7119_/CLK                              0.750000    8.291853   -7.541852 (VIOLATED)
_7124_/CLK                              0.750000    8.291851   -7.541851 (VIOLATED)
_7125_/CLK                              0.750000    8.291854   -7.541853 (VIOLATED)
_7151_/CLK                              0.750000    8.291854   -7.541853 (VIOLATED)
_7156_/CLK                              0.750000    8.291852   -7.541852 (VIOLATED)
_7157_/CLK                              0.750000    8.291850   -7.541850 (VIOLATED)
_7218_/CLK                              0.750000    8.291848   -7.541848 (VIOLATED)
_7247_/CLK                              0.750000    8.291854   -7.541853 (VIOLATED)
_7252_/CLK                              0.750000    8.291852   -7.541852 (VIOLATED)
_7253_/CLK                              0.750000    8.291854   -7.541853 (VIOLATED)
_7279_/CLK                              0.750000    8.291856   -7.541855 (VIOLATED)
_7283_/CLK                              0.750000    8.291849   -7.541849 (VIOLATED)
_7285_/CLK                              0.750000    8.291849   -7.541849 (VIOLATED)
_7317_/CLK                              0.750000    8.291846   -7.541846 (VIOLATED)
_7123_/CLK                              0.750000    8.291832   -7.541832 (VIOLATED)
_7155_/CLK                              0.750000    8.291832   -7.541832 (VIOLATED)
_7284_/CLK                              0.750000    8.291838   -7.541838 (VIOLATED)
_7315_/CLK                              0.750000    8.291836   -7.541836 (VIOLATED)
_7316_/CLK                              0.750000    8.291837   -7.541837 (VIOLATED)
_7318_/CLK                              0.750000    8.291836   -7.541836 (VIOLATED)
_7347_/CLK                              0.750000    8.291843   -7.541843 (VIOLATED)
_7348_/CLK                              0.750000    8.291837   -7.541837 (VIOLATED)
_7350_/CLK                              0.750000    8.291839   -7.541839 (VIOLATED)
_7219_/CLK                              0.750000    8.291823   -7.541823 (VIOLATED)
_7220_/CLK                              0.750000    8.291825   -7.541825 (VIOLATED)
_7221_/CLK                              0.750000    8.291830   -7.541830 (VIOLATED)
_7030_/CLK                              0.750000    8.291810   -7.541810 (VIOLATED)
_7032_/CLK                              0.750000    8.291817   -7.541816 (VIOLATED)
_7222_/CLK                              0.750000    8.291819   -7.541819 (VIOLATED)
_7286_/CLK                              0.750000    8.291823   -7.541823 (VIOLATED)
_7094_/CLK                              0.750000    8.291809   -7.541809 (VIOLATED)
_7153_/CLK                              0.750000    8.291812   -7.541812 (VIOLATED)
_7089_/CLK                              0.750000    8.291800   -7.541800 (VIOLATED)
_7217_/CLK                              0.750000    8.291805   -7.541805 (VIOLATED)
clk                                     0.750000    8.291542   -7.541542 (VIOLATED)

max fanout

Pin                                   Limit Fanout  Slack
---------------------------------------------------------
clk                                      10    720   -710 (VIOLATED)

max capacitance

Pin                                        Limit         Cap       Slack
------------------------------------------------------------------------
clk                                     0.200000    1.867321   -1.667321 (VIOLATED)



===========================================================================
report_parasitic_annotation -report_unannotated
============================================================================
Found 5 unannotated drivers.
 _7407_/LO
 _7408_/LO
 _7409_/HI
 _7410_/HI
 _7411_/HI
Found 0 partially unannotated drivers.

===========================================================================
max slew violation count 721
Writing metric design__max_slew_violation__count__corner:nom_tt_025C_1v80: 721
max fanout violation count 1
Writing metric design__max_fanout_violation__count__corner:nom_tt_025C_1v80: 1
max cap violation count 1
Writing metric design__max_cap_violation__count__corner:nom_tt_025C_1v80: 1
============================================================================

===========================================================================
check_setup -verbose -unconstrained_endpoints -multiple_clock -no_clock -no_input_delay -loops -generated_clocks
===========================================================================
