Clock: clk
Sources: clk 
Generated: no
Virtual: yes
Propagated: no
Period: 25.000000

===========================================================================
report_clock_properties
============================================================================
Clock                   Period          Waveform
----------------------------------------------------
clk                  25.000000    0.000000 12.500000

===========================================================================
report_clock_latency
============================================================================
Clock clk
rise -> rise
    min     max
0.000000 0.000000 source latency
5.672548         network latency _7089_/CLK
        5.756255 network latency _6889_/CLK
---------------
5.672548 5.756255 latency
        0.083707 skew

fall -> fall
    min     max
0.000000 0.000000 source latency
2.807216         network latency _7089_/CLK
        2.884777 network latency _6889_/CLK
---------------
2.807216 2.884777 latency
        0.077561 skew



===========================================================================
report_clock_min_period
============================================================================
clk period_min = 8.40 fmax = 118.98
