149. Printing statistics.

=== single_cycle_cpu ===

        +----------Local Count, excluding submodules.
        |        +-Local Area, excluding submodules.
        |        | 
     4023        - wires
     4116        - wire bits
      724        - public wires
      817        - public wire bits
        5        - ports
       98        - port bits
     4114 4.09E+04 cells
        3   37.536   sky130_fd_sc_hd__a2111o_2
       75   750.72   sky130_fd_sc_hd__a211o_2
        6   75.072   sky130_fd_sc_hd__a211oi_2
        2   40.038   sky130_fd_sc_hd__a211oi_4
       21  210.202   sky130_fd_sc_hd__a21bo_2
        3   33.782   sky130_fd_sc_hd__a21boi_2
       74  648.122   sky130_fd_sc_hd__a21o_2
       51  446.678   sky130_fd_sc_hd__a21oi_2
        2   32.531   sky130_fd_sc_hd__a21oi_4
      200  2252.16   sky130_fd_sc_hd__a221o_2
        3   45.043   sky130_fd_sc_hd__a221oi_2
      215 2.15E+03   sky130_fd_sc_hd__a22o_2
        1   12.512   sky130_fd_sc_hd__a22oi_2
        4   45.043   sky130_fd_sc_hd__a2bb2o_2
        1   20.019   sky130_fd_sc_hd__a2bb2o_4
        2   22.522   sky130_fd_sc_hd__a311o_2
        3   45.043   sky130_fd_sc_hd__a311oi_2
       27  236.477   sky130_fd_sc_hd__a31o_2
        2   35.034   sky130_fd_sc_hd__a31o_4
        4   50.048   sky130_fd_sc_hd__a31oi_2
        2   42.541   sky130_fd_sc_hd__a31oi_4
        6   67.565   sky130_fd_sc_hd__a32o_2
        2   22.522   sky130_fd_sc_hd__a41o_2
      112  840.806   sky130_fd_sc_hd__and2_2
        2   17.517   sky130_fd_sc_hd__and2_4
       12  105.101   sky130_fd_sc_hd__and2b_2
       41  307.795   sky130_fd_sc_hd__and3_2
        5   56.304   sky130_fd_sc_hd__and3_4
       11  110.106   sky130_fd_sc_hd__and3b_2
        9   90.086   sky130_fd_sc_hd__and4_2
        2   22.522   sky130_fd_sc_hd__and4_4
        1   13.763   sky130_fd_sc_hd__and4b_4
        1   16.266   sky130_fd_sc_hd__and4bb_4
     1081 4.06E+03   sky130_fd_sc_hd__buf_1
       48   240.23   sky130_fd_sc_hd__buf_2
        4   30.029   sky130_fd_sc_hd__buf_4
       15  168.912   sky130_fd_sc_hd__buf_6
        5   18.768   sky130_fd_sc_hd__conb_1
      424 1.11E+04   sky130_fd_sc_hd__dfrtp_2
        4  105.101   sky130_fd_sc_hd__dfstp_2
      292 6.21E+03   sky130_fd_sc_hd__dfxtp_2
      475  1782.96   sky130_fd_sc_hd__inv_2
        3   18.768   sky130_fd_sc_hd__inv_4
        1    8.758   sky130_fd_sc_hd__inv_6
      232 2.61E+03   sky130_fd_sc_hd__mux2_2
        4   60.058   sky130_fd_sc_hd__mux2_4
        4   90.086   sky130_fd_sc_hd__mux4_2
       79  494.224   sky130_fd_sc_hd__nand2_2
        1   11.261   sky130_fd_sc_hd__nand2_4
        4   35.034   sky130_fd_sc_hd__nand2b_2
        1   13.763   sky130_fd_sc_hd__nand2b_4
        4   40.038   sky130_fd_sc_hd__nand3_2
        1   11.261   sky130_fd_sc_hd__nand3b_2
        1   23.773   sky130_fd_sc_hd__nand4b_4
        1   16.266   sky130_fd_sc_hd__nand4bb_2
      127  794.512   sky130_fd_sc_hd__nor2_2
        2   22.522   sky130_fd_sc_hd__nor2_4
        6    52.55   sky130_fd_sc_hd__nor2b_2
        5   50.048   sky130_fd_sc_hd__nor3_2
        1   12.512   sky130_fd_sc_hd__nor3b_2
        7   87.584   sky130_fd_sc_hd__nor4_2
        1   15.014   sky130_fd_sc_hd__nor4b_2
        1   16.266   sky130_fd_sc_hd__nor4bb_2
        7   87.584   sky130_fd_sc_hd__o2111a_2
       21  210.202   sky130_fd_sc_hd__o211a_2
        1   17.517   sky130_fd_sc_hd__o211a_4
       15   187.68   sky130_fd_sc_hd__o211ai_2
        2   42.541   sky130_fd_sc_hd__o211ai_4
       59  516.746   sky130_fd_sc_hd__o21a_2
        1   15.014   sky130_fd_sc_hd__o21a_4
       32  280.269   sky130_fd_sc_hd__o21ai_2
        7   70.067   sky130_fd_sc_hd__o21ba_2
        2   22.522   sky130_fd_sc_hd__o21bai_2
        8   90.086   sky130_fd_sc_hd__o221a_2
        1   15.014   sky130_fd_sc_hd__o221ai_2
       10  100.096   sky130_fd_sc_hd__o22a_2
        5   56.304   sky130_fd_sc_hd__o2bb2a_2
        2   22.522   sky130_fd_sc_hd__o311a_2
        1    21.27   sky130_fd_sc_hd__o311a_4
       14  140.134   sky130_fd_sc_hd__o31a_2
        7   87.584   sky130_fd_sc_hd__o31ai_2
        7   78.826   sky130_fd_sc_hd__o32a_2
       67  419.152   sky130_fd_sc_hd__or2_2
        5   43.792   sky130_fd_sc_hd__or2_4
       11   96.342   sky130_fd_sc_hd__or2b_2
       16  120.115   sky130_fd_sc_hd__or3_2
        8   90.086   sky130_fd_sc_hd__or3_4
       16  140.134   sky130_fd_sc_hd__or3b_2
        5   56.304   sky130_fd_sc_hd__or3b_4
        3   26.275   sky130_fd_sc_hd__or4_2
        4   45.043   sky130_fd_sc_hd__or4_4
        2   20.019   sky130_fd_sc_hd__or4b_2
        1   13.763   sky130_fd_sc_hd__or4b_4
       19  309.046   sky130_fd_sc_hd__xnor2_2
       15  243.984   sky130_fd_sc_hd__xor2_2
        1   27.526   sky130_fd_sc_hd__xor2_4

   Chip area for module '\single_cycle_cpu': 40859.187200
     of which used for sequential elements: 17456.742400 (42.72%)

