Clock: clk
Sources: clk 
Generated: no
Virtual: yes
Propagated: no
Period: 25.000000

===========================================================================
report_clock_properties
============================================================================
Clock                   Period          Waveform
----------------------------------------------------
clk                  25.000000    0.000000 12.500000

===========================================================================
report_clock_latency
============================================================================
Clock clk
rise -> rise
    min     max
0.000000 0.000000 source latency
0.658744         network latency _6799_/CLK
        0.675915 network latency _7284_/CLK
---------------
0.658744 0.675915 latency
        0.017172 skew

fall -> fall
    min     max
0.000000 0.000000 source latency
0.593051         network latency _6799_/CLK
        0.606294 network latency _7284_/CLK
---------------
0.593051 0.606294 latency
        0.013243 skew



===========================================================================
report_clock_min_period
============================================================================
clk period_min = 8.21 fmax = 121.85
