Clock: clk
Sources: clk 
Generated: no
Virtual: yes
Propagated: no
Period: 25.000000

===========================================================================
report_clock_properties
============================================================================
Clock                   Period          Waveform
----------------------------------------------------
clk                  25.000000    0.000000 12.500000

===========================================================================
report_clock_latency
============================================================================
Clock clk
rise -> rise
    min     max
0.000000 0.000000 source latency
0.826617         network latency _6738_/CLK
        0.869620 network latency _7395_/CLK
---------------
0.826617 0.869620 latency
        0.043003 skew

fall -> fall
    min     max
0.000000 0.000000 source latency
0.703330         network latency _6738_/CLK
        0.735856 network latency _7395_/CLK
---------------
0.703330 0.735856 latency
        0.032526 skew



===========================================================================
report_clock_min_period
============================================================================
clk period_min = 8.81 fmax = 113.53
