Clock: clk
Sources: clk 
Generated: no
Virtual: yes
Propagated: no
Period: 25.000000

===========================================================================
report_clock_properties
============================================================================
Clock                   Period          Waveform
----------------------------------------------------
clk                  25.000000    0.000000 12.500000

===========================================================================
report_clock_latency
============================================================================
Clock clk
rise -> rise
    min     max
0.000000 0.000000 source latency
0.697329         network latency _6856_/CLK
        0.714539 network latency _7099_/CLK
---------------
0.697329 0.714539 latency
        0.017210 skew

fall -> fall
    min     max
0.000000 0.000000 source latency
0.619755         network latency _6856_/CLK
        0.633930 network latency _7099_/CLK
---------------
0.619755 0.633930 latency
        0.014175 skew



===========================================================================
report_clock_min_period
============================================================================
clk period_min = 8.47 fmax = 118.07
