Clock: clk
Sources: clk 
Generated: no
Virtual: yes
Propagated: no
Period: 25.000000

===========================================================================
report_clock_properties
============================================================================
Clock                   Period          Waveform
----------------------------------------------------
clk                  25.000000    0.000000 12.500000

===========================================================================
report_clock_latency
============================================================================
Clock clk
rise -> rise
    min     max
0.000000 0.000000 source latency
0.685739         network latency _7373_/CLK
        0.706257 network latency _7089_/CLK
---------------
0.685739 0.706257 latency
        0.020518 skew

fall -> fall
    min     max
0.000000 0.000000 source latency
0.610289         network latency _7373_/CLK
        0.625645 network latency _7089_/CLK
---------------
0.610289 0.625645 latency
        0.015357 skew



===========================================================================
report_clock_min_period
============================================================================
clk period_min = 8.22 fmax = 121.68
