Clock: clk
Sources: clk 
Generated: no
Virtual: yes
Propagated: no
Period: 25.000000

===========================================================================
report_clock_properties
============================================================================
Clock                   Period          Waveform
----------------------------------------------------
clk                  25.000000    0.000000 12.500000

===========================================================================
report_clock_latency
============================================================================
Clock clk
rise -> rise
    min     max
0.000000 0.000000 source latency
0.660602         network latency _7344_/CLK
        0.685404 network latency _7029_/CLK
---------------
0.660602 0.685404 latency
        0.024802 skew

fall -> fall
    min     max
0.000000 0.000000 source latency
0.596153         network latency _7344_/CLK
        0.614661 network latency _7029_/CLK
---------------
0.596153 0.614661 latency
        0.018508 skew



===========================================================================
report_clock_min_period
============================================================================
clk period_min = 8.07 fmax = 123.85
