
===========================================================================
report_checks -unconstrained
===========================================================================
======================= nom_tt_025C_1v80 Corner ===================================

Startpoint: reset (input port clocked by clk)
Endpoint: _7015_ (recovery check against rising-edge clock clk)
Path Group: asynchronous
Path Type: max

Fanout         Cap        Slew       Delay        Time   Description
---------------------------------------------------------------------------------------------
                                  0.000000    0.000000   clock clk (rise edge)
                                  0.000000    0.000000   clock network delay (propagated)
                                  5.000000    5.000000 v input external delay
     1    0.004784    0.013161    0.007783    5.007783 v reset (in)
                                                         reset (net)
                      0.013162    0.000000    5.007783 v fanout73/A (sky130_fd_sc_hd__buf_1)
     3    0.012441    0.078021    0.116681    5.124464 v fanout73/X (sky130_fd_sc_hd__buf_1)
                                                         net73 (net)
                      0.078027    0.000706    5.125170 v place548/A (sky130_fd_sc_hd__buf_2)
     9    0.037272    0.093059    0.200077    5.325247 v place548/X (sky130_fd_sc_hd__buf_2)
                                                         net548 (net)
                      0.093059    0.000405    5.325653 v place547/A (sky130_fd_sc_hd__buf_2)
     8    0.035746    0.093107    0.203701    5.529354 v place547/X (sky130_fd_sc_hd__buf_2)
                                                         net547 (net)
                      0.093151    0.001849    5.531202 v place546/A (sky130_fd_sc_hd__buf_2)
     6    0.029597    0.079496    0.192418    5.723620 v place546/X (sky130_fd_sc_hd__buf_2)
                                                         net546 (net)
                      0.079528    0.001477    5.725098 v place545/A (sky130_fd_sc_hd__buf_2)
     7    0.032828    0.086476    0.192777    5.917875 v place545/X (sky130_fd_sc_hd__buf_2)
                                                         net545 (net)
                      0.086489    0.001067    5.918941 v place544/A (sky130_fd_sc_hd__buf_2)
     8    0.041769    0.102588    0.211150    6.130092 v place544/X (sky130_fd_sc_hd__buf_2)
                                                         net544 (net)
                      0.102632    0.001983    6.132075 v place543/A (sky130_fd_sc_hd__buf_2)
     7    0.034543    0.090248    0.206365    6.338440 v place543/X (sky130_fd_sc_hd__buf_2)
                                                         net543 (net)
                      0.090267    0.001232    6.339672 v place542/A (sky130_fd_sc_hd__buf_2)
     7    0.035881    0.092902    0.203234    6.542906 v place542/X (sky130_fd_sc_hd__buf_2)
                                                         net542 (net)
                      0.092921    0.001273    6.544178 v _6295_/A (sky130_fd_sc_hd__inv_2)
     1    0.005214    0.040427    0.067037    6.611216 ^ _6295_/Y (sky130_fd_sc_hd__inv_2)
                                                         _0036_ (net)
                      0.040427    0.000168    6.611383 ^ _7015_/RESET_B (sky130_fd_sc_hd__dfrtp_2)
                                              6.611383   data arrival time

                                 25.000000   25.000000   clock clk (rise edge)
                                  0.000000   25.000000   clock source latency
     1    0.032360    0.150926    0.105418   25.105417 ^ clk (in)
                                                         clk (net)
                      0.150971    0.000000   25.105417 ^ clkbuf_0_clk/A (sky130_fd_sc_hd__clkbuf_16)
     8    0.108694    0.123008    0.226610   25.332027 ^ clkbuf_0_clk/X (sky130_fd_sc_hd__clkbuf_16)
                                                         clknet_0_clk (net)
                      0.123486    0.006127   25.338154 ^ clkbuf_3_2__f_clk/A (sky130_fd_sc_hd__clkbuf_16)
     6    0.069796    0.087625    0.190472   25.528625 ^ clkbuf_3_2__f_clk/X (sky130_fd_sc_hd__clkbuf_16)
                                                         clknet_3_2__leaf_clk (net)
                      0.087667    0.001592   25.530216 ^ clkbuf_leaf_36_clk/A (sky130_fd_sc_hd__clkbuf_16)
    15    0.049221    0.068085    0.164055   25.694273 ^ clkbuf_leaf_36_clk/X (sky130_fd_sc_hd__clkbuf_16)
                                                         clknet_leaf_36_clk (net)
                      0.068111    0.001227   25.695499 ^ _7015_/CLK (sky130_fd_sc_hd__dfrtp_2)
                                 -0.250000   25.445501   clock uncertainty
                                  0.000000   25.445501   clock reconvergence pessimism
                                  0.227637   25.673138   library recovery time
                                             25.673138   data required time
---------------------------------------------------------------------------------------------
                                             25.673138   data required time
                                             -6.611383   data arrival time
---------------------------------------------------------------------------------------------
                                             19.061754   slack (MET)


Startpoint: _6980_ (rising edge-triggered flip-flop clocked by clk)
Endpoint: alu_result_out[31] (output port clocked by clk)
Path Group: clk
Path Type: max

Fanout         Cap        Slew       Delay        Time   Description
---------------------------------------------------------------------------------------------
                                  0.000000    0.000000   clock clk (rise edge)
                                  0.000000    0.000000   clock source latency
     1    0.032360    0.150926    0.105418    0.105418 ^ clk (in)
                                                         clk (net)
                      0.150971    0.000000    0.105418 ^ clkbuf_0_clk/A (sky130_fd_sc_hd__clkbuf_16)
     8    0.108694    0.123008    0.226609    0.332027 ^ clkbuf_0_clk/X (sky130_fd_sc_hd__clkbuf_16)
                                                         clknet_0_clk (net)
                      0.123486    0.006127    0.338154 ^ clkbuf_3_2__f_clk/A (sky130_fd_sc_hd__clkbuf_16)
     6    0.069796    0.087625    0.190473    0.528627 ^ clkbuf_3_2__f_clk/X (sky130_fd_sc_hd__clkbuf_16)
                                                         clknet_3_2__leaf_clk (net)
                      0.088070    0.004954    0.533581 ^ clkbuf_leaf_39_clk/A (sky130_fd_sc_hd__clkbuf_16)
    18    0.050802    0.069525    0.165311    0.698892 ^ clkbuf_leaf_39_clk/X (sky130_fd_sc_hd__clkbuf_16)
                                                         clknet_leaf_39_clk (net)
                      0.069546    0.001153    0.700046 ^ _6980_/CLK (sky130_fd_sc_hd__dfrtp_2)
     3    0.043086    0.210299    0.485319    1.185364 ^ _6980_/Q (sky130_fd_sc_hd__dfrtp_2)
                                                         net259 (net)
                      0.210299    0.000699    1.186063 ^ place511/A (sky130_fd_sc_hd__buf_2)
    10    0.045133    0.221600    0.285409    1.471472 ^ place511/X (sky130_fd_sc_hd__buf_2)
                                                         net511 (net)
                      0.221605    0.001401    1.472873 ^ place510/A (sky130_fd_sc_hd__buf_2)
     9    0.043431    0.213568    0.283044    1.755917 ^ place510/X (sky130_fd_sc_hd__buf_2)
                                                         net510 (net)
                      0.213568    0.000610    1.756527 ^ _3309_/B (sky130_fd_sc_hd__or3_4)
     3    0.012915    0.053870    0.183357    1.939884 ^ _3309_/X (sky130_fd_sc_hd__or3_4)
                                                         _1259_ (net)
                      0.053870    0.000217    1.940101 ^ _3310_/A3 (sky130_fd_sc_hd__a31oi_2)
     2    0.012029    0.113149    0.121859    2.061960 v _3310_/Y (sky130_fd_sc_hd__a31oi_2)
                                                         _1260_ (net)
                      0.113149    0.000175    2.062135 v _3312_/B1 (sky130_fd_sc_hd__a311o_2)
     4    0.015846    0.087341    0.423421    2.485555 v _3312_/X (sky130_fd_sc_hd__a311o_2)
                                                         _1262_ (net)
                      0.087395    0.000402    2.485958 v _3319_/B (sky130_fd_sc_hd__and4b_4)
     2    0.012475    0.047837    0.211459    2.697417 v _3319_/X (sky130_fd_sc_hd__and4b_4)
                                                         _1269_ (net)
                      0.047842    0.000496    2.697912 v _3339_/A1 (sky130_fd_sc_hd__a211oi_4)
     8    0.027087    0.363823    0.359312    3.057224 ^ _3339_/Y (sky130_fd_sc_hd__a211oi_4)
                                                         _1287_ (net)
                      0.363826    0.000807    3.058032 ^ _3358_/A1 (sky130_fd_sc_hd__o211a_4)
     9    0.043985    0.147339    0.308342    3.366374 ^ _3358_/X (sky130_fd_sc_hd__o211a_4)
                                                         _1304_ (net)
                      0.147425    0.003282    3.369656 ^ place378/A (sky130_fd_sc_hd__buf_2)
     9    0.035474    0.176386    0.236835    3.606491 ^ place378/X (sky130_fd_sc_hd__buf_2)
                                                         net378 (net)
                      0.176400    0.001676    3.608167 ^ place377/A (sky130_fd_sc_hd__buf_2)
     8    0.030513    0.153279    0.228624    3.836792 ^ place377/X (sky130_fd_sc_hd__buf_2)
                                                         net377 (net)
                      0.153285    0.001148    3.837940 ^ place376/A (sky130_fd_sc_hd__buf_2)
     9    0.031715    0.158843    0.226148    4.064088 ^ place376/X (sky130_fd_sc_hd__buf_2)
                                                         net376 (net)
                      0.158855    0.001478    4.065567 ^ place375/A (sky130_fd_sc_hd__buf_2)
     9    0.039139    0.193158    0.251922    4.317489 ^ place375/X (sky130_fd_sc_hd__buf_2)
                                                         net375 (net)
                      0.193252    0.002116    4.319604 ^ place374/A (sky130_fd_sc_hd__buf_2)
    10    0.044389    0.217415    0.277351    4.596956 ^ place374/X (sky130_fd_sc_hd__buf_2)
                                                         net374 (net)
                      0.217536    0.004237    4.601192 ^ _4086_/A2 (sky130_fd_sc_hd__a221o_2)
     1    0.008748    0.063944    0.211236    4.812429 ^ _4086_/X (sky130_fd_sc_hd__a221o_2)
                                                         _1954_ (net)
                      0.063946    0.000478    4.812907 ^ _4087_/C1 (sky130_fd_sc_hd__o211ai_2)
     3    0.009655    0.104585    0.098372    4.911279 v _4087_/Y (sky130_fd_sc_hd__o211ai_2)
                                                         _1955_ (net)
                      0.104586    0.000353    4.911632 v _4094_/A (sky130_fd_sc_hd__or2_2)
     3    0.012047    0.080575    0.351151    5.262783 v _4094_/X (sky130_fd_sc_hd__or2_2)
                                                         _1962_ (net)
                      0.080575    0.000293    5.263075 v _4096_/A (sky130_fd_sc_hd__nand2_2)
     9    0.037133    0.199270    0.183205    5.446280 ^ _4096_/Y (sky130_fd_sc_hd__nand2_2)
                                                         _1964_ (net)
                      0.199276    0.000925    5.447205 ^ _4209_/A (sky130_fd_sc_hd__and4_2)
     2    0.010730    0.089505    0.279126    5.726331 ^ _4209_/X (sky130_fd_sc_hd__and4_2)
                                                         _2077_ (net)
                      0.089505    0.000238    5.726568 ^ _4384_/A (sky130_fd_sc_hd__nand3_2)
     2    0.008539    0.072710    0.084626    5.811194 v _4384_/Y (sky130_fd_sc_hd__nand3_2)
                                                         _2252_ (net)
                      0.072712    0.000419    5.811613 v _4443_/A2 (sky130_fd_sc_hd__a2111o_2)
     3    0.011820    0.089426    0.509608    6.321221 v _4443_/X (sky130_fd_sc_hd__a2111o_2)
                                                         _2311_ (net)
                      0.089427    0.000471    6.321692 v _4454_/A1 (sky130_fd_sc_hd__a211o_2)
     2    0.007816    0.060726    0.324222    6.645913 v _4454_/X (sky130_fd_sc_hd__a211o_2)
                                                         _2322_ (net)
                      0.060726    0.000157    6.646070 v _4455_/C1 (sky130_fd_sc_hd__o211a_2)
     2    0.011798    0.062237    0.144509    6.790580 v _4455_/X (sky130_fd_sc_hd__o211a_2)
                                                         _2323_ (net)
                      0.062237    0.000323    6.790903 v _4457_/A2 (sky130_fd_sc_hd__o21a_2)
     3    0.010965    0.054119    0.221102    7.012004 v _4457_/X (sky130_fd_sc_hd__o21a_2)
                                                         _2325_ (net)
                      0.054120    0.000299    7.012304 v _4659_/A2 (sky130_fd_sc_hd__o2111a_2)
     1    0.003972    0.042885    0.247097    7.259401 v _4659_/X (sky130_fd_sc_hd__o2111a_2)
                                                         _2461_ (net)
                      0.042885    0.000143    7.259543 v _4663_/B1 (sky130_fd_sc_hd__o32a_2)
     3    0.015853    0.084496    0.227494    7.487038 v _4663_/X (sky130_fd_sc_hd__o32a_2)
                                                         _2465_ (net)
                      0.084509    0.001005    7.488042 v _5654_/A (sky130_fd_sc_hd__inv_2)
     1    0.003187    0.031566    0.055405    7.543448 ^ _5654_/Y (sky130_fd_sc_hd__inv_2)
                                                         net596 (net)
                      0.031568    0.000102    7.543550 ^ output596/A (sky130_fd_sc_hd__clkdlybuf4s25_1)
     1    0.036369    0.367017    0.468258    8.011808 ^ output596/X (sky130_fd_sc_hd__clkdlybuf4s25_1)
                                                         alu_result_out[31] (net)
                      0.367019    0.001625    8.013433 ^ alu_result_out[31] (out)
                                              8.013433   data arrival time

                                 25.000000   25.000000   clock clk (rise edge)
                                  0.000000   25.000000   clock network delay (propagated)
                                 -0.250000   24.750000   clock uncertainty
                                  0.000000   24.750000   clock reconvergence pessimism
                                 -5.000000   19.750000   output external delay
                                             19.750000   data required time
---------------------------------------------------------------------------------------------
                                             19.750000   data required time
                                             -8.013433   data arrival time
---------------------------------------------------------------------------------------------
                                             11.736566   slack (MET)




===========================================================================
report_checks --slack_max -0.01
============================================================================
======================= nom_tt_025C_1v80 Corner ===================================

No paths found.


===========================================================================
 report_check_types -max_slew -max_cap -max_fanout -violators
============================================================================
======================= nom_tt_025C_1v80 Corner ===================================

max fanout

Pin                                   Limit Fanout  Slack
---------------------------------------------------------
clkbuf_leaf_2_clk/X                      10     21    -11 (VIOLATED)
clkbuf_leaf_3_clk/X                      10     21    -11 (VIOLATED)
clkbuf_leaf_11_clk/X                     10     20    -10 (VIOLATED)
clkbuf_leaf_41_clk/X                     10     20    -10 (VIOLATED)
clkbuf_leaf_0_clk/X                      10     19     -9 (VIOLATED)
clkbuf_leaf_31_clk/X                     10     19     -9 (VIOLATED)
clkbuf_leaf_42_clk/X                     10     19     -9 (VIOLATED)
clkbuf_leaf_4_clk/X                      10     19     -9 (VIOLATED)
clkbuf_leaf_22_clk/X                     10     18     -8 (VIOLATED)
clkbuf_leaf_23_clk/X                     10     18     -8 (VIOLATED)
clkbuf_leaf_25_clk/X                     10     18     -8 (VIOLATED)
clkbuf_leaf_26_clk/X                     10     18     -8 (VIOLATED)
clkbuf_leaf_32_clk/X                     10     18     -8 (VIOLATED)
clkbuf_leaf_33_clk/X                     10     18     -8 (VIOLATED)
clkbuf_leaf_34_clk/X                     10     18     -8 (VIOLATED)
clkbuf_leaf_39_clk/X                     10     18     -8 (VIOLATED)
clkbuf_leaf_43_clk/X                     10     18     -8 (VIOLATED)
clkbuf_leaf_10_clk/X                     10     17     -7 (VIOLATED)
clkbuf_leaf_13_clk/X                     10     17     -7 (VIOLATED)
clkbuf_leaf_14_clk/X                     10     17     -7 (VIOLATED)
clkbuf_leaf_15_clk/X                     10     17     -7 (VIOLATED)
clkbuf_leaf_27_clk/X                     10     17     -7 (VIOLATED)
clkbuf_leaf_29_clk/X                     10     17     -7 (VIOLATED)
clkbuf_leaf_40_clk/X                     10     17     -7 (VIOLATED)
clkbuf_leaf_5_clk/X                      10     17     -7 (VIOLATED)
clkbuf_leaf_8_clk/X                      10     17     -7 (VIOLATED)
clkbuf_leaf_9_clk/X                      10     17     -7 (VIOLATED)
clkbuf_leaf_16_clk/X                     10     16     -6 (VIOLATED)
clkbuf_leaf_18_clk/X                     10     16     -6 (VIOLATED)
clkbuf_leaf_1_clk/X                      10     16     -6 (VIOLATED)
clkbuf_leaf_20_clk/X                     10     16     -6 (VIOLATED)
clkbuf_leaf_21_clk/X                     10     16     -6 (VIOLATED)
clkbuf_leaf_24_clk/X                     10     16     -6 (VIOLATED)
clkbuf_leaf_28_clk/X                     10     16     -6 (VIOLATED)
clkbuf_leaf_30_clk/X                     10     16     -6 (VIOLATED)
clkbuf_leaf_37_clk/X                     10     16     -6 (VIOLATED)
clkbuf_leaf_19_clk/X                     10     15     -5 (VIOLATED)
clkbuf_leaf_35_clk/X                     10     15     -5 (VIOLATED)
clkbuf_leaf_36_clk/X                     10     15     -5 (VIOLATED)
clkbuf_leaf_17_clk/X                     10     14     -4 (VIOLATED)
clkbuf_leaf_6_clk/X                      10     14     -4 (VIOLATED)
clkbuf_leaf_7_clk/X                      10     14     -4 (VIOLATED)
clkbuf_leaf_12_clk/X                     10     13     -3 (VIOLATED)
clkbuf_leaf_38_clk/X                     10     13     -3 (VIOLATED)
place439/X                               10     11        (VIOLATED)



===========================================================================
report_parasitic_annotation -report_unannotated
============================================================================
Found 43 unannotated drivers.
 clkload0/X
 clkload1/X
 clkload10/Y
 clkload11/Y
 clkload12/X
 clkload13/X
 clkload14/X
 clkload15/Y
 clkload16/Y
 clkload17/X
 clkload18/Y
 clkload19/Y
 clkload2/X
 clkload20/Y
 clkload21/Y
 clkload22/X
 clkload23/X
 clkload24/X
 clkload25/X
 clkload26/Y
 clkload27/X
 clkload28/X
 clkload29/Y
 clkload3/Y
 clkload30/Y
 clkload31/X
 clkload32/X
 clkload33/Y
 clkload34/Y
 clkload35/Y
 clkload36/Y
 clkload37/Y
 clkload4/Y
 clkload5/X
 clkload6/X
 clkload7/Y
 clkload8/X
 clkload9/Y
 single_cycle_cpu/HI
 single_cycle_cpu_678/HI
 single_cycle_cpu_679/HI
 single_cycle_cpu_680/LO
 single_cycle_cpu_681/LO
Found 0 partially unannotated drivers.

===========================================================================
max slew violation count 0
Writing metric design__max_slew_violation__count__corner:nom_tt_025C_1v80: 0
max fanout violation count 45
Writing metric design__max_fanout_violation__count__corner:nom_tt_025C_1v80: 45
max cap violation count 0
Writing metric design__max_cap_violation__count__corner:nom_tt_025C_1v80: 0
============================================================================

===========================================================================
check_setup -verbose -unconstrained_endpoints -multiple_clock -no_clock -no_input_delay -loops -generated_clocks
===========================================================================
