Clock: clk
Sources: clk 
Generated: no
Virtual: yes
Propagated: no
Period: 25.000000

===========================================================================
report_clock_properties
============================================================================
Clock                   Period          Waveform
----------------------------------------------------
clk                  25.000000    0.000000 12.500000

===========================================================================
report_clock_latency
============================================================================
Clock clk
rise -> rise
    min     max
0.000000 0.000000 source latency
1.399386         network latency _6854_/CLK
        1.466804 network latency _7015_/CLK
---------------
1.399386 1.466804 latency
        0.067418 skew

fall -> fall
    min     max
0.000000 0.000000 source latency
1.233761         network latency _6854_/CLK
        1.283628 network latency _7015_/CLK
---------------
1.233761 1.283628 latency
        0.049868 skew



===========================================================================
report_clock_min_period
============================================================================
clk period_min = 17.37 fmax = 57.56
