Clock: clk
Sources: clk 
Generated: no
Virtual: yes
Propagated: no
Period: 25.000000

===========================================================================
report_clock_properties
============================================================================
Clock                   Period          Waveform
----------------------------------------------------
clk                  25.000000    0.000000 12.500000

===========================================================================
report_clock_latency
============================================================================
Clock clk
rise -> rise
    min     max
0.000000 0.000000 source latency
0.529476         network latency _6770_/CLK
        0.555660 network latency _7064_/CLK
---------------
0.529476 0.555660 latency
        0.026184 skew

fall -> fall
    min     max
0.000000 0.000000 source latency
0.457822         network latency _6770_/CLK
        0.478633 network latency _7064_/CLK
---------------
0.457822 0.478633 latency
        0.020811 skew



===========================================================================
report_clock_min_period
============================================================================
clk period_min = 5.39 fmax = 185.55
