Clock: clk
Sources: clk 
Generated: no
Virtual: yes
Propagated: no
Period: 25.000000

===========================================================================
report_clock_properties
============================================================================
Clock                   Period          Waveform
----------------------------------------------------
clk                  25.000000    0.000000 12.500000

===========================================================================
report_clock_latency
============================================================================
Clock clk
rise -> rise
    min     max
0.000000 0.000000 source latency
0.593166         network latency _7341_/CLK
        0.630074 network latency _7122_/CLK
---------------
0.593166 0.630074 latency
        0.036908 skew

fall -> fall
    min     max
0.000000 0.000000 source latency
0.501783         network latency _7341_/CLK
        0.530356 network latency _7122_/CLK
---------------
0.501783 0.530356 latency
        0.028573 skew



===========================================================================
report_clock_min_period
============================================================================
clk period_min = 5.82 fmax = 171.93
