Clock: clk
Sources: clk 
Generated: no
Virtual: yes
Propagated: no
Period: 25.000000

===========================================================================
report_clock_properties
============================================================================
Clock                   Period          Waveform
----------------------------------------------------
clk                  25.000000    0.000000 12.500000

===========================================================================
report_clock_latency
============================================================================
Clock clk
rise -> rise
    min     max
0.000000 0.000000 source latency
0.657941         network latency _6982_/CLK
        0.674178 network latency _6718_/CLK
---------------
0.657941 0.674178 latency
        0.016238 skew

fall -> fall
    min     max
0.000000 0.000000 source latency
0.592965         network latency _7128_/CLK
        0.604353 network latency _6718_/CLK
---------------
0.592965 0.604353 latency
        0.011388 skew



===========================================================================
report_clock_min_period
============================================================================
clk period_min = 8.36 fmax = 119.60
