Using 12 threads…
Using a tile size of (500 µm)²…
Reading /home/cl4/Desktop/training/single_cycle/runs/RUN_2026-08-24_11-42-19/57-magic-streamout/single_cycle_cpu.magic.gds ..
Reading /home/cl4/Desktop/training/single_cycle/runs/RUN_2026-08-24_11-42-19/58-klayout-streamout/single_cycle_cpu.klayout.gds ..
--- Running XOR for layer 122/16 ---
"input" in: xor.drc:109
    Polygons (raw): 19836 (flat)  116 (hierarchical)
    Elapsed: 0.000s  Memory: 434.00M
"input" in: xor.drc:109
    Polygons (raw): 19836 (flat)  116 (hierarchical)
    Elapsed: 0.000s  Memory: 434.00M
"^" in: xor.drc:109
    Polygons (raw): 0 (flat)  0 (hierarchical)
    Elapsed: 0.210s  Memory: 436.00M
XOR differences: 0
"output" in: xor.drc:86
    Polygons (raw): 0 (flat)  0 (hierarchical)
    Elapsed: 0.000s  Memory: 436.00M
--- Running XOR for layer 235/4 ---
"input" in: xor.drc:109
    Polygons (raw): 1 (flat)  1 (hierarchical)
    Elapsed: 0.000s  Memory: 436.00M
"input" in: xor.drc:109
    Polygons (raw): 1 (flat)  1 (hierarchical)
    Elapsed: 0.000s  Memory: 436.00M
"^" in: xor.drc:109
    Polygons (raw): 0 (flat)  0 (hierarchical)
    Elapsed: 0.040s  Memory: 436.00M
XOR differences: 0
"output" in: xor.drc:86
    Polygons (raw): 0 (flat)  0 (hierarchical)
    Elapsed: 0.000s  Memory: 436.00M
--- Running XOR for layer 236/0 ---
"input" in: xor.drc:109
    Polygons (raw): 16878 (flat)  111 (hierarchical)
    Elapsed: 0.000s  Memory: 436.00M
"input" in: xor.drc:109
    Polygons (raw): 16878 (flat)  111 (hierarchical)
    Elapsed: 0.010s  Memory: 436.00M
"^" in: xor.drc:109
    Polygons (raw): 0 (flat)  0 (hierarchical)
    Elapsed: 0.360s  Memory: 445.00M
XOR differences: 0
"output" in: xor.drc:86
    Polygons (raw): 0 (flat)  0 (hierarchical)
    Elapsed: 0.020s  Memory: 437.00M
--- Running XOR for layer 64/16 ---
"input" in: xor.drc:109
    Polygons (raw): 19836 (flat)  116 (hierarchical)
    Elapsed: 0.000s  Memory: 437.00M
"input" in: xor.drc:109
    Polygons (raw): 19836 (flat)  116 (hierarchical)
    Elapsed: 0.000s  Memory: 437.00M
"^" in: xor.drc:109
    Polygons (raw): 0 (flat)  0 (hierarchical)
    Elapsed: 0.320s  Memory: 442.00M
XOR differences: 0
"output" in: xor.drc:86
    Polygons (raw): 0 (flat)  0 (hierarchical)
    Elapsed: 0.000s  Memory: 442.00M
--- Running XOR for layer 64/20 ---
"input" in: xor.drc:109
    Polygons (raw): 20910 (flat)  114 (hierarchical)
    Elapsed: 0.000s  Memory: 442.00M
"input" in: xor.drc:109
    Polygons (raw): 20910 (flat)  114 (hierarchical)
    Elapsed: 0.000s  Memory: 442.00M
"^" in: xor.drc:109
    Polygons (raw): 0 (flat)  0 (hierarchical)
    Elapsed: 0.410s  Memory: 449.00M
XOR differences: 0
"output" in: xor.drc:86
    Polygons (raw): 0 (flat)  0 (hierarchical)
    Elapsed: 0.010s  Memory: 449.00M
--- Running XOR for layer 64/5 ---
"input" in: xor.drc:109
    Polygons (raw): 0 (flat)  0 (hierarchical)
    Elapsed: 0.000s  Memory: 449.00M
"input" in: xor.drc:109
    Polygons (raw): 0 (flat)  0 (hierarchical)
    Elapsed: 0.000s  Memory: 449.00M
"^" in: xor.drc:109
    Polygons (raw): 0 (flat)  0 (hierarchical)
    Elapsed: 0.100s  Memory: 449.00M
XOR differences: 0
"output" in: xor.drc:86
    Polygons (raw): 0 (flat)  0 (hierarchical)
    Elapsed: 0.000s  Memory: 449.00M
--- Running XOR for layer 64/59 ---
"input" in: xor.drc:109
    Polygons (raw): 0 (flat)  0 (hierarchical)
    Elapsed: 0.000s  Memory: 449.00M
"input" in: xor.drc:109
    Polygons (raw): 0 (flat)  0 (hierarchical)
    Elapsed: 0.000s  Memory: 449.00M
"^" in: xor.drc:109
    Polygons (raw): 0 (flat)  0 (hierarchical)
    Elapsed: 0.210s  Memory: 449.00M
XOR differences: 0
"output" in: xor.drc:86
    Polygons (raw): 0 (flat)  0 (hierarchical)
    Elapsed: 0.000s  Memory: 449.00M
--- Running XOR for layer 65/20 ---
"input" in: xor.drc:109
    Polygons (raw): 40472 (flat)  338 (hierarchical)
    Elapsed: 0.000s  Memory: 449.00M
"input" in: xor.drc:109
    Polygons (raw): 40472 (flat)  338 (hierarchical)
    Elapsed: 0.000s  Memory: 449.00M
"^" in: xor.drc:109
    Polygons (raw): 0 (flat)  0 (hierarchical)
    Elapsed: 0.470s  Memory: 450.00M
XOR differences: 0
"output" in: xor.drc:86
    Polygons (raw): 0 (flat)  0 (hierarchical)
    Elapsed: 0.020s  Memory: 450.00M
--- Running XOR for layer 65/44 ---
"input" in: xor.drc:109
    Polygons (raw): 2856 (flat)  2 (hierarchical)
    Elapsed: 0.000s  Memory: 450.00M
"input" in: xor.drc:109
    Polygons (raw): 2856 (flat)  2 (hierarchical)
    Elapsed: 0.000s  Memory: 450.00M
"^" in: xor.drc:109
    Polygons (raw): 0 (flat)  0 (hierarchical)
    Elapsed: 0.040s  Memory: 450.00M
XOR differences: 0
"output" in: xor.drc:86
    Polygons (raw): 0 (flat)  0 (hierarchical)
    Elapsed: 0.000s  Memory: 450.00M
--- Running XOR for layer 66/15 ---
"input" in: xor.drc:109
    Polygons (raw): 10 (flat)  2 (hierarchical)
    Elapsed: 0.000s  Memory: 450.00M
"input" in: xor.drc:109
    Polygons (raw): 10 (flat)  2 (hierarchical)
    Elapsed: 0.000s  Memory: 450.00M
"^" in: xor.drc:109
    Polygons (raw): 0 (flat)  0 (hierarchical)
    Elapsed: 0.040s  Memory: 451.00M
XOR differences: 0
"output" in: xor.drc:86
    Polygons (raw): 0 (flat)  0 (hierarchical)
    Elapsed: 0.000s  Memory: 451.00M
--- Running XOR for layer 66/20 ---
"input" in: xor.drc:109
    Polygons (raw): 50429 (flat)  549 (hierarchical)
    Elapsed: 0.000s  Memory: 451.00M
"input" in: xor.drc:109
    Polygons (raw): 50429 (flat)  549 (hierarchical)
    Elapsed: 0.000s  Memory: 451.00M
"^" in: xor.drc:109
    Polygons (raw): 0 (flat)  0 (hierarchical)
    Elapsed: 0.780s  Memory: 453.00M
XOR differences: 0
"output" in: xor.drc:86
    Polygons (raw): 0 (flat)  0 (hierarchical)
    Elapsed: 0.010s  Memory: 453.00M
--- Running XOR for layer 66/44 ---
"input" in: xor.drc:109
    Polygons (raw): 220790 (flat)  3760 (hierarchical)
    Elapsed: 0.000s  Memory: 453.00M
"input" in: xor.drc:109
    Polygons (raw): 220790 (flat)  3760 (hierarchical)
    Elapsed: 0.000s  Memory: 453.00M
"^" in: xor.drc:109
    Polygons (raw): 0 (flat)  0 (hierarchical)
    Elapsed: 1.260s  Memory: 459.00M
XOR differences: 0
"output" in: xor.drc:86
    Polygons (raw): 0 (flat)  0 (hierarchical)
    Elapsed: 0.010s  Memory: 459.00M
--- Running XOR for layer 67/16 ---
"input" in: xor.drc:109
    Polygons (raw): 30453 (flat)  926 (hierarchical)
    Elapsed: 0.000s  Memory: 459.00M
"input" in: xor.drc:109
    Polygons (raw): 30453 (flat)  926 (hierarchical)
    Elapsed: 0.010s  Memory: 459.00M
"^" in: xor.drc:109
    Polygons (raw): 0 (flat)  0 (hierarchical)
    Elapsed: 0.330s  Memory: 466.00M
XOR differences: 0
"output" in: xor.drc:86
    Polygons (raw): 0 (flat)  0 (hierarchical)
    Elapsed: 0.000s  Memory: 466.00M
--- Running XOR for layer 67/20 ---
"input" in: xor.drc:109
    Polygons (raw): 93128 (flat)  14016 (hierarchical)
    Elapsed: 0.000s  Memory: 466.00M
"input" in: xor.drc:109
    Polygons (raw): 93128 (flat)  970 (hierarchical)
    Elapsed: 0.000s  Memory: 466.00M
"^" in: xor.drc:109
    Polygons (raw): 0 (flat)  0 (hierarchical)
    Elapsed: 1.300s  Memory: 505.00M
XOR differences: 0
"output" in: xor.drc:86
    Polygons (raw): 0 (flat)  0 (hierarchical)
    Elapsed: 0.020s  Memory: 505.00M
--- Running XOR for layer 67/44 ---
"input" in: xor.drc:109
    Polygons (raw): 181617 (flat)  15240 (hierarchical)
    Elapsed: 0.000s  Memory: 505.00M
"input" in: xor.drc:109
    Polygons (raw): 181617 (flat)  2194 (hierarchical)
    Elapsed: 0.000s  Memory: 505.00M
"^" in: xor.drc:109
    Polygons (raw): 0 (flat)  0 (hierarchical)
    Elapsed: 1.050s  Memory: 506.00M
XOR differences: 0
"output" in: xor.drc:86
    Polygons (raw): 0 (flat)  0 (hierarchical)
    Elapsed: 0.010s  Memory: 506.00M
--- Running XOR for layer 67/5 ---
"input" in: xor.drc:109
    Polygons (raw): 0 (flat)  0 (hierarchical)
    Elapsed: 0.000s  Memory: 506.00M
"input" in: xor.drc:109
    Polygons (raw): 0 (flat)  0 (hierarchical)
    Elapsed: 0.000s  Memory: 506.00M
"^" in: xor.drc:109
    Polygons (raw): 0 (flat)  0 (hierarchical)
    Elapsed: 0.030s  Memory: 506.00M
XOR differences: 0
"output" in: xor.drc:86
    Polygons (raw): 0 (flat)  0 (hierarchical)
    Elapsed: 0.000s  Memory: 506.00M
--- Running XOR for layer 68/16 ---
"input" in: xor.drc:109
    Polygons (raw): 41930 (flat)  233 (hierarchical)
    Elapsed: 0.000s  Memory: 506.00M
"input" in: xor.drc:109
    Polygons (raw): 41930 (flat)  233 (hierarchical)
    Elapsed: 0.000s  Memory: 506.00M
"^" in: xor.drc:109
    Polygons (raw): 0 (flat)  0 (hierarchical)
    Elapsed: 0.450s  Memory: 518.00M
XOR differences: 0
"output" in: xor.drc:86
    Polygons (raw): 0 (flat)  0 (hierarchical)
    Elapsed: 0.010s  Memory: 518.00M
--- Running XOR for layer 68/20 ---
"input" in: xor.drc:109
    Polygons (raw): 60139 (flat)  13666 (hierarchical)
    Elapsed: 0.000s  Memory: 518.00M
"input" in: xor.drc:109
    Polygons (raw): 94818 (flat)  18413 (hierarchical)
    Elapsed: 0.000s  Memory: 518.00M
"^" in: xor.drc:109
    Polygons (raw): 0 (flat)  0 (hierarchical)
    Elapsed: 0.790s  Memory: 563.00M
XOR differences: 0
"output" in: xor.drc:86
    Polygons (raw): 0 (flat)  0 (hierarchical)
    Elapsed: 0.010s  Memory: 563.00M
--- Running XOR for layer 68/44 ---
"input" in: xor.drc:109
    Polygons (raw): 31167 (flat)  31167 (hierarchical)
    Elapsed: 0.000s  Memory: 563.00M
"input" in: xor.drc:109
    Polygons (raw): 31167 (flat)  14 (hierarchical)
    Elapsed: 0.000s  Memory: 563.00M
"^" in: xor.drc:109
    Polygons (raw): 0 (flat)  0 (hierarchical)
    Elapsed: 0.320s  Memory: 570.00M
XOR differences: 0
"output" in: xor.drc:86
    Polygons (raw): 0 (flat)  0 (hierarchical)
    Elapsed: 0.000s  Memory: 570.00M
--- Running XOR for layer 68/5 ---
"input" in: xor.drc:109
    Polygons (raw): 0 (flat)  0 (hierarchical)
    Elapsed: 0.000s  Memory: 570.00M
"input" in: xor.drc:109
    Polygons (raw): 0 (flat)  0 (hierarchical)
    Elapsed: 0.000s  Memory: 570.00M
"^" in: xor.drc:109
    Polygons (raw): 0 (flat)  0 (hierarchical)
    Elapsed: 0.050s  Memory: 570.00M
XOR differences: 0
"output" in: xor.drc:86
    Polygons (raw): 0 (flat)  0 (hierarchical)
    Elapsed: 0.000s  Memory: 570.00M
--- Running XOR for layer 69/16 ---
"input" in: xor.drc:109
    Polygons (raw): 48 (flat)  48 (hierarchical)
    Elapsed: 0.000s  Memory: 570.00M
"input" in: xor.drc:109
    Polygons (raw): 48 (flat)  48 (hierarchical)
    Elapsed: 0.000s  Memory: 570.00M
"^" in: xor.drc:109
    Polygons (raw): 0 (flat)  0 (hierarchical)
    Elapsed: 0.030s  Memory: 570.00M
XOR differences: 0
"output" in: xor.drc:86
    Polygons (raw): 0 (flat)  0 (hierarchical)
    Elapsed: 0.000s  Memory: 570.00M
--- Running XOR for layer 69/20 ---
"input" in: xor.drc:109
    Polygons (raw): 8467 (flat)  8467 (hierarchical)
    Elapsed: 0.000s  Memory: 570.00M
"input" in: xor.drc:109
    Polygons (raw): 31054 (flat)  11719 (hierarchical)
    Elapsed: 0.000s  Memory: 570.00M
"^" in: xor.drc:109
    Polygons (raw): 0 (flat)  0 (hierarchical)
    Elapsed: 0.470s  Memory: 583.00M
XOR differences: 0
"output" in: xor.drc:86
    Polygons (raw): 0 (flat)  0 (hierarchical)
    Elapsed: 0.020s  Memory: 583.00M
--- Running XOR for layer 69/44 ---
"input" in: xor.drc:109
    Polygons (raw): 14133 (flat)  14133 (hierarchical)
    Elapsed: 0.000s  Memory: 583.00M
"input" in: xor.drc:109
    Polygons (raw): 14133 (flat)  11 (hierarchical)
    Elapsed: 0.000s  Memory: 583.00M
"^" in: xor.drc:109
    Polygons (raw): 0 (flat)  0 (hierarchical)
    Elapsed: 0.160s  Memory: 587.00M
XOR differences: 0
"output" in: xor.drc:86
    Polygons (raw): 0 (flat)  0 (hierarchical)
    Elapsed: 0.000s  Memory: 587.00M
--- Running XOR for layer 69/5 ---
"input" in: xor.drc:109
    Polygons (raw): 0 (flat)  0 (hierarchical)
    Elapsed: 0.000s  Memory: 587.00M
"input" in: xor.drc:109
    Polygons (raw): 0 (flat)  0 (hierarchical)
    Elapsed: 0.000s  Memory: 587.00M
"^" in: xor.drc:109
    Polygons (raw): 0 (flat)  0 (hierarchical)
    Elapsed: 0.080s  Memory: 587.00M
XOR differences: 0
"output" in: xor.drc:86
    Polygons (raw): 0 (flat)  0 (hierarchical)
    Elapsed: 0.000s  Memory: 587.00M
--- Running XOR for layer 70/16 ---
"input" in: xor.drc:109
    Polygons (raw): 50 (flat)  50 (hierarchical)
    Elapsed: 0.000s  Memory: 587.00M
"input" in: xor.drc:109
    Polygons (raw): 50 (flat)  50 (hierarchical)
    Elapsed: 0.000s  Memory: 587.00M
"^" in: xor.drc:109
    Polygons (raw): 0 (flat)  0 (hierarchical)
    Elapsed: 0.130s  Memory: 587.00M
XOR differences: 0
"output" in: xor.drc:86
    Polygons (raw): 0 (flat)  0 (hierarchical)
    Elapsed: 0.000s  Memory: 587.00M
--- Running XOR for layer 70/20 ---
"input" in: xor.drc:109
    Polygons (raw): 1977 (flat)  1977 (hierarchical)
    Elapsed: 0.000s  Memory: 587.00M
"input" in: xor.drc:109
    Polygons (raw): 6284 (flat)  2297 (hierarchical)
    Elapsed: 0.000s  Memory: 587.00M
"^" in: xor.drc:109
    Polygons (raw): 0 (flat)  0 (hierarchical)
    Elapsed: 0.260s  Memory: 587.00M
XOR differences: 0
"output" in: xor.drc:86
    Polygons (raw): 0 (flat)  0 (hierarchical)
    Elapsed: 0.020s  Memory: 587.00M
--- Running XOR for layer 70/44 ---
"input" in: xor.drc:109
    Polygons (raw): 13222 (flat)  13222 (hierarchical)
    Elapsed: 0.000s  Memory: 587.00M
"input" in: xor.drc:109
    Polygons (raw): 13222 (flat)  11 (hierarchical)
    Elapsed: 0.000s  Memory: 587.00M
"^" in: xor.drc:109
    Polygons (raw): 0 (flat)  0 (hierarchical)
    Elapsed: 0.160s  Memory: 587.00M
XOR differences: 0
"output" in: xor.drc:86
    Polygons (raw): 0 (flat)  0 (hierarchical)
    Elapsed: 0.000s  Memory: 587.00M
--- Running XOR for layer 70/5 ---
"input" in: xor.drc:109
    Polygons (raw): 0 (flat)  0 (hierarchical)
    Elapsed: 0.000s  Memory: 587.00M
"input" in: xor.drc:109
    Polygons (raw): 0 (flat)  0 (hierarchical)
    Elapsed: 0.010s  Memory: 587.00M
"^" in: xor.drc:109
    Polygons (raw): 0 (flat)  0 (hierarchical)
    Elapsed: 0.070s  Memory: 587.00M
XOR differences: 0
"output" in: xor.drc:86
    Polygons (raw): 0 (flat)  0 (hierarchical)
    Elapsed: 0.000s  Memory: 587.00M
--- Running XOR for layer 71/16 ---
"input" in: xor.drc:109
    Polygons (raw): 26 (flat)  26 (hierarchical)
    Elapsed: 0.000s  Memory: 587.00M
"input" in: xor.drc:109
    Polygons (raw): 26 (flat)  26 (hierarchical)
    Elapsed: 0.000s  Memory: 587.00M
"^" in: xor.drc:109
    Polygons (raw): 0 (flat)  0 (hierarchical)
    Elapsed: 0.110s  Memory: 587.00M
XOR differences: 0
"output" in: xor.drc:86
    Polygons (raw): 0 (flat)  0 (hierarchical)
    Elapsed: 0.000s  Memory: 587.00M
--- Running XOR for layer 71/20 ---
"input" in: xor.drc:109
    Polygons (raw): 142 (flat)  142 (hierarchical)
    Elapsed: 0.000s  Memory: 587.00M
"input" in: xor.drc:109
    Polygons (raw): 2069 (flat)  194 (hierarchical)
    Elapsed: 0.000s  Memory: 587.00M
"^" in: xor.drc:109
    Polygons (raw): 0 (flat)  0 (hierarchical)
    Elapsed: 0.190s  Memory: 587.00M
XOR differences: 0
"output" in: xor.drc:86
    Polygons (raw): 0 (flat)  0 (hierarchical)
    Elapsed: 0.030s  Memory: 587.00M
--- Running XOR for layer 71/44 ---
"input" in: xor.drc:109
    Polygons (raw): 1156 (flat)  1156 (hierarchical)
    Elapsed: 0.000s  Memory: 587.00M
"input" in: xor.drc:109
    Polygons (raw): 1156 (flat)  10 (hierarchical)
    Elapsed: 0.000s  Memory: 587.00M
"^" in: xor.drc:109
    Polygons (raw): 0 (flat)  0 (hierarchical)
    Elapsed: 0.140s  Memory: 587.00M
XOR differences: 0
"output" in: xor.drc:86
    Polygons (raw): 0 (flat)  0 (hierarchical)
    Elapsed: 0.000s  Memory: 587.00M
--- Running XOR for layer 71/5 ---
"input" in: xor.drc:109
    Polygons (raw): 0 (flat)  0 (hierarchical)
    Elapsed: 0.000s  Memory: 587.00M
"input" in: xor.drc:109
    Polygons (raw): 0 (flat)  0 (hierarchical)
    Elapsed: 0.000s  Memory: 587.00M
"^" in: xor.drc:109
    Polygons (raw): 0 (flat)  0 (hierarchical)
    Elapsed: 0.080s  Memory: 587.00M
XOR differences: 0
"output" in: xor.drc:86
    Polygons (raw): 0 (flat)  0 (hierarchical)
    Elapsed: 0.000s  Memory: 587.00M
--- Running XOR for layer 72/16 ---
"input" in: xor.drc:109
    Polygons (raw): 26 (flat)  26 (hierarchical)
    Elapsed: 0.000s  Memory: 587.00M
"input" in: xor.drc:109
    Polygons (raw): 26 (flat)  26 (hierarchical)
    Elapsed: 0.000s  Memory: 587.00M
"^" in: xor.drc:109
    Polygons (raw): 0 (flat)  0 (hierarchical)
    Elapsed: 0.110s  Memory: 587.00M
XOR differences: 0
"output" in: xor.drc:86
    Polygons (raw): 0 (flat)  0 (hierarchical)
    Elapsed: 0.000s  Memory: 587.00M
--- Running XOR for layer 72/20 ---
"input" in: xor.drc:109
    Polygons (raw): 28 (flat)  28 (hierarchical)
    Elapsed: 0.000s  Memory: 587.00M
"input" in: xor.drc:109
    Polygons (raw): 396 (flat)  59 (hierarchical)
    Elapsed: 0.000s  Memory: 587.00M
"^" in: xor.drc:109
    Polygons (raw): 0 (flat)  0 (hierarchical)
    Elapsed: 0.130s  Memory: 587.00M
XOR differences: 0
"output" in: xor.drc:86
    Polygons (raw): 0 (flat)  0 (hierarchical)
    Elapsed: 0.050s  Memory: 587.00M
--- Running XOR for layer 72/5 ---
"input" in: xor.drc:109
    Polygons (raw): 0 (flat)  0 (hierarchical)
    Elapsed: 0.000s  Memory: 587.00M
"input" in: xor.drc:109
    Polygons (raw): 0 (flat)  0 (hierarchical)
    Elapsed: 0.000s  Memory: 587.00M
"^" in: xor.drc:109
    Polygons (raw): 0 (flat)  0 (hierarchical)
    Elapsed: 0.080s  Memory: 587.00M
XOR differences: 0
"output" in: xor.drc:86
    Polygons (raw): 0 (flat)  0 (hierarchical)
    Elapsed: 0.000s  Memory: 587.00M
--- Running XOR for layer 78/44 ---
"input" in: xor.drc:109
    Polygons (raw): 21360 (flat)  117 (hierarchical)
    Elapsed: 0.000s  Memory: 587.00M
"input" in: xor.drc:109
    Polygons (raw): 21360 (flat)  117 (hierarchical)
    Elapsed: 0.000s  Memory: 587.00M
"^" in: xor.drc:109
    Polygons (raw): 0 (flat)  0 (hierarchical)
    Elapsed: 0.400s  Memory: 596.00M
XOR differences: 0
"output" in: xor.drc:86
    Polygons (raw): 0 (flat)  0 (hierarchical)
    Elapsed: 0.020s  Memory: 596.00M
--- Running XOR for layer 81/23 ---
"input" in: xor.drc:109
    Polygons (raw): 20 (flat)  1 (hierarchical)
    Elapsed: 0.000s  Memory: 596.00M
"input" in: xor.drc:109
    Polygons (raw): 20 (flat)  1 (hierarchical)
    Elapsed: 0.000s  Memory: 596.00M
"^" in: xor.drc:109
    Polygons (raw): 0 (flat)  0 (hierarchical)
    Elapsed: 0.030s  Memory: 596.00M
XOR differences: 0
"output" in: xor.drc:86
    Polygons (raw): 0 (flat)  0 (hierarchical)
    Elapsed: 0.000s  Memory: 596.00M
--- Running XOR for layer 81/4 ---
"input" in: xor.drc:109
    Polygons (raw): 20910 (flat)  114 (hierarchical)
    Elapsed: 0.000s  Memory: 596.00M
"input" in: xor.drc:109
    Polygons (raw): 20910 (flat)  114 (hierarchical)
    Elapsed: 0.000s  Memory: 596.00M
"^" in: xor.drc:109
    Polygons (raw): 0 (flat)  0 (hierarchical)
    Elapsed: 0.400s  Memory: 610.00M
XOR differences: 0
"output" in: xor.drc:86
    Polygons (raw): 0 (flat)  0 (hierarchical)
    Elapsed: 0.000s  Memory: 610.00M
--- Running XOR for layer 83/44 ---
"input" in: xor.drc:109
    Polygons (raw): 0 (flat)  0 (hierarchical)
    Elapsed: 0.000s  Memory: 610.00M
"input" in: xor.drc:109
    Polygons (raw): 0 (flat)  0 (hierarchical)
    Elapsed: 0.000s  Memory: 610.00M
"^" in: xor.drc:109
    Polygons (raw): 0 (flat)  0 (hierarchical)
    Elapsed: 0.050s  Memory: 611.00M
XOR differences: 0
"output" in: xor.drc:86
    Polygons (raw): 0 (flat)  0 (hierarchical)
    Elapsed: 0.010s  Memory: 611.00M
--- Running XOR for layer 93/44 ---
"input" in: xor.drc:109
    Polygons (raw): 22338 (flat)  115 (hierarchical)
    Elapsed: 0.000s  Memory: 611.00M
"input" in: xor.drc:109
    Polygons (raw): 22338 (flat)  115 (hierarchical)
    Elapsed: 0.000s  Memory: 611.00M
"^" in: xor.drc:109
    Polygons (raw): 0 (flat)  0 (hierarchical)
    Elapsed: 0.350s  Memory: 611.00M
XOR differences: 0
"output" in: xor.drc:86
    Polygons (raw): 0 (flat)  0 (hierarchical)
    Elapsed: 0.000s  Memory: 611.00M
--- Running XOR for layer 94/20 ---
"input" in: xor.drc:109
    Polygons (raw): 22338 (flat)  115 (hierarchical)
    Elapsed: 0.000s  Memory: 611.00M
"input" in: xor.drc:109
    Polygons (raw): 22338 (flat)  115 (hierarchical)
    Elapsed: 0.000s  Memory: 611.00M
"^" in: xor.drc:109
    Polygons (raw): 0 (flat)  0 (hierarchical)
    Elapsed: 0.360s  Memory: 612.00M
XOR differences: 0
"output" in: xor.drc:86
    Polygons (raw): 0 (flat)  0 (hierarchical)
    Elapsed: 0.020s  Memory: 612.00M
--- Running XOR for layer 95/20 ---
"input" in: xor.drc:109
    Polygons (raw): 17387 (flat)  119 (hierarchical)
    Elapsed: 0.000s  Memory: 612.00M
"input" in: xor.drc:109
    Polygons (raw): 17387 (flat)  119 (hierarchical)
    Elapsed: 0.000s  Memory: 612.00M
"^" in: xor.drc:109
    Polygons (raw): 0 (flat)  0 (hierarchical)
    Elapsed: 0.400s  Memory: 616.00M
XOR differences: 0
"output" in: xor.drc:86
    Polygons (raw): 0 (flat)  0 (hierarchical)
    Elapsed: 0.000s  Memory: 616.00M
---
Total XOR differences: 0
Writing report database: /home/cl4/Desktop/training/single_cycle/runs/RUN_2026-08-24_11-42-19/62-klayout-xor/xor.xml ..
Total elapsed: 13.940s  Memory: 616.00M
/home/cl4/Desktop/training/single_cycle/runs/RUN_2026-08-24_11-42-19/57-magic-streamout/single_cycle_cpu.magic.gds
/home/cl4/Desktop/training/single_cycle/runs/RUN_2026-08-24_11-42-19/58-klayout-streamout/single_cycle_cpu.klayout.gds
%OL_METRIC_I design__xor_difference__count 0
