Clock: clk
Sources: clk 
Generated: no
Virtual: yes
Propagated: no
Period: 25.000000

===========================================================================
report_clock_properties
============================================================================
Clock                   Period          Waveform
----------------------------------------------------
clk                  25.000000    0.000000 12.500000

===========================================================================
report_clock_latency
============================================================================
Clock clk
rise -> rise
    min     max
0.000000 0.000000 source latency
1.471505         network latency _6938_/CLK
        1.553880 network latency _7122_/CLK
---------------
1.471505 1.553880 latency
        0.082376 skew

fall -> fall
    min     max
0.000000 0.000000 source latency
1.285364         network latency _6938_/CLK
        1.345567 network latency _7122_/CLK
---------------
1.285364 1.345567 latency
        0.060203 skew



===========================================================================
report_clock_min_period
============================================================================
clk period_min = 18.43 fmax = 54.26
