
===========================================================================
 report_power
============================================================================
======================= nom_ss_100C_1v60 Corner ===================================

Group                    Internal    Switching      Leakage        Total
                            Power        Power        Power        Power (Watts)
------------------------------------------------------------------------
Sequential           8.873494e-04 0.000000e+00 1.241405e-05 8.997634e-04  52.2%
Combinational        8.578774e-06 2.885160e-05 1.771765e-05 5.514803e-05   3.2%
Clock                4.046308e-04 3.615618e-04 1.456472e-06 7.676491e-04  44.6%
Macro                0.000000e+00 0.000000e+00 0.000000e+00 0.000000e+00   0.0%
Pad                  0.000000e+00 0.000000e+00 0.000000e+00 0.000000e+00   0.0%
------------------------------------------------------------------------
Total                1.300559e-03 3.904135e-04 3.158739e-05 1.722560e-03 100.0%
                            75.5%        22.7%         1.8%

