
===========================================================================
Violator List
============================================================================
[hold in-reg] reset -> _7003_/RESET_B : -1.869867
[hold in-reg] reset -> _7004_/RESET_B : -1.868383
[hold in-reg] reset -> _7005_/RESET_B : -1.865043
[hold in-reg] reset -> _7006_/RESET_B : -1.859549
[hold in-reg] reset -> _7007_/RESET_B : -1.854746
[hold in-reg] reset -> _7001_/RESET_B : -1.853222
[hold in-reg] reset -> _7002_/RESET_B : -1.852939
[hold in-reg] reset -> _6999_/RESET_B : -1.852865
[hold in-reg] reset -> _7008_/RESET_B : -1.849946
[hold in-reg] reset -> _7000_/RESET_B : -1.849448
[hold in-reg] reset -> _6996_/RESET_B : -1.839247
[hold in-reg] reset -> _6997_/RESET_B : -1.839056
[hold in-reg] reset -> _7372_/RESET_B : -1.838404
[hold in-reg] reset -> _6998_/RESET_B : -1.838367
[hold in-reg] reset -> _7182_/RESET_B : -1.837551
[hold in-reg] reset -> _7150_/RESET_B : -1.830944
[hold in-reg] reset -> _7106_/RESET_B : -1.449115
[hold in-reg] reset -> _7267_/RESET_B : -1.448274
[hold in-reg] reset -> _7363_/RESET_B : -1.405418
[hold in-reg] reset -> _7333_/RESET_B : -1.405189
[hold in-reg] reset -> _7329_/RESET_B : -1.404997
[hold in-reg] reset -> _7381_/RESET_B : -1.375871
[hold in-reg] reset -> _7382_/RESET_B : -1.373861
[hold in-reg] reset -> _7256_/RESET_B : -1.368879
[hold in-reg] reset -> _7406_/RESET_B : -1.339036
[hold in-reg] reset -> _7405_/RESET_B : -1.338585
[hold in-reg] reset -> _6979_/RESET_B : -1.198730
[hold in-reg] reset -> _7078_/RESET_B : -1.197299
[hold in-reg] reset -> _6981_/RESET_B : -1.197050
[hold in-reg] reset -> _7079_/RESET_B : -1.195619
[hold in-reg] reset -> _7075_/RESET_B : -1.195483
[hold in-reg] reset -> _7081_/RESET_B : -1.195376
[hold in-reg] reset -> _7082_/RESET_B : -1.194398
[hold in-reg] reset -> _7105_/RESET_B : -1.194002
[hold in-reg] reset -> _6983_/RESET_B : -1.191885
[hold in-reg] reset -> _6980_/RESET_B : -1.188767
[hold in-reg] reset -> _7085_/RESET_B : -1.183525
[hold in-reg] reset -> _7086_/RESET_B : -1.182170
[hold in-reg] reset -> _7084_/RESET_B : -1.182132
[hold in-reg] reset -> _7083_/RESET_B : -1.182130
[hold in-reg] reset -> _7020_/RESET_B : -1.179252
[hold in-reg] reset -> _7019_/RESET_B : -1.177215
[hold in-reg] reset -> _7072_/RESET_B : -1.176689
[hold in-reg] reset -> _7076_/RESET_B : -1.176609
[hold in-reg] reset -> _7073_/RESET_B : -1.176305
[hold in-reg] reset -> _7108_/RESET_B : -1.175199
[hold in-reg] reset -> _7074_/RESET_B : -1.175156
[hold in-reg] reset -> _7071_/RESET_B : -1.174568
[hold in-reg] reset -> _6988_/RESET_B : -1.174565
[hold in-reg] reset -> _7010_/RESET_B : -1.173492
[hold in-reg] reset -> _7077_/RESET_B : -1.173430
[hold in-reg] reset -> _6987_/RESET_B : -1.173420
[hold in-reg] reset -> _7009_/RESET_B : -1.172998
[hold in-reg] reset -> _7080_/RESET_B : -1.172889
[hold in-reg] reset -> _7335_/RESET_B : -1.040683
[hold in-reg] reset -> _7342_/RESET_B : -1.038701
[hold in-reg] reset -> _7374_/RESET_B : -1.038650
[hold in-reg] reset -> _7370_/RESET_B : -1.037840
[hold in-reg] reset -> _7403_/RESET_B : -1.037833
[hold in-reg] reset -> _7339_/RESET_B : -1.037546
[hold in-reg] reset -> _7373_/RESET_B : -1.035516
[hold in-reg] reset -> _7330_/RESET_B : -1.015053
[hold in-reg] reset -> _7300_/RESET_B : -1.014348
[hold in-reg] reset -> _7236_/RESET_B : -1.010018
[hold in-reg] reset -> _7172_/RESET_B : -1.009243
[hold in-reg] reset -> _7167_/RESET_B : -1.009163
[hold in-reg] reset -> _7306_/RESET_B : -1.003276
[hold in-reg] reset -> _7307_/RESET_B : -1.001942
[hold in-reg] reset -> _7241_/RESET_B : -1.001753
[hold in-reg] reset -> _7303_/RESET_B : -0.997714
[hold in-reg] reset -> _7320_/RESET_B : -0.931169
[hold in-reg] reset -> _7250_/RESET_B : -0.927397
[hold in-reg] reset -> _6995_/RESET_B : -0.923835
[hold in-reg] reset -> _6994_/RESET_B : -0.923277
[hold in-reg] reset -> _6992_/RESET_B : -0.891664
[hold in-reg] reset -> _6993_/RESET_B : -0.891048
[hold in-reg] reset -> _7115_/RESET_B : -0.885926
[hold in-reg] reset -> _7243_/RESET_B : -0.883952
[hold in-reg] reset -> _7368_/RESET_B : -0.852605
[hold in-reg] reset -> _7053_/RESET_B : -0.850106
[hold in-reg] reset -> _7138_/RESET_B : -0.845164
[hold in-reg] reset -> _7211_/RESET_B : -0.843213
[hold in-reg] reset -> _7266_/RESET_B : -0.843002
[hold in-reg] reset -> _7298_/RESET_B : -0.842447
[hold in-reg] reset -> _7107_/RESET_B : -0.841941
[hold in-reg] reset -> _7137_/RESET_B : -0.841883
[hold in-reg] reset -> _7234_/RESET_B : -0.841228
[hold in-reg] reset -> _7139_/RESET_B : -0.840944
[hold in-reg] reset -> _7265_/RESET_B : -0.839679
[hold in-reg] reset -> _7233_/RESET_B : -0.837897
[hold in-reg] reset -> _7203_/RESET_B : -0.830464
[hold in-reg] reset -> _7171_/RESET_B : -0.829935
[hold in-reg] reset -> _7050_/RESET_B : -0.829842
[hold in-reg] reset -> _7399_/RESET_B : -0.829597
[hold in-reg] reset -> _7051_/RESET_B : -0.829585
[hold in-reg] reset -> _7402_/RESET_B : -0.829393
[hold in-reg] reset -> _7178_/RESET_B : -0.829149
[hold in-reg] reset -> _7112_/RESET_B : -0.828957
[hold in-reg] reset -> _7338_/RESET_B : -0.828607
[hold in-reg] reset -> _7341_/RESET_B : -0.828519
[hold in-reg] reset -> _7401_/RESET_B : -0.828375
[hold in-reg] reset -> _7141_/RESET_B : -0.827987
[hold in-reg] reset -> _6986_/RESET_B : -0.825535
[hold in-reg] reset -> _7210_/RESET_B : -0.824506
[hold in-reg] reset -> _7135_/RESET_B : -0.822468
[hold in-reg] reset -> _7140_/RESET_B : -0.822121
[hold in-reg] reset -> _7017_/RESET_B : -0.821979
[hold in-reg] reset -> _6985_/RESET_B : -0.821880
[hold in-reg] reset -> _7263_/RESET_B : -0.821685
[hold in-reg] reset -> _7242_/RESET_B : -0.821439
[hold in-reg] reset -> _7268_/RESET_B : -0.821392
[hold in-reg] reset -> _7231_/RESET_B : -0.821042
[hold in-reg] reset -> _7264_/RESET_B : -0.820064
[hold in-reg] reset -> _7103_/RESET_B : -0.818942
[hold in-reg] reset -> _7262_/RESET_B : -0.817749
[hold in-reg] reset -> _7023_/RESET_B : -0.784186
[hold in-reg] reset -> _7345_/RESET_B : -0.784011
[hold in-reg] reset -> _7185_/RESET_B : -0.783849
[hold in-reg] reset -> _7018_/RESET_B : -0.783744
[hold in-reg] reset -> _7349_/RESET_B : -0.783239
[hold in-reg] reset -> _7344_/RESET_B : -0.783062
[hold in-reg] reset -> _7380_/RESET_B : -0.783037
[hold in-reg] reset -> _7033_/RESET_B : -0.782792
[hold in-reg] reset -> _7031_/RESET_B : -0.782760
[hold in-reg] reset -> _7169_/RESET_B : -0.781713
[hold in-reg] reset -> _7235_/RESET_B : -0.781606
[hold in-reg] reset -> _7331_/RESET_B : -0.781085
[hold in-reg] reset -> _7299_/RESET_B : -0.780460
[hold in-reg] reset -> _7170_/RESET_B : -0.780119
[hold in-reg] reset -> _7202_/RESET_B : -0.779361
[hold in-reg] reset -> _7109_/RESET_B : -0.778405
[hold in-reg] reset -> _7379_/RESET_B : -0.776505
[hold in-reg] reset -> _7201_/RESET_B : -0.772972
[hold in-reg] reset -> _7378_/RESET_B : -0.772960
[hold in-reg] reset -> _7377_/RESET_B : -0.772696
[hold in-reg] reset -> _7059_/RESET_B : -0.768744
[hold in-reg] reset -> _7062_/RESET_B : -0.768560
[hold in-reg] reset -> _7057_/RESET_B : -0.768408
[hold in-reg] reset -> _7060_/RESET_B : -0.768304
[hold in-reg] reset -> _7061_/RESET_B : -0.767651
[hold in-reg] reset -> _7063_/RESET_B : -0.764977
[hold in-reg] reset -> _6982_/RESET_B : -0.740705
[hold in-reg] reset -> _7362_/RESET_B : -0.739375
[hold in-reg] reset -> _7297_/RESET_B : -0.736118
[hold in-reg] reset -> _7301_/RESET_B : -0.735792
[hold in-reg] reset -> _7204_/RESET_B : -0.735569
[hold in-reg] reset -> _6984_/RESET_B : -0.735103
[hold in-reg] reset -> _7237_/RESET_B : -0.734659
[hold in-reg] reset -> _7129_/RESET_B : -0.734299
[hold in-reg] reset -> _7173_/RESET_B : -0.733996
[hold in-reg] reset -> _7199_/RESET_B : -0.732939
[hold in-reg] reset -> _7257_/RESET_B : -0.732141
[hold in-reg] reset -> _7044_/RESET_B : -0.731569
[hold in-reg] reset -> _7064_/RESET_B : -0.706863
[hold in-reg] reset -> _7067_/RESET_B : -0.705180
[hold in-reg] reset -> _7065_/RESET_B : -0.677681
[hold in-reg] reset -> _7066_/RESET_B : -0.677493
[hold in-reg] reset -> _7068_/RESET_B : -0.677107
[hold in-reg] reset -> _7069_/RESET_B : -0.676862
[hold in-reg] reset -> _7100_/RESET_B : -0.676680
[hold in-reg] reset -> _7070_/RESET_B : -0.676169
[hold in-reg] reset -> _7404_/RESET_B : -0.670584
[hold in-reg] reset -> _7052_/RESET_B : -0.668193
[hold in-reg] reset -> _7260_/RESET_B : -0.667719
[hold in-reg] reset -> _7054_/RESET_B : -0.659795
[hold in-reg] reset -> _7398_/RESET_B : -0.642868
[hold in-reg] reset -> _7397_/RESET_B : -0.642659
[hold in-reg] reset -> _7396_/RESET_B : -0.641734
[hold in-reg] reset -> _7400_/RESET_B : -0.641689
[hold in-reg] reset -> _7278_/RESET_B : -0.615419
[hold in-reg] reset -> _7366_/RESET_B : -0.613356
[hold in-reg] reset -> _7206_/RESET_B : -0.613078
[hold in-reg] reset -> _7148_/RESET_B : -0.610158
[hold in-reg] reset -> _7117_/RESET_B : -0.603292
[hold in-reg] reset -> _7179_/RESET_B : -0.596240
[hold in-reg] reset -> _7147_/RESET_B : -0.589478
[hold in-reg] reset -> _7289_/RESET_B : -0.587510
[hold in-reg] reset -> _7325_/RESET_B : -0.586678
[hold in-reg] reset -> _7180_/RESET_B : -0.581901
[hold in-reg] reset -> _7293_/RESET_B : -0.569440
[hold in-reg] reset -> _7194_/RESET_B : -0.565795
[hold in-reg] reset -> _7352_/RESET_B : -0.545080
[hold in-reg] reset -> _7291_/RESET_B : -0.545044
[hold in-reg] reset -> _7323_/RESET_B : -0.543945
[hold in-reg] reset -> _7036_/RESET_B : -0.537564
[hold in-reg] reset -> _7360_/RESET_B : -0.536260
[hold in-reg] reset -> _7353_/RESET_B : -0.536026
[hold in-reg] reset -> _7358_/RESET_B : -0.526844
[hold in-reg] reset -> _7248_/RESET_B : -0.519513
[hold in-reg] reset -> _7056_/SET_B : -0.500689
[hold in-reg] reset -> _7193_/RESET_B : -0.494927
[hold in-reg] reset -> _7322_/RESET_B : -0.474836
[hold in-reg] reset -> _7309_/RESET_B : -0.470141
[hold in-reg] reset -> _7213_/RESET_B : -0.469416
[hold in-reg] reset -> _7347_/RESET_B : -0.468535
[hold in-reg] reset -> _7346_/RESET_B : -0.468289
[hold in-reg] reset -> _7384_/RESET_B : -0.465766
[hold in-reg] reset -> _7229_/RESET_B : -0.461551
[hold in-reg] reset -> _7134_/RESET_B : -0.461548
[hold in-reg] reset -> _7340_/RESET_B : -0.459339
[hold in-reg] reset -> _7181_/RESET_B : -0.459167
[hold in-reg] reset -> _7214_/RESET_B : -0.459140
[hold in-reg] reset -> _7149_/RESET_B : -0.458761
[hold in-reg] reset -> _7359_/RESET_B : -0.451617
[hold in-reg] reset -> _7116_/RESET_B : -0.450835
[hold in-reg] reset -> _7277_/RESET_B : -0.450782
[hold in-reg] reset -> _7276_/RESET_B : -0.450745
[hold in-reg] reset -> _7308_/RESET_B : -0.450694
[hold in-reg] reset -> _7025_/RESET_B : -0.449202
[hold in-reg] reset -> _7367_/RESET_B : -0.449086
[hold in-reg] reset -> _7246_/RESET_B : -0.447001
[hold in-reg] reset -> _7118_/RESET_B : -0.446767
[hold in-reg] reset -> _7244_/RESET_B : -0.444407
[hold in-reg] reset -> _7212_/RESET_B : -0.441938
[hold in-reg] reset -> _7275_/RESET_B : -0.441188
[hold in-reg] reset -> _7326_/RESET_B : -0.437556
[hold in-reg] reset -> _7166_/RESET_B : -0.437092
[hold in-reg] reset -> _7310_/RESET_B : -0.435479
[hold in-reg] reset -> _7369_/RESET_B : -0.435200
[hold in-reg] reset -> _7296_/RESET_B : -0.433879
[hold in-reg] reset -> _7371_/RESET_B : -0.428496
[hold in-reg] reset -> _7035_/RESET_B : -0.404168
[hold in-reg] reset -> _7321_/RESET_B : -0.401385
[hold in-reg] reset -> _7145_/RESET_B : -0.393737
[hold in-reg] reset -> _7270_/RESET_B : -0.393549
[hold in-reg] reset -> _7177_/RESET_B : -0.393022
[hold in-reg] reset -> _7269_/RESET_B : -0.392874
[hold in-reg] reset -> _7304_/RESET_B : -0.392693
[hold in-reg] reset -> _7209_/RESET_B : -0.392263
[hold in-reg] reset -> _7272_/RESET_B : -0.391634
[hold in-reg] reset -> _7274_/RESET_B : -0.390606
[hold in-reg] reset -> _7175_/RESET_B : -0.387446
[hold in-reg] reset -> _7247_/RESET_B : -0.385556
[hold in-reg] reset -> _7279_/RESET_B : -0.385359
[hold in-reg] reset -> _7151_/RESET_B : -0.385084
[hold in-reg] reset -> _7152_/RESET_B : -0.384859
[hold in-reg] reset -> _7012_/RESET_B : -0.384644
[hold in-reg] reset -> _7207_/RESET_B : -0.383741
[hold in-reg] reset -> _7120_/RESET_B : -0.383479
[hold in-reg] reset -> _7357_/RESET_B : -0.383085
[hold in-reg] reset -> _7356_/RESET_B : -0.377469
[hold in-reg] reset -> _7240_/RESET_B : -0.363753
[hold in-reg] reset -> _7176_/RESET_B : -0.363698
[hold in-reg] reset -> _7142_/RESET_B : -0.362724
[hold in-reg] reset -> _7334_/RESET_B : -0.362442
[hold in-reg] reset -> _7336_/RESET_B : -0.361915
[hold in-reg] reset -> _7049_/RESET_B : -0.361902
[hold in-reg] reset -> _7146_/RESET_B : -0.359986
[hold in-reg] reset -> _7110_/RESET_B : -0.359769
[hold in-reg] reset -> _7205_/RESET_B : -0.359088
[hold in-reg] reset -> _7305_/RESET_B : -0.356426
[hold in-reg] reset -> _7026_/RESET_B : -0.353266
[hold in-reg] reset -> _7027_/RESET_B : -0.352673
[hold in-reg] reset -> _7143_/RESET_B : -0.352094
[hold in-reg] reset -> _7271_/RESET_B : -0.352085
[hold in-reg] reset -> _7337_/RESET_B : -0.352009
[hold in-reg] reset -> _7245_/RESET_B : -0.346273
[hold in-reg] reset -> _7040_/RESET_B : -0.339516
[hold in-reg] reset -> _7226_/RESET_B : -0.331065
[hold in-reg] reset -> _7255_/RESET_B : -0.316966
[hold in-reg] reset -> _7189_/RESET_B : -0.316390
[hold in-reg] reset -> _7162_/RESET_B : -0.314839
[hold in-reg] reset -> _7195_/RESET_B : -0.314653
[hold in-reg] reset -> _7011_/RESET_B : -0.313512
[hold in-reg] reset -> _7131_/RESET_B : -0.313134
[hold in-reg] reset -> _7200_/RESET_B : -0.312182
[hold in-reg] reset -> _7196_/RESET_B : -0.311188
[hold in-reg] reset -> _7042_/RESET_B : -0.310762
[hold in-reg] reset -> _7198_/RESET_B : -0.310267
[hold in-reg] reset -> _7225_/RESET_B : -0.309885
[hold in-reg] reset -> _7224_/RESET_B : -0.265012
[hold in-reg] reset -> _7156_/RESET_B : -0.264182
[hold in-reg] reset -> _7154_/RESET_B : -0.261835
[hold in-reg] reset -> _7163_/RESET_B : -0.259995
[hold in-reg] reset -> _7332_/RESET_B : -0.258312
[hold in-reg] reset -> _7290_/RESET_B : -0.257423
[hold in-reg] reset -> _7223_/RESET_B : -0.255612
[hold in-reg] reset -> _7013_/RESET_B : -0.255446
[hold in-reg] reset -> _7364_/RESET_B : -0.254894
[hold in-reg] reset -> _7015_/RESET_B : -0.254426
[hold in-reg] reset -> _7021_/RESET_B : -0.253773
[hold in-reg] reset -> _6990_/RESET_B : -0.253369
[hold in-reg] reset -> _7024_/RESET_B : -0.253151
[hold in-reg] reset -> _6991_/RESET_B : -0.252699
[hold in-reg] reset -> _7114_/RESET_B : -0.251885
[hold in-reg] reset -> _7273_/RESET_B : -0.251344
[hold in-reg] reset -> _6989_/RESET_B : -0.251105
[hold in-reg] reset -> _7128_/RESET_B : -0.246441
[hold in-reg] reset -> _7127_/RESET_B : -0.245982
[hold in-reg] reset -> _7157_/RESET_B : -0.244849
[hold in-reg] reset -> _7113_/RESET_B : -0.243355
[hold in-reg] reset -> _7022_/RESET_B : -0.242768
[hold in-reg] reset -> _7111_/RESET_B : -0.242134
[hold in-reg] reset -> _7239_/RESET_B : -0.241720
[hold in-reg] reset -> _7095_/RESET_B : -0.092498
[hold in-reg] reset -> _7096_/RESET_B : -0.092448
[hold in-reg] reset -> _7288_/RESET_B : -0.089025
[hold in-reg] reset -> _7099_/RESET_B : -0.073874
[hold in-reg] reset -> _7254_/RESET_B : -0.073264
[hold in-reg] reset -> _7220_/RESET_B : -0.072966
[hold in-reg] reset -> _7090_/RESET_B : -0.071819
[hold in-reg] reset -> _7055_/RESET_B : -0.070487
[hold in-reg] reset -> _7038_/RESET_B : -0.068401
[hold in-reg] reset -> _7253_/RESET_B : -0.065253
[hold in-reg] reset -> _7188_/RESET_B : -0.052911
[hold in-reg] reset -> _7094_/RESET_B : -0.051604
[hold in-reg] reset -> _7016_/RESET_B : -0.050086
[hold in-reg] reset -> _7130_/RESET_B : -0.049984
[hold in-reg] reset -> _7097_/RESET_B : -0.049576
[hold in-reg] reset -> _7098_/RESET_B : -0.049540
[hold in-reg] reset -> _7101_/RESET_B : -0.048938
[hold in-reg] reset -> _7041_/RESET_B : -0.045707
[hold in-reg] reset -> _7394_/RESET_B : -0.045567
[hold in-reg] reset -> _7043_/RESET_B : -0.045045
[hold in-reg] reset -> _7039_/RESET_B : -0.044144
[hold in-reg] reset -> _7045_/RESET_B : -0.012640
Writing metric timing__hold_vio__count__corner:nom_tt_025C_1v80: 316
Writing metric timing__hold_r2r__ws__corner:nom_tt_025C_1v80: 0.288476
Writing metric timing__hold_r2r_vio__count__corner:nom_tt_025C_1v80: 0
Writing metric timing__setup_vio__count__corner:nom_tt_025C_1v80: 0
Writing metric timing__setup_r2r__ws__corner:nom_tt_025C_1v80: 16.383741
Writing metric timing__setup_r2r_vio__count__corner:nom_tt_025C_1v80: 0
