Clock: clk
Sources: clk 
Generated: no
Virtual: yes
Propagated: no
Period: 25.000000

===========================================================================
report_clock_properties
============================================================================
Clock                   Period          Waveform
----------------------------------------------------
clk                  25.000000    0.000000 12.500000

===========================================================================
report_clock_latency
============================================================================
Clock clk
rise -> rise
    min     max
0.000000 0.000000 source latency
0.671121         network latency _6853_/CLK
        0.688764 network latency _6995_/CLK
---------------
0.671121 0.688764 latency
        0.017644 skew

fall -> fall
    min     max
0.000000 0.000000 source latency
0.601199         network latency _6853_/CLK
        0.614717 network latency _7202_/CLK
---------------
0.601199 0.614717 latency
        0.013518 skew



===========================================================================
report_clock_min_period
============================================================================
clk period_min = 7.92 fmax = 126.18
