
===========================================================================
 report_power
============================================================================
======================= nom_tt_025C_1v80 Corner ===================================

Group                    Internal    Switching      Leakage        Total
                            Power        Power        Power        Power (Watts)
------------------------------------------------------------------------
Sequential           1.156331e-03 0.000000e+00 7.617158e-09 1.156338e-03  56.2%
Combinational        9.776313e-06 2.718704e-05 1.054836e-08 3.697391e-05   1.8%
Clock                5.120624e-04 3.526408e-04 1.696457e-09 8.647049e-04  42.0%
Macro                0.000000e+00 0.000000e+00 0.000000e+00 0.000000e+00   0.0%
Pad                  0.000000e+00 0.000000e+00 0.000000e+00 0.000000e+00   0.0%
------------------------------------------------------------------------
Total                1.678169e-03 3.798288e-04 1.986206e-08 2.058017e-03 100.0%
                            81.5%        18.5%         0.0%
Writing metric power__internal__total: 0.001678168773651123
Writing metric power__switching__total: 0.000379828765289858
Writing metric power__leakage__total: 1.9862060440800633e-8
Writing metric power__total: 0.002058017300441861

