Clock: clk
Sources: clk 
Generated: no
Virtual: yes
Propagated: no
Period: 25.000000

===========================================================================
report_clock_properties
============================================================================
Clock                   Period          Waveform
----------------------------------------------------
clk                  25.000000    0.000000 12.500000

===========================================================================
report_clock_latency
============================================================================
Clock clk
rise -> rise
    min     max
0.000000 0.000000 source latency
0.779913         network latency _7058_/CLK
        0.812225 network latency _6688_/CLK
---------------
0.779913 0.812225 latency
        0.032313 skew

fall -> fall
    min     max
0.000000 0.000000 source latency
0.673339         network latency _7058_/CLK
        0.697141 network latency _6688_/CLK
---------------
0.673339 0.697141 latency
        0.023802 skew



===========================================================================
report_clock_min_period
============================================================================
clk period_min = 8.58 fmax = 116.48
