[WARNING ORD-0039] .openroad ignored with -python
Unannotated report:
['report_parasitic_annotation -report_unannotated\n',
 '============================================================================\n',
 'Found 42 unannotated drivers.\n',
 ' clkload0/X\n',
 ' clkload1/X\n',
 ' clkload10/Y\n',
 ' clkload11/X\n',
 ' clkload12/Y\n',
 ' clkload13/Y\n',
 ' clkload14/X\n',
 ' clkload15/X\n',
 ' clkload16/Y\n',
 ' clkload17/Y\n',
 ' clkload18/X\n',
 ' clkload19/X\n',
 ' clkload2/X\n',
 ' clkload20/Y\n',
 ' clkload21/X\n',
 ' clkload22/Y\n',
 ' clkload23/Y\n',
 ' clkload24/Y\n',
 ' clkload25/X\n',
 ' clkload26/Y\n',
 ' clkload27/X\n',
 ' clkload28/X\n',
 ' clkload29/Y\n',
 ' clkload3/X\n',
 ' clkload30/X\n',
 ' clkload31/X\n',
 ' clkload32/X\n',
 ' clkload33/Y\n',
 ' clkload34/X\n',
 ' clkload35/Y\n',
 ' clkload36/X\n',
 ' clkload4/X\n',
 ' clkload5/X\n',
 ' clkload6/Y\n',
 ' clkload7/Y\n',
 ' clkload8/Y\n',
 ' clkload9/X\n',
 ' single_cycle_cpu/HI\n',
 ' single_cycle_cpu_567/HI\n',
 ' single_cycle_cpu_568/HI\n',
 ' single_cycle_cpu_569/LO\n',
 ' single_cycle_cpu_570/LO\n',
 'Found 0 partially unannotated drivers.\n',
 '\n']
Reported nets:
['clkload0/X',
 'clkload1/X',
 'clkload10/Y',
 'clkload11/X',
 'clkload12/Y',
 'clkload13/Y',
 'clkload14/X',
 'clkload15/X',
 'clkload16/Y',
 'clkload17/Y',
 'clkload18/X',
 'clkload19/X',
 'clkload2/X',
 'clkload20/Y',
 'clkload21/X',
 'clkload22/Y',
 'clkload23/Y',
 'clkload24/Y',
 'clkload25/X',
 'clkload26/Y',
 'clkload27/X',
 'clkload28/X',
 'clkload29/Y',
 'clkload3/X',
 'clkload30/X',
 'clkload31/X',
 'clkload32/X',
 'clkload33/Y',
 'clkload34/X',
 'clkload35/Y',
 'clkload36/X',
 'clkload4/X',
 'clkload5/X',
 'clkload6/Y',
 'clkload7/Y',
 'clkload8/Y',
 'clkload9/X',
 'single_cycle_cpu/HI',
 'single_cycle_cpu_567/HI',
 'single_cycle_cpu_568/HI',
 'single_cycle_cpu_569/LO',
 'single_cycle_cpu_570/LO']
Filtered nets:
[]
done
