Starting…
Running 'Verilator.Lint' at 'runs/RUN_2026-08-22_08-55-06/01-verilator-lint'…
Logging subprocess to [repr.filename]'runs/RUN_2026-08-22_08-55-06/01-verilator-lint/verilator-lint.log'[/repr.filename]…
Running 'Checker.LintTimingConstructs' at 'runs/RUN_2026-08-22_08-55-06/02-checker-linttimingconstructs'…
Check for Lint Timing Errors clear.
Running 'Checker.LintErrors' at 'runs/RUN_2026-08-22_08-55-06/03-checker-linterrors'…
Check for Lint errors clear.
Running 'Checker.LintWarnings' at 'runs/RUN_2026-08-22_08-55-06/04-checker-lintwarnings'…
449 Lint warnings found.
Running 'Yosys.JsonHeader' at 'runs/RUN_2026-08-22_08-55-06/05-yosys-jsonheader'…
Logging subprocess to [repr.filename]'runs/RUN_2026-08-22_08-55-06/05-yosys-jsonheader/yosys-jsonheader.log'[/repr.filename]…
Subprocess had a non-zero exit.
Last 10 line(s):
Generating RTLIL representation for module `\sky130_fd_sc_hd__xor2_4'.
Generating RTLIL representation for module `\sky130_fd_sc_hd__xor3_1'.
Generating RTLIL representation for module `\sky130_fd_sc_hd__xor3_2'.
Generating RTLIL representation for module `\sky130_fd_sc_hd__xor3_4'.
Successfully finished Verilog frontend.
wtaf

2. Executing Verilog-2005 frontend: /home/cl4/Desktop/training/single_cycle/src/Single_cycle.v
Parsing SystemVerilog input from `/home/cl4/Desktop/training/single_cycle/src/Single_cycle.v' to AST representation.
/home/cl4/Desktop/training/single_cycle/src/Single_cycle.v:1023: ERROR: syntax error, unexpected '#'

Full log file: 'runs/RUN_2026-08-22_08-55-06/05-yosys-jsonheader/yosys-jsonheader.log'
