
===========================================================================
report_checks -unconstrained
===========================================================================
======================= nom_tt_025C_1v80 Corner ===================================

Startpoint: reset (input port clocked by clk)
Endpoint: _7392_ (recovery check against rising-edge clock clk)
Path Group: asynchronous
Path Type: max

Fanout         Cap        Slew       Delay        Time   Description
---------------------------------------------------------------------------------------------
                                  0.000000    0.000000   clock clk (rise edge)
                                  0.000000    0.000000   clock network delay (propagated)
                                  5.000000    5.000000 v input external delay
     3    0.020789    0.047840    0.033899    5.033899 v reset (in)
                                                         reset (net)
                      0.047875    0.000000    5.033899 v fanout58/A (sky130_fd_sc_hd__clkdlybuf4s25_1)
     9    0.045749    0.337280    0.475956    5.509855 v fanout58/X (sky130_fd_sc_hd__clkdlybuf4s25_1)
                                                         net58 (net)
                      0.337282    0.001249    5.511104 v fanout57/A (sky130_fd_sc_hd__clkdlybuf4s25_1)
     6    0.035398    0.263224    0.520997    6.032101 v fanout57/X (sky130_fd_sc_hd__clkdlybuf4s25_1)
                                                         net57 (net)
                      0.263224    0.000030    6.032131 v fanout56/A (sky130_fd_sc_hd__clkdlybuf4s25_1)
    10    0.058927    0.431139    0.625626    6.657757 v fanout56/X (sky130_fd_sc_hd__clkdlybuf4s25_1)
                                                         net56 (net)
                      0.431144    0.001926    6.659683 v fanout55/A (sky130_fd_sc_hd__clkdlybuf4s25_1)
    10    0.050542    0.371135    0.621408    7.281092 v fanout55/X (sky130_fd_sc_hd__clkdlybuf4s25_1)
                                                         net55 (net)
                      0.371143    0.002033    7.283124 v fanout53/A (sky130_fd_sc_hd__clkdlybuf4s25_1)
    10    0.051597    0.378471    0.614265    7.897389 v fanout53/X (sky130_fd_sc_hd__clkdlybuf4s25_1)
                                                         net53 (net)
                      0.378471    0.000067    7.897455 v _6672_/A (sky130_fd_sc_hd__inv_2)
     1    0.003931    0.083062    0.125913    8.023368 ^ _6672_/Y (sky130_fd_sc_hd__inv_2)
                                                         _0413_ (net)
                      0.083062    0.000006    8.023375 ^ _7392_/RESET_B (sky130_fd_sc_hd__dfrtp_2)
                                              8.023375   data arrival time

                                 25.000000   25.000000   clock clk (rise edge)
                                  0.000000   25.000000   clock source latency
   720    1.885742    8.339946    5.818631   30.818630 ^ clk (in)
                                                         clk (net)
                      8.344469    0.000000   30.818630 ^ _7392_/CLK (sky130_fd_sc_hd__dfrtp_2)
                                 -0.250000   30.568630   clock uncertainty
                                  0.000000   30.568630   clock reconvergence pessimism
                                  1.346427   31.915054   library recovery time
                                             31.915054   data required time
---------------------------------------------------------------------------------------------
                                             31.915054   data required time
                                             -8.023375   data arrival time
---------------------------------------------------------------------------------------------
                                             23.891680   slack (MET)


Startpoint: _6982_ (rising edge-triggered flip-flop clocked by clk)
Endpoint: alu_result_out[0] (output port clocked by clk)
Path Group: clk
Path Type: max

Fanout         Cap        Slew       Delay        Time   Description
---------------------------------------------------------------------------------------------
                                  0.000000    0.000000   clock clk (rise edge)
                                  0.000000    0.000000   clock source latency
   720    1.885742    8.339946    5.759058    5.759058 ^ clk (in)
                                                         clk (net)
                      8.341717    0.000000    5.759058 ^ _6982_/CLK (sky130_fd_sc_hd__dfrtp_2)
     6    0.022558    0.122342    1.389884    7.148942 ^ _6982_/Q (sky130_fd_sc_hd__dfrtp_2)
                                                         net256 (net)
                      0.122342    0.000068    7.149010 ^ place455/A (sky130_fd_sc_hd__buf_2)
     7    0.021612    0.111441    0.184980    7.333991 ^ place455/X (sky130_fd_sc_hd__buf_2)
                                                         net455 (net)
                      0.111441    0.000044    7.334034 ^ place454/A (sky130_fd_sc_hd__buf_2)
     6    0.039238    0.193258    0.239321    7.573356 ^ place454/X (sky130_fd_sc_hd__buf_2)
                                                         net454 (net)
                      0.193258    0.000168    7.573524 ^ place453/A (sky130_fd_sc_hd__buf_2)
     8    0.071387    0.345329    0.366644    7.940167 ^ place453/X (sky130_fd_sc_hd__buf_2)
                                                         net453 (net)
                      0.345329    0.000424    7.940591 ^ _3304_/A (sky130_fd_sc_hd__nand2_2)
     4    0.012959    0.113830    0.131409    8.072000 v _3304_/Y (sky130_fd_sc_hd__nand2_2)
                                                         _1255_ (net)
                      0.113830    0.000031    8.072030 v _3324_/C (sky130_fd_sc_hd__or3_2)
     1    0.005202    0.086894    0.439595    8.511625 v _3324_/X (sky130_fd_sc_hd__or3_2)
                                                         _1273_ (net)
                      0.086894    0.000017    8.511642 v _3325_/A2 (sky130_fd_sc_hd__a21oi_2)
     1    0.005577    0.110332    0.160166    8.671808 ^ _3325_/Y (sky130_fd_sc_hd__a21oi_2)
                                                         _1274_ (net)
                      0.110332    0.000020    8.671829 ^ _3326_/B (sky130_fd_sc_hd__nor2_2)
     4    0.017366    0.054841    0.077064    8.748893 v _3326_/Y (sky130_fd_sc_hd__nor2_2)
                                                         _1275_ (net)
                      0.054841    0.000045    8.748938 v _3339_/A2 (sky130_fd_sc_hd__a211oi_4)
     8    0.030589    0.395970    0.412172    9.161110 ^ _3339_/Y (sky130_fd_sc_hd__a211oi_4)
                                                         _1287_ (net)
                      0.395973    0.000802    9.161912 ^ _3358_/A1 (sky130_fd_sc_hd__o211a_4)
     5    0.025359    0.095755    0.273014    9.434925 ^ _3358_/X (sky130_fd_sc_hd__o211a_4)
                                                         _1304_ (net)
                      0.095755    0.000379    9.435305 ^ place323/A (sky130_fd_sc_hd__buf_2)
     8    0.029744    0.149225    0.202157    9.637462 ^ place323/X (sky130_fd_sc_hd__buf_2)
                                                         net323 (net)
                      0.149225    0.000242    9.637704 ^ place321/A (sky130_fd_sc_hd__buf_2)
     9    0.034244    0.170486    0.233904    9.871608 ^ place321/X (sky130_fd_sc_hd__buf_2)
                                                         net321 (net)
                      0.170486    0.000209    9.871817 ^ place320/A (sky130_fd_sc_hd__buf_2)
    10    0.040136    0.197856    0.258463   10.130280 ^ place320/X (sky130_fd_sc_hd__buf_2)
                                                         net320 (net)
                      0.197947    0.001925   10.132205 ^ place319/A (sky130_fd_sc_hd__buf_2)
     7    0.023943    0.122825    0.213221   10.345427 ^ place319/X (sky130_fd_sc_hd__buf_2)
                                                         net319 (net)
                      0.122825    0.000051   10.345477 ^ _4100_/A2 (sky130_fd_sc_hd__a221o_2)
     1    0.005118    0.048623    0.170403   10.515880 ^ _4100_/X (sky130_fd_sc_hd__a221o_2)
                                                         _1968_ (net)
                      0.048623    0.000012   10.515892 ^ _4101_/B1 (sky130_fd_sc_hd__a21oi_2)
     3    0.016943    0.120199    0.054440   10.570332 v _4101_/Y (sky130_fd_sc_hd__a21oi_2)
                                                         _1969_ (net)
                      0.120199    0.000447   10.570778 v _4110_/B (sky130_fd_sc_hd__or4_4)
     5    0.019380    0.111885    0.581303   11.152081 v _4110_/X (sky130_fd_sc_hd__or4_4)
                                                         _1978_ (net)
                      0.111885    0.000054   11.152136 v _4111_/B (sky130_fd_sc_hd__nand2b_2)
     7    0.023004    0.134835    0.159217   11.311352 ^ _4111_/Y (sky130_fd_sc_hd__nand2b_2)
                                                         _1979_ (net)
                      0.134835    0.000131   11.311483 ^ _4209_/C (sky130_fd_sc_hd__and4_2)
     2    0.010111    0.088100    0.266474   11.577957 ^ _4209_/X (sky130_fd_sc_hd__and4_2)
                                                         _2077_ (net)
                      0.088100    0.000029   11.577987 ^ _4384_/A (sky130_fd_sc_hd__nand3_2)
     2    0.004799    0.056591    0.068340   11.646327 v _4384_/Y (sky130_fd_sc_hd__nand3_2)
                                                         _2252_ (net)
                      0.056591    0.000013   11.646340 v _4443_/A2 (sky130_fd_sc_hd__a2111o_2)
     3    0.010658    0.085394    0.498138   12.144479 v _4443_/X (sky130_fd_sc_hd__a2111o_2)
                                                         _2311_ (net)
                      0.085394    0.000064   12.144543 v _4454_/A1 (sky130_fd_sc_hd__a211o_2)
     2    0.007604    0.060128    0.321880   12.466423 v _4454_/X (sky130_fd_sc_hd__a211o_2)
                                                         _2322_ (net)
                      0.060128    0.000029   12.466453 v _4455_/C1 (sky130_fd_sc_hd__o211a_2)
     2    0.010825    0.060317    0.141747   12.608199 v _4455_/X (sky130_fd_sc_hd__o211a_2)
                                                         _2323_ (net)
                      0.060317    0.000039   12.608238 v _4457_/A2 (sky130_fd_sc_hd__o21a_2)
     3    0.011193    0.054491    0.221212   12.829451 v _4457_/X (sky130_fd_sc_hd__o21a_2)
                                                         _2325_ (net)
                      0.054491    0.000096   12.829547 v _4459_/A2 (sky130_fd_sc_hd__o211a_2)
     3    0.018195    0.075351    0.284816   13.114363 v _4459_/X (sky130_fd_sc_hd__o211a_2)
                                                         _2327_ (net)
                      0.075353    0.000536   13.114898 v _4465_/A (sky130_fd_sc_hd__nor2_2)
     2    0.031038    0.344763    0.314277   13.429175 ^ _4465_/Y (sky130_fd_sc_hd__nor2_2)
                                                         _2333_ (net)
                      0.344777    0.001845   13.431020 ^ _5650_/A (sky130_fd_sc_hd__inv_2)
     1    0.035167    0.138868    0.169949   13.600968 v _5650_/Y (sky130_fd_sc_hd__inv_2)
                                                         alu_result_out[0] (net)
                      0.138869    0.000384   13.601353 v alu_result_out[0] (out)
                                             13.601353   data arrival time

                                 25.000000   25.000000   clock clk (rise edge)
                                  0.000000   25.000000   clock network delay (propagated)
                                 -0.250000   24.750000   clock uncertainty
                                  0.000000   24.750000   clock reconvergence pessimism
                                 -5.000000   19.750000   output external delay
                                             19.750000   data required time
---------------------------------------------------------------------------------------------
                                             19.750000   data required time
                                            -13.601353   data arrival time
---------------------------------------------------------------------------------------------
                                              6.148647   slack (MET)




===========================================================================
report_checks --slack_max -0.01
============================================================================
======================= nom_tt_025C_1v80 Corner ===================================

No paths found.


===========================================================================
 report_check_types -max_slew -max_cap -max_fanout -violators
============================================================================
======================= nom_tt_025C_1v80 Corner ===================================

max slew

Pin                                        Limit        Slew       Slack
------------------------------------------------------------------------
_6694_/CLK                              0.750000    8.345611   -7.595611 (VIOLATED)
_6696_/CLK                              0.750000    8.345608   -7.595608 (VIOLATED)
_6699_/CLK                              0.750000    8.345611   -7.595611 (VIOLATED)
_7218_/CLK                              0.750000    8.345616   -7.595616 (VIOLATED)
_7347_/CLK                              0.750000    8.345613   -7.595613 (VIOLATED)
_7350_/CLK                              0.750000    8.345614   -7.595614 (VIOLATED)
_7355_/CLK                              0.750000    8.345615   -7.595615 (VIOLATED)
_6810_/CLK                              0.750000    8.345605   -7.595605 (VIOLATED)
_6820_/CLK                              0.750000    8.345605   -7.595605 (VIOLATED)
_6922_/CLK                              0.750000    8.345605   -7.595605 (VIOLATED)
_6725_/CLK                              0.750000    8.345597   -7.595597 (VIOLATED)
_6755_/CLK                              0.750000    8.345599   -7.595599 (VIOLATED)
_6767_/CLK                              0.750000    8.345599   -7.595599 (VIOLATED)
_6786_/CLK                              0.750000    8.345601   -7.595601 (VIOLATED)
_6830_/CLK                              0.750000    8.345605   -7.595604 (VIOLATED)
_6835_/CLK                              0.750000    8.345605   -7.595604 (VIOLATED)
_6840_/CLK                              0.750000    8.345605   -7.595604 (VIOLATED)
_6845_/CLK                              0.750000    8.345605   -7.595604 (VIOLATED)
_6874_/CLK                              0.750000    8.345605   -7.595605 (VIOLATED)
_6789_/CLK                              0.750000    8.345596   -7.595596 (VIOLATED)
_6975_/CLK                              0.750000    8.345597   -7.595597 (VIOLATED)
_6784_/CLK                              0.750000    8.345587   -7.595587 (VIOLATED)
_6877_/CLK                              0.750000    8.345593   -7.595594 (VIOLATED)
_6882_/CLK                              0.750000    8.345594   -7.595594 (VIOLATED)
_6920_/CLK                              0.750000    8.345590   -7.595589 (VIOLATED)
_6925_/CLK                              0.750000    8.345596   -7.595596 (VIOLATED)
_6930_/CLK                              0.750000    8.345593   -7.595594 (VIOLATED)
_6785_/CLK                              0.750000    8.345570   -7.595570 (VIOLATED)
_6720_/CLK                              0.750000    8.345548   -7.595548 (VIOLATED)
_6761_/CLK                              0.750000    8.345551   -7.595551 (VIOLATED)
_6773_/CLK                              0.750000    8.345551   -7.595551 (VIOLATED)
_6817_/CLK                              0.750000    8.345551   -7.595550 (VIOLATED)
_6921_/CLK                              0.750000    8.345552   -7.595552 (VIOLATED)
_6815_/CLK                              0.750000    8.345542   -7.595542 (VIOLATED)
_6822_/CLK                              0.750000    8.345550   -7.595549 (VIOLATED)
_6825_/CLK                              0.750000    8.345541   -7.595541 (VIOLATED)
_6872_/CLK                              0.750000    8.345543   -7.595543 (VIOLATED)
_6970_/CLK                              0.750000    8.345547   -7.595547 (VIOLATED)
_6691_/CLK                              0.750000    8.345529   -7.595529 (VIOLATED)
_6692_/CLK                              0.750000    8.345532   -7.595532 (VIOLATED)
_6695_/CLK                              0.750000    8.345531   -7.595531 (VIOLATED)
_6742_/CLK                              0.750000    8.345534   -7.595534 (VIOLATED)
_6748_/CLK                              0.750000    8.345535   -7.595535 (VIOLATED)
_6917_/CLK                              0.750000    8.345533   -7.595533 (VIOLATED)
_6704_/CLK                              0.750000    8.345524   -7.595523 (VIOLATED)
_6722_/CLK                              0.750000    8.345527   -7.595526 (VIOLATED)
_6794_/CLK                              0.750000    8.345524   -7.595523 (VIOLATED)
_6873_/CLK                              0.750000    8.345527   -7.595526 (VIOLATED)
_6972_/CLK                              0.750000    8.345528   -7.595527 (VIOLATED)
_7187_/CLK                              0.750000    8.345534   -7.595534 (VIOLATED)
_7384_/CLK                              0.750000    8.345534   -7.595534 (VIOLATED)
_6977_/CLK                              0.750000    8.345524   -7.595523 (VIOLATED)
_7033_/CLK                              0.750000    8.345527   -7.595526 (VIOLATED)
_6690_/CLK                              0.750000    8.345514   -7.595515 (VIOLATED)
_6693_/CLK                              0.750000    8.345515   -7.595516 (VIOLATED)
_6727_/CLK                              0.750000    8.345522   -7.595522 (VIOLATED)
_7379_/CLK                              0.750000    8.345527   -7.595526 (VIOLATED)
_7380_/CLK                              0.750000    8.345526   -7.595525 (VIOLATED)
_6871_/CLK                              0.750000    8.345512   -7.595512 (VIOLATED)
_6781_/CLK                              0.750000    8.345499   -7.595499 (VIOLATED)
_6869_/CLK                              0.750000    8.345502   -7.595502 (VIOLATED)
_6952_/CLK                              0.750000    8.345488   -7.595487 (VIOLATED)
_6964_/CLK                              0.750000    8.345474   -7.595474 (VIOLATED)
_6919_/CLK                              0.750000    8.345432   -7.595432 (VIOLATED)
_6728_/CLK                              0.750000    8.345424   -7.595423 (VIOLATED)
_6733_/CLK                              0.750000    8.345424   -7.595424 (VIOLATED)
_6739_/CLK                              0.750000    8.345424   -7.595424 (VIOLATED)
_6745_/CLK                              0.750000    8.345425   -7.595425 (VIOLATED)
_6751_/CLK                              0.750000    8.345424   -7.595424 (VIOLATED)
_6812_/CLK                              0.750000    8.345427   -7.595427 (VIOLATED)
_6827_/CLK                              0.750000    8.345428   -7.595428 (VIOLATED)
_6967_/CLK                              0.750000    8.345429   -7.595429 (VIOLATED)
_6793_/CLK                              0.750000    8.345417   -7.595417 (VIOLATED)
_6833_/CLK                              0.750000    8.345423   -7.595422 (VIOLATED)
_6843_/CLK                              0.750000    8.345422   -7.595421 (VIOLATED)
_6881_/CLK                              0.750000    8.345420   -7.595419 (VIOLATED)
_6929_/CLK                              0.750000    8.345417   -7.595417 (VIOLATED)
_6945_/CLK                              0.750000    8.345423   -7.595422 (VIOLATED)
_6955_/CLK                              0.750000    8.345429   -7.595429 (VIOLATED)
_6958_/CLK                              0.750000    8.345416   -7.595416 (VIOLATED)
_6963_/CLK                              0.750000    8.345421   -7.595420 (VIOLATED)
_6973_/CLK                              0.750000    8.345424   -7.595423 (VIOLATED)
_6723_/CLK                              0.750000    8.345401   -7.595401 (VIOLATED)
_6732_/CLK                              0.750000    8.345406   -7.595406 (VIOLATED)
_6738_/CLK                              0.750000    8.345403   -7.595403 (VIOLATED)
_6744_/CLK                              0.750000    8.345403   -7.595403 (VIOLATED)
_6750_/CLK                              0.750000    8.345406   -7.595406 (VIOLATED)
_6838_/CLK                              0.750000    8.345405   -7.595405 (VIOLATED)
_6842_/CLK                              0.750000    8.345408   -7.595408 (VIOLATED)
_6847_/CLK                              0.750000    8.345407   -7.595407 (VIOLATED)
_6848_/CLK                              0.750000    8.345405   -7.595405 (VIOLATED)
_6949_/CLK                              0.750000    8.345408   -7.595408 (VIOLATED)
_6951_/CLK                              0.750000    8.345412   -7.595413 (VIOLATED)
_6957_/CLK                              0.750000    8.345407   -7.595407 (VIOLATED)
_6961_/CLK                              0.750000    8.345409   -7.595409 (VIOLATED)
_6978_/CLK                              0.750000    8.345402   -7.595402 (VIOLATED)
_6730_/CLK                              0.750000    8.345389   -7.595389 (VIOLATED)
_6736_/CLK                              0.750000    8.345389   -7.595389 (VIOLATED)
_6771_/CLK                              0.750000    8.345397   -7.595397 (VIOLATED)
_6753_/CLK                              0.750000    8.345382   -7.595381 (VIOLATED)
_6832_/CLK                              0.750000    8.345388   -7.595388 (VIOLATED)
_6837_/CLK                              0.750000    8.345388   -7.595388 (VIOLATED)
_7030_/CLK                              0.750000    8.345377   -7.595377 (VIOLATED)
_7031_/CLK                              0.750000    8.345377   -7.595377 (VIOLATED)
_7185_/CLK                              0.750000    8.345376   -7.595376 (VIOLATED)
_7345_/CLK                              0.750000    8.345375   -7.595375 (VIOLATED)
_7349_/CLK                              0.750000    8.345377   -7.595377 (VIOLATED)
_7377_/CLK                              0.750000    8.345372   -7.595372 (VIOLATED)
_7378_/CLK                              0.750000    8.345375   -7.595375 (VIOLATED)
_6729_/CLK                              0.750000    8.345360   -7.595360 (VIOLATED)
_6741_/CLK                              0.750000    8.345360   -7.595360 (VIOLATED)
_6759_/CLK                              0.750000    8.345359   -7.595359 (VIOLATED)
_6782_/CLK                              0.750000    8.345363   -7.595363 (VIOLATED)
_7381_/CLK                              0.750000    8.345367   -7.595367 (VIOLATED)
_7382_/CLK                              0.750000    8.345369   -7.595369 (VIOLATED)
_6858_/CLK                              0.750000    8.345359   -7.595359 (VIOLATED)
_6861_/CLK                              0.750000    8.345361   -7.595361 (VIOLATED)
_6688_/CLK                              0.750000    8.345350   -7.595350 (VIOLATED)
_6689_/CLK                              0.750000    8.345351   -7.595351 (VIOLATED)
_6703_/CLK                              0.750000    8.345356   -7.595356 (VIOLATED)
_6779_/CLK                              0.750000    8.345346   -7.595347 (VIOLATED)
_6834_/CLK                              0.750000    8.345350   -7.595350 (VIOLATED)
_6839_/CLK                              0.750000    8.345355   -7.595355 (VIOLATED)
_6844_/CLK                              0.750000    8.345356   -7.595356 (VIOLATED)
_6853_/CLK                              0.750000    8.345359   -7.595358 (VIOLATED)
_6867_/CLK                              0.750000    8.345350   -7.595350 (VIOLATED)
_6898_/CLK                              0.750000    8.345358   -7.595357 (VIOLATED)
_6901_/CLK                              0.750000    8.345361   -7.595361 (VIOLATED)
_6909_/CLK                              0.750000    8.345361   -7.595361 (VIOLATED)
_6905_/CLK                              0.750000    8.345352   -7.595352 (VIOLATED)
_6914_/CLK                              0.750000    8.345345   -7.595345 (VIOLATED)
_6915_/CLK                              0.750000    8.345349   -7.595349 (VIOLATED)
_6765_/CLK                              0.750000    8.345333   -7.595334 (VIOLATED)
_6783_/CLK                              0.750000    8.345339   -7.595339 (VIOLATED)
_6829_/CLK                              0.750000    8.345331   -7.595331 (VIOLATED)
_6831_/CLK                              0.750000    8.345333   -7.595334 (VIOLATED)
_6846_/CLK                              0.750000    8.345333   -7.595334 (VIOLATED)
_6868_/CLK                              0.750000    8.345337   -7.595337 (VIOLATED)
_6897_/CLK                              0.750000    8.345338   -7.595338 (VIOLATED)
_6823_/CLK                              0.750000    8.345294   -7.595294 (VIOLATED)
_6855_/CLK                              0.750000    8.345292   -7.595292 (VIOLATED)
_6863_/CLK                              0.750000    8.345293   -7.595293 (VIOLATED)
_6903_/CLK                              0.750000    8.345293   -7.595293 (VIOLATED)
_6911_/CLK                              0.750000    8.345294   -7.595294 (VIOLATED)
_6859_/CLK                              0.750000    8.345282   -7.595281 (VIOLATED)
_6916_/CLK                              0.750000    8.345271   -7.595271 (VIOLATED)
_6778_/CLK                              0.750000    8.345260   -7.595260 (VIOLATED)
_6780_/CLK                              0.750000    8.345258   -7.595258 (VIOLATED)
_6866_/CLK                              0.750000    8.345260   -7.595260 (VIOLATED)
_6809_/CLK                              0.750000    8.345221   -7.595221 (VIOLATED)
_6814_/CLK                              0.750000    8.345221   -7.595221 (VIOLATED)
_6824_/CLK                              0.750000    8.345222   -7.595222 (VIOLATED)
_6819_/CLK                              0.750000    8.345213   -7.595212 (VIOLATED)
_6836_/CLK                              0.750000    8.345199   -7.595199 (VIOLATED)
_6841_/CLK                              0.750000    8.345198   -7.595198 (VIOLATED)
_6746_/CLK                              0.750000    8.345188   -7.595188 (VIOLATED)
_6752_/CLK                              0.750000    8.345188   -7.595188 (VIOLATED)
_6851_/CLK                              0.750000    8.345193   -7.595193 (VIOLATED)
_6899_/CLK                              0.750000    8.345196   -7.595196 (VIOLATED)
_6907_/CLK                              0.750000    8.345193   -7.595193 (VIOLATED)
_6936_/CLK                              0.750000    8.345192   -7.595192 (VIOLATED)
_6946_/CLK                              0.750000    8.345196   -7.595196 (VIOLATED)
_6800_/CLK                              0.750000    8.345183   -7.595183 (VIOLATED)
_7087_/CLK                              0.750000    8.345180   -7.595180 (VIOLATED)
_7088_/CLK                              0.750000    8.345178   -7.595178 (VIOLATED)
_7092_/CLK                              0.750000    8.345181   -7.595181 (VIOLATED)
_7093_/CLK                              0.750000    8.345181   -7.595181 (VIOLATED)
_7125_/CLK                              0.750000    8.345181   -7.595181 (VIOLATED)
_7127_/CLK                              0.750000    8.345182   -7.595182 (VIOLATED)
_7128_/CLK                              0.750000    8.345182   -7.595182 (VIOLATED)
_6734_/CLK                              0.750000    8.345173   -7.595173 (VIOLATED)
_6740_/CLK                              0.750000    8.345168   -7.595168 (VIOLATED)
_6777_/CLK                              0.750000    8.345175   -7.595174 (VIOLATED)
_6913_/CLK                              0.750000    8.345175   -7.595174 (VIOLATED)
_7156_/CLK                              0.750000    8.345181   -7.595181 (VIOLATED)
_7157_/CLK                              0.750000    8.345181   -7.595181 (VIOLATED)
_7160_/CLK                              0.750000    8.345181   -7.595181 (VIOLATED)
_7123_/CLK                              0.750000    8.345171   -7.595171 (VIOLATED)
_7158_/CLK                              0.750000    8.345178   -7.595177 (VIOLATED)
_7159_/CLK                              0.750000    8.345180   -7.595180 (VIOLATED)
_7227_/CLK                              0.750000    8.345174   -7.595173 (VIOLATED)
_7286_/CLK                              0.750000    8.345177   -7.595176 (VIOLATED)
_7287_/CLK                              0.750000    8.345181   -7.595181 (VIOLATED)
_7155_/CLK                              0.750000    8.345165   -7.595166 (VIOLATED)
_7219_/CLK                              0.750000    8.345165   -7.595165 (VIOLATED)
_7221_/CLK                              0.750000    8.345166   -7.595167 (VIOLATED)
_7318_/CLK                              0.750000    8.345169   -7.595169 (VIOLATED)
_7319_/CLK                              0.750000    8.345174   -7.595173 (VIOLATED)
_7283_/CLK                              0.750000    8.345160   -7.595160 (VIOLATED)
_7284_/CLK                              0.750000    8.345160   -7.595160 (VIOLATED)
_7291_/CLK                              0.750000    8.345160   -7.595160 (VIOLATED)
_7224_/CLK                              0.750000    8.345152   -7.595151 (VIOLATED)
_7285_/CLK                              0.750000    8.345149   -7.595149 (VIOLATED)
_7316_/CLK                              0.750000    8.345155   -7.595155 (VIOLATED)
_7320_/CLK                              0.750000    8.345152   -7.595152 (VIOLATED)
_7323_/CLK                              0.750000    8.345149   -7.595149 (VIOLATED)
_7352_/CLK                              0.750000    8.345149   -7.595149 (VIOLATED)
_7037_/CLK                              0.750000    8.345135   -7.595135 (VIOLATED)
_7348_/CLK                              0.750000    8.345135   -7.595135 (VIOLATED)
_6687_/CLK                              0.750000    8.345114   -7.595114 (VIOLATED)
_6954_/CLK                              0.750000    8.345121   -7.595121 (VIOLATED)
_6700_/CLK                              0.750000    8.345113   -7.595112 (VIOLATED)
_6865_/CLK                              0.750000    8.345114   -7.595114 (VIOLATED)
_6878_/CLK                              0.750000    8.345112   -7.595111 (VIOLATED)
_6918_/CLK                              0.750000    8.345111   -7.595110 (VIOLATED)
_6966_/CLK                              0.750000    8.345118   -7.595118 (VIOLATED)
_7154_/CLK                              0.750000    8.345123   -7.595123 (VIOLATED)
_7222_/CLK                              0.750000    8.345123   -7.595123 (VIOLATED)
_7250_/CLK                              0.750000    8.345119   -7.595119 (VIOLATED)
_7315_/CLK                              0.750000    8.345120   -7.595120 (VIOLATED)
_7317_/CLK                              0.750000    8.345122   -7.595122 (VIOLATED)
_7351_/CLK                              0.750000    8.345124   -7.595124 (VIOLATED)
_7032_/CLK                              0.750000    8.345105   -7.595105 (VIOLATED)
_7192_/CLK                              0.750000    8.345110   -7.595109 (VIOLATED)
_7290_/CLK                              0.750000    8.345110   -7.595109 (VIOLATED)
_7322_/CLK                              0.750000    8.345100   -7.595100 (VIOLATED)
_6766_/CLK                              0.750000    8.345091   -7.595091 (VIOLATED)
_6772_/CLK                              0.750000    8.345091   -7.595091 (VIOLATED)
_6849_/CLK                              0.750000    8.345092   -7.595092 (VIOLATED)
_6857_/CLK                              0.750000    8.345092   -7.595092 (VIOLATED)
_6790_/CLK                              0.750000    8.345083   -7.595083 (VIOLATED)
_6888_/CLK                              0.750000    8.345088   -7.595088 (VIOLATED)
_6926_/CLK                              0.750000    8.345085   -7.595085 (VIOLATED)
_7190_/CLK                              0.750000    8.345092   -7.595092 (VIOLATED)
_7186_/CLK                              0.750000    8.345079   -7.595079 (VIOLATED)
_7282_/CLK                              0.750000    8.345085   -7.595085 (VIOLATED)
_7314_/CLK                              0.750000    8.345084   -7.595084 (VIOLATED)
_6948_/CLK                              0.750000    8.345071   -7.595070 (VIOLATED)
_7346_/CLK                              0.750000    8.345072   -7.595071 (VIOLATED)
_7313_/CLK                              0.750000    8.345047   -7.595047 (VIOLATED)
_6754_/CLK                              0.750000    8.345016   -7.595016 (VIOLATED)
_6760_/CLK                              0.750000    8.345016   -7.595016 (VIOLATED)
_6788_/CLK                              0.750000    8.345023   -7.595023 (VIOLATED)
_6870_/CLK                              0.750000    8.345021   -7.595021 (VIOLATED)
_6924_/CLK                              0.750000    8.345022   -7.595022 (VIOLATED)
_6737_/CLK                              0.750000    8.345007   -7.595006 (VIOLATED)
_6953_/CLK                              0.750000    8.345012   -7.595012 (VIOLATED)
_6960_/CLK                              0.750000    8.345015   -7.595015 (VIOLATED)
_6965_/CLK                              0.750000    8.345020   -7.595020 (VIOLATED)
_7034_/CLK                              0.750000    8.345016   -7.595016 (VIOLATED)
_6749_/CLK                              0.750000    8.345003   -7.595003 (VIOLATED)
_7217_/CLK                              0.750000    8.344995   -7.594994 (VIOLATED)
_6947_/CLK                              0.750000    8.344955   -7.594955 (VIOLATED)
_7035_/CLK                              0.750000    8.344947   -7.594947 (VIOLATED)
_6787_/CLK                              0.750000    8.344933   -7.594933 (VIOLATED)
_6697_/CLK                              0.750000    8.344917   -7.594917 (VIOLATED)
_6698_/CLK                              0.750000    8.344919   -7.594919 (VIOLATED)
_6731_/CLK                              0.750000    8.344923   -7.594923 (VIOLATED)
_6735_/CLK                              0.750000    8.344923   -7.594923 (VIOLATED)
_6747_/CLK                              0.750000    8.344923   -7.594923 (VIOLATED)
_6726_/CLK                              0.750000    8.344912   -7.594912 (VIOLATED)
_6743_/CLK                              0.750000    8.344910   -7.594910 (VIOLATED)
_6762_/CLK                              0.750000    8.344913   -7.594913 (VIOLATED)
_6774_/CLK                              0.750000    8.344913   -7.594913 (VIOLATED)
_6791_/CLK                              0.750000    8.344913   -7.594913 (VIOLATED)
_6811_/CLK                              0.750000    8.344914   -7.594914 (VIOLATED)
_6813_/CLK                              0.750000    8.344918   -7.594918 (VIOLATED)
_6816_/CLK                              0.750000    8.344922   -7.594922 (VIOLATED)
_6818_/CLK                              0.750000    8.344916   -7.594916 (VIOLATED)
_6821_/CLK                              0.750000    8.344921   -7.594922 (VIOLATED)
_6826_/CLK                              0.750000    8.344915   -7.594915 (VIOLATED)
_6828_/CLK                              0.750000    8.344919   -7.594919 (VIOLATED)
_6850_/CLK                              0.750000    8.344919   -7.594919 (VIOLATED)
_6875_/CLK                              0.750000    8.344916   -7.594916 (VIOLATED)
_6876_/CLK                              0.750000    8.344919   -7.594919 (VIOLATED)
_6879_/CLK                              0.750000    8.344913   -7.594913 (VIOLATED)
_6906_/CLK                              0.750000    8.344919   -7.594920 (VIOLATED)
_6923_/CLK                              0.750000    8.344910   -7.594910 (VIOLATED)
_6976_/CLK                              0.750000    8.344910   -7.594910 (VIOLATED)
_7344_/CLK                              0.750000    8.344911   -7.594911 (VIOLATED)
_6721_/CLK                              0.750000    8.344898   -7.594898 (VIOLATED)
_6971_/CLK                              0.750000    8.344901   -7.594901 (VIOLATED)
_6756_/CLK                              0.750000    8.344883   -7.594883 (VIOLATED)
_6768_/CLK                              0.750000    8.344882   -7.594882 (VIOLATED)
_6719_/CLK                              0.750000    8.344871   -7.594871 (VIOLATED)
_6724_/CLK                              0.750000    8.344876   -7.594876 (VIOLATED)
_6950_/CLK                              0.750000    8.344878   -7.594878 (VIOLATED)
_6956_/CLK                              0.750000    8.344880   -7.594880 (VIOLATED)
_6962_/CLK                              0.750000    8.344881   -7.594882 (VIOLATED)
_6968_/CLK                              0.750000    8.344882   -7.594882 (VIOLATED)
_6969_/CLK                              0.750000    8.344885   -7.594885 (VIOLATED)
_6974_/CLK                              0.750000    8.344889   -7.594889 (VIOLATED)
_7191_/CLK                              0.750000    8.344893   -7.594893 (VIOLATED)
_7216_/CLK                              0.750000    8.344892   -7.594891 (VIOLATED)
_7312_/CLK                              0.750000    8.344893   -7.594894 (VIOLATED)
_7354_/CLK                              0.750000    8.344893   -7.594894 (VIOLATED)
_7029_/CLK                              0.750000    8.344876   -7.594876 (VIOLATED)
_6776_/CLK                              0.750000    8.344850   -7.594850 (VIOLATED)
_6806_/CLK                              0.750000    8.344854   -7.594854 (VIOLATED)
_6854_/CLK                              0.750000    8.344857   -7.594857 (VIOLATED)
_6902_/CLK                              0.750000    8.344857   -7.594857 (VIOLATED)
_6764_/CLK                              0.750000    8.344838   -7.594838 (VIOLATED)
_7184_/CLK                              0.750000    8.344842   -7.594842 (VIOLATED)
_6852_/CLK                              0.750000    8.344815   -7.594815 (VIOLATED)
_6860_/CLK                              0.750000    8.344820   -7.594820 (VIOLATED)
_6757_/CLK                              0.750000    8.344807   -7.594807 (VIOLATED)
_6763_/CLK                              0.750000    8.344809   -7.594809 (VIOLATED)
_6769_/CLK                              0.750000    8.344806   -7.594806 (VIOLATED)
_6775_/CLK                              0.750000    8.344809   -7.594809 (VIOLATED)
_6862_/CLK                              0.750000    8.344810   -7.594810 (VIOLATED)
_6758_/CLK                              0.750000    8.344794   -7.594794 (VIOLATED)
_6900_/CLK                              0.750000    8.344801   -7.594800 (VIOLATED)
_6908_/CLK                              0.750000    8.344804   -7.594804 (VIOLATED)
_6910_/CLK                              0.750000    8.344810   -7.594810 (VIOLATED)
_7343_/CLK                              0.750000    8.344812   -7.594812 (VIOLATED)
_6770_/CLK                              0.750000    8.344778   -7.594779 (VIOLATED)
_7387_/CLK                              0.750000    8.344777   -7.594778 (VIOLATED)
_6959_/CLK                              0.750000    8.344764   -7.594763 (VIOLATED)
_7383_/CLK                              0.750000    8.344764   -7.594764 (VIOLATED)
_7376_/CLK                              0.750000    8.344751   -7.594751 (VIOLATED)
_6856_/CLK                              0.750000    8.344719   -7.594719 (VIOLATED)
_6864_/CLK                              0.750000    8.344719   -7.594719 (VIOLATED)
_6912_/CLK                              0.750000    8.344701   -7.594701 (VIOLATED)
_7375_/CLK                              0.750000    8.344697   -7.594697 (VIOLATED)
_6904_/CLK                              0.750000    8.344688   -7.594688 (VIOLATED)
_6894_/CLK                              0.750000    8.344673   -7.594674 (VIOLATED)
_6942_/CLK                              0.750000    8.344673   -7.594674 (VIOLATED)
_7028_/CLK                              0.750000    8.344667   -7.594667 (VIOLATED)
_7183_/CLK                              0.750000    8.344668   -7.594668 (VIOLATED)
_7391_/CLK                              0.750000    8.344666   -7.594666 (VIOLATED)
_7386_/CLK                              0.750000    8.344644   -7.594643 (VIOLATED)
_7385_/CLK                              0.750000    8.344599   -7.594599 (VIOLATED)
_7038_/CLK                              0.750000    8.344563   -7.594563 (VIOLATED)
_7039_/CLK                              0.750000    8.344563   -7.594563 (VIOLATED)
_7389_/CLK                              0.750000    8.344563   -7.594563 (VIOLATED)
_7388_/CLK                              0.750000    8.344551   -7.594551 (VIOLATED)
_6710_/CLK                              0.750000    8.344529   -7.594529 (VIOLATED)
_6701_/CLK                              0.750000    8.344519   -7.594518 (VIOLATED)
_6896_/CLK                              0.750000    8.344502   -7.594502 (VIOLATED)
_6808_/CLK                              0.750000    8.344493   -7.594492 (VIOLATED)
_6944_/CLK                              0.750000    8.344493   -7.594492 (VIOLATED)
_7041_/CLK                              0.750000    8.344469   -7.594469 (VIOLATED)
_7392_/CLK                              0.750000    8.344469   -7.594469 (VIOLATED)
_6702_/CLK                              0.750000    8.344459   -7.594459 (VIOLATED)
_6928_/CLK                              0.750000    8.344431   -7.594431 (VIOLATED)
_6927_/CLK                              0.750000    8.344423   -7.594423 (VIOLATED)
_6792_/CLK                              0.750000    8.344402   -7.594402 (VIOLATED)
_6880_/CLK                              0.750000    8.344370   -7.594370 (VIOLATED)
_6883_/CLK                              0.750000    8.344319   -7.594319 (VIOLATED)
_6895_/CLK                              0.750000    8.344310   -7.594309 (VIOLATED)
_6943_/CLK                              0.750000    8.344314   -7.594314 (VIOLATED)
_6705_/CLK                              0.750000    8.344280   -7.594280 (VIOLATED)
_6706_/CLK                              0.750000    8.344280   -7.594280 (VIOLATED)
_6796_/CLK                              0.750000    8.344282   -7.594282 (VIOLATED)
_6884_/CLK                              0.750000    8.344284   -7.594284 (VIOLATED)
_6932_/CLK                              0.750000    8.344284   -7.594284 (VIOLATED)
_7390_/CLK                              0.750000    8.344284   -7.594284 (VIOLATED)
_6799_/CLK                              0.750000    8.344268   -7.594268 (VIOLATED)
_6795_/CLK                              0.750000    8.344226   -7.594226 (VIOLATED)
_6889_/CLK                              0.750000    8.344221   -7.594221 (VIOLATED)
_6931_/CLK                              0.750000    8.344226   -7.594226 (VIOLATED)
_6937_/CLK                              0.750000    8.344225   -7.594225 (VIOLATED)
_6807_/CLK                              0.750000    8.344086   -7.594086 (VIOLATED)
_6940_/CLK                              0.750000    8.343887   -7.593887 (VIOLATED)
_6801_/CLK                              0.750000    8.343856   -7.593855 (VIOLATED)
_6804_/CLK                              0.750000    8.343856   -7.593855 (VIOLATED)
_6886_/CLK                              0.750000    8.343657   -7.593657 (VIOLATED)
_6892_/CLK                              0.750000    8.343655   -7.593655 (VIOLATED)
_6934_/CLK                              0.750000    8.343656   -7.593656 (VIOLATED)
_7404_/CLK                              0.750000    8.343657   -7.593657 (VIOLATED)
_6803_/CLK                              0.750000    8.343575   -7.593576 (VIOLATED)
_6887_/CLK                              0.750000    8.343577   -7.593577 (VIOLATED)
_6891_/CLK                              0.750000    8.343575   -7.593574 (VIOLATED)
_6935_/CLK                              0.750000    8.343577   -7.593577 (VIOLATED)
_6939_/CLK                              0.750000    8.343576   -7.593576 (VIOLATED)
_6885_/CLK                              0.750000    8.343405   -7.593404 (VIOLATED)
_6797_/CLK                              0.750000    8.343393   -7.593394 (VIOLATED)
_7056_/CLK                              0.750000    8.343353   -7.593353 (VIOLATED)
_7091_/CLK                              0.750000    8.343360   -7.593360 (VIOLATED)
_7124_/CLK                              0.750000    8.343360   -7.593360 (VIOLATED)
_7057_/CLK                              0.750000    8.343352   -7.593352 (VIOLATED)
_7059_/CLK                              0.750000    8.343356   -7.593357 (VIOLATED)
_7060_/CLK                              0.750000    8.343355   -7.593356 (VIOLATED)
_7061_/CLK                              0.750000    8.343354   -7.593355 (VIOLATED)
_7062_/CLK                              0.750000    8.343356   -7.593357 (VIOLATED)
_7095_/CLK                              0.750000    8.343356   -7.593357 (VIOLATED)
_7096_/CLK                              0.750000    8.343356   -7.593357 (VIOLATED)
_7126_/CLK                              0.750000    8.343359   -7.593359 (VIOLATED)
_7220_/CLK                              0.750000    8.343354   -7.593355 (VIOLATED)
_7251_/CLK                              0.750000    8.343354   -7.593354 (VIOLATED)
_7254_/CLK                              0.750000    8.343350   -7.593350 (VIOLATED)
_7288_/CLK                              0.750000    8.343357   -7.593357 (VIOLATED)
_7252_/CLK                              0.750000    8.343342   -7.593341 (VIOLATED)
_7058_/CLK                              0.750000    8.343332   -7.593332 (VIOLATED)
_7090_/CLK                              0.750000    8.343329   -7.593330 (VIOLATED)
_7099_/CLK                              0.750000    8.343332   -7.593332 (VIOLATED)
_7131_/CLK                              0.750000    8.343318   -7.593318 (VIOLATED)
_7189_/CLK                              0.750000    8.343309   -7.593309 (VIOLATED)
_7253_/CLK                              0.750000    8.343304   -7.593304 (VIOLATED)
_7259_/CLK                              0.750000    8.343286   -7.593286 (VIOLATED)
_7094_/CLK                              0.750000    8.343266   -7.593266 (VIOLATED)
_7014_/CLK                              0.750000    8.343222   -7.593221 (VIOLATED)
_7098_/CLK                              0.750000    8.343207   -7.593207 (VIOLATED)
_6941_/CLK                              0.750000    8.343194   -7.593194 (VIOLATED)
_7279_/CLK                              0.750000    8.343201   -7.593201 (VIOLATED)
_7151_/CLK                              0.750000    8.343186   -7.593186 (VIOLATED)
_7247_/CLK                              0.750000    8.343192   -7.593192 (VIOLATED)
_7162_/CLK                              0.750000    8.343168   -7.593168 (VIOLATED)
_7326_/CLK                              0.750000    8.343161   -7.593160 (VIOLATED)
_6802_/CLK                              0.750000    8.343142   -7.593142 (VIOLATED)
_6805_/CLK                              0.750000    8.343139   -7.593139 (VIOLATED)
_6890_/CLK                              0.750000    8.343141   -7.593141 (VIOLATED)
_6933_/CLK                              0.750000    8.343141   -7.593141 (VIOLATED)
_6938_/CLK                              0.750000    8.343141   -7.593141 (VIOLATED)
_7358_/CLK                              0.750000    8.343138   -7.593138 (VIOLATED)
_7405_/CLK                              0.750000    8.343142   -7.593142 (VIOLATED)
_7089_/CLK                              0.750000    8.343122   -7.593122 (VIOLATED)
_7122_/CLK                              0.750000    8.343123   -7.593124 (VIOLATED)
_7163_/CLK                              0.750000    8.343122   -7.593123 (VIOLATED)
_7119_/CLK                              0.750000    8.343113   -7.593113 (VIOLATED)
_7120_/CLK                              0.750000    8.343116   -7.593116 (VIOLATED)
_7121_/CLK                              0.750000    8.343115   -7.593115 (VIOLATED)
_7152_/CLK                              0.750000    8.343119   -7.593118 (VIOLATED)
_7153_/CLK                              0.750000    8.343116   -7.593116 (VIOLATED)
_7223_/CLK                              0.750000    8.343115   -7.593115 (VIOLATED)
_7195_/CLK                              0.750000    8.343107   -7.593107 (VIOLATED)
_7225_/CLK                              0.750000    8.343108   -7.593108 (VIOLATED)
_7248_/CLK                              0.750000    8.343111   -7.593111 (VIOLATED)
_7249_/CLK                              0.750000    8.343116   -7.593116 (VIOLATED)
_7280_/CLK                              0.750000    8.343111   -7.593111 (VIOLATED)
_7281_/CLK                              0.750000    8.343116   -7.593116 (VIOLATED)
_7311_/CLK                              0.750000    8.343108   -7.593108 (VIOLATED)
_7193_/CLK                              0.750000    8.343091   -7.593091 (VIOLATED)
_7194_/CLK                              0.750000    8.343088   -7.593088 (VIOLATED)
_7289_/CLK                              0.750000    8.343096   -7.593095 (VIOLATED)
_7293_/CLK                              0.750000    8.343102   -7.593102 (VIOLATED)
_7197_/CLK                              0.750000    8.343079   -7.593079 (VIOLATED)
_7321_/CLK                              0.750000    8.343084   -7.593085 (VIOLATED)
_7325_/CLK                              0.750000    8.343092   -7.593091 (VIOLATED)
_7036_/CLK                              0.750000    8.343081   -7.593080 (VIOLATED)
_7353_/CLK                              0.750000    8.343071   -7.593071 (VIOLATED)
_7012_/CLK                              0.750000    8.343057   -7.593056 (VIOLATED)
_7040_/CLK                              0.750000    8.343063   -7.593063 (VIOLATED)
_7360_/CLK                              0.750000    8.343049   -7.593049 (VIOLATED)
_7133_/CLK                              0.750000    8.343039   -7.593039 (VIOLATED)
_7161_/CLK                              0.750000    8.343040   -7.593040 (VIOLATED)
_7165_/CLK                              0.750000    8.343039   -7.593039 (VIOLATED)
_7229_/CLK                              0.750000    8.343031   -7.593031 (VIOLATED)
_7292_/CLK                              0.750000    8.343031   -7.593030 (VIOLATED)
_7294_/CLK                              0.750000    8.343036   -7.593036 (VIOLATED)
_7357_/CLK                              0.750000    8.343036   -7.593036 (VIOLATED)
_7324_/CLK                              0.750000    8.343027   -7.593027 (VIOLATED)
_7356_/CLK                              0.750000    8.343021   -7.593021 (VIOLATED)
_7228_/CLK                              0.750000    8.343008   -7.593008 (VIOLATED)
_7230_/CLK                              0.750000    8.342984   -7.592984 (VIOLATED)
_7134_/CLK                              0.750000    8.342957   -7.592957 (VIOLATED)
_7232_/CLK                              0.750000    8.342957   -7.592957 (VIOLATED)
_7296_/CLK                              0.750000    8.342958   -7.592958 (VIOLATED)
_7042_/CLK                              0.750000    8.342946   -7.592946 (VIOLATED)
_6893_/CLK                              0.750000    8.342930   -7.592930 (VIOLATED)
_7196_/CLK                              0.750000    8.342923   -7.592923 (VIOLATED)
_7198_/CLK                              0.750000    8.342896   -7.592896 (VIOLATED)
_7043_/CLK                              0.750000    8.342851   -7.592851 (VIOLATED)
_7045_/CLK                              0.750000    8.342809   -7.592808 (VIOLATED)
_7200_/CLK                              0.750000    8.342811   -7.592810 (VIOLATED)
_7394_/CLK                              0.750000    8.342812   -7.592811 (VIOLATED)
_6716_/CLK                              0.750000    8.342768   -7.592768 (VIOLATED)
_6709_/CLK                              0.750000    8.342755   -7.592755 (VIOLATED)
_7003_/CLK                              0.750000    8.342688   -7.592688 (VIOLATED)
_7001_/CLK                              0.750000    8.342638   -7.592638 (VIOLATED)
_7002_/CLK                              0.750000    8.342626   -7.592626 (VIOLATED)
_6718_/CLK                              0.750000    8.342616   -7.592616 (VIOLATED)
_7004_/CLK                              0.750000    8.342584   -7.592584 (VIOLATED)
_7005_/CLK                              0.750000    8.342583   -7.592583 (VIOLATED)
_7006_/CLK                              0.750000    8.342582   -7.592582 (VIOLATED)
_7007_/CLK                              0.750000    8.342581   -7.592581 (VIOLATED)
_7008_/CLK                              0.750000    8.342579   -7.592579 (VIOLATED)
_7052_/CLK                              0.750000    8.342572   -7.592572 (VIOLATED)
_7054_/CLK                              0.750000    8.342575   -7.592575 (VIOLATED)
_7406_/CLK                              0.750000    8.342577   -7.592577 (VIOLATED)
_6708_/CLK                              0.750000    8.342520   -7.592520 (VIOLATED)
_6707_/CLK                              0.750000    8.342472   -7.592472 (VIOLATED)
_6712_/CLK                              0.750000    8.342442   -7.592442 (VIOLATED)
_6798_/CLK                              0.750000    8.342448   -7.592448 (VIOLATED)
_6714_/CLK                              0.750000    8.342407   -7.592407 (VIOLATED)
_7053_/CLK                              0.750000    8.342402   -7.592402 (VIOLATED)
_6713_/CLK                              0.750000    8.342372   -7.592372 (VIOLATED)
_6715_/CLK                              0.750000    8.342371   -7.592371 (VIOLATED)
_6717_/CLK                              0.750000    8.342371   -7.592371 (VIOLATED)
_7374_/CLK                              0.750000    8.342323   -7.592323 (VIOLATED)
_7342_/CLK                              0.750000    8.342276   -7.592276 (VIOLATED)
_7213_/CLK                              0.750000    8.342152   -7.592151 (VIOLATED)
_7150_/CLK                              0.750000    8.342126   -7.592125 (VIOLATED)
_7214_/CLK                              0.750000    8.342126   -7.592125 (VIOLATED)
_7181_/CLK                              0.750000    8.341928   -7.591928 (VIOLATED)
_7055_/CLK                              0.750000    8.341881   -7.591881 (VIOLATED)
_7063_/CLK                              0.750000    8.341888   -7.591888 (VIOLATED)
_7064_/CLK                              0.750000    8.341888   -7.591888 (VIOLATED)
_7011_/CLK                              0.750000    8.341879   -7.591878 (VIOLATED)
_7065_/CLK                              0.750000    8.341879   -7.591878 (VIOLATED)
_7066_/CLK                              0.750000    8.341880   -7.591879 (VIOLATED)
_7067_/CLK                              0.750000    8.341886   -7.591886 (VIOLATED)
_7013_/CLK                              0.750000    8.341875   -7.591875 (VIOLATED)
_7015_/CLK                              0.750000    8.341878   -7.591877 (VIOLATED)
_7068_/CLK                              0.750000    8.341880   -7.591879 (VIOLATED)
_7097_/CLK                              0.750000    8.341875   -7.591875 (VIOLATED)
_7101_/CLK                              0.750000    8.341878   -7.591877 (VIOLATED)
_7102_/CLK                              0.750000    8.341877   -7.591877 (VIOLATED)
_7130_/CLK                              0.750000    8.341869   -7.591869 (VIOLATED)
_7188_/CLK                              0.750000    8.341871   -7.591871 (VIOLATED)
_7215_/CLK                              0.750000    8.341869   -7.591869 (VIOLATED)
_7226_/CLK                              0.750000    8.341876   -7.591876 (VIOLATED)
_7255_/CLK                              0.750000    8.341871   -7.591871 (VIOLATED)
_7256_/CLK                              0.750000    8.341870   -7.591870 (VIOLATED)
_7258_/CLK                              0.750000    8.341867   -7.591868 (VIOLATED)
_7257_/CLK                              0.750000    8.341858   -7.591858 (VIOLATED)
_7129_/CLK                              0.750000    8.341838   -7.591837 (VIOLATED)
_7016_/CLK                              0.750000    8.341824   -7.591824 (VIOLATED)
_7260_/CLK                              0.750000    8.341800   -7.591799 (VIOLATED)
_7132_/CLK                              0.750000    8.341788   -7.591788 (VIOLATED)
_7164_/CLK                              0.750000    8.341776   -7.591775 (VIOLATED)
_7264_/CLK                              0.750000    8.341759   -7.591759 (VIOLATED)
_7069_/CLK                              0.750000    8.341740   -7.591740 (VIOLATED)
_7070_/CLK                              0.750000    8.341739   -7.591739 (VIOLATED)
_7263_/CLK                              0.750000    8.341744   -7.591744 (VIOLATED)
_7071_/CLK                              0.750000    8.341735   -7.591734 (VIOLATED)
_7072_/CLK                              0.750000    8.341734   -7.591733 (VIOLATED)
_7100_/CLK                              0.750000    8.341740   -7.591740 (VIOLATED)
_6979_/CLK                              0.750000    8.341732   -7.591732 (VIOLATED)
_6980_/CLK                              0.750000    8.341728   -7.591728 (VIOLATED)
_7073_/CLK                              0.750000    8.341729   -7.591729 (VIOLATED)
_7076_/CLK                              0.750000    8.341729   -7.591729 (VIOLATED)
_7167_/CLK                              0.750000    8.341727   -7.591727 (VIOLATED)
_7277_/CLK                              0.750000    8.341735   -7.591734 (VIOLATED)
_6981_/CLK                              0.750000    8.341723   -7.591723 (VIOLATED)
_6982_/CLK                              0.750000    8.341717   -7.591717 (VIOLATED)
_6983_/CLK                              0.750000    8.341717   -7.591717 (VIOLATED)
_7017_/CLK                              0.750000    8.341708   -7.591708 (VIOLATED)
_7103_/CLK                              0.750000    8.341712   -7.591712 (VIOLATED)
_7135_/CLK                              0.750000    8.341706   -7.591706 (VIOLATED)
_7300_/CLK                              0.750000    8.341711   -7.591711 (VIOLATED)
_7231_/CLK                              0.750000    8.341700   -7.591700 (VIOLATED)
_7261_/CLK                              0.750000    8.341707   -7.591707 (VIOLATED)
_7262_/CLK                              0.750000    8.341708   -7.591708 (VIOLATED)
_6984_/CLK                              0.750000    8.341700   -7.591700 (VIOLATED)
_7236_/CLK                              0.750000    8.341699   -7.591699 (VIOLATED)
_7266_/CLK                              0.750000    8.341702   -7.591702 (VIOLATED)
_7298_/CLK                              0.750000    8.341697   -7.591696 (VIOLATED)
_7330_/CLK                              0.750000    8.341689   -7.591689 (VIOLATED)
_7170_/CLK                              0.750000    8.341675   -7.591675 (VIOLATED)
_7172_/CLK                              0.750000    8.341681   -7.591681 (VIOLATED)
_7201_/CLK                              0.750000    8.341675   -7.591675 (VIOLATED)
_7268_/CLK                              0.750000    8.341666   -7.591666 (VIOLATED)
_7297_/CLK                              0.750000    8.341666   -7.591666 (VIOLATED)
_7362_/CLK                              0.750000    8.341668   -7.591668 (VIOLATED)
_7109_/CLK                              0.750000    8.341654   -7.591654 (VIOLATED)
_7140_/CLK                              0.750000    8.341647   -7.591648 (VIOLATED)
_7203_/CLK                              0.750000    8.341655   -7.591655 (VIOLATED)
_7233_/CLK                              0.750000    8.341655   -7.591655 (VIOLATED)
_7329_/CLK                              0.750000    8.341647   -7.591648 (VIOLATED)
_7110_/CLK                              0.750000    8.341626   -7.591626 (VIOLATED)
_7174_/CLK                              0.750000    8.341630   -7.591630 (VIOLATED)
_7048_/CLK                              0.750000    8.341606   -7.591606 (VIOLATED)
_7149_/CLK                              0.750000    8.341596   -7.591596 (VIOLATED)
_7208_/CLK                              0.750000    8.341602   -7.591602 (VIOLATED)
_6985_/CLK                              0.750000    8.341578   -7.591578 (VIOLATED)
_6986_/CLK                              0.750000    8.341578   -7.591578 (VIOLATED)
_7021_/CLK                              0.750000    8.341581   -7.591581 (VIOLATED)
_6987_/CLK                              0.750000    8.341573   -7.591573 (VIOLATED)
_6988_/CLK                              0.750000    8.341572   -7.591572 (VIOLATED)
_7044_/CLK                              0.750000    8.341576   -7.591576 (VIOLATED)
_7046_/CLK                              0.750000    8.341582   -7.591583 (VIOLATED)
_7104_/CLK                              0.750000    8.341588   -7.591588 (VIOLATED)
_7166_/CLK                              0.750000    8.341588   -7.591588 (VIOLATED)
_7136_/CLK                              0.750000    8.341580   -7.591580 (VIOLATED)
_7168_/CLK                              0.750000    8.341587   -7.591587 (VIOLATED)
_7199_/CLK                              0.750000    8.341582   -7.591583 (VIOLATED)
_7204_/CLK                              0.750000    8.341583   -7.591584 (VIOLATED)
_7206_/CLK                              0.750000    8.341582   -7.591583 (VIOLATED)
_7295_/CLK                              0.750000    8.341585   -7.591585 (VIOLATED)
_7327_/CLK                              0.750000    8.341585   -7.591585 (VIOLATED)
_7328_/CLK                              0.750000    8.341579   -7.591579 (VIOLATED)
_7332_/CLK                              0.750000    8.341579   -7.591579 (VIOLATED)
_7359_/CLK                              0.750000    8.341579   -7.591579 (VIOLATED)
_7364_/CLK                              0.750000    8.341577   -7.591577 (VIOLATED)
_7049_/CLK                              0.750000    8.341567   -7.591567 (VIOLATED)
_7205_/CLK                              0.750000    8.341570   -7.591570 (VIOLATED)
_7396_/CLK                              0.750000    8.341570   -7.591570 (VIOLATED)
_7397_/CLK                              0.750000    8.341572   -7.591572 (VIOLATED)
_7047_/CLK                              0.750000    8.341564   -7.591564 (VIOLATED)
_7398_/CLK                              0.750000    8.341568   -7.591568 (VIOLATED)
_7395_/CLK                              0.750000    8.341555   -7.591554 (VIOLATED)
_7050_/CLK                              0.750000    8.341545   -7.591546 (VIOLATED)
_7366_/CLK                              0.750000    8.341518   -7.591518 (VIOLATED)
_7334_/CLK                              0.750000    8.341492   -7.591491 (VIOLATED)
_7402_/CLK                              0.750000    8.341491   -7.591490 (VIOLATED)
_7051_/CLK                              0.750000    8.341466   -7.591465 (VIOLATED)
_7361_/CLK                              0.750000    8.341435   -7.591435 (VIOLATED)
_7400_/CLK                              0.750000    8.341435   -7.591435 (VIOLATED)
_7338_/CLK                              0.750000    8.341412   -7.591411 (VIOLATED)
_7401_/CLK                              0.750000    8.341397   -7.591397 (VIOLATED)
_7074_/CLK                              0.750000    8.341366   -7.591366 (VIOLATED)
_7399_/CLK                              0.750000    8.341373   -7.591373 (VIOLATED)
_7019_/CLK                              0.750000    8.341365   -7.591365 (VIOLATED)
_7077_/CLK                              0.750000    8.341354   -7.591354 (VIOLATED)
_7086_/CLK                              0.750000    8.341361   -7.591361 (VIOLATED)
_7105_/CLK                              0.750000    8.341360   -7.591360 (VIOLATED)
_7106_/CLK                              0.750000    8.341366   -7.591366 (VIOLATED)
_7107_/CLK                              0.750000    8.341360   -7.591360 (VIOLATED)
_7108_/CLK                              0.750000    8.341367   -7.591367 (VIOLATED)
_7138_/CLK                              0.750000    8.341367   -7.591367 (VIOLATED)
_7137_/CLK                              0.750000    8.341358   -7.591358 (VIOLATED)
_7148_/CLK                              0.750000    8.341361   -7.591361 (VIOLATED)
_7169_/CLK                              0.750000    8.341362   -7.591362 (VIOLATED)
_7202_/CLK                              0.750000    8.341363   -7.591363 (VIOLATED)
_7234_/CLK                              0.750000    8.341360   -7.591360 (VIOLATED)
_7265_/CLK                              0.750000    8.341363   -7.591363 (VIOLATED)
_7009_/CLK                              0.750000    8.341353   -7.591353 (VIOLATED)
_7010_/CLK                              0.750000    8.341353   -7.591353 (VIOLATED)
_7078_/CLK                              0.750000    8.341347   -7.591346 (VIOLATED)
_7085_/CLK                              0.750000    8.341346   -7.591345 (VIOLATED)
_7139_/CLK                              0.750000    8.341345   -7.591345 (VIOLATED)
_7171_/CLK                              0.750000    8.341347   -7.591346 (VIOLATED)
_7210_/CLK                              0.750000    8.341344   -7.591344 (VIOLATED)
_7211_/CLK                              0.750000    8.341342   -7.591342 (VIOLATED)
_7267_/CLK                              0.750000    8.341350   -7.591349 (VIOLATED)
_7370_/CLK                              0.750000    8.341349   -7.591348 (VIOLATED)
_7023_/CLK                              0.750000    8.341337   -7.591338 (VIOLATED)
_7331_/CLK                              0.750000    8.341332   -7.591332 (VIOLATED)
_7018_/CLK                              0.750000    8.341318   -7.591318 (VIOLATED)
_7020_/CLK                              0.750000    8.341318   -7.591318 (VIOLATED)
_7075_/CLK                              0.750000    8.341324   -7.591323 (VIOLATED)
_7079_/CLK                              0.750000    8.341323   -7.591322 (VIOLATED)
_7080_/CLK                              0.750000    8.341319   -7.591319 (VIOLATED)
_7081_/CLK                              0.750000    8.341323   -7.591322 (VIOLATED)
_7082_/CLK                              0.750000    8.341324   -7.591323 (VIOLATED)
_7083_/CLK                              0.750000    8.341322   -7.591321 (VIOLATED)
_7084_/CLK                              0.750000    8.341321   -7.591321 (VIOLATED)
_7363_/CLK                              0.750000    8.341324   -7.591324 (VIOLATED)
_7112_/CLK                              0.750000    8.341312   -7.591313 (VIOLATED)
_7235_/CLK                              0.750000    8.341316   -7.591316 (VIOLATED)
_6999_/CLK                              0.750000    8.341306   -7.591306 (VIOLATED)
_7025_/CLK                              0.750000    8.341305   -7.591305 (VIOLATED)
_7333_/CLK                              0.750000    8.341301   -7.591301 (VIOLATED)
_7403_/CLK                              0.750000    8.341306   -7.591306 (VIOLATED)
_7116_/CLK                              0.750000    8.341290   -7.591290 (VIOLATED)
_7117_/CLK                              0.750000    8.341291   -7.591291 (VIOLATED)
_7141_/CLK                              0.750000    8.341288   -7.591288 (VIOLATED)
_7173_/CLK                              0.750000    8.341289   -7.591289 (VIOLATED)
_7182_/CLK                              0.750000    8.341293   -7.591293 (VIOLATED)
_7278_/CLK                              0.750000    8.341292   -7.591292 (VIOLATED)
_7299_/CLK                              0.750000    8.341298   -7.591299 (VIOLATED)
_7301_/CLK                              0.750000    8.341298   -7.591299 (VIOLATED)
_7308_/CLK                              0.750000    8.341290   -7.591290 (VIOLATED)
_7309_/CLK                              0.750000    8.341294   -7.591294 (VIOLATED)
_7310_/CLK                              0.750000    8.341294   -7.591294 (VIOLATED)
_7367_/CLK                              0.750000    8.341282   -7.591281 (VIOLATED)
_7176_/CLK                              0.750000    8.341272   -7.591273 (VIOLATED)
_7365_/CLK                              0.750000    8.341272   -7.591273 (VIOLATED)
_6711_/CLK                              0.750000    8.341253   -7.591253 (VIOLATED)
_6992_/CLK                              0.750000    8.341260   -7.591260 (VIOLATED)
_6993_/CLK                              0.750000    8.341260   -7.591260 (VIOLATED)
_6994_/CLK                              0.750000    8.341259   -7.591259 (VIOLATED)
_6995_/CLK                              0.750000    8.341259   -7.591259 (VIOLATED)
_7144_/CLK                              0.750000    8.341264   -7.591264 (VIOLATED)
_7269_/CLK                              0.750000    8.341266   -7.591266 (VIOLATED)
_6996_/CLK                              0.750000    8.341258   -7.591258 (VIOLATED)
_6997_/CLK                              0.750000    8.341257   -7.591257 (VIOLATED)
_6998_/CLK                              0.750000    8.341255   -7.591255 (VIOLATED)
_7000_/CLK                              0.750000    8.341255   -7.591255 (VIOLATED)
_7393_/CLK                              0.750000    8.341260   -7.591260 (VIOLATED)
_7272_/CLK                              0.750000    8.341252   -7.591252 (VIOLATED)
_7304_/CLK                              0.750000    8.341252   -7.591252 (VIOLATED)
_7373_/CLK                              0.750000    8.341253   -7.591253 (VIOLATED)
_7240_/CLK                              0.750000    8.341243   -7.591242 (VIOLATED)
_7246_/CLK                              0.750000    8.341245   -7.591244 (VIOLATED)
_7336_/CLK                              0.750000    8.341244   -7.591243 (VIOLATED)
_7341_/CLK                              0.750000    8.341250   -7.591250 (VIOLATED)
_7142_/CLK                              0.750000    8.341231   -7.591231 (VIOLATED)
_7237_/CLK                              0.750000    8.341228   -7.591228 (VIOLATED)
_7238_/CLK                              0.750000    8.341230   -7.591230 (VIOLATED)
_7242_/CLK                              0.750000    8.341228   -7.591228 (VIOLATED)
_7270_/CLK                              0.750000    8.341231   -7.591231 (VIOLATED)
_7302_/CLK                              0.750000    8.341229   -7.591229 (VIOLATED)
_7369_/CLK                              0.750000    8.341234   -7.591235 (VIOLATED)
_7368_/CLK                              0.750000    8.341226   -7.591226 (VIOLATED)
_7146_/CLK                              0.750000    8.341211   -7.591211 (VIOLATED)
_7178_/CLK                              0.750000    8.341192   -7.591192 (VIOLATED)
_7335_/CLK                              0.750000    8.341195   -7.591195 (VIOLATED)
_7339_/CLK                              0.750000    8.341194   -7.591194 (VIOLATED)
_7145_/CLK                              0.750000    8.341176   -7.591176 (VIOLATED)
_7177_/CLK                              0.750000    8.341176   -7.591176 (VIOLATED)
_7209_/CLK                              0.750000    8.341175   -7.591175 (VIOLATED)
_7371_/CLK                              0.750000    8.341178   -7.591177 (VIOLATED)
_7273_/CLK                              0.750000    8.341163   -7.591163 (VIOLATED)
_7147_/CLK                              0.750000    8.341143   -7.591143 (VIOLATED)
_7207_/CLK                              0.750000    8.341148   -7.591148 (VIOLATED)
_7271_/CLK                              0.750000    8.341132   -7.591132 (VIOLATED)
_7118_/CLK                              0.750000    8.341123   -7.591123 (VIOLATED)
_7372_/CLK                              0.750000    8.341123   -7.591123 (VIOLATED)
_6989_/CLK                              0.750000    8.341108   -7.591108 (VIOLATED)
_6990_/CLK                              0.750000    8.341107   -7.591107 (VIOLATED)
_6991_/CLK                              0.750000    8.341107   -7.591107 (VIOLATED)
_7022_/CLK                              0.750000    8.341106   -7.591106 (VIOLATED)
_7024_/CLK                              0.750000    8.341109   -7.591109 (VIOLATED)
_7113_/CLK                              0.750000    8.341105   -7.591106 (VIOLATED)
_7114_/CLK                              0.750000    8.341108   -7.591108 (VIOLATED)
_7274_/CLK                              0.750000    8.341109   -7.591109 (VIOLATED)
_7337_/CLK                              0.750000    8.341114   -7.591114 (VIOLATED)
_7340_/CLK                              0.750000    8.341112   -7.591112 (VIOLATED)
_7115_/CLK                              0.750000    8.341100   -7.591100 (VIOLATED)
_7143_/CLK                              0.750000    8.341101   -7.591100 (VIOLATED)
_7175_/CLK                              0.750000    8.341105   -7.591105 (VIOLATED)
_7180_/CLK                              0.750000    8.341104   -7.591103 (VIOLATED)
_7241_/CLK                              0.750000    8.341107   -7.591107 (VIOLATED)
_7243_/CLK                              0.750000    8.341096   -7.591096 (VIOLATED)
_7303_/CLK                              0.750000    8.341104   -7.591103 (VIOLATED)
_7305_/CLK                              0.750000    8.341104   -7.591103 (VIOLATED)
_7306_/CLK                              0.750000    8.341108   -7.591108 (VIOLATED)
_7307_/CLK                              0.750000    8.341110   -7.591110 (VIOLATED)
_7026_/CLK                              0.750000    8.341074   -7.591074 (VIOLATED)
_7027_/CLK                              0.750000    8.341066   -7.591067 (VIOLATED)
_7111_/CLK                              0.750000    8.341067   -7.591067 (VIOLATED)
_7212_/CLK                              0.750000    8.341066   -7.591067 (VIOLATED)
_7239_/CLK                              0.750000    8.341067   -7.591067 (VIOLATED)
_7245_/CLK                              0.750000    8.341065   -7.591066 (VIOLATED)
_7244_/CLK                              0.750000    8.341052   -7.591052 (VIOLATED)
_7276_/CLK                              0.750000    8.341028   -7.591029 (VIOLATED)
_7275_/CLK                              0.750000    8.340988   -7.590988 (VIOLATED)
_7179_/CLK                              0.750000    8.340950   -7.590950 (VIOLATED)
clk                                     0.750000    8.339946   -7.589946 (VIOLATED)

max fanout

Pin                                   Limit Fanout  Slack
---------------------------------------------------------
clk                                      10    720   -710 (VIOLATED)

max capacitance

Pin                                        Limit         Cap       Slack
------------------------------------------------------------------------
clk                                     0.200000    1.885742   -1.685742 (VIOLATED)



===========================================================================
report_parasitic_annotation -report_unannotated
============================================================================
Found 5 unannotated drivers.
 _7407_/LO
 _7408_/LO
 _7409_/HI
 _7410_/HI
 _7411_/HI
Found 0 partially unannotated drivers.

===========================================================================
max slew violation count 721
Writing metric design__max_slew_violation__count__corner:nom_tt_025C_1v80: 721
max fanout violation count 1
Writing metric design__max_fanout_violation__count__corner:nom_tt_025C_1v80: 1
max cap violation count 1
Writing metric design__max_cap_violation__count__corner:nom_tt_025C_1v80: 1
============================================================================

===========================================================================
check_setup -verbose -unconstrained_endpoints -multiple_clock -no_clock -no_input_delay -loops -generated_clocks
===========================================================================
