Clock: clk
Sources: clk 
Generated: no
Virtual: yes
Propagated: no
Period: 25.000000

===========================================================================
report_clock_properties
============================================================================
Clock                   Period          Waveform
----------------------------------------------------
clk                  25.000000    0.000000 12.500000

===========================================================================
report_clock_latency
============================================================================
Clock clk
rise -> rise
    min     max
0.000000 0.000000 source latency
5.734163         network latency _7179_/CLK
        5.837607 network latency _7218_/CLK
---------------
5.734163 5.837607 latency
        0.103444 skew

fall -> fall
    min     max
0.000000 0.000000 source latency
2.830646         network latency _7179_/CLK
        2.926486 network latency _7218_/CLK
---------------
2.830646 2.926486 latency
        0.095840 skew



===========================================================================
report_clock_min_period
============================================================================
clk period_min = 8.56 fmax = 116.84
