Clock: clk
Sources: clk 
Generated: no
Virtual: yes
Propagated: no
Period: 25.000000

===========================================================================
report_clock_properties
============================================================================
Clock                   Period          Waveform
----------------------------------------------------
clk                  25.000000    0.000000 12.500000

===========================================================================
report_clock_latency
============================================================================
Clock clk
rise -> rise
    min     max
0.000000 0.000000 source latency
0.676293         network latency _6926_/CLK
        0.694082 network latency _7011_/CLK
---------------
0.676293 0.694082 latency
        0.017788 skew

fall -> fall
    min     max
0.000000 0.000000 source latency
0.603356         network latency _6926_/CLK
        0.617144 network latency _7011_/CLK
---------------
0.603356 0.617144 latency
        0.013787 skew



===========================================================================
report_clock_min_period
============================================================================
clk period_min = 8.16 fmax = 122.51
