Clock: clk
Sources: clk 
Generated: no
Virtual: yes
Propagated: no
Period: 25.000000

===========================================================================
report_clock_properties
============================================================================
Clock                   Period          Waveform
----------------------------------------------------
clk                  25.000000    0.000000 12.500000

===========================================================================
report_clock_latency
============================================================================
Clock clk
rise -> rise
    min     max
0.000000 0.000000 source latency
1.398133         network latency _6770_/CLK
        1.470573 network latency _7064_/CLK
---------------
1.398133 1.470573 latency
        0.072441 skew

fall -> fall
    min     max
0.000000 0.000000 source latency
1.237992         network latency _6770_/CLK
        1.292457 network latency _7064_/CLK
---------------
1.237992 1.292457 latency
        0.054465 skew



===========================================================================
report_clock_min_period
============================================================================
clk period_min = 17.56 fmax = 56.94
