Clock: clk
Sources: clk 
Generated: no
Virtual: yes
Propagated: no
Period: 25.000000

===========================================================================
report_clock_properties
============================================================================
Clock                   Period          Waveform
----------------------------------------------------
clk                  25.000000    0.000000 12.500000

===========================================================================
report_clock_latency
============================================================================
Clock clk
rise -> rise
    min     max
0.000000 0.000000 source latency
0.813950         network latency _6941_/CLK
        0.863015 network latency _7015_/CLK
---------------
0.813950 0.863015 latency
        0.049065 skew

fall -> fall
    min     max
0.000000 0.000000 source latency
0.698431         network latency _6941_/CLK
        0.738126 network latency _7015_/CLK
---------------
0.698431 0.738126 latency
        0.039695 skew



===========================================================================
report_clock_min_period
============================================================================
clk period_min = 9.00 fmax = 111.12
