Clock: clk
Sources: clk 
Generated: no
Virtual: yes
Propagated: no
Period: 25.000000

===========================================================================
report_clock_properties
============================================================================
Clock                   Period          Waveform
----------------------------------------------------
clk                  25.000000    0.000000 12.500000

===========================================================================
report_clock_latency
============================================================================
Clock clk
rise -> rise
    min     max
0.000000 0.000000 source latency
0.521946         network latency _7058_/CLK
        0.544309 network latency _6688_/CLK
---------------
0.521946 0.544309 latency
        0.022363 skew

fall -> fall
    min     max
0.000000 0.000000 source latency
0.452382         network latency _7058_/CLK
        0.468602 network latency _6688_/CLK
---------------
0.452382 0.468602 latency
        0.016220 skew



===========================================================================
report_clock_min_period
============================================================================
clk period_min = 5.26 fmax = 190.07
