
===========================================================================
report_checks -unconstrained
===========================================================================
======================= max_tt_025C_1v80 Corner ===================================

Startpoint: reset (input port clocked by clk)
Endpoint: _7217_ (recovery check against rising-edge clock clk)
Path Group: asynchronous
Path Type: max

Fanout         Cap        Slew       Delay        Time   Description
---------------------------------------------------------------------------------------------
                                  0.000000    0.000000   clock clk (rise edge)
                                  0.000000    0.000000   clock network delay (propagated)
                                  5.000000    5.000000 v input external delay
     3    0.020210    0.046794    0.033499    5.033500 v reset (in)
                                                         reset (net)
                      0.046990    0.000000    5.033500 v fanout51/A (sky130_fd_sc_hd__buf_1)
     1    0.027937    0.164546    0.194276    5.227776 v fanout51/X (sky130_fd_sc_hd__buf_1)
                                                         net51 (net)
                      0.164687    0.004035    5.231811 v wire582/A (sky130_fd_sc_hd__buf_2)
     6    0.057187    0.138396    0.263136    5.494946 v wire582/X (sky130_fd_sc_hd__buf_2)
                                                         net582 (net)
                      0.141420    0.016324    5.511270 v fanout39/A (sky130_fd_sc_hd__buf_1)
     1    0.020403    0.121292    0.203610    5.714881 v fanout39/X (sky130_fd_sc_hd__buf_1)
                                                         net39 (net)
                      0.121370    0.002804    5.717684 v wire579/A (sky130_fd_sc_hd__buf_2)
     5    0.072788    0.171333    0.270665    5.988349 v wire579/X (sky130_fd_sc_hd__buf_2)
                                                         net579 (net)
                      0.172592    0.012011    6.000360 v fanout29/A (sky130_fd_sc_hd__clkdlybuf4s25_1)
     5    0.047299    0.346605    0.529680    6.530040 v fanout29/X (sky130_fd_sc_hd__clkdlybuf4s25_1)
                                                         net29 (net)
                      0.346816    0.007787    6.537827 v fanout28/A (sky130_fd_sc_hd__clkdlybuf4s25_1)
     7    0.038264    0.284099    0.537012    7.074839 v fanout28/X (sky130_fd_sc_hd__clkdlybuf4s25_1)
                                                         net28 (net)
                      0.284104    0.001478    7.076317 v fanout26/A (sky130_fd_sc_hd__buf_2)
    10    0.088541    0.205266    0.369367    7.445683 v fanout26/X (sky130_fd_sc_hd__buf_2)
                                                         net26 (net)
                      0.205603    0.005964    7.451647 v _6497_/A (sky130_fd_sc_hd__inv_2)
     1    0.005600    0.062772    0.101760    7.553408 ^ _6497_/Y (sky130_fd_sc_hd__inv_2)
                                                         _0238_ (net)
                      0.062772    0.000298    7.553706 ^ _7217_/RESET_B (sky130_fd_sc_hd__dfrtp_2)
                                              7.553706   data arrival time

                                 25.000000   25.000000   clock clk (rise edge)
                                  0.000000   25.000000   clock source latency
     1    0.063367    0.288991    0.203521   25.203520 ^ clk (in)
                                                         clk (net)
                      0.289226    0.000000   25.203520 ^ clkbuf_0_clk/A (sky130_fd_sc_hd__clkbuf_16)
     8    0.154972    0.169887    0.291186   25.494705 ^ clkbuf_0_clk/X (sky130_fd_sc_hd__clkbuf_16)
                                                         clknet_0_clk (net)
                      0.173955    0.020792   25.515497 ^ clkbuf_3_0__f_clk/A (sky130_fd_sc_hd__clkbuf_16)
     6    0.107697    0.122154    0.231777   25.747274 ^ clkbuf_3_0__f_clk/X (sky130_fd_sc_hd__clkbuf_16)
                                                         clknet_3_0__leaf_clk (net)
                      0.122460    0.004952   25.752228 ^ clkbuf_leaf_39_clk/A (sky130_fd_sc_hd__clkbuf_16)
    15    0.063431    0.081554    0.186112   25.938341 ^ clkbuf_leaf_39_clk/X (sky130_fd_sc_hd__clkbuf_16)
                                                         clknet_leaf_39_clk (net)
                      0.081934    0.004386   25.942726 ^ _7217_/CLK (sky130_fd_sc_hd__dfrtp_2)
                                 -0.100000   25.842726   clock uncertainty
                                  0.000000   25.842726   clock reconvergence pessimism
                                  0.225251   26.067978   library recovery time
                                             26.067978   data required time
---------------------------------------------------------------------------------------------
                                             26.067978   data required time
                                             -7.553706   data arrival time
---------------------------------------------------------------------------------------------
                                             18.514271   slack (MET)


Startpoint: _6981_ (rising edge-triggered flip-flop clocked by clk)
Endpoint: alu_result_out[0] (output port clocked by clk)
Path Group: clk
Path Type: max

Fanout         Cap        Slew       Delay        Time   Description
---------------------------------------------------------------------------------------------
                                  0.000000    0.000000   clock clk (rise edge)
                                  0.000000    0.000000   clock source latency
     1    0.063367    0.288991    0.203521    0.203521 ^ clk (in)
                                                         clk (net)
                      0.289226    0.000000    0.203521 ^ clkbuf_0_clk/A (sky130_fd_sc_hd__clkbuf_16)
     8    0.154972    0.169887    0.291185    0.494706 ^ clkbuf_0_clk/X (sky130_fd_sc_hd__clkbuf_16)
                                                         clknet_0_clk (net)
                      0.173417    0.019410    0.514116 ^ clkbuf_3_4__f_clk/A (sky130_fd_sc_hd__clkbuf_16)
     6    0.105997    0.120673    0.231654    0.745770 ^ clkbuf_3_4__f_clk/X (sky130_fd_sc_hd__clkbuf_16)
                                                         clknet_3_4__leaf_clk (net)
                      0.121395    0.007405    0.753175 ^ clkbuf_leaf_3_clk/A (sky130_fd_sc_hd__clkbuf_16)
    16    0.063694    0.081793    0.185566    0.938740 ^ clkbuf_leaf_3_clk/X (sky130_fd_sc_hd__clkbuf_16)
                                                         clknet_leaf_3_clk (net)
                      0.082196    0.004178    0.942919 ^ _6981_/CLK (sky130_fd_sc_hd__dfrtp_2)
     4    0.033427    0.170040    0.459221    1.402139 ^ _6981_/Q (sky130_fd_sc_hd__dfrtp_2)
                                                         net550 (net)
                      0.170040    0.000585    1.402724 ^ place460/A (sky130_fd_sc_hd__buf_2)
    10    0.063820    0.308700    0.333357    1.736082 ^ place460/X (sky130_fd_sc_hd__buf_2)
                                                         net460 (net)
                      0.308895    0.006440    1.742522 ^ place459/A (sky130_fd_sc_hd__buf_2)
    10    0.061151    0.296767    0.360349    2.102871 ^ place459/X (sky130_fd_sc_hd__buf_2)
                                                         net459 (net)
                      0.296934    0.004004    2.106875 ^ _3331_/C_N (sky130_fd_sc_hd__or3b_2)
     3    0.014948    0.114745    0.536724    2.643599 v _3331_/X (sky130_fd_sc_hd__or3b_2)
                                                         _1280_ (net)
                      0.114745    0.000730    2.644329 v _3380_/A (sky130_fd_sc_hd__nor2_2)
     7    0.059150    0.631707    0.530513    3.174842 ^ _3380_/Y (sky130_fd_sc_hd__nor2_2)
                                                         _1323_ (net)
                      0.631718    0.002268    3.177110 ^ place417/A (sky130_fd_sc_hd__buf_2)
    10    0.112874    0.540573    0.570097    3.747207 ^ place417/X (sky130_fd_sc_hd__buf_2)
                                                         net417 (net)
                      0.541237    0.015783    3.762990 ^ place416/A (sky130_fd_sc_hd__buf_2)
    10    0.073304    0.353462    0.434957    4.197947 ^ place416/X (sky130_fd_sc_hd__buf_2)
                                                         net416 (net)
                      0.353687    0.007423    4.205369 ^ _4268_/B1 (sky130_fd_sc_hd__a22o_2)
     1    0.011917    0.078555    0.237694    4.443063 ^ _4268_/X (sky130_fd_sc_hd__a22o_2)
                                                         _2136_ (net)
                      0.078570    0.001054    4.444118 ^ _4269_/C1 (sky130_fd_sc_hd__a221o_2)
     1    0.020668    0.120256    0.172549    4.616667 ^ _4269_/X (sky130_fd_sc_hd__a221o_2)
                                                         _2137_ (net)
                      0.120331    0.002744    4.619411 ^ _4271_/C (sky130_fd_sc_hd__or4b_2)
     1    0.003455    0.035871    0.134629    4.754040 ^ _4271_/X (sky130_fd_sc_hd__or4b_2)
                                                         _2139_ (net)
                      0.035871    0.000140    4.754180 ^ _4272_/C_N (sky130_fd_sc_hd__or3b_2)
     3    0.024794    0.143405    0.529489    5.283669 v _4272_/X (sky130_fd_sc_hd__or3b_2)
                                                         _2140_ (net)
                      0.143480    0.003048    5.286717 v _4273_/D (sky130_fd_sc_hd__nor4_1)
     2    0.007931    0.394951    0.335128    5.621845 ^ _4273_/Y (sky130_fd_sc_hd__nor4_1)
                                                         _2141_ (net)
                      0.394952    0.000445    5.622290 ^ max_cap565/A (sky130_fd_sc_hd__clkdlybuf4s25_1)
     2    0.008079    0.092923    0.360858    5.983149 ^ max_cap565/X (sky130_fd_sc_hd__clkdlybuf4s25_1)
                                                         net565 (net)
                      0.092925    0.000521    5.983670 ^ max_cap564/A (sky130_fd_sc_hd__clkdlybuf4s25_1)
     1    0.005778    0.071324    0.280384    6.264053 ^ max_cap564/X (sky130_fd_sc_hd__clkdlybuf4s25_1)
                                                         net564 (net)
                      0.071326    0.000452    6.264505 ^ _4275_/A (sky130_fd_sc_hd__nor2b_2)
     5    0.023313    0.072956    0.077108    6.341613 v _4275_/Y (sky130_fd_sc_hd__nor2b_2)
                                                         _2143_ (net)
                      0.073017    0.001911    6.343524 v _4377_/A1 (sky130_fd_sc_hd__o21ai_2)
     1    0.005572    0.110368    0.151212    6.494736 ^ _4377_/Y (sky130_fd_sc_hd__o21ai_2)
                                                         _2245_ (net)
                      0.110369    0.000424    6.495160 ^ _4378_/B1 (sky130_fd_sc_hd__a31o_4)
     5    0.037723    0.130455    0.176022    6.671183 ^ _4378_/X (sky130_fd_sc_hd__a31o_4)
                                                         _2246_ (net)
                      0.130870    0.005466    6.676648 ^ _4384_/B (sky130_fd_sc_hd__nand3_2)
     2    0.007746    0.070796    0.103257    6.779906 v _4384_/Y (sky130_fd_sc_hd__nand3_2)
                                                         _2252_ (net)
                      0.070800    0.000547    6.780453 v _4443_/A2 (sky130_fd_sc_hd__a2111o_2)
     3    0.016286    0.099200    0.524079    7.304532 v _4443_/X (sky130_fd_sc_hd__a2111o_2)
                                                         _2311_ (net)
                      0.099218    0.001252    7.305784 v _4454_/A1 (sky130_fd_sc_hd__a211o_2)
     2    0.008805    0.063546    0.331870    7.637653 v _4454_/X (sky130_fd_sc_hd__a211o_2)
                                                         _2322_ (net)
                      0.063604    0.000415    7.638068 v _4455_/C1 (sky130_fd_sc_hd__o211a_2)
     2    0.014504    0.067657    0.151177    7.789245 v _4455_/X (sky130_fd_sc_hd__o211a_2)
                                                         _2323_ (net)
                      0.067668    0.000837    7.790082 v _4457_/A2 (sky130_fd_sc_hd__o21a_2)
     3    0.018317    0.068892    0.240626    8.030708 v _4457_/X (sky130_fd_sc_hd__o21a_2)
                                                         _2325_ (net)
                      0.068939    0.001632    8.032340 v _4459_/A2 (sky130_fd_sc_hd__o211a_2)
     3    0.044104    0.128194    0.344683    8.377024 v _4459_/X (sky130_fd_sc_hd__o211a_2)
                                                         _2327_ (net)
                      0.128572    0.006029    8.383053 v _4465_/A (sky130_fd_sc_hd__nor2_2)
     2    0.067854    0.719235    0.601233    8.984285 ^ _4465_/Y (sky130_fd_sc_hd__nor2_2)
                                                         _2333_ (net)
                      0.719406    0.009302    8.993587 ^ _5650_/A (sky130_fd_sc_hd__inv_2)
     1    0.004192    0.096467    0.058416    9.052004 v _5650_/Y (sky130_fd_sc_hd__inv_2)
                                                         net465 (net)
                      0.096467    0.000270    9.052274 v output465/A (sky130_fd_sc_hd__clkdlybuf4s25_1)
     1    0.038181    0.283106    0.455897    9.508170 v output465/X (sky130_fd_sc_hd__clkdlybuf4s25_1)
                                                         alu_result_out[0] (net)
                      0.283130    0.002680    9.510850 v alu_result_out[0] (out)
                                              9.510850   data arrival time

                                 25.000000   25.000000   clock clk (rise edge)
                                  0.000000   25.000000   clock network delay (propagated)
                                 -0.100000   24.900000   clock uncertainty
                                  0.000000   24.900000   clock reconvergence pessimism
                                 -5.000000   19.899998   output external delay
                                             19.899998   data required time
---------------------------------------------------------------------------------------------
                                             19.899998   data required time
                                             -9.510850   data arrival time
---------------------------------------------------------------------------------------------
                                             10.389149   slack (MET)




===========================================================================
report_checks --slack_max -0.01
============================================================================
======================= max_tt_025C_1v80 Corner ===================================

No paths found.


===========================================================================
 report_check_types -max_slew -max_cap -max_fanout -violators
============================================================================
======================= max_tt_025C_1v80 Corner ===================================

max fanout

Pin                                   Limit Fanout  Slack
---------------------------------------------------------
clkbuf_leaf_26_clk/X                     10     20    -10 (VIOLATED)
clkbuf_leaf_28_clk/X                     10     20    -10 (VIOLATED)
clkbuf_leaf_29_clk/X                     10     20    -10 (VIOLATED)
clkbuf_leaf_23_clk/X                     10     19     -9 (VIOLATED)
clkbuf_leaf_25_clk/X                     10     19     -9 (VIOLATED)
clkbuf_leaf_27_clk/X                     10     19     -9 (VIOLATED)
clkbuf_leaf_30_clk/X                     10     19     -9 (VIOLATED)
clkbuf_leaf_31_clk/X                     10     19     -9 (VIOLATED)
clkbuf_leaf_33_clk/X                     10     19     -9 (VIOLATED)
clkbuf_leaf_34_clk/X                     10     19     -9 (VIOLATED)
clkbuf_leaf_35_clk/X                     10     19     -9 (VIOLATED)
clkbuf_leaf_36_clk/X                     10     19     -9 (VIOLATED)
clkbuf_leaf_18_clk/X                     10     18     -8 (VIOLATED)
clkbuf_leaf_21_clk/X                     10     18     -8 (VIOLATED)
clkbuf_leaf_22_clk/X                     10     18     -8 (VIOLATED)
clkbuf_leaf_24_clk/X                     10     18     -8 (VIOLATED)
clkbuf_leaf_32_clk/X                     10     18     -8 (VIOLATED)
clkbuf_leaf_37_clk/X                     10     18     -8 (VIOLATED)
clkbuf_leaf_38_clk/X                     10     18     -8 (VIOLATED)
clkbuf_leaf_14_clk/X                     10     17     -7 (VIOLATED)
clkbuf_leaf_15_clk/X                     10     17     -7 (VIOLATED)
clkbuf_leaf_45_clk/X                     10     17     -7 (VIOLATED)
clkbuf_leaf_3_clk/X                      10     16     -6 (VIOLATED)
clkbuf_leaf_4_clk/X                      10     16     -6 (VIOLATED)
clkbuf_leaf_5_clk/X                      10     16     -6 (VIOLATED)
clkbuf_leaf_6_clk/X                      10     16     -6 (VIOLATED)
clkbuf_leaf_11_clk/X                     10     15     -5 (VIOLATED)
clkbuf_leaf_13_clk/X                     10     15     -5 (VIOLATED)
clkbuf_leaf_16_clk/X                     10     15     -5 (VIOLATED)
clkbuf_leaf_17_clk/X                     10     15     -5 (VIOLATED)
clkbuf_leaf_39_clk/X                     10     15     -5 (VIOLATED)
clkbuf_leaf_40_clk/X                     10     15     -5 (VIOLATED)
clkbuf_leaf_43_clk/X                     10     15     -5 (VIOLATED)
clkbuf_leaf_44_clk/X                     10     15     -5 (VIOLATED)
clkbuf_leaf_8_clk/X                      10     15     -5 (VIOLATED)
clkbuf_leaf_10_clk/X                     10     14     -4 (VIOLATED)
clkbuf_leaf_12_clk/X                     10     14     -4 (VIOLATED)
clkbuf_leaf_41_clk/X                     10     14     -4 (VIOLATED)
clkbuf_leaf_42_clk/X                     10     14     -4 (VIOLATED)
clkbuf_leaf_9_clk/X                      10     14     -4 (VIOLATED)
clkbuf_leaf_19_clk/X                     10     13     -3 (VIOLATED)
clkbuf_leaf_1_clk/X                      10     13     -3 (VIOLATED)
clkbuf_leaf_7_clk/X                      10     13     -3 (VIOLATED)
clkbuf_leaf_20_clk/X                     10     12     -2 (VIOLATED)
clkbuf_leaf_2_clk/X                      10     12     -2 (VIOLATED)
place392/X                               10     12     -2 (VIOLATED)
_5161_/X                                 10     11        (VIOLATED)



===========================================================================
report_parasitic_annotation -report_unannotated
============================================================================
Found 44 unannotated drivers.
 clkload0/X
 clkload1/X
 clkload10/X
 clkload11/X
 clkload12/X
 clkload13/X
 clkload14/X
 clkload15/X
 clkload16/X
 clkload17/X
 clkload18/X
 clkload19/X
 clkload2/X
 clkload20/Y
 clkload21/X
 clkload22/X
 clkload23/X
 clkload24/X
 clkload25/X
 clkload26/X
 clkload27/Y
 clkload28/Y
 clkload29/X
 clkload3/Y
 clkload30/X
 clkload31/Y
 clkload32/Y
 clkload33/X
 clkload34/X
 clkload35/Y
 clkload36/Y
 clkload37/X
 clkload38/Y
 clkload4/Y
 clkload5/Y
 clkload6/Y
 clkload7/Y
 clkload8/X
 clkload9/Y
 single_cycle_cpu/HI
 single_cycle_cpu_583/HI
 single_cycle_cpu_584/HI
 single_cycle_cpu_585/LO
 single_cycle_cpu_586/LO
Found 0 partially unannotated drivers.

===========================================================================
max slew violation count 0
max fanout violation count 47
max cap violation count 0
============================================================================

===========================================================================
check_setup -verbose -unconstrained_endpoints -multiple_clock -no_clock -no_input_delay -loops -generated_clocks
===========================================================================
