Clock: clk
Sources: clk 
Generated: no
Virtual: yes
Propagated: no
Period: 25.000000

===========================================================================
report_clock_properties
============================================================================
Clock                   Period          Waveform
----------------------------------------------------
clk                  25.000000    0.000000 12.500000

===========================================================================
report_clock_latency
============================================================================
Clock clk
rise -> rise
    min     max
0.000000 0.000000 source latency
0.906873         network latency _7341_/CLK
        0.963631 network latency _7122_/CLK
---------------
0.906873 0.963631 latency
        0.056758 skew

fall -> fall
    min     max
0.000000 0.000000 source latency
0.758424         network latency _6902_/CLK
        0.802313 network latency _7122_/CLK
---------------
0.758424 0.802313 latency
        0.043888 skew



===========================================================================
report_clock_min_period
============================================================================
clk period_min = 9.77 fmax = 102.38
