Clock: clk
Sources: clk 
Generated: no
Virtual: yes
Propagated: no
Period: 25.000000

===========================================================================
report_clock_properties
============================================================================
Clock                   Period          Waveform
----------------------------------------------------
clk                  25.000000    0.000000 12.500000

===========================================================================
report_clock_latency
============================================================================
Clock clk
rise -> rise
    min     max
0.000000 0.000000 source latency
0.786876         network latency _6770_/CLK
        0.828834 network latency _7064_/CLK
---------------
0.786876 0.828834 latency
        0.041959 skew

fall -> fall
    min     max
0.000000 0.000000 source latency
0.678134         network latency _6770_/CLK
        0.711171 network latency _7064_/CLK
---------------
0.678134 0.711171 latency
        0.033037 skew



===========================================================================
report_clock_min_period
============================================================================
clk period_min = 8.92 fmax = 112.13
