Clock: clk
Sources: clk 
Generated: no
Virtual: yes
Propagated: no
Period: 25.000000

===========================================================================
report_clock_properties
============================================================================
Clock                   Period          Waveform
----------------------------------------------------
clk                  25.000000    0.000000 12.500000

===========================================================================
report_clock_latency
============================================================================
Clock clk
rise -> rise
    min     max
0.000000 0.000000 source latency
0.773274         network latency _7289_/CLK
        0.800029 network latency _7337_/CLK
---------------
0.773274 0.800029 latency
        0.026756 skew

fall -> fall
    min     max
0.000000 0.000000 source latency
0.667924         network latency _7289_/CLK
        0.687588 network latency _7337_/CLK
---------------
0.667924 0.687588 latency
        0.019664 skew



===========================================================================
report_clock_min_period
============================================================================
clk period_min = 9.02 fmax = 110.83
