Clock: clk
Sources: clk 
Generated: no
Virtual: yes
Propagated: no
Period: 25.000000

===========================================================================
report_clock_properties
============================================================================
Clock                   Period          Waveform
----------------------------------------------------
clk                  25.000000    0.000000 12.500000

===========================================================================
report_clock_latency
============================================================================
Clock clk
rise -> rise
    min     max
0.000000 0.000000 source latency
1.361650         network latency _6696_/CLK
        1.405606 network latency _7384_/CLK
---------------
1.361650 1.405606 latency
        0.043956 skew

fall -> fall
    min     max
0.000000 0.000000 source latency
1.208969         network latency _6696_/CLK
        1.241514 network latency _7384_/CLK
---------------
1.208969 1.241514 latency
        0.032546 skew



===========================================================================
report_clock_min_period
============================================================================
clk period_min = 16.81 fmax = 59.50
