Clock: clk
Sources: clk 
Generated: no
Virtual: yes
Propagated: no
Period: 25.000000

===========================================================================
report_clock_properties
============================================================================
Clock                   Period          Waveform
----------------------------------------------------
clk                  25.000000    0.000000 12.500000

===========================================================================
report_clock_latency
============================================================================
Clock clk
rise -> rise
    min     max
0.000000 0.000000 source latency
0.658167         network latency _7263_/CLK
        0.682674 network latency _7011_/CLK
---------------
0.658167 0.682674 latency
        0.024507 skew

fall -> fall
    min     max
0.000000 0.000000 source latency
0.592718         network latency _7263_/CLK
        0.610660 network latency _7063_/CLK
---------------
0.592718 0.610660 latency
        0.017942 skew



===========================================================================
report_clock_min_period
============================================================================
clk period_min = 8.03 fmax = 124.55
