
===========================================================================
report_checks -unconstrained
===========================================================================
======================= min_ff_n40C_1v95 Corner ===================================

Startpoint: reset (input port clocked by clk)
Endpoint: _7280_ (recovery check against rising-edge clock clk)
Path Group: asynchronous
Path Type: max

Fanout         Cap        Slew       Delay        Time   Description
---------------------------------------------------------------------------------------------
                                  0.000000    0.000000   clock clk (rise edge)
                                  0.000000    0.000000   clock network delay (propagated)
                                  5.000000    5.000000 v input external delay
     3    0.021195    0.033925    0.022998    5.022998 v reset (in)
                                                         reset (net)
                      0.034038    0.000000    5.022998 v fanout51/A (sky130_fd_sc_hd__clkdlybuf4s25_1)
     6    0.054508    0.273867    0.350649    5.373647 v fanout51/X (sky130_fd_sc_hd__clkdlybuf4s25_1)
                                                         net51 (net)
                      0.273889    0.002550    5.376197 v fanout39/A (sky130_fd_sc_hd__buf_1)
     2    0.029296    0.118357    0.206626    5.582823 v fanout39/X (sky130_fd_sc_hd__buf_1)
                                                         net39 (net)
                      0.118400    0.002126    5.584949 v max_cap574/A (sky130_fd_sc_hd__buf_2)
     4    0.040103    0.072142    0.159060    5.744010 v max_cap574/X (sky130_fd_sc_hd__buf_2)
                                                         net574 (net)
                      0.072323    0.003155    5.747165 v fanout29/A (sky130_fd_sc_hd__clkdlybuf4s25_1)
     5    0.024562    0.128193    0.257291    6.004456 v fanout29/X (sky130_fd_sc_hd__clkdlybuf4s25_1)
                                                         net29 (net)
                      0.128193    0.000387    6.004843 v fanout28/A (sky130_fd_sc_hd__clkdlybuf4s25_1)
     7    0.039288    0.200024    0.330810    6.335653 v fanout28/X (sky130_fd_sc_hd__clkdlybuf4s25_1)
                                                         net28 (net)
                      0.200027    0.001053    6.336707 v fanout27/A (sky130_fd_sc_hd__buf_2)
    10    0.060907    0.101931    0.211698    6.548405 v fanout27/X (sky130_fd_sc_hd__buf_2)
                                                         net27 (net)
                      0.102045    0.003081    6.551486 v _6560_/A (sky130_fd_sc_hd__inv_2)
     1    0.007695    0.043218    0.064895    6.616381 ^ _6560_/Y (sky130_fd_sc_hd__inv_2)
                                                         _0301_ (net)
                      0.043218    0.000133    6.616514 ^ _7280_/RESET_B (sky130_fd_sc_hd__dfrtp_2)
                                              6.616514   data arrival time

                                 25.000000   25.000000   clock clk (rise edge)
                                  0.000000   25.000000   clock source latency
     1    0.048601    0.166578    0.117236   25.117235 ^ clk (in)
                                                         clk (net)
                      0.166697    0.000000   25.117235 ^ clkbuf_0_clk/A (sky130_fd_sc_hd__clkbuf_16)
     8    0.126575    0.108466    0.174085   25.291321 ^ clkbuf_0_clk/X (sky130_fd_sc_hd__clkbuf_16)
                                                         clknet_0_clk (net)
                      0.108687    0.003917   25.295237 ^ clkbuf_3_1__f_clk/A (sky130_fd_sc_hd__clkbuf_16)
     6    0.090125    0.081788    0.145063   25.440300 ^ clkbuf_3_1__f_clk/X (sky130_fd_sc_hd__clkbuf_16)
                                                         clknet_3_1__leaf_clk (net)
                      0.081799    0.000774   25.441074 ^ clkbuf_leaf_39_clk/A (sky130_fd_sc_hd__clkbuf_16)
    17    0.064513    0.062934    0.124530   25.565603 ^ clkbuf_leaf_39_clk/X (sky130_fd_sc_hd__clkbuf_16)
                                                         clknet_leaf_39_clk (net)
                      0.062951    0.001007   25.566610 ^ _7280_/CLK (sky130_fd_sc_hd__dfrtp_2)
                                 -0.100000   25.466610   clock uncertainty
                                  0.000000   25.466610   clock reconvergence pessimism
                                  0.135444   25.602055   library recovery time
                                             25.602055   data required time
---------------------------------------------------------------------------------------------
                                             25.602055   data required time
                                             -6.616514   data arrival time
---------------------------------------------------------------------------------------------
                                             18.985540   slack (MET)


Startpoint: _6980_ (rising edge-triggered flip-flop clocked by clk)
Endpoint: alu_result_out[0] (output port clocked by clk)
Path Group: clk
Path Type: max

Fanout         Cap        Slew       Delay        Time   Description
---------------------------------------------------------------------------------------------
                                  0.000000    0.000000   clock clk (rise edge)
                                  0.000000    0.000000   clock source latency
     1    0.048601    0.166578    0.117236    0.117236 ^ clk (in)
                                                         clk (net)
                      0.166697    0.000000    0.117236 ^ clkbuf_0_clk/A (sky130_fd_sc_hd__clkbuf_16)
     8    0.126575    0.108466    0.174086    0.291322 ^ clkbuf_0_clk/X (sky130_fd_sc_hd__clkbuf_16)
                                                         clknet_0_clk (net)
                      0.108611    0.003189    0.294511 ^ clkbuf_3_4__f_clk/A (sky130_fd_sc_hd__clkbuf_16)
     6    0.091447    0.082731    0.145986    0.440497 ^ clkbuf_3_4__f_clk/X (sky130_fd_sc_hd__clkbuf_16)
                                                         clknet_3_4__leaf_clk (net)
                      0.082847    0.002046    0.442543 ^ clkbuf_leaf_4_clk/A (sky130_fd_sc_hd__clkbuf_16)
    12    0.053940    0.055333    0.118824    0.561367 ^ clkbuf_leaf_4_clk/X (sky130_fd_sc_hd__clkbuf_16)
                                                         clknet_leaf_4_clk (net)
                      0.055344    0.000758    0.562125 ^ _6980_/CLK (sky130_fd_sc_hd__dfrtp_2)
     5    0.038623    0.143309    0.307953    0.870078 ^ _6980_/Q (sky130_fd_sc_hd__dfrtp_2)
                                                         net545 (net)
                      0.143309    0.000356    0.870434 ^ place458/A (sky130_fd_sc_hd__buf_2)
     9    0.052774    0.193988    0.206785    1.077219 ^ place458/X (sky130_fd_sc_hd__buf_2)
                                                         net458 (net)
                      0.194015    0.001893    1.079112 ^ place457/A (sky130_fd_sc_hd__buf_2)
     8    0.038440    0.143076    0.177347    1.256459 ^ place457/X (sky130_fd_sc_hd__buf_2)
                                                         net457 (net)
                      0.143128    0.000683    1.257141 ^ _3365_/A (sky130_fd_sc_hd__inv_2)
     7    0.020753    0.056413    0.054464    1.311605 v _3365_/Y (sky130_fd_sc_hd__inv_2)
                                                         _1311_ (net)
                      0.056414    0.000162    1.311767 v _3371_/C_N (sky130_fd_sc_hd__nor4bb_2)
     2    0.005561    0.056838    0.118939    1.430706 v _3371_/Y (sky130_fd_sc_hd__nor4bb_2)
                                                         _1316_ (net)
                      0.056838    0.000060    1.430766 v place428/A (sky130_fd_sc_hd__buf_2)
     7    0.050320    0.084553    0.147273    1.578039 v place428/X (sky130_fd_sc_hd__buf_2)
                                                         net428 (net)
                      0.084567    0.001083    1.579122 v place427/A (sky130_fd_sc_hd__buf_2)
     6    0.042219    0.075094    0.148314    1.727436 v place427/X (sky130_fd_sc_hd__buf_2)
                                                         net427 (net)
                      0.075120    0.001336    1.728772 v _3399_/A (sky130_fd_sc_hd__nor2_4)
     6    0.025517    0.129913    0.143732    1.872504 ^ _3399_/Y (sky130_fd_sc_hd__nor2_4)
                                                         _1342_ (net)
                      0.129918    0.000644    1.873148 ^ _3449_/B (sky130_fd_sc_hd__and3_2)
     6    0.027010    0.109537    0.185091    2.058239 ^ _3449_/X (sky130_fd_sc_hd__and3_2)
                                                         _1389_ (net)
                      0.109537    0.000233    2.058471 ^ place347/A (sky130_fd_sc_hd__buf_2)
     6    0.020190    0.078512    0.122522    2.180993 ^ place347/X (sky130_fd_sc_hd__buf_2)
                                                         net347 (net)
                      0.078513    0.000460    2.181453 ^ place346/A (sky130_fd_sc_hd__buf_2)
    10    0.070649    0.258462    0.237708    2.419162 ^ place346/X (sky130_fd_sc_hd__buf_2)
                                                         net346 (net)
                      0.258542    0.003765    2.422927 ^ _4270_/B (sky130_fd_sc_hd__nand2_2)
     2    0.025218    0.098748    0.098412    2.521339 v _4270_/Y (sky130_fd_sc_hd__nand2_2)
                                                         _2138_ (net)
                      0.098753    0.000559    2.521898 v _4271_/D_N (sky130_fd_sc_hd__or4b_2)
     1    0.003588    0.026690    0.156057    2.677955 ^ _4271_/X (sky130_fd_sc_hd__or4b_2)
                                                         _2139_ (net)
                      0.026690    0.000050    2.678005 ^ _4272_/C_N (sky130_fd_sc_hd__or3b_2)
     3    0.018217    0.083265    0.291942    2.969947 v _4272_/X (sky130_fd_sc_hd__or3b_2)
                                                         _2140_ (net)
                      0.083272    0.000783    2.970730 v _4273_/D (sky130_fd_sc_hd__nor4_1)
     1    0.002917    0.152377    0.123697    3.094428 ^ _4273_/Y (sky130_fd_sc_hd__nor4_1)
                                                         _2141_ (net)
                      0.152377    0.000029    3.094457 ^ wire562/A (sky130_fd_sc_hd__clkdlybuf4s25_1)
     2    0.008534    0.072076    0.210148    3.304605 ^ wire562/X (sky130_fd_sc_hd__clkdlybuf4s25_1)
                                                         net562 (net)
                      0.072076    0.000152    3.304757 ^ max_cap561/A (sky130_fd_sc_hd__clkdlybuf4s25_1)
     1    0.005627    0.051295    0.182531    3.487288 ^ max_cap561/X (sky130_fd_sc_hd__clkdlybuf4s25_1)
                                                         net561 (net)
                      0.051295    0.000068    3.487356 ^ _4275_/A (sky130_fd_sc_hd__nor2b_2)
     4    0.019051    0.046639    0.045205    3.532560 v _4275_/Y (sky130_fd_sc_hd__nor2b_2)
                                                         _2143_ (net)
                      0.046639    0.000185    3.532745 v max_cap559/A (sky130_fd_sc_hd__clkbuf_2)
     5    0.024135    0.066892    0.114730    3.647475 v max_cap559/X (sky130_fd_sc_hd__clkbuf_2)
                                                         net559 (net)
                      0.066894    0.000446    3.647921 v _4277_/B (sky130_fd_sc_hd__nor2_2)
     1    0.005910    0.066968    0.076786    3.724707 ^ _4277_/Y (sky130_fd_sc_hd__nor2_2)
                                                         _2145_ (net)
                      0.066968    0.000071    3.724778 ^ _4378_/A2 (sky130_fd_sc_hd__a31o_4)
     5    0.026788    0.073033    0.127456    3.852234 ^ _4378_/X (sky130_fd_sc_hd__a31o_4)
                                                         _2246_ (net)
                      0.073053    0.001165    3.853399 ^ _4384_/B (sky130_fd_sc_hd__nand3_2)
     2    0.007308    0.043517    0.053848    3.907247 v _4384_/Y (sky130_fd_sc_hd__nand3_2)
                                                         _2252_ (net)
                      0.043517    0.000142    3.907389 v _4443_/A2 (sky130_fd_sc_hd__a2111o_2)
     3    0.013304    0.065774    0.313023    4.220412 v _4443_/X (sky130_fd_sc_hd__a2111o_2)
                                                         _2311_ (net)
                      0.065774    0.000272    4.220684 v _4454_/A1 (sky130_fd_sc_hd__a211o_2)
     2    0.008262    0.044471    0.201836    4.422520 v _4454_/X (sky130_fd_sc_hd__a211o_2)
                                                         _2322_ (net)
                      0.044471    0.000119    4.422639 v _4455_/C1 (sky130_fd_sc_hd__o211a_2)
     2    0.010711    0.044289    0.090578    4.513216 v _4455_/X (sky130_fd_sc_hd__o211a_2)
                                                         _2323_ (net)
                      0.044289    0.000099    4.513316 v _4457_/A2 (sky130_fd_sc_hd__o21a_2)
     3    0.013733    0.042786    0.145622    4.658937 v _4457_/X (sky130_fd_sc_hd__o21a_2)
                                                         _2325_ (net)
                      0.042787    0.000247    4.659185 v _4459_/A2 (sky130_fd_sc_hd__o211a_2)
     3    0.025393    0.066006    0.193316    4.852501 v _4459_/X (sky130_fd_sc_hd__o211a_2)
                                                         _2327_ (net)
                      0.066043    0.001452    4.853953 v _4465_/A (sky130_fd_sc_hd__nor2_2)
     2    0.049306    0.382879    0.319318    5.173271 ^ _4465_/Y (sky130_fd_sc_hd__nor2_2)
                                                         _2333_ (net)
                      0.382931    0.003749    5.177020 ^ _5650_/A (sky130_fd_sc_hd__inv_2)
     1    0.003292    0.051623   -0.006931    5.170088 v _5650_/Y (sky130_fd_sc_hd__inv_2)
                                                         net461 (net)
                      0.051623    0.000039    5.170127 v output461/A (sky130_fd_sc_hd__clkdlybuf4s25_1)
     1    0.035764    0.181819    0.290262    5.460389 v output461/X (sky130_fd_sc_hd__clkdlybuf4s25_1)
                                                         alu_result_out[0] (net)
                      0.181820    0.000705    5.461094 v alu_result_out[0] (out)
                                              5.461094   data arrival time

                                 25.000000   25.000000   clock clk (rise edge)
                                  0.000000   25.000000   clock network delay (propagated)
                                 -0.100000   24.900000   clock uncertainty
                                  0.000000   24.900000   clock reconvergence pessimism
                                 -5.000000   19.899998   output external delay
                                             19.899998   data required time
---------------------------------------------------------------------------------------------
                                             19.899998   data required time
                                             -5.461094   data arrival time
---------------------------------------------------------------------------------------------
                                             14.438905   slack (MET)




===========================================================================
report_checks --slack_max -0.01
============================================================================
======================= min_ff_n40C_1v95 Corner ===================================

No paths found.


===========================================================================
 report_check_types -max_slew -max_cap -max_fanout -violators
============================================================================
======================= min_ff_n40C_1v95 Corner ===================================

max fanout

Pin                                   Limit Fanout  Slack
---------------------------------------------------------
clkbuf_leaf_29_clk/X                     10     20    -10 (VIOLATED)
clkbuf_leaf_31_clk/X                     10     20    -10 (VIOLATED)
clkbuf_leaf_32_clk/X                     10     20    -10 (VIOLATED)
clkbuf_leaf_19_clk/X                     10     19     -9 (VIOLATED)
clkbuf_leaf_22_clk/X                     10     19     -9 (VIOLATED)
clkbuf_leaf_23_clk/X                     10     19     -9 (VIOLATED)
clkbuf_leaf_24_clk/X                     10     19     -9 (VIOLATED)
clkbuf_leaf_25_clk/X                     10     19     -9 (VIOLATED)
clkbuf_leaf_26_clk/X                     10     19     -9 (VIOLATED)
clkbuf_leaf_33_clk/X                     10     19     -9 (VIOLATED)
clkbuf_leaf_35_clk/X                     10     19     -9 (VIOLATED)
clkbuf_leaf_37_clk/X                     10     19     -9 (VIOLATED)
clkbuf_leaf_13_clk/X                     10     18     -8 (VIOLATED)
clkbuf_leaf_16_clk/X                     10     18     -8 (VIOLATED)
clkbuf_leaf_18_clk/X                     10     18     -8 (VIOLATED)
clkbuf_leaf_1_clk/X                      10     18     -8 (VIOLATED)
clkbuf_leaf_20_clk/X                     10     18     -8 (VIOLATED)
clkbuf_leaf_27_clk/X                     10     18     -8 (VIOLATED)
clkbuf_leaf_28_clk/X                     10     18     -8 (VIOLATED)
clkbuf_leaf_30_clk/X                     10     18     -8 (VIOLATED)
clkbuf_leaf_34_clk/X                     10     18     -8 (VIOLATED)
clkbuf_leaf_36_clk/X                     10     18     -8 (VIOLATED)
clkbuf_leaf_0_clk/X                      10     17     -7 (VIOLATED)
clkbuf_leaf_15_clk/X                     10     17     -7 (VIOLATED)
clkbuf_leaf_39_clk/X                     10     17     -7 (VIOLATED)
clkbuf_leaf_7_clk/X                      10     17     -7 (VIOLATED)
clkbuf_leaf_12_clk/X                     10     16     -6 (VIOLATED)
clkbuf_leaf_14_clk/X                     10     16     -6 (VIOLATED)
clkbuf_leaf_17_clk/X                     10     16     -6 (VIOLATED)
clkbuf_leaf_21_clk/X                     10     16     -6 (VIOLATED)
clkbuf_leaf_38_clk/X                     10     16     -6 (VIOLATED)
clkbuf_leaf_3_clk/X                      10     16     -6 (VIOLATED)
clkbuf_leaf_40_clk/X                     10     16     -6 (VIOLATED)
clkbuf_leaf_42_clk/X                     10     16     -6 (VIOLATED)
clkbuf_leaf_5_clk/X                      10     16     -6 (VIOLATED)
clkbuf_leaf_6_clk/X                      10     16     -6 (VIOLATED)
clkbuf_leaf_10_clk/X                     10     15     -5 (VIOLATED)
clkbuf_leaf_11_clk/X                     10     15     -5 (VIOLATED)
clkbuf_leaf_2_clk/X                      10     15     -5 (VIOLATED)
clkbuf_leaf_41_clk/X                     10     15     -5 (VIOLATED)
clkbuf_leaf_43_clk/X                     10     15     -5 (VIOLATED)
clkbuf_leaf_9_clk/X                      10     15     -5 (VIOLATED)
clkbuf_leaf_8_clk/X                      10     14     -4 (VIOLATED)
clkbuf_leaf_4_clk/X                      10     12     -2 (VIOLATED)
place372/X                               10     11        (VIOLATED)



===========================================================================
report_parasitic_annotation -report_unannotated
============================================================================
Found 44 unannotated drivers.
 clkload0/X
 clkload1/X
 clkload10/X
 clkload11/X
 clkload12/X
 clkload13/Y
 clkload14/Y
 clkload15/X
 clkload16/Y
 clkload17/X
 clkload18/X
 clkload19/X
 clkload2/X
 clkload20/X
 clkload21/X
 clkload22/X
 clkload23/Y
 clkload24/X
 clkload25/X
 clkload26/X
 clkload27/X
 clkload28/Y
 clkload29/Y
 clkload3/X
 clkload30/Y
 clkload31/X
 clkload32/X
 clkload33/Y
 clkload34/X
 clkload35/Y
 clkload36/Y
 clkload37/X
 clkload38/X
 clkload4/X
 clkload5/X
 clkload6/Y
 clkload7/X
 clkload8/Y
 clkload9/X
 single_cycle_cpu/HI
 single_cycle_cpu_577/HI
 single_cycle_cpu_578/HI
 single_cycle_cpu_579/LO
 single_cycle_cpu_580/LO
Found 0 partially unannotated drivers.

===========================================================================
max slew violation count 0
max fanout violation count 45
max cap violation count 0
============================================================================

===========================================================================
check_setup -verbose -unconstrained_endpoints -multiple_clock -no_clock -no_input_delay -loops -generated_clocks
===========================================================================
