
===========================================================================
 report_power
============================================================================
======================= nom_ss_100C_1v60 Corner ===================================

Group                    Internal    Switching      Leakage        Total
                            Power        Power        Power        Power (Watts)
------------------------------------------------------------------------
Sequential           8.873292e-04 0.000000e+00 1.241405e-05 8.997433e-04  52.9%
Combinational        8.577625e-06 2.748229e-05 1.775960e-05 5.381952e-05   3.2%
Clock                4.026062e-04 3.446623e-04 1.449150e-06 7.487176e-04  44.0%
Macro                0.000000e+00 0.000000e+00 0.000000e+00 0.000000e+00   0.0%
Pad                  0.000000e+00 0.000000e+00 0.000000e+00 0.000000e+00   0.0%
------------------------------------------------------------------------
Total                1.298513e-03 3.721447e-04 3.162200e-05 1.702280e-03 100.0%
                            76.3%        21.9%         1.9%

