Clock: clk
Sources: clk 
Generated: no
Virtual: yes
Propagated: no
Period: 25.000000

===========================================================================
report_clock_properties
============================================================================
Clock                   Period          Waveform
----------------------------------------------------
clk                  25.000000    0.000000 12.500000

===========================================================================
report_clock_latency
============================================================================
Clock clk
rise -> rise
    min     max
0.000000 0.000000 source latency
5.595740         network latency _7287_/CLK
        5.655993 network latency _7147_/CLK
---------------
5.595740 5.655993 latency
        0.060253 skew

fall -> fall
    min     max
0.000000 0.000000 source latency
2.770058         network latency _7287_/CLK
        2.826628 network latency _7147_/CLK
---------------
2.770058 2.826628 latency
        0.056570 skew



===========================================================================
report_clock_min_period
============================================================================
clk period_min = 8.39 fmax = 119.21
