Clock: clk
Sources: clk 
Generated: no
Virtual: yes
Propagated: no
Period: 25.000000

===========================================================================
report_clock_properties
============================================================================
Clock                   Period          Waveform
----------------------------------------------------
clk                  25.000000    0.000000 12.500000

===========================================================================
report_clock_latency
============================================================================
Clock clk
rise -> rise
    min     max
0.000000 0.000000 source latency
0.583062         network latency _7289_/CLK
        0.607050 network latency _6996_/CLK
---------------
0.583062 0.607050 latency
        0.023988 skew

fall -> fall
    min     max
0.000000 0.000000 source latency
0.496631         network latency _7289_/CLK
        0.516422 network latency _6996_/CLK
---------------
0.496631 0.516422 latency
        0.019791 skew



===========================================================================
report_clock_min_period
============================================================================
clk period_min = 5.94 fmax = 168.23
