
===========================================================================
report_checks -unconstrained
===========================================================================
======================= nom_tt_025C_1v80 Corner ===================================

Startpoint: reset (input port clocked by clk)
Endpoint: _7089_ (recovery check against rising-edge clock clk)
Path Group: asynchronous
Path Type: max

Fanout         Cap        Slew       Delay        Time   Description
---------------------------------------------------------------------------------------------
                                  0.000000    0.000000   clock clk (rise edge)
                                  0.000000    0.000000   clock network delay (propagated)
                                  5.000000    5.000000 v input external delay
     1    0.002916    0.008899    0.004607    5.004608 v reset (in)
                                                         reset (net)
                      0.008899    0.000000    5.004608 v input459/A (sky130_fd_sc_hd__clkdlybuf4s25_1)
     4    0.020196    0.156899    0.324651    5.329258 v input459/X (sky130_fd_sc_hd__clkdlybuf4s25_1)
                                                         net459 (net)
                      0.156902    0.000907    5.330165 v fanout49/A (sky130_fd_sc_hd__buf_2)
     7    0.054104    0.129831    0.261320    5.591485 v fanout49/X (sky130_fd_sc_hd__buf_2)
                                                         net49 (net)
                      0.130231    0.005412    5.596897 v fanout37/A (sky130_fd_sc_hd__clkdlybuf4s25_1)
     6    0.017151    0.135469    0.360157    5.957055 v fanout37/X (sky130_fd_sc_hd__clkdlybuf4s25_1)
                                                         net37 (net)
                      0.135469    0.000306    5.957361 v fanout24/A (sky130_fd_sc_hd__clkdlybuf4s25_1)
     5    0.018545    0.146036    0.369626    6.326986 v fanout24/X (sky130_fd_sc_hd__clkdlybuf4s25_1)
                                                         net24 (net)
                      0.146036    0.000060    6.327046 v fanout23/A (sky130_fd_sc_hd__buf_2)
    10    0.061618    0.145254    0.270934    6.597980 v fanout23/X (sky130_fd_sc_hd__buf_2)
                                                         net23 (net)
                      0.145254    0.000506    6.598486 v fanout22/A (sky130_fd_sc_hd__clkbuf_2)
    10    0.057296    0.215466    0.293754    6.892240 v fanout22/X (sky130_fd_sc_hd__clkbuf_2)
                                                         net22 (net)
                      0.215466    0.000453    6.892693 v _6369_/A (sky130_fd_sc_hd__inv_2)
     1    0.003877    0.059495    0.094118    6.986810 ^ _6369_/Y (sky130_fd_sc_hd__inv_2)
                                                         _0110_ (net)
                      0.059495    0.000008    6.986819 ^ _7089_/SET_B (sky130_fd_sc_hd__dfstp_2)
                                              6.986819   data arrival time

                                 25.000000   25.000000   clock clk (rise edge)
                                  0.000000   25.000000   clock source latency
     1    0.030541    0.142859    0.099673   25.099672 ^ clk (in)
                                                         clk (net)
                      0.142915    0.000000   25.099672 ^ clkbuf_0_clk/A (sky130_fd_sc_hd__clkbuf_16)
     8    0.105101    0.119634    0.224413   25.324085 ^ clkbuf_0_clk/X (sky130_fd_sc_hd__clkbuf_16)
                                                         clknet_0_clk (net)
                      0.119667    0.001915   25.326000 ^ clkbuf_3_0__f_clk/A (sky130_fd_sc_hd__clkbuf_16)
     6    0.067328    0.084934    0.189527   25.515526 ^ clkbuf_3_0__f_clk/X (sky130_fd_sc_hd__clkbuf_16)
                                                         clknet_3_0__leaf_clk (net)
                      0.084937    0.000643   25.516169 ^ clkbuf_leaf_43_clk/A (sky130_fd_sc_hd__clkbuf_16)
    17    0.052189    0.070864    0.165755   25.681925 ^ clkbuf_leaf_43_clk/X (sky130_fd_sc_hd__clkbuf_16)
                                                         clknet_leaf_43_clk (net)
                      0.070864    0.000213   25.682138 ^ _7089_/CLK (sky130_fd_sc_hd__dfstp_2)
                                 -0.250000   25.432138   clock uncertainty
                                  0.000000   25.432138   clock reconvergence pessimism
                                  0.142144   25.574284   library recovery time
                                             25.574284   data required time
---------------------------------------------------------------------------------------------
                                             25.574284   data required time
                                             -6.986819   data arrival time
---------------------------------------------------------------------------------------------
                                             18.587465   slack (MET)


Startpoint: _6983_ (rising edge-triggered flip-flop clocked by clk)
Endpoint: alu_result_out[0] (output port clocked by clk)
Path Group: clk
Path Type: max

Fanout         Cap        Slew       Delay        Time   Description
---------------------------------------------------------------------------------------------
                                  0.000000    0.000000   clock clk (rise edge)
                                  0.000000    0.000000   clock source latency
     1    0.030541    0.142859    0.099674    0.099674 ^ clk (in)
                                                         clk (net)
                      0.142915    0.000000    0.099674 ^ clkbuf_0_clk/A (sky130_fd_sc_hd__clkbuf_16)
     8    0.105101    0.119634    0.224412    0.324086 ^ clkbuf_0_clk/X (sky130_fd_sc_hd__clkbuf_16)
                                                         clknet_0_clk (net)
                      0.119644    0.001226    0.325312 ^ clkbuf_3_4__f_clk/A (sky130_fd_sc_hd__clkbuf_16)
     6    0.067784    0.085331    0.189952    0.515264 ^ clkbuf_3_4__f_clk/X (sky130_fd_sc_hd__clkbuf_16)
                                                         clknet_3_4__leaf_clk (net)
                      0.085331    0.000374    0.515637 ^ clkbuf_leaf_5_clk/A (sky130_fd_sc_hd__clkbuf_16)
    16    0.044777    0.064131    0.160361    0.675998 ^ clkbuf_leaf_5_clk/X (sky130_fd_sc_hd__clkbuf_16)
                                                         clknet_leaf_5_clk (net)
                      0.064131    0.000045    0.676043 ^ _6983_/CLK (sky130_fd_sc_hd__dfrtp_2)
     9    0.039572    0.119280    0.488410    1.164454 v _6983_/Q (sky130_fd_sc_hd__dfrtp_2)
                                                         net252 (net)
                      0.119280    0.000204    1.164658 v place449/A (sky130_fd_sc_hd__buf_2)
    10    0.033477    0.087628    0.212563    1.377220 v place449/X (sky130_fd_sc_hd__buf_2)
                                                         net449 (net)
                      0.087628    0.000242    1.377463 v _3316_/B_N (sky130_fd_sc_hd__nor2b_2)
     2    0.010740    0.068512    0.186029    1.563492 v _3316_/Y (sky130_fd_sc_hd__nor2b_2)
                                                         _1266_ (net)
                      0.068512    0.000043    1.563535 v place447/A (sky130_fd_sc_hd__buf_2)
    10    0.049710    0.119700    0.216396    1.779931 v place447/X (sky130_fd_sc_hd__buf_2)
                                                         net447 (net)
                      0.119701    0.000598    1.780529 v place446/A (sky130_fd_sc_hd__buf_2)
    10    0.032715    0.085992    0.211325    1.991854 v place446/X (sky130_fd_sc_hd__buf_2)
                                                         net446 (net)
                      0.085992    0.000018    1.991872 v _3332_/B (sky130_fd_sc_hd__nand2_2)
     3    0.011986    0.082449    0.107939    2.099811 ^ _3332_/Y (sky130_fd_sc_hd__nand2_2)
                                                         _1281_ (net)
                      0.082449    0.000020    2.099831 ^ _3341_/A (sky130_fd_sc_hd__inv_2)
     2    0.010402    0.035890    0.051461    2.151292 v _3341_/Y (sky130_fd_sc_hd__inv_2)
                                                         net389 (net)
                      0.035890    0.000014    2.151306 v _3345_/A (sky130_fd_sc_hd__nor2_4)
     7    0.038142    0.249567    0.232656    2.383961 ^ _3345_/Y (sky130_fd_sc_hd__nor2_4)
                                                         _1293_ (net)
                      0.249568    0.000402    2.384364 ^ _3346_/A (sky130_fd_sc_hd__inv_2)
     2    0.007277    0.056049    0.066182    2.450546 v _3346_/Y (sky130_fd_sc_hd__inv_2)
                                                         net366 (net)
                      0.056049    0.000061    2.450607 v _3347_/B (sky130_fd_sc_hd__or2_2)
     2    0.005989    0.065586    0.286819    2.737426 v _3347_/X (sky130_fd_sc_hd__or2_2)
                                                         _1294_ (net)
                      0.065586    0.000007    2.737432 v _3352_/A (sky130_fd_sc_hd__nor2_2)
     8    0.031480    0.348984    0.314408    3.051840 ^ _3352_/Y (sky130_fd_sc_hd__nor2_2)
                                                         _1299_ (net)
                      0.348984    0.000217    3.052057 ^ _3358_/A2 (sky130_fd_sc_hd__o211a_4)
     8    0.027258    0.101026    0.253991    3.306048 ^ _3358_/X (sky130_fd_sc_hd__o211a_4)
                                                         _1304_ (net)
                      0.101026    0.000076    3.306124 ^ place318/A (sky130_fd_sc_hd__buf_2)
     8    0.038878    0.191597    0.234025    3.540149 ^ place318/X (sky130_fd_sc_hd__buf_2)
                                                         net318 (net)
                      0.191597    0.000774    3.540923 ^ _3475_/A2 (sky130_fd_sc_hd__a211oi_2)
     1    0.003799    0.060799    0.097244    3.638168 v _3475_/Y (sky130_fd_sc_hd__a211oi_2)
                                                         _1415_ (net)
                      0.060799    0.000022    3.638190 v wire561/A (sky130_fd_sc_hd__clkbuf_2)
     4    0.016405    0.069185    0.146298    3.784487 v wire561/X (sky130_fd_sc_hd__clkbuf_2)
                                                         net561 (net)
                      0.069185    0.000307    3.784794 v _3485_/A (sky130_fd_sc_hd__or3_4)
     4    0.014567    0.082339    0.417905    4.202700 v _3485_/X (sky130_fd_sc_hd__or3_4)
                                                         _1425_ (net)
                      0.082339    0.000048    4.202747 v _3501_/A1 (sky130_fd_sc_hd__a21o_2)
     3    0.010026    0.051695    0.220645    4.423392 v _3501_/X (sky130_fd_sc_hd__a21o_2)
                                                         _1441_ (net)
                      0.051695    0.000049    4.423441 v _3504_/A1 (sky130_fd_sc_hd__a21oi_2)
     3    0.010713    0.164479    0.174508    4.597949 ^ _3504_/Y (sky130_fd_sc_hd__a21oi_2)
                                                         _1444_ (net)
                      0.164479    0.000022    4.597971 ^ _3523_/A3 (sky130_fd_sc_hd__o311a_4)
     5    0.017547    0.075448    0.210769    4.808740 ^ _3523_/X (sky130_fd_sc_hd__o311a_4)
                                                         _1461_ (net)
                      0.075448    0.000097    4.808837 ^ _4299_/A1 (sky130_fd_sc_hd__a21o_2)
     5    0.023049    0.121925    0.189911    4.998748 ^ _4299_/X (sky130_fd_sc_hd__a21o_2)
                                                         _2167_ (net)
                      0.121925    0.000273    4.999021 ^ _4370_/A1 (sky130_fd_sc_hd__a211o_2)
     4    0.022741    0.115958    0.207608    5.206629 ^ _4370_/X (sky130_fd_sc_hd__a211o_2)
                                                         _2238_ (net)
                      0.115958    0.000447    5.207076 ^ _4378_/A3 (sky130_fd_sc_hd__a31o_4)
     5    0.023773    0.089609    0.205601    5.412677 ^ _4378_/X (sky130_fd_sc_hd__a31o_4)
                                                         _2246_ (net)
                      0.089611    0.000534    5.413211 ^ _4384_/B (sky130_fd_sc_hd__nand3_2)
     2    0.004325    0.054226    0.077983    5.491194 v _4384_/Y (sky130_fd_sc_hd__nand3_2)
                                                         _2252_ (net)
                      0.054226    0.000008    5.491203 v _4443_/A2 (sky130_fd_sc_hd__a2111o_2)
     3    0.009786    0.085179    0.493044    5.984247 v _4443_/X (sky130_fd_sc_hd__a2111o_2)
                                                         _2311_ (net)
                      0.085179    0.000028    5.984274 v _4454_/A1 (sky130_fd_sc_hd__a211o_2)
     2    0.006955    0.060611    0.319226    6.303501 v _4454_/X (sky130_fd_sc_hd__a211o_2)
                                                         _2322_ (net)
                      0.060611    0.000002    6.303503 v _4455_/C1 (sky130_fd_sc_hd__o211a_2)
     2    0.010780    0.061926    0.141848    6.445350 v _4455_/X (sky130_fd_sc_hd__o211a_2)
                                                         _2323_ (net)
                      0.061926    0.000026    6.445376 v _4457_/A2 (sky130_fd_sc_hd__o21a_2)
     3    0.010893    0.053780    0.220910    6.666286 v _4457_/X (sky130_fd_sc_hd__o21a_2)
                                                         _2325_ (net)
                      0.053780    0.000065    6.666351 v _4459_/A2 (sky130_fd_sc_hd__o211a_2)
     3    0.025085    0.091322    0.301283    6.967633 v _4459_/X (sky130_fd_sc_hd__o211a_2)
                                                         _2327_ (net)
                      0.091335    0.001152    6.968785 v _4465_/A (sky130_fd_sc_hd__nor2_2)
     2    0.023203    0.264893    0.263295    7.232080 ^ _4465_/Y (sky130_fd_sc_hd__nor2_2)
                                                         _2333_ (net)
                      0.264898    0.000983    7.233063 ^ _5650_/A (sky130_fd_sc_hd__inv_2)
     1    0.003716    0.047737    0.050218    7.283281 v _5650_/Y (sky130_fd_sc_hd__inv_2)
                                                         net460 (net)
                      0.047737    0.000021    7.283303 v output460/A (sky130_fd_sc_hd__clkdlybuf4s25_1)
     1    0.034667    0.258092    0.417967    7.701270 v output460/X (sky130_fd_sc_hd__clkdlybuf4s25_1)
                                                         alu_result_out[0] (net)
                      0.258092    0.000257    7.701527 v alu_result_out[0] (out)
                                              7.701527   data arrival time

                                 25.000000   25.000000   clock clk (rise edge)
                                  0.000000   25.000000   clock network delay (propagated)
                                 -0.250000   24.750000   clock uncertainty
                                  0.000000   24.750000   clock reconvergence pessimism
                                 -5.000000   19.750000   output external delay
                                             19.750000   data required time
---------------------------------------------------------------------------------------------
                                             19.750000   data required time
                                             -7.701527   data arrival time
---------------------------------------------------------------------------------------------
                                             12.048472   slack (MET)




===========================================================================
report_checks --slack_max -0.01
============================================================================
======================= nom_tt_025C_1v80 Corner ===================================

No paths found.


===========================================================================
 report_check_types -max_slew -max_cap -max_fanout -violators
============================================================================
======================= nom_tt_025C_1v80 Corner ===================================

max fanout

Pin                                   Limit Fanout  Slack
---------------------------------------------------------
clkbuf_leaf_25_clk/X                     10     21    -11 (VIOLATED)
clkbuf_leaf_27_clk/X                     10     21    -11 (VIOLATED)
clkbuf_leaf_29_clk/X                     10     20    -10 (VIOLATED)
clkbuf_leaf_31_clk/X                     10     20    -10 (VIOLATED)
clkbuf_leaf_34_clk/X                     10     20    -10 (VIOLATED)
clkbuf_leaf_37_clk/X                     10     20    -10 (VIOLATED)
clkbuf_leaf_13_clk/X                     10     19     -9 (VIOLATED)
clkbuf_leaf_30_clk/X                     10     19     -9 (VIOLATED)
clkbuf_leaf_32_clk/X                     10     19     -9 (VIOLATED)
clkbuf_leaf_35_clk/X                     10     19     -9 (VIOLATED)
clkbuf_leaf_36_clk/X                     10     19     -9 (VIOLATED)
clkbuf_leaf_7_clk/X                      10     19     -9 (VIOLATED)
clkbuf_leaf_19_clk/X                     10     18     -8 (VIOLATED)
clkbuf_leaf_23_clk/X                     10     18     -8 (VIOLATED)
clkbuf_leaf_28_clk/X                     10     18     -8 (VIOLATED)
clkbuf_leaf_33_clk/X                     10     18     -8 (VIOLATED)
clkbuf_leaf_15_clk/X                     10     17     -7 (VIOLATED)
clkbuf_leaf_17_clk/X                     10     17     -7 (VIOLATED)
clkbuf_leaf_18_clk/X                     10     17     -7 (VIOLATED)
clkbuf_leaf_21_clk/X                     10     17     -7 (VIOLATED)
clkbuf_leaf_24_clk/X                     10     17     -7 (VIOLATED)
clkbuf_leaf_41_clk/X                     10     17     -7 (VIOLATED)
clkbuf_leaf_43_clk/X                     10     17     -7 (VIOLATED)
clkbuf_leaf_11_clk/X                     10     16     -6 (VIOLATED)
clkbuf_leaf_14_clk/X                     10     16     -6 (VIOLATED)
clkbuf_leaf_16_clk/X                     10     16     -6 (VIOLATED)
clkbuf_leaf_2_clk/X                      10     16     -6 (VIOLATED)
clkbuf_leaf_38_clk/X                     10     16     -6 (VIOLATED)
clkbuf_leaf_3_clk/X                      10     16     -6 (VIOLATED)
clkbuf_leaf_42_clk/X                     10     16     -6 (VIOLATED)
clkbuf_leaf_5_clk/X                      10     16     -6 (VIOLATED)
clkbuf_leaf_8_clk/X                      10     16     -6 (VIOLATED)
clkbuf_leaf_9_clk/X                      10     16     -6 (VIOLATED)
clkbuf_leaf_0_clk/X                      10     15     -5 (VIOLATED)
clkbuf_leaf_12_clk/X                     10     15     -5 (VIOLATED)
clkbuf_leaf_20_clk/X                     10     15     -5 (VIOLATED)
clkbuf_leaf_22_clk/X                     10     15     -5 (VIOLATED)
clkbuf_leaf_26_clk/X                     10     15     -5 (VIOLATED)
clkbuf_leaf_39_clk/X                     10     15     -5 (VIOLATED)
clkbuf_leaf_40_clk/X                     10     15     -5 (VIOLATED)
clkbuf_leaf_44_clk/X                     10     15     -5 (VIOLATED)
clkbuf_leaf_10_clk/X                     10     13     -3 (VIOLATED)
clkbuf_leaf_1_clk/X                      10     12     -2 (VIOLATED)
clkbuf_leaf_6_clk/X                      10     12     -2 (VIOLATED)



===========================================================================
report_parasitic_annotation -report_unannotated
============================================================================
Found 42 unannotated drivers.
 clkload0/X
 clkload1/X
 clkload10/X
 clkload11/X
 clkload12/X
 clkload13/X
 clkload14/X
 clkload15/Y
 clkload16/Y
 clkload17/Y
 clkload18/X
 clkload19/Y
 clkload2/X
 clkload20/Y
 clkload21/X
 clkload22/X
 clkload23/X
 clkload24/Y
 clkload25/Y
 clkload26/Y
 clkload27/Y
 clkload28/X
 clkload29/X
 clkload3/X
 clkload30/Y
 clkload31/X
 clkload32/Y
 clkload33/X
 clkload34/X
 clkload35/X
 clkload36/X
 clkload4/X
 clkload5/Y
 clkload6/X
 clkload7/Y
 clkload8/X
 clkload9/Y
 single_cycle_cpu/HI
 single_cycle_cpu_576/HI
 single_cycle_cpu_577/HI
 single_cycle_cpu_578/LO
 single_cycle_cpu_579/LO
Found 0 partially unannotated drivers.

===========================================================================
max slew violation count 0
Writing metric design__max_slew_violation__count__corner:nom_tt_025C_1v80: 0
max fanout violation count 44
Writing metric design__max_fanout_violation__count__corner:nom_tt_025C_1v80: 44
max cap violation count 0
Writing metric design__max_cap_violation__count__corner:nom_tt_025C_1v80: 0
============================================================================

===========================================================================
check_setup -verbose -unconstrained_endpoints -multiple_clock -no_clock -no_input_delay -loops -generated_clocks
===========================================================================
