Clock: clk
Sources: clk 
Generated: no
Virtual: yes
Propagated: no
Period: 25.000000

===========================================================================
report_clock_properties
============================================================================
Clock                   Period          Waveform
----------------------------------------------------
clk                  25.000000    0.000000 12.500000

===========================================================================
report_clock_latency
============================================================================
Clock clk
rise -> rise
    min     max
0.000000 0.000000 source latency
0.667415         network latency _6734_/CLK
        0.684449 network latency _7127_/CLK
---------------
0.667415 0.684449 latency
        0.017035 skew

fall -> fall
    min     max
0.000000 0.000000 source latency
0.599370         network latency _6734_/CLK
        0.612972 network latency _7127_/CLK
---------------
0.599370 0.612972 latency
        0.013602 skew



===========================================================================
report_clock_min_period
============================================================================
clk period_min = 8.20 fmax = 121.95
