
===========================================================================
 report_power
============================================================================
======================= nom_tt_025C_1v80 Corner ===================================

Group                    Internal    Switching      Leakage        Total
                            Power        Power        Power        Power (Watts)
------------------------------------------------------------------------
Sequential           1.156288e-03 0.000000e+00 7.617158e-09 1.156295e-03  56.2%
Combinational        1.076411e-05 2.942149e-05 1.484768e-08 4.020045e-05   2.0%
Clock                5.091731e-04 3.506659e-04 1.663031e-09 8.598407e-04  41.8%
Macro                0.000000e+00 0.000000e+00 0.000000e+00 0.000000e+00   0.0%
Pad                  0.000000e+00 0.000000e+00 0.000000e+00 0.000000e+00   0.0%
------------------------------------------------------------------------
Total                1.676226e-03 3.800884e-04 2.412805e-08 2.056338e-03 100.0%
                            81.5%        18.5%         0.0%
Writing metric power__internal__total: 0.0016762258019298315
Writing metric power__switching__total: 0.0003800884005613625
Writing metric power__leakage__total: 2.412805244489391e-8
Writing metric power__total: 0.002056338358670473

