Clock: clk
Sources: clk 
Generated: no
Virtual: yes
Propagated: no
Period: 25.000000

===========================================================================
report_clock_properties
============================================================================
Clock                   Period          Waveform
----------------------------------------------------
clk                  25.000000    0.000000 12.500000

===========================================================================
report_clock_latency
============================================================================
Clock clk
rise -> rise
    min     max
0.000000 0.000000 source latency
0.563562         network latency _6824_/CLK
        0.592728 network latency _7100_/CLK
---------------
0.563562 0.592728 latency
        0.029166 skew

fall -> fall
    min     max
0.000000 0.000000 source latency
0.480039         network latency _6766_/CLK
        0.503366 network latency _7100_/CLK
---------------
0.480039 0.503366 latency
        0.023327 skew



===========================================================================
report_clock_min_period
============================================================================
clk period_min = 5.61 fmax = 178.11
