
===========================================================================
report_checks -unconstrained
===========================================================================
======================= nom_tt_025C_1v80 Corner ===================================

Startpoint: reset (input port clocked by clk)
Endpoint: _7089_ (recovery check against rising-edge clock clk)
Path Group: asynchronous
Path Type: max

Fanout         Cap        Slew       Delay        Time   Description
---------------------------------------------------------------------------------------------
                                  0.000000    0.000000   clock clk (rise edge)
                                  0.000000    0.000000   clock network delay (propagated)
                                  5.000000    5.000000 v input external delay
     4    0.031632    0.070996    0.051418    5.051418 v reset (in)
                                                         reset (net)
                      0.071074    0.000000    5.051418 v fanout49/A (sky130_fd_sc_hd__clkdlybuf4s25_1)
     7    0.047750    0.351313    0.495994    5.547412 v fanout49/X (sky130_fd_sc_hd__clkdlybuf4s25_1)
                                                         net49 (net)
                      0.351314    0.001305    5.548717 v fanout37/A (sky130_fd_sc_hd__clkdlybuf4s25_1)
     6    0.020750    0.160203    0.446953    5.995670 v fanout37/X (sky130_fd_sc_hd__clkdlybuf4s25_1)
                                                         net37 (net)
                      0.160203    0.000433    5.996103 v fanout24/A (sky130_fd_sc_hd__clkdlybuf4s25_1)
     5    0.020205    0.156517    0.386965    6.383069 v fanout24/X (sky130_fd_sc_hd__clkdlybuf4s25_1)
                                                         net24 (net)
                      0.156517    0.000131    6.383200 v fanout23/A (sky130_fd_sc_hd__clkdlybuf4s25_1)
    10    0.059901    0.436102    0.594684    6.977883 v fanout23/X (sky130_fd_sc_hd__clkdlybuf4s25_1)
                                                         net23 (net)
                      0.436102    0.000438    6.978321 v fanout22/A (sky130_fd_sc_hd__clkdlybuf4s25_1)
    10    0.058383    0.426844    0.664424    7.642745 v fanout22/X (sky130_fd_sc_hd__clkdlybuf4s25_1)
                                                         net22 (net)
                      0.426844    0.000746    7.643491 v _6369_/A (sky130_fd_sc_hd__inv_2)
     1    0.003508    0.085525    0.128827    7.772318 ^ _6369_/Y (sky130_fd_sc_hd__inv_2)
                                                         _0110_ (net)
                      0.085525    0.000002    7.772320 ^ _7089_/SET_B (sky130_fd_sc_hd__dfstp_2)
                                              7.772320   data arrival time

                                 25.000000   25.000000   clock clk (rise edge)
                                  0.000000   25.000000   clock source latency
   720    1.864859    8.283982    5.710373   30.710373 ^ clk (in)
                                                         clk (net)
                      8.285829    0.000000   30.710373 ^ _7089_/CLK (sky130_fd_sc_hd__dfstp_2)
                                 -0.250000   30.460371   clock uncertainty
                                  0.000000   30.460371   clock reconvergence pessimism
                                  1.101572   31.561943   library recovery time
                                             31.561943   data required time
---------------------------------------------------------------------------------------------
                                             31.561943   data required time
                                             -7.772320   data arrival time
---------------------------------------------------------------------------------------------
                                             23.789623   slack (MET)


Startpoint: _6980_ (rising edge-triggered flip-flop clocked by clk)
Endpoint: alu_result_out[0] (output port clocked by clk)
Path Group: clk
Path Type: max

Fanout         Cap        Slew       Delay        Time   Description
---------------------------------------------------------------------------------------------
                                  0.000000    0.000000   clock clk (rise edge)
                                  0.000000    0.000000   clock source latency
   720    1.864859    8.283982    5.694722    5.694722 ^ clk (in)
                                                         clk (net)
                      8.285307    0.000000    5.694722 ^ _6980_/CLK (sky130_fd_sc_hd__dfrtp_2)
     3    0.014657    0.092571    1.356483    7.051205 ^ _6980_/Q (sky130_fd_sc_hd__dfrtp_2)
                                                         net258 (net)
                      0.092571    0.000011    7.051216 ^ place452/A (sky130_fd_sc_hd__buf_2)
    10    0.041256    0.202726    0.238815    7.290031 ^ place452/X (sky130_fd_sc_hd__buf_2)
                                                         net452 (net)
                      0.202726    0.000254    7.290285 ^ place451/A (sky130_fd_sc_hd__buf_2)
     9    0.088580    0.426717    0.425675    7.715960 ^ place451/X (sky130_fd_sc_hd__buf_2)
                                                         net451 (net)
                      0.426719    0.000757    7.716716 ^ _3313_/B (sky130_fd_sc_hd__nand4b_4)
    10    0.042205    0.234209    0.281897    7.998613 v _3313_/Y (sky130_fd_sc_hd__nand4b_4)
                                                         _1263_ (net)
                      0.234299    0.000464    7.999077 v _3403_/B (sky130_fd_sc_hd__or2_4)
     8    0.042481    0.095865    0.365904    8.364981 v _3403_/X (sky130_fd_sc_hd__or2_4)
                                                         _1345_ (net)
                      0.095865    0.000028    8.365008 v _3405_/B1 (sky130_fd_sc_hd__o31a_2)
     3    0.022368    0.095955    0.176877    8.541885 v _3405_/X (sky130_fd_sc_hd__o31a_2)
                                                         _1347_ (net)
                      0.095965    0.001068    8.542953 v _3406_/A (sky130_fd_sc_hd__inv_4)
     4    0.046791    0.131434    0.143084    8.686037 ^ _3406_/Y (sky130_fd_sc_hd__inv_4)
                                                         instruction_out[21] (net)
                      0.131435    0.000330    8.686367 ^ _3415_/C (sky130_fd_sc_hd__and3_4)
    10    0.031807    0.114315    0.261527    8.947894 ^ _3415_/X (sky130_fd_sc_hd__and3_4)
                                                         _1355_ (net)
                      0.114315    0.000010    8.947904 ^ place354/A (sky130_fd_sc_hd__buf_2)
     9    0.038297    0.188930    0.236962    9.184867 ^ place354/X (sky130_fd_sc_hd__buf_2)
                                                         net354 (net)
                      0.188931    0.000840    9.185707 ^ place353/A (sky130_fd_sc_hd__buf_2)
     8    0.027477    0.139155    0.222346    9.408052 ^ place353/X (sky130_fd_sc_hd__buf_2)
                                                         net353 (net)
                      0.139155    0.000458    9.408510 ^ place352/A (sky130_fd_sc_hd__buf_2)
    10    0.039912    0.196634    0.249631    9.658142 ^ place352/X (sky130_fd_sc_hd__buf_2)
                                                         net352 (net)
                      0.196638    0.001152    9.659294 ^ place351/A (sky130_fd_sc_hd__buf_2)
     7    0.024648    0.126099    0.215112    9.874407 ^ place351/X (sky130_fd_sc_hd__buf_2)
                                                         net351 (net)
                      0.126099    0.000200    9.874606 ^ _4090_/A2 (sky130_fd_sc_hd__a211o_2)
     1    0.002704    0.030309    0.138123   10.012730 ^ _4090_/X (sky130_fd_sc_hd__a211o_2)
                                                         _1958_ (net)
                      0.030309    0.000004   10.012733 ^ _4091_/C1 (sky130_fd_sc_hd__a221o_2)
     1    0.003341    0.039538    0.090745   10.103478 ^ _4091_/X (sky130_fd_sc_hd__a221o_2)
                                                         _1959_ (net)
                      0.039538    0.000017   10.103496 ^ _4092_/C1 (sky130_fd_sc_hd__a221o_2)
     1    0.006263    0.052061    0.106456   10.209951 ^ _4092_/X (sky130_fd_sc_hd__a221o_2)
                                                         _1960_ (net)
                      0.052061    0.000076   10.210028 ^ _4093_/C_N (sky130_fd_sc_hd__or3b_2)
     3    0.012760    0.109637    0.491266   10.701294 v _4093_/X (sky130_fd_sc_hd__or3b_2)
                                                         _1961_ (net)
                      0.109637    0.000222   10.701515 v _4094_/B (sky130_fd_sc_hd__or2_2)
     3    0.009880    0.076779    0.324125   11.025640 v _4094_/X (sky130_fd_sc_hd__or2_2)
                                                         _1962_ (net)
                      0.076779    0.000007   11.025647 v _4096_/A (sky130_fd_sc_hd__nand2_2)
     9    0.033485    0.181670    0.169288   11.194935 ^ _4096_/Y (sky130_fd_sc_hd__nand2_2)
                                                         _1964_ (net)
                      0.181670    0.000094   11.195029 ^ _4209_/A (sky130_fd_sc_hd__and4_2)
     2    0.010031    0.087803    0.269973   11.465003 ^ _4209_/X (sky130_fd_sc_hd__and4_2)
                                                         _2077_ (net)
                      0.087803    0.000021   11.465024 ^ _4384_/A (sky130_fd_sc_hd__nand3_2)
     2    0.004758    0.056338    0.068081   11.533105 v _4384_/Y (sky130_fd_sc_hd__nand3_2)
                                                         _2252_ (net)
                      0.056338    0.000010   11.533114 v _4443_/A2 (sky130_fd_sc_hd__a2111o_2)
     3    0.010233    0.083898    0.495987   12.029101 v _4443_/X (sky130_fd_sc_hd__a2111o_2)
                                                         _2311_ (net)
                      0.083898    0.000045   12.029147 v _4454_/A1 (sky130_fd_sc_hd__a211o_2)
     2    0.007216    0.061323    0.319766   12.348913 v _4454_/X (sky130_fd_sc_hd__a211o_2)
                                                         _2322_ (net)
                      0.061323    0.000013   12.348927 v _4455_/C1 (sky130_fd_sc_hd__o211a_2)
     2    0.010825    0.062062    0.142308   12.491235 v _4455_/X (sky130_fd_sc_hd__o211a_2)
                                                         _2323_ (net)
                      0.062062    0.000019   12.491254 v _4457_/A2 (sky130_fd_sc_hd__o21a_2)
     3    0.010692    0.053223    0.220299   12.711553 v _4457_/X (sky130_fd_sc_hd__o21a_2)
                                                         _2325_ (net)
                      0.053223    0.000068   12.711621 v _4459_/A2 (sky130_fd_sc_hd__o211a_2)
     3    0.026095    0.093769    0.303479   13.015100 v _4459_/X (sky130_fd_sc_hd__o211a_2)
                                                         _2327_ (net)
                      0.093787    0.001311   13.016412 v _4465_/A (sky130_fd_sc_hd__nor2_2)
     2    0.022661    0.259391    0.260298   13.276709 ^ _4465_/Y (sky130_fd_sc_hd__nor2_2)
                                                         _2333_ (net)
                      0.259395    0.000900   13.277609 ^ _5650_/A (sky130_fd_sc_hd__inv_2)
     1    0.034747    0.119400    0.150868   13.428476 v _5650_/Y (sky130_fd_sc_hd__inv_2)
                                                         alu_result_out[0] (net)
                      0.119400    0.000283   13.428760 v alu_result_out[0] (out)
                                             13.428760   data arrival time

                                 25.000000   25.000000   clock clk (rise edge)
                                  0.000000   25.000000   clock network delay (propagated)
                                 -0.250000   24.750000   clock uncertainty
                                  0.000000   24.750000   clock reconvergence pessimism
                                 -5.000000   19.750000   output external delay
                                             19.750000   data required time
---------------------------------------------------------------------------------------------
                                             19.750000   data required time
                                            -13.428760   data arrival time
---------------------------------------------------------------------------------------------
                                              6.321240   slack (MET)




===========================================================================
report_checks --slack_max -0.01
============================================================================
======================= nom_tt_025C_1v80 Corner ===================================

No paths found.


===========================================================================
 report_check_types -max_slew -max_cap -max_fanout -violators
============================================================================
======================= nom_tt_025C_1v80 Corner ===================================

max slew

Pin                                        Limit        Slew       Slack
------------------------------------------------------------------------
_7087_/CLK                              0.750000    8.288181   -7.538181 (VIOLATED)
_7088_/CLK                              0.750000    8.288182   -7.538182 (VIOLATED)
_7091_/CLK                              0.750000    8.288182   -7.538182 (VIOLATED)
_7092_/CLK                              0.750000    8.288183   -7.538183 (VIOLATED)
_7093_/CLK                              0.750000    8.288179   -7.538179 (VIOLATED)
_7122_/CLK                              0.750000    8.288176   -7.538176 (VIOLATED)
_7124_/CLK                              0.750000    8.288179   -7.538179 (VIOLATED)
_7125_/CLK                              0.750000    8.288178   -7.538178 (VIOLATED)
_7126_/CLK                              0.750000    8.288179   -7.538179 (VIOLATED)
_7157_/CLK                              0.750000    8.288177   -7.538177 (VIOLATED)
_7160_/CLK                              0.750000    8.288176   -7.538176 (VIOLATED)
_7288_/CLK                              0.750000    8.288178   -7.538178 (VIOLATED)
_7158_/CLK                              0.750000    8.288168   -7.538167 (VIOLATED)
_7123_/CLK                              0.750000    8.288152   -7.538152 (VIOLATED)
_7156_/CLK                              0.750000    8.288158   -7.538158 (VIOLATED)
_7155_/CLK                              0.750000    8.288140   -7.538140 (VIOLATED)
_7283_/CLK                              0.750000    8.288137   -7.538137 (VIOLATED)
_7159_/CLK                              0.750000    8.288130   -7.538129 (VIOLATED)
_7219_/CLK                              0.750000    8.288129   -7.538128 (VIOLATED)
_7284_/CLK                              0.750000    8.288135   -7.538135 (VIOLATED)
_7286_/CLK                              0.750000    8.288138   -7.538138 (VIOLATED)
_7287_/CLK                              0.750000    8.288141   -7.538141 (VIOLATED)
_7291_/CLK                              0.750000    8.288142   -7.538142 (VIOLATED)
_7318_/CLK                              0.750000    8.288140   -7.538140 (VIOLATED)
_7323_/CLK                              0.750000    8.288141   -7.538141 (VIOLATED)
_7285_/CLK                              0.750000    8.288131   -7.538130 (VIOLATED)
_7319_/CLK                              0.750000    8.288129   -7.538128 (VIOLATED)
_7221_/CLK                              0.750000    8.288120   -7.538121 (VIOLATED)
_7320_/CLK                              0.750000    8.288126   -7.538126 (VIOLATED)
_7355_/CLK                              0.750000    8.288129   -7.538128 (VIOLATED)
_7222_/CLK                              0.750000    8.288116   -7.538116 (VIOLATED)
_7314_/CLK                              0.750000    8.288117   -7.538117 (VIOLATED)
_7032_/CLK                              0.750000    8.288106   -7.538106 (VIOLATED)
_7190_/CLK                              0.750000    8.288106   -7.538106 (VIOLATED)
_7218_/CLK                              0.750000    8.288096   -7.538096 (VIOLATED)
_7186_/CLK                              0.750000    8.288079   -7.538079 (VIOLATED)
_7187_/CLK                              0.750000    8.288082   -7.538083 (VIOLATED)
_7315_/CLK                              0.750000    8.288066   -7.538065 (VIOLATED)
_7316_/CLK                              0.750000    8.288070   -7.538070 (VIOLATED)
_7317_/CLK                              0.750000    8.288067   -7.538066 (VIOLATED)
_7348_/CLK                              0.750000    8.288068   -7.538068 (VIOLATED)
_7350_/CLK                              0.750000    8.288070   -7.538070 (VIOLATED)
_7351_/CLK                              0.750000    8.288068   -7.538068 (VIOLATED)
_7352_/CLK                              0.750000    8.288069   -7.538069 (VIOLATED)
_7033_/CLK                              0.750000    8.288057   -7.538057 (VIOLATED)
_7346_/CLK                              0.750000    8.288055   -7.538056 (VIOLATED)
_7349_/CLK                              0.750000    8.288061   -7.538061 (VIOLATED)
_7031_/CLK                              0.750000    8.288030   -7.538030 (VIOLATED)
_7030_/CLK                              0.750000    8.287996   -7.537996 (VIOLATED)
_7034_/CLK                              0.750000    8.287972   -7.537972 (VIOLATED)
_7192_/CLK                              0.750000    8.287971   -7.537971 (VIOLATED)
_7217_/CLK                              0.750000    8.287972   -7.537972 (VIOLATED)
_7344_/CLK                              0.750000    8.287969   -7.537969 (VIOLATED)
_6728_/CLK                              0.750000    8.287959   -7.537959 (VIOLATED)
_6730_/CLK                              0.750000    8.287958   -7.537958 (VIOLATED)
_6732_/CLK                              0.750000    8.287957   -7.537957 (VIOLATED)
_6812_/CLK                              0.750000    8.287959   -7.537959 (VIOLATED)
_6822_/CLK                              0.750000    8.287958   -7.537958 (VIOLATED)
_6853_/CLK                              0.750000    8.287961   -7.537961 (VIOLATED)
_6909_/CLK                              0.750000    8.287961   -7.537961 (VIOLATED)
_6945_/CLK                              0.750000    8.287960   -7.537960 (VIOLATED)
_6963_/CLK                              0.750000    8.287961   -7.537961 (VIOLATED)
_7035_/CLK                              0.750000    8.287967   -7.537967 (VIOLATED)
_6973_/CLK                              0.750000    8.287959   -7.537959 (VIOLATED)
_6723_/CLK                              0.750000    8.287947   -7.537947 (VIOLATED)
_6733_/CLK                              0.750000    8.287952   -7.537953 (VIOLATED)
_6736_/CLK                              0.750000    8.287957   -7.537957 (VIOLATED)
_6742_/CLK                              0.750000    8.287959   -7.537959 (VIOLATED)
_6748_/CLK                              0.750000    8.287959   -7.537959 (VIOLATED)
_6750_/CLK                              0.750000    8.287957   -7.537957 (VIOLATED)
_6739_/CLK                              0.750000    8.287949   -7.537948 (VIOLATED)
_6751_/CLK                              0.750000    8.287953   -7.537953 (VIOLATED)
_6847_/CLK                              0.750000    8.287952   -7.537953 (VIOLATED)
_6848_/CLK                              0.750000    8.287956   -7.537956 (VIOLATED)
_7185_/CLK                              0.750000    8.287953   -7.537953 (VIOLATED)
_6817_/CLK                              0.750000    8.287945   -7.537945 (VIOLATED)
_6832_/CLK                              0.750000    8.287951   -7.537951 (VIOLATED)
_6833_/CLK                              0.750000    8.287954   -7.537954 (VIOLATED)
_6838_/CLK                              0.750000    8.287955   -7.537955 (VIOLATED)
_6842_/CLK                              0.750000    8.287952   -7.537953 (VIOLATED)
_6843_/CLK                              0.750000    8.287954   -7.537954 (VIOLATED)
_6861_/CLK                              0.750000    8.287951   -7.537950 (VIOLATED)
_6901_/CLK                              0.750000    8.287950   -7.537949 (VIOLATED)
_6949_/CLK                              0.750000    8.287953   -7.537953 (VIOLATED)
_6951_/CLK                              0.750000    8.287950   -7.537949 (VIOLATED)
_6957_/CLK                              0.750000    8.287949   -7.537948 (VIOLATED)
_6961_/CLK                              0.750000    8.287953   -7.537953 (VIOLATED)
_6720_/CLK                              0.750000    8.287937   -7.537937 (VIOLATED)
_6725_/CLK                              0.750000    8.287944   -7.537944 (VIOLATED)
_6729_/CLK                              0.750000    8.287940   -7.537940 (VIOLATED)
_6738_/CLK                              0.750000    8.287938   -7.537939 (VIOLATED)
_6741_/CLK                              0.750000    8.287939   -7.537940 (VIOLATED)
_6745_/CLK                              0.750000    8.287947   -7.537947 (VIOLATED)
_6744_/CLK                              0.750000    8.287938   -7.537939 (VIOLATED)
_6810_/CLK                              0.750000    8.287933   -7.537933 (VIOLATED)
_6825_/CLK                              0.750000    8.287939   -7.537940 (VIOLATED)
_6827_/CLK                              0.750000    8.287945   -7.537945 (VIOLATED)
_6835_/CLK                              0.750000    8.287945   -7.537945 (VIOLATED)
_6837_/CLK                              0.750000    8.287951   -7.537952 (VIOLATED)
_6815_/CLK                              0.750000    8.287930   -7.537930 (VIOLATED)
_6820_/CLK                              0.750000    8.287931   -7.537931 (VIOLATED)
_6839_/CLK                              0.750000    8.287938   -7.537939 (VIOLATED)
_6844_/CLK                              0.750000    8.287939   -7.537940 (VIOLATED)
_6850_/CLK                              0.750000    8.287936   -7.537936 (VIOLATED)
_6858_/CLK                              0.750000    8.287933   -7.537933 (VIOLATED)
_6898_/CLK                              0.750000    8.287931   -7.537931 (VIOLATED)
_6906_/CLK                              0.750000    8.287937   -7.537937 (VIOLATED)
_6955_/CLK                              0.750000    8.287942   -7.537942 (VIOLATED)
_6967_/CLK                              0.750000    8.287942   -7.537942 (VIOLATED)
_6970_/CLK                              0.750000    8.287938   -7.537938 (VIOLATED)
_6975_/CLK                              0.750000    8.287944   -7.537944 (VIOLATED)
_6978_/CLK                              0.750000    8.287947   -7.537947 (VIOLATED)
_6691_/CLK                              0.750000    8.287916   -7.537916 (VIOLATED)
_6722_/CLK                              0.750000    8.287922   -7.537921 (VIOLATED)
_6755_/CLK                              0.750000    8.287920   -7.537920 (VIOLATED)
_6761_/CLK                              0.750000    8.287916   -7.537916 (VIOLATED)
_6767_/CLK                              0.750000    8.287920   -7.537920 (VIOLATED)
_6773_/CLK                              0.750000    8.287916   -7.537916 (VIOLATED)
_6786_/CLK                              0.750000    8.287919   -7.537919 (VIOLATED)
_6922_/CLK                              0.750000    8.287918   -7.537918 (VIOLATED)
_6692_/CLK                              0.750000    8.287909   -7.537908 (VIOLATED)
_6693_/CLK                              0.750000    8.287915   -7.537915 (VIOLATED)
_6694_/CLK                              0.750000    8.287912   -7.537913 (VIOLATED)
_6696_/CLK                              0.750000    8.287917   -7.537917 (VIOLATED)
_6699_/CLK                              0.750000    8.287913   -7.537914 (VIOLATED)
_6789_/CLK                              0.750000    8.287914   -7.537914 (VIOLATED)
_6830_/CLK                              0.750000    8.287921   -7.537921 (VIOLATED)
_6836_/CLK                              0.750000    8.287917   -7.537917 (VIOLATED)
_6840_/CLK                              0.750000    8.287922   -7.537921 (VIOLATED)
_6841_/CLK                              0.750000    8.287918   -7.537918 (VIOLATED)
_6845_/CLK                              0.750000    8.287921   -7.537921 (VIOLATED)
_6874_/CLK                              0.750000    8.287918   -7.537918 (VIOLATED)
_6877_/CLK                              0.750000    8.287915   -7.537915 (VIOLATED)
_6925_/CLK                              0.750000    8.287915   -7.537915 (VIOLATED)
_6964_/CLK                              0.750000    8.287919   -7.537919 (VIOLATED)
_6972_/CLK                              0.750000    8.287926   -7.537925 (VIOLATED)
_6952_/CLK                              0.750000    8.287910   -7.537910 (VIOLATED)
_6976_/CLK                              0.750000    8.287912   -7.537913 (VIOLATED)
_7184_/CLK                              0.750000    8.287912   -7.537912 (VIOLATED)
_7347_/CLK                              0.750000    8.287917   -7.537917 (VIOLATED)
_7379_/CLK                              0.750000    8.287910   -7.537910 (VIOLATED)
_6690_/CLK                              0.750000    8.287893   -7.537893 (VIOLATED)
_6930_/CLK                              0.750000    8.287900   -7.537900 (VIOLATED)
_6753_/CLK                              0.750000    8.287892   -7.537892 (VIOLATED)
_6756_/CLK                              0.750000    8.287889   -7.537889 (VIOLATED)
_6759_/CLK                              0.750000    8.287892   -7.537892 (VIOLATED)
_6765_/CLK                              0.750000    8.287893   -7.537893 (VIOLATED)
_6768_/CLK                              0.750000    8.287889   -7.537889 (VIOLATED)
_6771_/CLK                              0.750000    8.287893   -7.537893 (VIOLATED)
_6831_/CLK                              0.750000    8.287897   -7.537897 (VIOLATED)
_6846_/CLK                              0.750000    8.287898   -7.537898 (VIOLATED)
_6882_/CLK                              0.750000    8.287900   -7.537900 (VIOLATED)
_6829_/CLK                              0.750000    8.287889   -7.537889 (VIOLATED)
_6834_/CLK                              0.750000    8.287889   -7.537889 (VIOLATED)
_7191_/CLK                              0.750000    8.287890   -7.537890 (VIOLATED)
_7378_/CLK                              0.750000    8.287891   -7.537891 (VIOLATED)
_6704_/CLK                              0.750000    8.287881   -7.537881 (VIOLATED)
_6721_/CLK                              0.750000    8.287885   -7.537884 (VIOLATED)
_6726_/CLK                              0.750000    8.287887   -7.537887 (VIOLATED)
_6851_/CLK                              0.750000    8.287886   -7.537885 (VIOLATED)
_6907_/CLK                              0.750000    8.287886   -7.537885 (VIOLATED)
_6946_/CLK                              0.750000    8.287891   -7.537891 (VIOLATED)
_6958_/CLK                              0.750000    8.287889   -7.537889 (VIOLATED)
_6734_/CLK                              0.750000    8.287877   -7.537877 (VIOLATED)
_6740_/CLK                              0.750000    8.287879   -7.537879 (VIOLATED)
_6859_/CLK                              0.750000    8.287883   -7.537882 (VIOLATED)
_6899_/CLK                              0.750000    8.287886   -7.537885 (VIOLATED)
_6971_/CLK                              0.750000    8.287885   -7.537884 (VIOLATED)
_7029_/CLK                              0.750000    8.287889   -7.537889 (VIOLATED)
_6746_/CLK                              0.750000    8.287870   -7.537870 (VIOLATED)
_6752_/CLK                              0.750000    8.287873   -7.537874 (VIOLATED)
_7345_/CLK                              0.750000    8.287871   -7.537871 (VIOLATED)
_7380_/CLK                              0.750000    8.287871   -7.537871 (VIOLATED)
_6688_/CLK                              0.750000    8.287861   -7.537860 (VIOLATED)
_6914_/CLK                              0.750000    8.287861   -7.537860 (VIOLATED)
_6917_/CLK                              0.750000    8.287861   -7.537861 (VIOLATED)
_7381_/CLK                              0.750000    8.287866   -7.537866 (VIOLATED)
_7382_/CLK                              0.750000    8.287868   -7.537868 (VIOLATED)
_7383_/CLK                              0.750000    8.287864   -7.537864 (VIOLATED)
_7384_/CLK                              0.750000    8.287869   -7.537869 (VIOLATED)
_6793_/CLK                              0.750000    8.287851   -7.537851 (VIOLATED)
_6868_/CLK                              0.750000    8.287857   -7.537857 (VIOLATED)
_6869_/CLK                              0.750000    8.287861   -7.537860 (VIOLATED)
_6929_/CLK                              0.750000    8.287851   -7.537851 (VIOLATED)
_6703_/CLK                              0.750000    8.287844   -7.537843 (VIOLATED)
_6948_/CLK                              0.750000    8.287841   -7.537841 (VIOLATED)
_6881_/CLK                              0.750000    8.287830   -7.537830 (VIOLATED)
_6954_/CLK                              0.750000    8.287836   -7.537837 (VIOLATED)
_6960_/CLK                              0.750000    8.287832   -7.537832 (VIOLATED)
_6966_/CLK                              0.750000    8.287836   -7.537837 (VIOLATED)
_7376_/CLK                              0.750000    8.287806   -7.537805 (VIOLATED)
_6800_/CLK                              0.750000    8.287793   -7.537793 (VIOLATED)
_6857_/CLK                              0.750000    8.287799   -7.537799 (VIOLATED)
_6936_/CLK                              0.750000    8.287798   -7.537798 (VIOLATED)
_6849_/CLK                              0.750000    8.287760   -7.537760 (VIOLATED)
_6754_/CLK                              0.750000    8.287736   -7.537736 (VIOLATED)
_6760_/CLK                              0.750000    8.287732   -7.537733 (VIOLATED)
_6780_/CLK                              0.750000    8.287740   -7.537740 (VIOLATED)
_6897_/CLK                              0.750000    8.287739   -7.537739 (VIOLATED)
_6905_/CLK                              0.750000    8.287739   -7.537739 (VIOLATED)
_6916_/CLK                              0.750000    8.287740   -7.537740 (VIOLATED)
_7377_/CLK                              0.750000    8.287731   -7.537732 (VIOLATED)
_6735_/CLK                              0.750000    8.287693   -7.537694 (VIOLATED)
_6747_/CLK                              0.750000    8.287693   -7.537694 (VIOLATED)
_6762_/CLK                              0.750000    8.287692   -7.537693 (VIOLATED)
_6774_/CLK                              0.750000    8.287692   -7.537693 (VIOLATED)
_6719_/CLK                              0.750000    8.287684   -7.537684 (VIOLATED)
_6724_/CLK                              0.750000    8.287684   -7.537684 (VIOLATED)
_6811_/CLK                              0.750000    8.287684   -7.537684 (VIOLATED)
_7392_/CLK                              0.750000    8.287684   -7.537684 (VIOLATED)
_6813_/CLK                              0.750000    8.287677   -7.537676 (VIOLATED)
_6816_/CLK                              0.750000    8.287683   -7.537683 (VIOLATED)
_6821_/CLK                              0.750000    8.287681   -7.537681 (VIOLATED)
_6826_/CLK                              0.750000    8.287686   -7.537686 (VIOLATED)
_6823_/CLK                              0.750000    8.287677   -7.537676 (VIOLATED)
_6852_/CLK                              0.750000    8.287679   -7.537678 (VIOLATED)
_6900_/CLK                              0.750000    8.287683   -7.537683 (VIOLATED)
_6908_/CLK                              0.750000    8.287683   -7.537683 (VIOLATED)
_6969_/CLK                              0.750000    8.287689   -7.537689 (VIOLATED)
_6974_/CLK                              0.750000    8.287690   -7.537690 (VIOLATED)
_6818_/CLK                              0.750000    8.287667   -7.537668 (VIOLATED)
_6828_/CLK                              0.750000    8.287667   -7.537668 (VIOLATED)
_6855_/CLK                              0.750000    8.287675   -7.537675 (VIOLATED)
_6860_/CLK                              0.750000    8.287682   -7.537682 (VIOLATED)
_6863_/CLK                              0.750000    8.287676   -7.537675 (VIOLATED)
_6903_/CLK                              0.750000    8.287666   -7.537667 (VIOLATED)
_6911_/CLK                              0.750000    8.287669   -7.537669 (VIOLATED)
_7036_/CLK                              0.750000    8.287672   -7.537672 (VIOLATED)
_7040_/CLK                              0.750000    8.287671   -7.537671 (VIOLATED)
_7183_/CLK                              0.750000    8.287670   -7.537670 (VIOLATED)
_7343_/CLK                              0.750000    8.287668   -7.537669 (VIOLATED)
_7387_/CLK                              0.750000    8.287669   -7.537669 (VIOLATED)
_6854_/CLK                              0.750000    8.287658   -7.537658 (VIOLATED)
_6862_/CLK                              0.750000    8.287660   -7.537660 (VIOLATED)
_6910_/CLK                              0.750000    8.287661   -7.537661 (VIOLATED)
_6950_/CLK                              0.750000    8.287664   -7.537664 (VIOLATED)
_6956_/CLK                              0.750000    8.287664   -7.537664 (VIOLATED)
_6962_/CLK                              0.750000    8.287666   -7.537666 (VIOLATED)
_6968_/CLK                              0.750000    8.287666   -7.537667 (VIOLATED)
_6902_/CLK                              0.750000    8.287649   -7.537649 (VIOLATED)
_7375_/CLK                              0.750000    8.287645   -7.537645 (VIOLATED)
_6757_/CLK                              0.750000    8.287636   -7.537636 (VIOLATED)
_6763_/CLK                              0.750000    8.287637   -7.537636 (VIOLATED)
_6769_/CLK                              0.750000    8.287636   -7.537636 (VIOLATED)
_6775_/CLK                              0.750000    8.287637   -7.537636 (VIOLATED)
_6809_/CLK                              0.750000    8.287632   -7.537632 (VIOLATED)
_6824_/CLK                              0.750000    8.287630   -7.537630 (VIOLATED)
_6764_/CLK                              0.750000    8.287609   -7.537609 (VIOLATED)
_6776_/CLK                              0.750000    8.287610   -7.537610 (VIOLATED)
_6926_/CLK                              0.750000    8.287608   -7.537608 (VIOLATED)
_7385_/CLK                              0.750000    8.287602   -7.537602 (VIOLATED)
_6758_/CLK                              0.750000    8.287594   -7.537594 (VIOLATED)
_6770_/CLK                              0.750000    8.287593   -7.537593 (VIOLATED)
_6814_/CLK                              0.750000    8.287596   -7.537596 (VIOLATED)
_6819_/CLK                              0.750000    8.287596   -7.537596 (VIOLATED)
_6888_/CLK                              0.750000    8.287596   -7.537596 (VIOLATED)
_6965_/CLK                              0.750000    8.287583   -7.537583 (VIOLATED)
_6947_/CLK                              0.750000    8.287569   -7.537569 (VIOLATED)
_6953_/CLK                              0.750000    8.287551   -7.537551 (VIOLATED)
_6959_/CLK                              0.750000    8.287555   -7.537555 (VIOLATED)
_6731_/CLK                              0.750000    8.287538   -7.537537 (VIOLATED)
_6743_/CLK                              0.750000    8.287536   -7.537535 (VIOLATED)
_7386_/CLK                              0.750000    8.287542   -7.537542 (VIOLATED)
_6737_/CLK                              0.750000    8.287457   -7.537456 (VIOLATED)
_6749_/CLK                              0.750000    8.287457   -7.537456 (VIOLATED)
_7388_/CLK                              0.750000    8.287452   -7.537452 (VIOLATED)
_6879_/CLK                              0.750000    8.287442   -7.537442 (VIOLATED)
_6791_/CLK                              0.750000    8.287434   -7.537433 (VIOLATED)
_6727_/CLK                              0.750000    8.287402   -7.537402 (VIOLATED)
_6920_/CLK                              0.750000    8.287399   -7.537399 (VIOLATED)
_6977_/CLK                              0.750000    8.287402   -7.537402 (VIOLATED)
_6695_/CLK                              0.750000    8.287392   -7.537391 (VIOLATED)
_6781_/CLK                              0.750000    8.287396   -7.537397 (VIOLATED)
_6784_/CLK                              0.750000    8.287400   -7.537400 (VIOLATED)
_6785_/CLK                              0.750000    8.287393   -7.537392 (VIOLATED)
_6794_/CLK                              0.750000    8.287398   -7.537398 (VIOLATED)
_6872_/CLK                              0.750000    8.287401   -7.537401 (VIOLATED)
_6873_/CLK                              0.750000    8.287393   -7.537392 (VIOLATED)
_6783_/CLK                              0.750000    8.287380   -7.537380 (VIOLATED)
_6871_/CLK                              0.750000    8.287382   -7.537383 (VIOLATED)
_6919_/CLK                              0.750000    8.287381   -7.537381 (VIOLATED)
_6921_/CLK                              0.750000    8.287387   -7.537387 (VIOLATED)
_6689_/CLK                              0.750000    8.287367   -7.537366 (VIOLATED)
_6766_/CLK                              0.750000    8.287370   -7.537370 (VIOLATED)
_6772_/CLK                              0.750000    8.287369   -7.537369 (VIOLATED)
_6698_/CLK                              0.750000    8.287352   -7.537352 (VIOLATED)
_6700_/CLK                              0.750000    8.287352   -7.537352 (VIOLATED)
_6790_/CLK                              0.750000    8.287358   -7.537358 (VIOLATED)
_6878_/CLK                              0.750000    8.287361   -7.537361 (VIOLATED)
_6778_/CLK                              0.750000    8.287344   -7.537344 (VIOLATED)
_6782_/CLK                              0.750000    8.287343   -7.537343 (VIOLATED)
_6787_/CLK                              0.750000    8.287339   -7.537339 (VIOLATED)
_6788_/CLK                              0.750000    8.287338   -7.537338 (VIOLATED)
_6866_/CLK                              0.750000    8.287344   -7.537344 (VIOLATED)
_6876_/CLK                              0.750000    8.287352   -7.537352 (VIOLATED)
_6870_/CLK                              0.750000    8.287342   -7.537342 (VIOLATED)
_6918_/CLK                              0.750000    8.287342   -7.537342 (VIOLATED)
_6923_/CLK                              0.750000    8.287339   -7.537339 (VIOLATED)
_6924_/CLK                              0.750000    8.287338   -7.537338 (VIOLATED)
_6927_/CLK                              0.750000    8.287341   -7.537341 (VIOLATED)
_6942_/CLK                              0.750000    8.287341   -7.537341 (VIOLATED)
_6687_/CLK                              0.750000    8.287329   -7.537328 (VIOLATED)
_6697_/CLK                              0.750000    8.287333   -7.537333 (VIOLATED)
_6875_/CLK                              0.750000    8.287335   -7.537335 (VIOLATED)
_6894_/CLK                              0.750000    8.287343   -7.537343 (VIOLATED)
_6701_/CLK                              0.750000    8.287325   -7.537325 (VIOLATED)
_6777_/CLK                              0.750000    8.287317   -7.537318 (VIOLATED)
_6865_/CLK                              0.750000    8.287322   -7.537322 (VIOLATED)
_6867_/CLK                              0.750000    8.287329   -7.537328 (VIOLATED)
_6913_/CLK                              0.750000    8.287322   -7.537322 (VIOLATED)
_6779_/CLK                              0.750000    8.287299   -7.537299 (VIOLATED)
_6915_/CLK                              0.750000    8.287301   -7.537301 (VIOLATED)
_6806_/CLK                              0.750000    8.287247   -7.537247 (VIOLATED)
_6856_/CLK                              0.750000    8.287231   -7.537231 (VIOLATED)
_6864_/CLK                              0.750000    8.287225   -7.537224 (VIOLATED)
_6904_/CLK                              0.750000    8.287223   -7.537222 (VIOLATED)
_6912_/CLK                              0.750000    8.287214   -7.537214 (VIOLATED)
_7028_/CLK                              0.750000    8.287172   -7.537172 (VIOLATED)
_7038_/CLK                              0.750000    8.287172   -7.537172 (VIOLATED)
_7039_/CLK                              0.750000    8.287170   -7.537170 (VIOLATED)
_7041_/CLK                              0.750000    8.287168   -7.537168 (VIOLATED)
_7196_/CLK                              0.750000    8.287167   -7.537167 (VIOLATED)
_7198_/CLK                              0.750000    8.287162   -7.537162 (VIOLATED)
_7389_/CLK                              0.750000    8.287169   -7.537169 (VIOLATED)
_6702_/CLK                              0.750000    8.287150   -7.537151 (VIOLATED)
_6710_/CLK                              0.750000    8.287154   -7.537154 (VIOLATED)
_7390_/CLK                              0.750000    8.287158   -7.537158 (VIOLATED)
_7391_/CLK                              0.750000    8.287163   -7.537163 (VIOLATED)
_6928_/CLK                              0.750000    8.287147   -7.537146 (VIOLATED)
_6880_/CLK                              0.750000    8.287113   -7.537113 (VIOLATED)
_6792_/CLK                              0.750000    8.287091   -7.537091 (VIOLATED)
_6808_/CLK                              0.750000    8.286900   -7.536899 (VIOLATED)
_6796_/CLK                              0.750000    8.286881   -7.536881 (VIOLATED)
_6884_/CLK                              0.750000    8.286882   -7.536882 (VIOLATED)
_6896_/CLK                              0.750000    8.286880   -7.536880 (VIOLATED)
_6932_/CLK                              0.750000    8.286882   -7.536882 (VIOLATED)
_6944_/CLK                              0.750000    8.286880   -7.536880 (VIOLATED)
_6718_/CLK                              0.750000    8.286815   -7.536815 (VIOLATED)
_6706_/CLK                              0.750000    8.286640   -7.536640 (VIOLATED)
_7004_/CLK                              0.750000    8.286639   -7.536639 (VIOLATED)
_7005_/CLK                              0.750000    8.286638   -7.536638 (VIOLATED)
_7006_/CLK                              0.750000    8.286628   -7.536628 (VIOLATED)
_6886_/CLK                              0.750000    8.286543   -7.536543 (VIOLATED)
_6934_/CLK                              0.750000    8.286507   -7.536507 (VIOLATED)
_6798_/CLK                              0.750000    8.286287   -7.536287 (VIOLATED)
_6708_/CLK                              0.750000    8.286107   -7.536107 (VIOLATED)
_6795_/CLK                              0.750000    8.286106   -7.536106 (VIOLATED)
_7007_/CLK                              0.750000    8.286107   -7.536107 (VIOLATED)
_7008_/CLK                              0.750000    8.286106   -7.536106 (VIOLATED)
_6717_/CLK                              0.750000    8.286074   -7.536073 (VIOLATED)
_6801_/CLK                              0.750000    8.286076   -7.536076 (VIOLATED)
_6807_/CLK                              0.750000    8.286076   -7.536075 (VIOLATED)
_6889_/CLK                              0.750000    8.286077   -7.536077 (VIOLATED)
_6895_/CLK                              0.750000    8.286076   -7.536076 (VIOLATED)
_6937_/CLK                              0.750000    8.286077   -7.536077 (VIOLATED)
_6943_/CLK                              0.750000    8.286076   -7.536076 (VIOLATED)
_6931_/CLK                              0.750000    8.286065   -7.536065 (VIOLATED)
_6883_/CLK                              0.750000    8.285935   -7.535936 (VIOLATED)
_7056_/CLK                              0.750000    8.285842   -7.535841 (VIOLATED)
_7058_/CLK                              0.750000    8.285843   -7.535843 (VIOLATED)
_7059_/CLK                              0.750000    8.285843   -7.535842 (VIOLATED)
_7060_/CLK                              0.750000    8.285843   -7.535842 (VIOLATED)
_7061_/CLK                              0.750000    8.285843   -7.535843 (VIOLATED)
_7062_/CLK                              0.750000    8.285841   -7.535841 (VIOLATED)
_7095_/CLK                              0.750000    8.285843   -7.535842 (VIOLATED)
_7128_/CLK                              0.750000    8.285845   -7.535845 (VIOLATED)
_7250_/CLK                              0.750000    8.285844   -7.535844 (VIOLATED)
_7251_/CLK                              0.750000    8.285845   -7.535845 (VIOLATED)
_7252_/CLK                              0.750000    8.285839   -7.535839 (VIOLATED)
_7254_/CLK                              0.750000    8.285843   -7.535843 (VIOLATED)
_7057_/CLK                              0.750000    8.285830   -7.535831 (VIOLATED)
_7089_/CLK                              0.750000    8.285829   -7.535828 (VIOLATED)
_7090_/CLK                              0.750000    8.285833   -7.535833 (VIOLATED)
_7096_/CLK                              0.750000    8.285833   -7.535833 (VIOLATED)
_7256_/CLK                              0.750000    8.285815   -7.535815 (VIOLATED)
_6799_/CLK                              0.750000    8.285798   -7.535798 (VIOLATED)
_7220_/CLK                              0.750000    8.285801   -7.535800 (VIOLATED)
_7255_/CLK                              0.750000    8.285807   -7.535807 (VIOLATED)
_7094_/CLK                              0.750000    8.285792   -7.535793 (VIOLATED)
_7099_/CLK                              0.750000    8.285789   -7.535788 (VIOLATED)
_7127_/CLK                              0.750000    8.285794   -7.535794 (VIOLATED)
_7253_/CLK                              0.750000    8.285778   -7.535778 (VIOLATED)
_7259_/CLK                              0.750000    8.285783   -7.535783 (VIOLATED)
_7131_/CLK                              0.750000    8.285769   -7.535769 (VIOLATED)
_7163_/CLK                              0.750000    8.285768   -7.535768 (VIOLATED)
_6705_/CLK                              0.750000    8.285756   -7.535756 (VIOLATED)
_6797_/CLK                              0.750000    8.285751   -7.535751 (VIOLATED)
_6885_/CLK                              0.750000    8.285755   -7.535755 (VIOLATED)
_7053_/CLK                              0.750000    8.285756   -7.535756 (VIOLATED)
_7055_/CLK                              0.750000    8.285759   -7.535759 (VIOLATED)
_7063_/CLK                              0.750000    8.285760   -7.535760 (VIOLATED)
_7064_/CLK                              0.750000    8.285760   -7.535760 (VIOLATED)
_7067_/CLK                              0.750000    8.285758   -7.535758 (VIOLATED)
_7098_/CLK                              0.750000    8.285759   -7.535759 (VIOLATED)
_7013_/CLK                              0.750000    8.285748   -7.535748 (VIOLATED)
_7014_/CLK                              0.750000    8.285752   -7.535753 (VIOLATED)
_7015_/CLK                              0.750000    8.285748   -7.535748 (VIOLATED)
_7130_/CLK                              0.750000    8.285752   -7.535752 (VIOLATED)
_7162_/CLK                              0.750000    8.285752   -7.535753 (VIOLATED)
_7188_/CLK                              0.750000    8.285760   -7.535760 (VIOLATED)
_7195_/CLK                              0.750000    8.285753   -7.535754 (VIOLATED)
_7037_/CLK                              0.750000    8.285740   -7.535739 (VIOLATED)
_7065_/CLK                              0.750000    8.285742   -7.535742 (VIOLATED)
_7066_/CLK                              0.750000    8.285742   -7.535742 (VIOLATED)
_7068_/CLK                              0.750000    8.285742   -7.535742 (VIOLATED)
_7153_/CLK                              0.750000    8.285749   -7.535749 (VIOLATED)
_7100_/CLK                              0.750000    8.285740   -7.535740 (VIOLATED)
_7119_/CLK                              0.750000    8.285740   -7.535739 (VIOLATED)
_7120_/CLK                              0.750000    8.285743   -7.535743 (VIOLATED)
_7121_/CLK                              0.750000    8.285748   -7.535748 (VIOLATED)
_7280_/CLK                              0.750000    8.285746   -7.535746 (VIOLATED)
_7281_/CLK                              0.750000    8.285748   -7.535748 (VIOLATED)
_7282_/CLK                              0.750000    8.285749   -7.535749 (VIOLATED)
_7129_/CLK                              0.750000    8.285737   -7.535737 (VIOLATED)
_7132_/CLK                              0.750000    8.285739   -7.535738 (VIOLATED)
_7151_/CLK                              0.750000    8.285740   -7.535739 (VIOLATED)
_7152_/CLK                              0.750000    8.285743   -7.535743 (VIOLATED)
_7154_/CLK                              0.750000    8.285748   -7.535748 (VIOLATED)
_7161_/CLK                              0.750000    8.285741   -7.535741 (VIOLATED)
_7164_/CLK                              0.750000    8.285741   -7.535741 (VIOLATED)
_7193_/CLK                              0.750000    8.285742   -7.535742 (VIOLATED)
_7313_/CLK                              0.750000    8.285741   -7.535741 (VIOLATED)
_7097_/CLK                              0.750000    8.285728   -7.535729 (VIOLATED)
_7189_/CLK                              0.750000    8.285731   -7.535731 (VIOLATED)
_7216_/CLK                              0.750000    8.285739   -7.535738 (VIOLATED)
_7225_/CLK                              0.750000    8.285741   -7.535741 (VIOLATED)
_7215_/CLK                              0.750000    8.285729   -7.535729 (VIOLATED)
_7223_/CLK                              0.750000    8.285735   -7.535735 (VIOLATED)
_7224_/CLK                              0.750000    8.285740   -7.535740 (VIOLATED)
_7248_/CLK                              0.750000    8.285737   -7.535737 (VIOLATED)
_7249_/CLK                              0.750000    8.285741   -7.535741 (VIOLATED)
_7257_/CLK                              0.750000    8.285741   -7.535741 (VIOLATED)
_7258_/CLK                              0.750000    8.285748   -7.535748 (VIOLATED)
_7279_/CLK                              0.750000    8.285727   -7.535727 (VIOLATED)
_7292_/CLK                              0.750000    8.285726   -7.535725 (VIOLATED)
_7311_/CLK                              0.750000    8.285731   -7.535731 (VIOLATED)
_7312_/CLK                              0.750000    8.285737   -7.535737 (VIOLATED)
_7011_/CLK                              0.750000    8.285717   -7.535717 (VIOLATED)
_7322_/CLK                              0.750000    8.285725   -7.535724 (VIOLATED)
_7324_/CLK                              0.750000    8.285724   -7.535723 (VIOLATED)
_7012_/CLK                              0.750000    8.285710   -7.535710 (VIOLATED)
_7101_/CLK                              0.750000    8.285714   -7.535714 (VIOLATED)
_7194_/CLK                              0.750000    8.285713   -7.535713 (VIOLATED)
_7226_/CLK                              0.750000    8.285714   -7.535715 (VIOLATED)
_7227_/CLK                              0.750000    8.285716   -7.535716 (VIOLATED)
_7102_/CLK                              0.750000    8.285705   -7.535705 (VIOLATED)
_7247_/CLK                              0.750000    8.285709   -7.535709 (VIOLATED)
_7260_/CLK                              0.750000    8.285706   -7.535706 (VIOLATED)
_7289_/CLK                              0.750000    8.285711   -7.535711 (VIOLATED)
_7290_/CLK                              0.750000    8.285715   -7.535716 (VIOLATED)
_7354_/CLK                              0.750000    8.285718   -7.535718 (VIOLATED)
_7321_/CLK                              0.750000    8.285707   -7.535707 (VIOLATED)
_7356_/CLK                              0.750000    8.285712   -7.535712 (VIOLATED)
_7294_/CLK                              0.750000    8.285694   -7.535694 (VIOLATED)
_7353_/CLK                              0.750000    8.285698   -7.535697 (VIOLATED)
_7133_/CLK                              0.750000    8.285666   -7.535666 (VIOLATED)
_7325_/CLK                              0.750000    8.285672   -7.535672 (VIOLATED)
_7228_/CLK                              0.750000    8.285657   -7.535657 (VIOLATED)
_7104_/CLK                              0.750000    8.285641   -7.535641 (VIOLATED)
_7197_/CLK                              0.750000    8.285643   -7.535643 (VIOLATED)
_7229_/CLK                              0.750000    8.285641   -7.535641 (VIOLATED)
_7230_/CLK                              0.750000    8.285639   -7.535639 (VIOLATED)
_7293_/CLK                              0.750000    8.285644   -7.535644 (VIOLATED)
_7357_/CLK                              0.750000    8.285649   -7.535650 (VIOLATED)
_7358_/CLK                              0.750000    8.285643   -7.535643 (VIOLATED)
_7359_/CLK                              0.750000    8.285637   -7.535637 (VIOLATED)
_7261_/CLK                              0.750000    8.285628   -7.535628 (VIOLATED)
_7042_/CLK                              0.750000    8.285620   -7.535619 (VIOLATED)
_6707_/CLK                              0.750000    8.285610   -7.535610 (VIOLATED)
_6933_/CLK                              0.750000    8.285609   -7.535609 (VIOLATED)
_7052_/CLK                              0.750000    8.285610   -7.535610 (VIOLATED)
_7262_/CLK                              0.750000    8.285604   -7.535604 (VIOLATED)
_6988_/CLK                              0.750000    8.285593   -7.535593 (VIOLATED)
_6989_/CLK                              0.750000    8.285596   -7.535595 (VIOLATED)
_6802_/CLK                              0.750000    8.285580   -7.535580 (VIOLATED)
_6804_/CLK                              0.750000    8.285585   -7.535586 (VIOLATED)
_6887_/CLK                              0.750000    8.285584   -7.535584 (VIOLATED)
_6891_/CLK                              0.750000    8.285583   -7.535582 (VIOLATED)
_6892_/CLK                              0.750000    8.285584   -7.535585 (VIOLATED)
_6935_/CLK                              0.750000    8.285584   -7.535584 (VIOLATED)
_6938_/CLK                              0.750000    8.285581   -7.535580 (VIOLATED)
_6940_/CLK                              0.750000    8.285585   -7.535586 (VIOLATED)
_6982_/CLK                              0.750000    8.285584   -7.535584 (VIOLATED)
_6990_/CLK                              0.750000    8.285576   -7.535576 (VIOLATED)
_7017_/CLK                              0.750000    8.285583   -7.535583 (VIOLATED)
_7045_/CLK                              0.750000    8.285577   -7.535577 (VIOLATED)
_7231_/CLK                              0.750000    8.285576   -7.535576 (VIOLATED)
_6991_/CLK                              0.750000    8.285563   -7.535563 (VIOLATED)
_7103_/CLK                              0.750000    8.285559   -7.535558 (VIOLATED)
_7134_/CLK                              0.750000    8.285559   -7.535558 (VIOLATED)
_7264_/CLK                              0.750000    8.285559   -7.535558 (VIOLATED)
_6890_/CLK                              0.750000    8.285545   -7.535546 (VIOLATED)
_7200_/CLK                              0.750000    8.285535   -7.535535 (VIOLATED)
_6992_/CLK                              0.750000    8.285511   -7.535511 (VIOLATED)
_6994_/CLK                              0.750000    8.285488   -7.535488 (VIOLATED)
_7263_/CLK                              0.750000    8.285491   -7.535491 (VIOLATED)
_6993_/CLK                              0.750000    8.285475   -7.535475 (VIOLATED)
_6985_/CLK                              0.750000    8.285465   -7.535465 (VIOLATED)
_6986_/CLK                              0.750000    8.285463   -7.535463 (VIOLATED)
_7003_/CLK                              0.750000    8.285464   -7.535464 (VIOLATED)
_6987_/CLK                              0.750000    8.285455   -7.535455 (VIOLATED)
_7043_/CLK                              0.750000    8.285460   -7.535460 (VIOLATED)
_7136_/CLK                              0.750000    8.285466   -7.535466 (VIOLATED)
_7199_/CLK                              0.750000    8.285464   -7.535464 (VIOLATED)
_7204_/CLK                              0.750000    8.285464   -7.535464 (VIOLATED)
_7232_/CLK                              0.750000    8.285466   -7.535466 (VIOLATED)
_7296_/CLK                              0.750000    8.285466   -7.535466 (VIOLATED)
_7044_/CLK                              0.750000    8.285456   -7.535456 (VIOLATED)
_7295_/CLK                              0.750000    8.285458   -7.535458 (VIOLATED)
_7327_/CLK                              0.750000    8.285457   -7.535457 (VIOLATED)
_7328_/CLK                              0.750000    8.285458   -7.535458 (VIOLATED)
_7360_/CLK                              0.750000    8.285463   -7.535463 (VIOLATED)
_7165_/CLK                              0.750000    8.285449   -7.535449 (VIOLATED)
_6995_/CLK                              0.750000    8.285439   -7.535439 (VIOLATED)
_7021_/CLK                              0.750000    8.285441   -7.535441 (VIOLATED)
_7166_/CLK                              0.750000    8.285446   -7.535446 (VIOLATED)
_7326_/CLK                              0.750000    8.285448   -7.535448 (VIOLATED)
_7394_/CLK                              0.750000    8.285450   -7.535450 (VIOLATED)
_7135_/CLK                              0.750000    8.285439   -7.535438 (VIOLATED)
_7168_/CLK                              0.750000    8.285444   -7.535444 (VIOLATED)
_7300_/CLK                              0.750000    8.285439   -7.535439 (VIOLATED)
_7396_/CLK                              0.750000    8.285443   -7.535444 (VIOLATED)
_6709_/CLK                              0.750000    8.285429   -7.535429 (VIOLATED)
_6712_/CLK                              0.750000    8.285437   -7.535437 (VIOLATED)
_7001_/CLK                              0.750000    8.285426   -7.535426 (VIOLATED)
_7332_/CLK                              0.750000    8.285419   -7.535419 (VIOLATED)
_7002_/CLK                              0.750000    8.285407   -7.535407 (VIOLATED)
_7361_/CLK                              0.750000    8.285404   -7.535405 (VIOLATED)
_7364_/CLK                              0.750000    8.285391   -7.535391 (VIOLATED)
_7393_/CLK                              0.750000    8.285391   -7.535390 (VIOLATED)
_7049_/CLK                              0.750000    8.285374   -7.535373 (VIOLATED)
_7397_/CLK                              0.750000    8.285379   -7.535379 (VIOLATED)
_7404_/CLK                              0.750000    8.285357   -7.535357 (VIOLATED)
_7406_/CLK                              0.750000    8.285345   -7.535345 (VIOLATED)
_6716_/CLK                              0.750000    8.285335   -7.535334 (VIOLATED)
_7048_/CLK                              0.750000    8.285325   -7.535325 (VIOLATED)
_7054_/CLK                              0.750000    8.285322   -7.535322 (VIOLATED)
_7236_/CLK                              0.750000    8.285328   -7.535328 (VIOLATED)
_7268_/CLK                              0.750000    8.285327   -7.535327 (VIOLATED)
_7297_/CLK                              0.750000    8.285328   -7.535328 (VIOLATED)
_7329_/CLK                              0.750000    8.285326   -7.535326 (VIOLATED)
_6979_/CLK                              0.750000    8.285300   -7.535301 (VIOLATED)
_6980_/CLK                              0.750000    8.285307   -7.535307 (VIOLATED)
_7016_/CLK                              0.750000    8.285308   -7.535308 (VIOLATED)
_6981_/CLK                              0.750000    8.285296   -7.535296 (VIOLATED)
_7047_/CLK                              0.750000    8.285300   -7.535301 (VIOLATED)
_7069_/CLK                              0.750000    8.285308   -7.535308 (VIOLATED)
_7070_/CLK                              0.750000    8.285307   -7.535307 (VIOLATED)
_7071_/CLK                              0.750000    8.285306   -7.535306 (VIOLATED)
_7072_/CLK                              0.750000    8.285304   -7.535304 (VIOLATED)
_7073_/CLK                              0.750000    8.285301   -7.535302 (VIOLATED)
_7076_/CLK                              0.750000    8.285301   -7.535302 (VIOLATED)
_6983_/CLK                              0.750000    8.285285   -7.535285 (VIOLATED)
_7046_/CLK                              0.750000    8.285287   -7.535286 (VIOLATED)
_7405_/CLK                              0.750000    8.285290   -7.535290 (VIOLATED)
_6984_/CLK                              0.750000    8.285276   -7.535276 (VIOLATED)
_7018_/CLK                              0.750000    8.285279   -7.535279 (VIOLATED)
_7105_/CLK                              0.750000    8.285282   -7.535282 (VIOLATED)
_7108_/CLK                              0.750000    8.285287   -7.535287 (VIOLATED)
_6996_/CLK                              0.750000    8.285269   -7.535269 (VIOLATED)
_6997_/CLK                              0.750000    8.285270   -7.535270 (VIOLATED)
_7137_/CLK                              0.750000    8.285275   -7.535274 (VIOLATED)
_6998_/CLK                              0.750000    8.285265   -7.535265 (VIOLATED)
_6999_/CLK                              0.750000    8.285265   -7.535265 (VIOLATED)
_7000_/CLK                              0.750000    8.285266   -7.535266 (VIOLATED)
_7169_/CLK                              0.750000    8.285268   -7.535268 (VIOLATED)
_7398_/CLK                              0.750000    8.285267   -7.535267 (VIOLATED)
_7400_/CLK                              0.750000    8.285269   -7.535269 (VIOLATED)
_7401_/CLK                              0.750000    8.285270   -7.535270 (VIOLATED)
_7050_/CLK                              0.750000    8.285255   -7.535255 (VIOLATED)
_7140_/CLK                              0.750000    8.285259   -7.535259 (VIOLATED)
_7167_/CLK                              0.750000    8.285259   -7.535259 (VIOLATED)
_7172_/CLK                              0.750000    8.285258   -7.535258 (VIOLATED)
_7182_/CLK                              0.750000    8.285261   -7.535262 (VIOLATED)
_7214_/CLK                              0.750000    8.285264   -7.535264 (VIOLATED)
_7265_/CLK                              0.750000    8.285262   -7.535263 (VIOLATED)
_7074_/CLK                              0.750000    8.285250   -7.535250 (VIOLATED)
_7075_/CLK                              0.750000    8.285250   -7.535250 (VIOLATED)
_7077_/CLK                              0.750000    8.285251   -7.535251 (VIOLATED)
_7395_/CLK                              0.750000    8.285257   -7.535257 (VIOLATED)
_7078_/CLK                              0.750000    8.285249   -7.535249 (VIOLATED)
_7084_/CLK                              0.750000    8.285249   -7.535249 (VIOLATED)
_7023_/CLK                              0.750000    8.285241   -7.535241 (VIOLATED)
_7106_/CLK                              0.750000    8.285246   -7.535245 (VIOLATED)
_7107_/CLK                              0.750000    8.285248   -7.535247 (VIOLATED)
_7170_/CLK                              0.750000    8.285246   -7.535245 (VIOLATED)
_7201_/CLK                              0.750000    8.285253   -7.535253 (VIOLATED)
_7210_/CLK                              0.750000    8.285249   -7.535249 (VIOLATED)
_7211_/CLK                              0.750000    8.285247   -7.535246 (VIOLATED)
_7298_/CLK                              0.750000    8.285248   -7.535248 (VIOLATED)
_7330_/CLK                              0.750000    8.285248   -7.535248 (VIOLATED)
_7362_/CLK                              0.750000    8.285243   -7.535243 (VIOLATED)
_7051_/CLK                              0.750000    8.285235   -7.535235 (VIOLATED)
_7080_/CLK                              0.750000    8.285241   -7.535241 (VIOLATED)
_7086_/CLK                              0.750000    8.285248   -7.535248 (VIOLATED)
_7114_/CLK                              0.750000    8.285241   -7.535241 (VIOLATED)
_7138_/CLK                              0.750000    8.285237   -7.535237 (VIOLATED)
_7139_/CLK                              0.750000    8.285234   -7.535234 (VIOLATED)
_7150_/CLK                              0.750000    8.285239   -7.535239 (VIOLATED)
_7171_/CLK                              0.750000    8.285233   -7.535233 (VIOLATED)
_7234_/CLK                              0.750000    8.285239   -7.535239 (VIOLATED)
_7266_/CLK                              0.750000    8.285235   -7.535235 (VIOLATED)
_7267_/CLK                              0.750000    8.285235   -7.535235 (VIOLATED)
_7403_/CLK                              0.750000    8.285238   -7.535238 (VIOLATED)
_7020_/CLK                              0.750000    8.285224   -7.535224 (VIOLATED)
_7203_/CLK                              0.750000    8.285224   -7.535224 (VIOLATED)
_7331_/CLK                              0.750000    8.285231   -7.535231 (VIOLATED)
_7363_/CLK                              0.750000    8.285226   -7.535226 (VIOLATED)
_7402_/CLK                              0.750000    8.285230   -7.535230 (VIOLATED)
_7109_/CLK                              0.750000    8.285216   -7.535216 (VIOLATED)
_7233_/CLK                              0.750000    8.285222   -7.535222 (VIOLATED)
_7299_/CLK                              0.750000    8.285216   -7.535216 (VIOLATED)
_7301_/CLK                              0.750000    8.285209   -7.535208 (VIOLATED)
_7342_/CLK                              0.750000    8.285207   -7.535206 (VIOLATED)
_7374_/CLK                              0.750000    8.285213   -7.535213 (VIOLATED)
_7205_/CLK                              0.750000    8.285193   -7.535193 (VIOLATED)
_7208_/CLK                              0.750000    8.285199   -7.535199 (VIOLATED)
_7399_/CLK                              0.750000    8.285200   -7.535200 (VIOLATED)
_7174_/CLK                              0.750000    8.285166   -7.535166 (VIOLATED)
_7238_/CLK                              0.750000    8.285172   -7.535172 (VIOLATED)
_7206_/CLK                              0.750000    8.285158   -7.535158 (VIOLATED)
_7302_/CLK                              0.750000    8.285158   -7.535158 (VIOLATED)
_7334_/CLK                              0.750000    8.285158   -7.535158 (VIOLATED)
_7365_/CLK                              0.750000    8.285159   -7.535160 (VIOLATED)
_7142_/CLK                              0.750000    8.285145   -7.535144 (VIOLATED)
_7366_/CLK                              0.750000    8.285149   -7.535149 (VIOLATED)
_7270_/CLK                              0.750000    8.285121   -7.535121 (VIOLATED)
_7207_/CLK                              0.750000    8.285093   -7.535093 (VIOLATED)
_7111_/CLK                              0.750000    8.285085   -7.535085 (VIOLATED)
_7370_/CLK                              0.750000    8.285085   -7.535085 (VIOLATED)
_7278_/CLK                              0.750000    8.285036   -7.535036 (VIOLATED)
_7022_/CLK                              0.750000    8.285025   -7.535024 (VIOLATED)
_7026_/CLK                              0.750000    8.285023   -7.535023 (VIOLATED)
_7027_/CLK                              0.750000    8.285028   -7.535028 (VIOLATED)
_7145_/CLK                              0.750000    8.285024   -7.535024 (VIOLATED)
_7209_/CLK                              0.750000    8.285023   -7.535023 (VIOLATED)
_7118_/CLK                              0.750000    8.285013   -7.535013 (VIOLATED)
_7025_/CLK                              0.750000    8.284930   -7.534930 (VIOLATED)
_7372_/CLK                              0.750000    8.284912   -7.534912 (VIOLATED)
_7117_/CLK                              0.750000    8.284888   -7.534888 (VIOLATED)
_7213_/CLK                              0.750000    8.284869   -7.534869 (VIOLATED)
_7148_/CLK                              0.750000    8.284853   -7.534853 (VIOLATED)
_7180_/CLK                              0.750000    8.284853   -7.534853 (VIOLATED)
_7212_/CLK                              0.750000    8.284853   -7.534853 (VIOLATED)
_7340_/CLK                              0.750000    8.284833   -7.534832 (VIOLATED)
_7276_/CLK                              0.750000    8.284769   -7.534769 (VIOLATED)
_7341_/CLK                              0.750000    8.284728   -7.534728 (VIOLATED)
_7373_/CLK                              0.750000    8.284660   -7.534660 (VIOLATED)
_6711_/CLK                              0.750000    8.284647   -7.534647 (VIOLATED)
_6713_/CLK                              0.750000    8.284645   -7.534645 (VIOLATED)
_6714_/CLK                              0.750000    8.284648   -7.534648 (VIOLATED)
_6715_/CLK                              0.750000    8.284645   -7.534645 (VIOLATED)
_6803_/CLK                              0.750000    8.284650   -7.534649 (VIOLATED)
_6805_/CLK                              0.750000    8.284650   -7.534649 (VIOLATED)
_6893_/CLK                              0.750000    8.284649   -7.534649 (VIOLATED)
_6939_/CLK                              0.750000    8.284650   -7.534649 (VIOLATED)
_6941_/CLK                              0.750000    8.284650   -7.534649 (VIOLATED)
_7116_/CLK                              0.750000    8.284641   -7.534642 (VIOLATED)
_7308_/CLK                              0.750000    8.284640   -7.534640 (VIOLATED)
_7309_/CLK                              0.750000    8.284636   -7.534636 (VIOLATED)
_7310_/CLK                              0.750000    8.284643   -7.534643 (VIOLATED)
_7009_/CLK                              0.750000    8.284586   -7.534585 (VIOLATED)
_7010_/CLK                              0.750000    8.284586   -7.534585 (VIOLATED)
_7019_/CLK                              0.750000    8.284581   -7.534581 (VIOLATED)
_7024_/CLK                              0.750000    8.284578   -7.534578 (VIOLATED)
_7079_/CLK                              0.750000    8.284585   -7.534585 (VIOLATED)
_7081_/CLK                              0.750000    8.284586   -7.534585 (VIOLATED)
_7082_/CLK                              0.750000    8.284586   -7.534585 (VIOLATED)
_7083_/CLK                              0.750000    8.284583   -7.534583 (VIOLATED)
_7085_/CLK                              0.750000    8.284584   -7.534584 (VIOLATED)
_7112_/CLK                              0.750000    8.284575   -7.534575 (VIOLATED)
_7141_/CLK                              0.750000    8.284575   -7.534576 (VIOLATED)
_7202_/CLK                              0.750000    8.284580   -7.534580 (VIOLATED)
_7173_/CLK                              0.750000    8.284573   -7.534572 (VIOLATED)
_7269_/CLK                              0.750000    8.284575   -7.534575 (VIOLATED)
_7272_/CLK                              0.750000    8.284575   -7.534575 (VIOLATED)
_7333_/CLK                              0.750000    8.284570   -7.534570 (VIOLATED)
_7110_/CLK                              0.750000    8.284562   -7.534562 (VIOLATED)
_7144_/CLK                              0.750000    8.284564   -7.534564 (VIOLATED)
_7176_/CLK                              0.750000    8.284568   -7.534568 (VIOLATED)
_7235_/CLK                              0.750000    8.284575   -7.534574 (VIOLATED)
_7237_/CLK                              0.750000    8.284575   -7.534574 (VIOLATED)
_7146_/CLK                              0.750000    8.284556   -7.534556 (VIOLATED)
_7178_/CLK                              0.750000    8.284555   -7.534555 (VIOLATED)
_7240_/CLK                              0.750000    8.284562   -7.534562 (VIOLATED)
_7304_/CLK                              0.750000    8.284561   -7.534561 (VIOLATED)
_7306_/CLK                              0.750000    8.284561   -7.534561 (VIOLATED)
_7336_/CLK                              0.750000    8.284561   -7.534561 (VIOLATED)
_7368_/CLK                              0.750000    8.284556   -7.534556 (VIOLATED)
_7113_/CLK                              0.750000    8.284539   -7.534539 (VIOLATED)
_7143_/CLK                              0.750000    8.284538   -7.534539 (VIOLATED)
_7242_/CLK                              0.750000    8.284540   -7.534540 (VIOLATED)
_7271_/CLK                              0.750000    8.284543   -7.534543 (VIOLATED)
_7274_/CLK                              0.750000    8.284550   -7.534550 (VIOLATED)
_7175_/CLK                              0.750000    8.284533   -7.534533 (VIOLATED)
_7307_/CLK                              0.750000    8.284539   -7.534539 (VIOLATED)
_7338_/CLK                              0.750000    8.284547   -7.534546 (VIOLATED)
_7177_/CLK                              0.750000    8.284523   -7.534523 (VIOLATED)
_7273_/CLK                              0.750000    8.284523   -7.534523 (VIOLATED)
_7277_/CLK                              0.750000    8.284520   -7.534520 (VIOLATED)
_7335_/CLK                              0.750000    8.284522   -7.534522 (VIOLATED)
_7337_/CLK                              0.750000    8.284526   -7.534526 (VIOLATED)
_7367_/CLK                              0.750000    8.284522   -7.534522 (VIOLATED)
_7369_/CLK                              0.750000    8.284523   -7.534523 (VIOLATED)
_7149_/CLK                              0.750000    8.284512   -7.534511 (VIOLATED)
_7115_/CLK                              0.750000    8.284500   -7.534500 (VIOLATED)
_7179_/CLK                              0.750000    8.284504   -7.534504 (VIOLATED)
_7181_/CLK                              0.750000    8.284501   -7.534501 (VIOLATED)
_7239_/CLK                              0.750000    8.284502   -7.534502 (VIOLATED)
_7241_/CLK                              0.750000    8.284501   -7.534501 (VIOLATED)
_7243_/CLK                              0.750000    8.284499   -7.534500 (VIOLATED)
_7303_/CLK                              0.750000    8.284502   -7.534502 (VIOLATED)
_7305_/CLK                              0.750000    8.284502   -7.534502 (VIOLATED)
_7147_/CLK                              0.750000    8.284492   -7.534492 (VIOLATED)
_7244_/CLK                              0.750000    8.284498   -7.534499 (VIOLATED)
_7245_/CLK                              0.750000    8.284501   -7.534501 (VIOLATED)
_7246_/CLK                              0.750000    8.284498   -7.534499 (VIOLATED)
_7275_/CLK                              0.750000    8.284480   -7.534480 (VIOLATED)
_7371_/CLK                              0.750000    8.284479   -7.534479 (VIOLATED)
_7339_/CLK                              0.750000    8.284459   -7.534460 (VIOLATED)
clk                                     0.750000    8.283982   -7.533983 (VIOLATED)
_6261_/A                                0.750000    0.752598   -0.002598 (VIOLATED)
_6263_/A                                0.750000    0.752598   -0.002598 (VIOLATED)
_6267_/A                                0.750000    0.752598   -0.002598 (VIOLATED)
_6299_/A                                0.750000    0.752598   -0.002598 (VIOLATED)
_6300_/A                                0.750000    0.752598   -0.002598 (VIOLATED)
_6304_/A                                0.750000    0.752598   -0.002598 (VIOLATED)
_6363_/A                                0.750000    0.752598   -0.002598 (VIOLATED)
_6366_/A                                0.750000    0.752598   -0.002598 (VIOLATED)
_6393_/A                                0.750000    0.752598   -0.002598 (VIOLATED)
_6483_/A                                0.750000    0.752598   -0.002598 (VIOLATED)
fanout46/X                              0.750000    0.752598   -0.002598 (VIOLATED)

max fanout

Pin                                   Limit Fanout  Slack
---------------------------------------------------------
clk                                      10    720   -710 (VIOLATED)

max capacitance

Pin                                        Limit         Cap       Slack
------------------------------------------------------------------------
clk                                     0.200000    1.864859   -1.664859 (VIOLATED)



===========================================================================
report_parasitic_annotation -report_unannotated
============================================================================
Found 5 unannotated drivers.
 _7407_/LO
 _7408_/LO
 _7409_/HI
 _7410_/HI
 _7411_/HI
Found 0 partially unannotated drivers.

===========================================================================
max slew violation count 732
Writing metric design__max_slew_violation__count__corner:nom_tt_025C_1v80: 732
max fanout violation count 1
Writing metric design__max_fanout_violation__count__corner:nom_tt_025C_1v80: 1
max cap violation count 1
Writing metric design__max_cap_violation__count__corner:nom_tt_025C_1v80: 1
============================================================================

===========================================================================
check_setup -verbose -unconstrained_endpoints -multiple_clock -no_clock -no_input_delay -loops -generated_clocks
===========================================================================
