Clock: clk
Sources: clk 
Generated: no
Virtual: yes
Propagated: no
Period: 25.000000

===========================================================================
report_clock_properties
============================================================================
Clock                   Period          Waveform
----------------------------------------------------
clk                  25.000000    0.000000 12.500000

===========================================================================
report_clock_latency
============================================================================
Clock clk
rise -> rise
    min     max
0.000000 0.000000 source latency
5.659960         network latency _7339_/CLK
        5.761720 network latency _7091_/CLK
---------------
5.659960 5.761720 latency
        0.101760 skew

fall -> fall
    min     max
0.000000 0.000000 source latency
2.794652         network latency _7339_/CLK
        2.889243 network latency _7092_/CLK
---------------
2.794652 2.889243 latency
        0.094591 skew



===========================================================================
report_clock_min_period
============================================================================
clk period_min = 8.56 fmax = 116.87
