
===========================================================================
Violator List
============================================================================
[hold in-reg] reset -> _7054_/RESET_B : -2.206353
[hold in-reg] reset -> _6999_/RESET_B : -1.748374
[hold in-reg] reset -> _6998_/RESET_B : -1.748326
[hold in-reg] reset -> _6996_/RESET_B : -1.748290
[hold in-reg] reset -> _6997_/RESET_B : -1.747417
[hold in-reg] reset -> _7000_/RESET_B : -1.746992
[hold in-reg] reset -> _7004_/RESET_B : -1.637321
[hold in-reg] reset -> _7005_/RESET_B : -1.637195
[hold in-reg] reset -> _7006_/RESET_B : -1.636793
[hold in-reg] reset -> _7008_/RESET_B : -1.624794
[hold in-reg] reset -> _7007_/RESET_B : -1.623956
[hold in-reg] reset -> _7003_/RESET_B : -1.606755
[hold in-reg] reset -> _7001_/RESET_B : -1.605679
[hold in-reg] reset -> _7002_/RESET_B : -1.605004
[hold in-reg] reset -> _7148_/RESET_B : -1.362432
[hold in-reg] reset -> _7363_/RESET_B : -1.192039
[hold in-reg] reset -> _7207_/RESET_B : -1.176040
[hold in-reg] reset -> _6994_/RESET_B : -1.168268
[hold in-reg] reset -> _6993_/RESET_B : -1.168201
[hold in-reg] reset -> _6992_/RESET_B : -1.167876
[hold in-reg] reset -> _7090_/RESET_B : -1.166974
[hold in-reg] reset -> _7096_/RESET_B : -1.166881
[hold in-reg] reset -> _6995_/RESET_B : -1.166845
[hold in-reg] reset -> _7256_/RESET_B : -1.166624
[hold in-reg] reset -> _7062_/RESET_B : -1.166416
[hold in-reg] reset -> _7095_/RESET_B : -1.165811
[hold in-reg] reset -> _7099_/RESET_B : -1.164632
[hold in-reg] reset -> _7272_/RESET_B : -1.163968
[hold in-reg] reset -> _7306_/RESET_B : -1.153496
[hold in-reg] reset -> _7368_/RESET_B : -1.153290
[hold in-reg] reset -> _7336_/RESET_B : -1.153059
[hold in-reg] reset -> _7307_/RESET_B : -1.151724
[hold in-reg] reset -> _7277_/RESET_B : -1.151252
[hold in-reg] reset -> _7117_/RESET_B : -1.147953
[hold in-reg] reset -> _7068_/RESET_B : -1.144229
[hold in-reg] reset -> _7065_/RESET_B : -1.143807
[hold in-reg] reset -> _7066_/RESET_B : -1.142285
[hold in-reg] reset -> _7069_/RESET_B : -1.131056
[hold in-reg] reset -> _7070_/RESET_B : -1.130763
[hold in-reg] reset -> _7115_/RESET_B : -1.129563
[hold in-reg] reset -> _7071_/RESET_B : -1.128952
[hold in-reg] reset -> _7346_/RESET_B : -1.128497
[hold in-reg] reset -> _7349_/RESET_B : -1.128253
[hold in-reg] reset -> _7243_/RESET_B : -1.127334
[hold in-reg] reset -> _7379_/RESET_B : -1.125961
[hold in-reg] reset -> _7381_/RESET_B : -1.125684
[hold in-reg] reset -> _7382_/RESET_B : -1.125664
[hold in-reg] reset -> _7347_/RESET_B : -1.125163
[hold in-reg] reset -> _7380_/RESET_B : -1.125100
[hold in-reg] reset -> _7397_/RESET_B : -1.078177
[hold in-reg] reset -> _7404_/RESET_B : -1.076670
[hold in-reg] reset -> _7406_/RESET_B : -1.076389
[hold in-reg] reset -> _7400_/RESET_B : -1.074192
[hold in-reg] reset -> _7398_/RESET_B : -1.073005
[hold in-reg] reset -> _7060_/RESET_B : -1.045053
[hold in-reg] reset -> _7061_/RESET_B : -1.045038
[hold in-reg] reset -> _7059_/RESET_B : -1.044978
[hold in-reg] reset -> _7057_/RESET_B : -1.043966
[hold in-reg] reset -> _7064_/RESET_B : -1.043727
[hold in-reg] reset -> _7055_/RESET_B : -1.043247
[hold in-reg] reset -> _7063_/RESET_B : -1.043203
[hold in-reg] reset -> _7067_/RESET_B : -1.041772
[hold in-reg] reset -> _6979_/RESET_B : -1.040423
[hold in-reg] reset -> _7105_/RESET_B : -1.038769
[hold in-reg] reset -> _7084_/RESET_B : -1.037251
[hold in-reg] reset -> _7114_/RESET_B : -1.034982
[hold in-reg] reset -> _6980_/RESET_B : -1.022845
[hold in-reg] reset -> _7082_/RESET_B : -1.010924
[hold in-reg] reset -> _7081_/RESET_B : -1.010769
[hold in-reg] reset -> _7079_/RESET_B : -1.010747
[hold in-reg] reset -> _7085_/RESET_B : -1.010206
[hold in-reg] reset -> _7073_/RESET_B : -1.000136
[hold in-reg] reset -> _7076_/RESET_B : -0.999826
[hold in-reg] reset -> _7072_/RESET_B : -0.998328
[hold in-reg] reset -> _7108_/RESET_B : -0.998281
[hold in-reg] reset -> _7074_/RESET_B : -0.997823
[hold in-reg] reset -> _7075_/RESET_B : -0.997635
[hold in-reg] reset -> _7077_/RESET_B : -0.997197
[hold in-reg] reset -> _7080_/RESET_B : -0.996514
[hold in-reg] reset -> _7010_/RESET_B : -0.970719
[hold in-reg] reset -> _7009_/RESET_B : -0.970067
[hold in-reg] reset -> _7374_/RESET_B : -0.960969
[hold in-reg] reset -> _7342_/RESET_B : -0.960769
[hold in-reg] reset -> _7403_/RESET_B : -0.959230
[hold in-reg] reset -> _7372_/RESET_B : -0.949805
[hold in-reg] reset -> _7373_/RESET_B : -0.938106
[hold in-reg] reset -> _7320_/RESET_B : -0.918416
[hold in-reg] reset -> _7319_/RESET_B : -0.918301
[hold in-reg] reset -> _7222_/RESET_B : -0.916265
[hold in-reg] reset -> _7278_/RESET_B : -0.893095
[hold in-reg] reset -> _7348_/RESET_B : -0.890392
[hold in-reg] reset -> _7351_/RESET_B : -0.890390
[hold in-reg] reset -> _7317_/RESET_B : -0.890040
[hold in-reg] reset -> _7315_/RESET_B : -0.889190
[hold in-reg] reset -> _7350_/RESET_B : -0.889117
[hold in-reg] reset -> _7367_/RESET_B : -0.871249
[hold in-reg] reset -> _7369_/RESET_B : -0.870935
[hold in-reg] reset -> _7181_/RESET_B : -0.869297
[hold in-reg] reset -> _7339_/RESET_B : -0.866694
[hold in-reg] reset -> _7332_/RESET_B : -0.822835
[hold in-reg] reset -> _7056_/SET_B : -0.778470
[hold in-reg] reset -> _7058_/SET_B : -0.778136
[hold in-reg] reset -> _7214_/RESET_B : -0.777761
[hold in-reg] reset -> _7182_/RESET_B : -0.777614
[hold in-reg] reset -> _7150_/RESET_B : -0.776855
[hold in-reg] reset -> _7213_/RESET_B : -0.762874
[hold in-reg] reset -> _7340_/RESET_B : -0.762119
[hold in-reg] reset -> _7310_/RESET_B : -0.753664
[hold in-reg] reset -> _7309_/RESET_B : -0.753313
[hold in-reg] reset -> _7308_/RESET_B : -0.753208
[hold in-reg] reset -> _7116_/RESET_B : -0.753112
[hold in-reg] reset -> _7053_/RESET_B : -0.746893
[hold in-reg] reset -> _7052_/RESET_B : -0.745557
[hold in-reg] reset -> _7371_/RESET_B : -0.742023
[hold in-reg] reset -> _7405_/RESET_B : -0.735667
[hold in-reg] reset -> _7401_/RESET_B : -0.734496
[hold in-reg] reset -> _7050_/RESET_B : -0.733587
[hold in-reg] reset -> _7051_/RESET_B : -0.732816
[hold in-reg] reset -> _7402_/RESET_B : -0.732609
[hold in-reg] reset -> _7399_/RESET_B : -0.731510
[hold in-reg] reset -> _7370_/RESET_B : -0.726118
[hold in-reg] reset -> _7285_/RESET_B : -0.717003
[hold in-reg] reset -> _7355_/RESET_B : -0.716784
[hold in-reg] reset -> _7219_/RESET_B : -0.716761
[hold in-reg] reset -> _7314_/RESET_B : -0.716500
[hold in-reg] reset -> _7218_/RESET_B : -0.716390
[hold in-reg] reset -> _7352_/RESET_B : -0.716124
[hold in-reg] reset -> _7316_/RESET_B : -0.715985
[hold in-reg] reset -> _7187_/RESET_B : -0.714885
[hold in-reg] reset -> _7341_/RESET_B : -0.712999
[hold in-reg] reset -> _7155_/RESET_B : -0.712180
[hold in-reg] reset -> _7032_/RESET_B : -0.711715
[hold in-reg] reset -> _7186_/RESET_B : -0.709745
[hold in-reg] reset -> _7192_/RESET_B : -0.708884
[hold in-reg] reset -> _7263_/RESET_B : -0.701595
[hold in-reg] reset -> _7199_/RESET_B : -0.700301
[hold in-reg] reset -> _7236_/RESET_B : -0.697337
[hold in-reg] reset -> _7107_/RESET_B : -0.697070
[hold in-reg] reset -> _7106_/RESET_B : -0.696836
[hold in-reg] reset -> _7298_/RESET_B : -0.696769
[hold in-reg] reset -> _7268_/RESET_B : -0.696453
[hold in-reg] reset -> _7078_/RESET_B : -0.696306
[hold in-reg] reset -> _7138_/RESET_B : -0.696069
[hold in-reg] reset -> _7266_/RESET_B : -0.695409
[hold in-reg] reset -> _7172_/RESET_B : -0.694897
[hold in-reg] reset -> _7129_/RESET_B : -0.694520
[hold in-reg] reset -> _7132_/RESET_B : -0.694481
[hold in-reg] reset -> _7330_/RESET_B : -0.693457
[hold in-reg] reset -> _7260_/RESET_B : -0.692877
[hold in-reg] reset -> _7257_/RESET_B : -0.692324
[hold in-reg] reset -> _7294_/RESET_B : -0.691990
[hold in-reg] reset -> _7313_/RESET_B : -0.660553
[hold in-reg] reset -> _7223_/RESET_B : -0.658507
[hold in-reg] reset -> _7119_/RESET_B : -0.658501
[hold in-reg] reset -> _7311_/RESET_B : -0.658103
[hold in-reg] reset -> _7280_/RESET_B : -0.657789
[hold in-reg] reset -> _7322_/RESET_B : -0.657544
[hold in-reg] reset -> _7354_/RESET_B : -0.656337
[hold in-reg] reset -> _7247_/RESET_B : -0.646090
[hold in-reg] reset -> _7353_/RESET_B : -0.645744
[hold in-reg] reset -> _7248_/RESET_B : -0.645354
[hold in-reg] reset -> _7027_/RESET_B : -0.641843
[hold in-reg] reset -> _7200_/RESET_B : -0.639407
[hold in-reg] reset -> _7026_/RESET_B : -0.639334
[hold in-reg] reset -> _7360_/RESET_B : -0.637842
[hold in-reg] reset -> _7364_/RESET_B : -0.635463
[hold in-reg] reset -> _7376_/RESET_B : -0.634797
[hold in-reg] reset -> _7377_/RESET_B : -0.634627
[hold in-reg] reset -> _7361_/RESET_B : -0.634069
[hold in-reg] reset -> _7375_/RESET_B : -0.633401
[hold in-reg] reset -> _7385_/RESET_B : -0.632596
[hold in-reg] reset -> _7386_/RESET_B : -0.631451
[hold in-reg] reset -> _7388_/RESET_B : -0.629350
[hold in-reg] reset -> _7390_/RESET_B : -0.621588
[hold in-reg] reset -> _7335_/RESET_B : -0.620409
[hold in-reg] reset -> _7337_/RESET_B : -0.620273
[hold in-reg] reset -> _7303_/RESET_B : -0.619422
[hold in-reg] reset -> _7305_/RESET_B : -0.619183
[hold in-reg] reset -> _7245_/RESET_B : -0.617249
[hold in-reg] reset -> _7048_/RESET_B : -0.552943
[hold in-reg] reset -> _7047_/RESET_B : -0.552501
[hold in-reg] reset -> _7395_/RESET_B : -0.551026
[hold in-reg] reset -> _7046_/RESET_B : -0.550326
[hold in-reg] reset -> _7174_/RESET_B : -0.548608
[hold in-reg] reset -> _7365_/RESET_B : -0.548463
[hold in-reg] reset -> _7206_/RESET_B : -0.547859
[hold in-reg] reset -> _7366_/RESET_B : -0.546823
[hold in-reg] reset -> _7270_/RESET_B : -0.534286
[hold in-reg] reset -> _7204_/RESET_B : -0.533669
[hold in-reg] reset -> _7297_/RESET_B : -0.530882
[hold in-reg] reset -> _6984_/RESET_B : -0.529966
[hold in-reg] reset -> _7209_/RESET_B : -0.529555
[hold in-reg] reset -> _7362_/RESET_B : -0.529289
[hold in-reg] reset -> _7145_/RESET_B : -0.529147
[hold in-reg] reset -> _7329_/RESET_B : -0.528952
[hold in-reg] reset -> _7025_/RESET_B : -0.524465
[hold in-reg] reset -> _7338_/RESET_B : -0.522918
[hold in-reg] reset -> _7044_/RESET_B : -0.522864
[hold in-reg] reset -> _7178_/RESET_B : -0.522637
[hold in-reg] reset -> _7049_/RESET_B : -0.522011
[hold in-reg] reset -> _7031_/RESET_B : -0.521534
[hold in-reg] reset -> _7033_/RESET_B : -0.521265
[hold in-reg] reset -> _7030_/RESET_B : -0.520874
[hold in-reg] reset -> _7034_/RESET_B : -0.520342
[hold in-reg] reset -> _7184_/RESET_B : -0.520260
[hold in-reg] reset -> _7029_/RESET_B : -0.519894
[hold in-reg] reset -> _7185_/RESET_B : -0.519686
[hold in-reg] reset -> _7383_/RESET_B : -0.519537
[hold in-reg] reset -> _7344_/RESET_B : -0.519119
[hold in-reg] reset -> _7035_/RESET_B : -0.518726
[hold in-reg] reset -> _7345_/RESET_B : -0.518484
[hold in-reg] reset -> _7384_/RESET_B : -0.517792
[hold in-reg] reset -> _7378_/RESET_B : -0.517713
[hold in-reg] reset -> _7208_/RESET_B : -0.516974
[hold in-reg] reset -> _7392_/RESET_B : -0.516782
[hold in-reg] reset -> _6990_/RESET_B : -0.516517
[hold in-reg] reset -> _6988_/RESET_B : -0.516381
[hold in-reg] reset -> _6989_/RESET_B : -0.516129
[hold in-reg] reset -> _7387_/RESET_B : -0.515946
[hold in-reg] reset -> _7183_/RESET_B : -0.515832
[hold in-reg] reset -> _7343_/RESET_B : -0.515782
[hold in-reg] reset -> _7238_/RESET_B : -0.515762
[hold in-reg] reset -> _6991_/RESET_B : -0.515568
[hold in-reg] reset -> _7334_/RESET_B : -0.515296
[hold in-reg] reset -> _7302_/RESET_B : -0.515270
[hold in-reg] reset -> _7142_/RESET_B : -0.515235
[hold in-reg] reset -> _6986_/RESET_B : -0.515148
[hold in-reg] reset -> _7205_/RESET_B : -0.515134
[hold in-reg] reset -> _6985_/RESET_B : -0.514467
[hold in-reg] reset -> _7146_/RESET_B : -0.510694
[hold in-reg] reset -> _7274_/RESET_B : -0.510475
[hold in-reg] reset -> _7175_/RESET_B : -0.509514
[hold in-reg] reset -> _7259_/RESET_B : -0.509388
[hold in-reg] reset -> _7301_/RESET_B : -0.509325
[hold in-reg] reset -> _7100_/RESET_B : -0.509092
[hold in-reg] reset -> _7171_/RESET_B : -0.509065
[hold in-reg] reset -> _7304_/RESET_B : -0.508676
[hold in-reg] reset -> _7094_/RESET_B : -0.508184
[hold in-reg] reset -> _7258_/RESET_B : -0.508100
[hold in-reg] reset -> _7130_/RESET_B : -0.508074
[hold in-reg] reset -> _7097_/RESET_B : -0.508074
[hold in-reg] reset -> _7177_/RESET_B : -0.508034
[hold in-reg] reset -> _7101_/RESET_B : -0.507737
[hold in-reg] reset -> _7241_/RESET_B : -0.507725
[hold in-reg] reset -> _7098_/RESET_B : -0.507388
[hold in-reg] reset -> _7102_/RESET_B : -0.506816
[hold in-reg] reset -> _7389_/RESET_B : -0.506780
[hold in-reg] reset -> _7391_/RESET_B : -0.505600
[hold in-reg] reset -> _7237_/RESET_B : -0.502423
[hold in-reg] reset -> _7333_/RESET_B : -0.502013
[hold in-reg] reset -> _7173_/RESET_B : -0.502002
[hold in-reg] reset -> _7110_/RESET_B : -0.501418
[hold in-reg] reset -> _7240_/RESET_B : -0.501211
[hold in-reg] reset -> _7111_/RESET_B : -0.500509
[hold in-reg] reset -> _7022_/RESET_B : -0.499085
[hold in-reg] reset -> _7016_/RESET_B : -0.494330
[hold in-reg] reset -> _7176_/RESET_B : -0.491675
[hold in-reg] reset -> _7144_/RESET_B : -0.491249
[hold in-reg] reset -> _7141_/RESET_B : -0.483765
[hold in-reg] reset -> _7235_/RESET_B : -0.483678
[hold in-reg] reset -> _7269_/RESET_B : -0.483557
[hold in-reg] reset -> _7112_/RESET_B : -0.483543
[hold in-reg] reset -> _7202_/RESET_B : -0.483508
[hold in-reg] reset -> _7242_/RESET_B : -0.480676
[hold in-reg] reset -> _7271_/RESET_B : -0.477307
[hold in-reg] reset -> _7143_/RESET_B : -0.477288
[hold in-reg] reset -> _7028_/RESET_B : -0.476855
[hold in-reg] reset -> _7041_/RESET_B : -0.476681
[hold in-reg] reset -> _7039_/RESET_B : -0.476563
[hold in-reg] reset -> _7273_/RESET_B : -0.476465
[hold in-reg] reset -> _7038_/RESET_B : -0.475408
[hold in-reg] reset -> _7239_/RESET_B : -0.473991
[hold in-reg] reset -> _7312_/RESET_B : -0.467722
[hold in-reg] reset -> _7045_/RESET_B : -0.437817
[hold in-reg] reset -> _7043_/RESET_B : -0.434222
[hold in-reg] reset -> _7394_/RESET_B : -0.433828
[hold in-reg] reset -> _7396_/RESET_B : -0.432085
[hold in-reg] reset -> _7393_/RESET_B : -0.430570
[hold in-reg] reset -> _6982_/RESET_B : -0.395502
[hold in-reg] reset -> _7093_/RESET_B : -0.356331
[hold in-reg] reset -> _7288_/RESET_B : -0.356053
[hold in-reg] reset -> _7091_/RESET_B : -0.355925
[hold in-reg] reset -> _7092_/RESET_B : -0.355906
[hold in-reg] reset -> _7287_/RESET_B : -0.355878
[hold in-reg] reset -> _7088_/RESET_B : -0.355816
[hold in-reg] reset -> _7291_/RESET_B : -0.355636
[hold in-reg] reset -> _7323_/RESET_B : -0.355081
[hold in-reg] reset -> _7012_/RESET_B : -0.338849
[hold in-reg] reset -> _7189_/RESET_B : -0.338518
[hold in-reg] reset -> _7011_/RESET_B : -0.337986
[hold in-reg] reset -> _7325_/RESET_B : -0.337113
[hold in-reg] reset -> _7293_/RESET_B : -0.336855
[hold in-reg] reset -> _7358_/RESET_B : -0.331205
[hold in-reg] reset -> _7251_/RESET_B : -0.302189
[hold in-reg] reset -> _6987_/RESET_B : -0.293981
[hold in-reg] reset -> _6983_/RESET_B : -0.292635
[hold in-reg] reset -> _7086_/RESET_B : -0.292352
[hold in-reg] reset -> _6981_/RESET_B : -0.292007
[hold in-reg] reset -> _7203_/RESET_B : -0.290914
[hold in-reg] reset -> _7020_/RESET_B : -0.290672
[hold in-reg] reset -> _7126_/RESET_B : -0.278663
[hold in-reg] reset -> _7159_/RESET_B : -0.278571
[hold in-reg] reset -> _7118_/RESET_B : -0.275225
[hold in-reg] reset -> _7180_/RESET_B : -0.271886
[hold in-reg] reset -> _7212_/RESET_B : -0.271434
[hold in-reg] reset -> _7169_/RESET_B : -0.270654
[hold in-reg] reset -> _7276_/RESET_B : -0.269087
[hold in-reg] reset -> _7265_/RESET_B : -0.268961
[hold in-reg] reset -> _7139_/RESET_B : -0.268678
[hold in-reg] reset -> _7267_/RESET_B : -0.268554
[hold in-reg] reset -> _7137_/RESET_B : -0.268428
[hold in-reg] reset -> _7083_/RESET_B : -0.266588
[hold in-reg] reset -> _7019_/RESET_B : -0.265978
[hold in-reg] reset -> _7024_/RESET_B : -0.265858
[hold in-reg] reset -> _7113_/RESET_B : -0.260555
[hold in-reg] reset -> _7149_/RESET_B : -0.257246
[hold in-reg] reset -> _7179_/RESET_B : -0.256484
[hold in-reg] reset -> _7244_/RESET_B : -0.256129
[hold in-reg] reset -> _7147_/RESET_B : -0.255878
[hold in-reg] reset -> _7275_/RESET_B : -0.255691
[hold in-reg] reset -> _7246_/RESET_B : -0.255540
[hold in-reg] reset -> _7197_/RESET_B : -0.234486
[hold in-reg] reset -> _7229_/RESET_B : -0.234307
[hold in-reg] reset -> _7228_/RESET_B : -0.233266
[hold in-reg] reset -> _7134_/RESET_B : -0.231331
[hold in-reg] reset -> _7296_/RESET_B : -0.229152
[hold in-reg] reset -> _7168_/RESET_B : -0.228513
[hold in-reg] reset -> _7166_/RESET_B : -0.228475
[hold in-reg] reset -> _7328_/RESET_B : -0.228455
[hold in-reg] reset -> _7295_/RESET_B : -0.227679
[hold in-reg] reset -> _7250_/RESET_B : -0.227228
[hold in-reg] reset -> _7128_/RESET_B : -0.227038
[hold in-reg] reset -> _7127_/RESET_B : -0.225678
[hold in-reg] reset -> _7154_/RESET_B : -0.224671
[hold in-reg] reset -> _7163_/RESET_B : -0.224593
[hold in-reg] reset -> _7224_/RESET_B : -0.222960
[hold in-reg] reset -> _7290_/RESET_B : -0.222061
[hold in-reg] reset -> _7194_/RESET_B : -0.220677
[hold in-reg] reset -> _7324_/RESET_B : -0.206799
[hold in-reg] reset -> _7164_/RESET_B : -0.206581
[hold in-reg] reset -> _7292_/RESET_B : -0.206310
[hold in-reg] reset -> _7161_/RESET_B : -0.206132
[hold in-reg] reset -> _7193_/RESET_B : -0.205806
[hold in-reg] reset -> _7133_/RESET_B : -0.204584
[hold in-reg] reset -> _7104_/RESET_B : -0.203515
[hold in-reg] reset -> _7261_/RESET_B : -0.203166
[hold in-reg] reset -> _7162_/RESET_B : -0.199133
[hold in-reg] reset -> _7255_/RESET_B : -0.198801
[hold in-reg] reset -> _7131_/RESET_B : -0.198783
[hold in-reg] reset -> _7225_/RESET_B : -0.198649
[hold in-reg] reset -> _7226_/RESET_B : -0.198514
[hold in-reg] reset -> _7195_/RESET_B : -0.198506
[hold in-reg] reset -> _7165_/RESET_B : -0.198415
[hold in-reg] reset -> _7326_/RESET_B : -0.198373
[hold in-reg] reset -> _7013_/RESET_B : -0.198147
[hold in-reg] reset -> _7015_/RESET_B : -0.197639
[hold in-reg] reset -> _7188_/RESET_B : -0.197553
[hold in-reg] reset -> _7289_/RESET_B : -0.196667
[hold in-reg] reset -> _7190_/RESET_B : -0.090389
[hold in-reg] reset -> _7217_/RESET_B : -0.088241
[hold in-reg] reset -> _7211_/RESET_B : -0.082965
[hold in-reg] reset -> _7234_/RESET_B : -0.082939
[hold in-reg] reset -> _7170_/RESET_B : -0.082824
[hold in-reg] reset -> _7201_/RESET_B : -0.082658
[hold in-reg] reset -> _7331_/RESET_B : -0.082431
[hold in-reg] reset -> _7299_/RESET_B : -0.082120
[hold in-reg] reset -> _7233_/RESET_B : -0.081982
[hold in-reg] reset -> _7109_/RESET_B : -0.081749
[hold in-reg] reset -> _7023_/RESET_B : -0.081235
[hold in-reg] reset -> _7018_/RESET_B : -0.080971
[hold in-reg] reset -> _7156_/RESET_B : -0.078677
[hold in-reg] reset -> _7017_/RESET_B : -0.069492
[hold in-reg] reset -> _7231_/RESET_B : -0.069226
[hold in-reg] reset -> _7262_/RESET_B : -0.069066
[hold in-reg] reset -> _7103_/RESET_B : -0.068935
[hold in-reg] reset -> _7264_/RESET_B : -0.068654
[hold in-reg] reset -> _7300_/RESET_B : -0.065339
[hold in-reg] reset -> _7135_/RESET_B : -0.063981
[hold in-reg] reset -> _7140_/RESET_B : -0.059557
[hold in-reg] reset -> _7167_/RESET_B : -0.058948
[hold in-reg] reset -> _7191_/RESET_B : -0.045328
[hold in-reg] reset -> _7036_/RESET_B : -0.041616
[hold in-reg] reset -> _7281_/RESET_B : -0.038797
[hold in-reg] reset -> _7121_/RESET_B : -0.038690
[hold in-reg] reset -> _7153_/RESET_B : -0.038571
[hold in-reg] reset -> _7282_/RESET_B : -0.038415
[hold in-reg] reset -> _7249_/RESET_B : -0.038347
[hold in-reg] reset -> _7037_/RESET_B : -0.038317
[hold in-reg] reset -> _7210_/RESET_B : -0.038207
[hold in-reg] reset -> _7216_/RESET_B : -0.037344
[hold in-reg] reset -> _7040_/RESET_B : -0.006710
Writing metric timing__hold_vio__count__corner:nom_tt_025C_1v80: 391
Writing metric timing__hold_r2r__ws__corner:nom_tt_025C_1v80: 0.285060
Writing metric timing__hold_r2r_vio__count__corner:nom_tt_025C_1v80: 0
Writing metric timing__setup_vio__count__corner:nom_tt_025C_1v80: 0
Writing metric timing__setup_r2r__ws__corner:nom_tt_025C_1v80: 16.443430
Writing metric timing__setup_r2r_vio__count__corner:nom_tt_025C_1v80: 0
