Clock: clk
Sources: clk 
Generated: no
Virtual: yes
Propagated: no
Period: 25.000000

===========================================================================
report_clock_properties
============================================================================
Clock                   Period          Waveform
----------------------------------------------------
clk                  25.000000    0.000000 12.500000

===========================================================================
report_clock_latency
============================================================================
Clock clk
rise -> rise
    min     max
0.000000 0.000000 source latency
0.814681         network latency _6853_/CLK
        0.854037 network latency _7187_/CLK
---------------
0.814681 0.854037 latency
        0.039355 skew

fall -> fall
    min     max
0.000000 0.000000 source latency
0.697108         network latency _6853_/CLK
        0.727071 network latency _7187_/CLK
---------------
0.697108 0.727071 latency
        0.029963 skew



===========================================================================
report_clock_min_period
============================================================================
clk period_min = 8.63 fmax = 115.84
