Clock: clk
Sources: clk 
Generated: no
Virtual: yes
Propagated: no
Period: 25.000000

===========================================================================
report_clock_properties
============================================================================
Clock                   Period          Waveform
----------------------------------------------------
clk                  25.000000    0.000000 12.500000

===========================================================================
report_clock_latency
============================================================================
Clock clk
rise -> rise
    min     max
0.000000 0.000000 source latency
1.398768         network latency _6853_/CLK
        1.458050 network latency _7187_/CLK
---------------
1.398768 1.458050 latency
        0.059282 skew

fall -> fall
    min     max
0.000000 0.000000 source latency
1.235388         network latency _6853_/CLK
        1.280413 network latency _7187_/CLK
---------------
1.235388 1.280413 latency
        0.045025 skew



===========================================================================
report_clock_min_period
============================================================================
clk period_min = 17.03 fmax = 58.73
