Reading timing models for corner max_tt_025C_1v80…
Reading timing library for the 'max_tt_025C_1v80' corner at '/home/cl4/.ciel/ciel/sky130/versions/8afc8346a57fe1ab7934ba5a6056ea8b43078e71/sky130A/libs.ref/sky130_fd_sc_hd/lib/sky130_fd_sc_hd__tt_025C_1v80.lib'…
Reading timing models for corner min_ss_100C_1v60…
Reading timing library for the 'min_ss_100C_1v60' corner at '/home/cl4/.ciel/ciel/sky130/versions/8afc8346a57fe1ab7934ba5a6056ea8b43078e71/sky130A/libs.ref/sky130_fd_sc_hd/lib/sky130_fd_sc_hd__ss_100C_1v60.lib'…
Reading timing models for corner nom_tt_025C_1v80…
Reading timing library for the 'nom_tt_025C_1v80' corner at '/home/cl4/.ciel/ciel/sky130/versions/8afc8346a57fe1ab7934ba5a6056ea8b43078e71/sky130A/libs.ref/sky130_fd_sc_hd/lib/sky130_fd_sc_hd__tt_025C_1v80.lib'…
[WARNING STA-1140] /home/cl4/.ciel/ciel/sky130/versions/8afc8346a57fe1ab7934ba5a6056ea8b43078e71/sky130A/libs.ref/sky130_fd_sc_hd/lib/sky130_fd_sc_hd__tt_025C_1v80.lib line 1, library sky130_fd_sc_hd__tt_025C_1v80 already exists.
Reading timing models for corner max_ff_n40C_1v95…
Reading timing library for the 'max_ff_n40C_1v95' corner at '/home/cl4/.ciel/ciel/sky130/versions/8afc8346a57fe1ab7934ba5a6056ea8b43078e71/sky130A/libs.ref/sky130_fd_sc_hd/lib/sky130_fd_sc_hd__ff_n40C_1v95.lib'…
Reading timing models for corner nom_ff_n40C_1v95…
Reading timing library for the 'nom_ff_n40C_1v95' corner at '/home/cl4/.ciel/ciel/sky130/versions/8afc8346a57fe1ab7934ba5a6056ea8b43078e71/sky130A/libs.ref/sky130_fd_sc_hd/lib/sky130_fd_sc_hd__ff_n40C_1v95.lib'…
[WARNING STA-1140] /home/cl4/.ciel/ciel/sky130/versions/8afc8346a57fe1ab7934ba5a6056ea8b43078e71/sky130A/libs.ref/sky130_fd_sc_hd/lib/sky130_fd_sc_hd__ff_n40C_1v95.lib line 1, library sky130_fd_sc_hd__ff_n40C_1v95 already exists.
Reading timing models for corner max_ss_100C_1v60…
Reading timing library for the 'max_ss_100C_1v60' corner at '/home/cl4/.ciel/ciel/sky130/versions/8afc8346a57fe1ab7934ba5a6056ea8b43078e71/sky130A/libs.ref/sky130_fd_sc_hd/lib/sky130_fd_sc_hd__ss_100C_1v60.lib'…
[WARNING STA-1140] /home/cl4/.ciel/ciel/sky130/versions/8afc8346a57fe1ab7934ba5a6056ea8b43078e71/sky130A/libs.ref/sky130_fd_sc_hd/lib/sky130_fd_sc_hd__ss_100C_1v60.lib line 1, library sky130_fd_sc_hd__ss_100C_1v60 already exists.
Reading timing models for corner min_tt_025C_1v80…
Reading timing library for the 'min_tt_025C_1v80' corner at '/home/cl4/.ciel/ciel/sky130/versions/8afc8346a57fe1ab7934ba5a6056ea8b43078e71/sky130A/libs.ref/sky130_fd_sc_hd/lib/sky130_fd_sc_hd__tt_025C_1v80.lib'…
[WARNING STA-1140] /home/cl4/.ciel/ciel/sky130/versions/8afc8346a57fe1ab7934ba5a6056ea8b43078e71/sky130A/libs.ref/sky130_fd_sc_hd/lib/sky130_fd_sc_hd__tt_025C_1v80.lib line 1, library sky130_fd_sc_hd__tt_025C_1v80 already exists.
Reading timing models for corner nom_ss_100C_1v60…
Reading timing library for the 'nom_ss_100C_1v60' corner at '/home/cl4/.ciel/ciel/sky130/versions/8afc8346a57fe1ab7934ba5a6056ea8b43078e71/sky130A/libs.ref/sky130_fd_sc_hd/lib/sky130_fd_sc_hd__ss_100C_1v60.lib'…
[WARNING STA-1140] /home/cl4/.ciel/ciel/sky130/versions/8afc8346a57fe1ab7934ba5a6056ea8b43078e71/sky130A/libs.ref/sky130_fd_sc_hd/lib/sky130_fd_sc_hd__ss_100C_1v60.lib line 1, library sky130_fd_sc_hd__ss_100C_1v60 already exists.
Reading timing models for corner min_ff_n40C_1v95…
Reading timing library for the 'min_ff_n40C_1v95' corner at '/home/cl4/.ciel/ciel/sky130/versions/8afc8346a57fe1ab7934ba5a6056ea8b43078e71/sky130A/libs.ref/sky130_fd_sc_hd/lib/sky130_fd_sc_hd__ff_n40C_1v95.lib'…
[WARNING STA-1140] /home/cl4/.ciel/ciel/sky130/versions/8afc8346a57fe1ab7934ba5a6056ea8b43078e71/sky130A/libs.ref/sky130_fd_sc_hd/lib/sky130_fd_sc_hd__ff_n40C_1v95.lib line 1, library sky130_fd_sc_hd__ff_n40C_1v95 already exists.
Reading OpenROAD database at '/home/cl4/Desktop/training/single_cycle/runs/RUN_2026-08-24_12-01-43/28-openroad-globalplacement/single_cycle_cpu.odb'…
Reading design constraints file at '/home/cl4/Desktop/training/single_cycle/src/impl.sdc'…
[INFO] Using clock clk…
[INFO] Setting output delay to: 5.0
[INFO] Setting input delay to: 5.0
[INFO] Setting load to: 0.033442
[INFO] Setting clock uncertainty to: 0.25
[INFO] Setting clock transition to: 0.1499999999999999944488848768742172978818416595458984375
[INFO] Setting timing derate to: 5%
[INFO] No information on clock propagation in input SDC file-- propagating all clocks.
[INFO RSZ-0027] Inserted 0 sky130_fd_sc_hd__clkdlybuf4s25_1 input buffers.
[INFO RSZ-0028] Inserted 91 sky130_fd_sc_hd__clkdlybuf4s25_1 output buffers.
+ repair_design -verbose -max_wire_length 0 -slew_margin 20 -cap_margin 20
Iteration |   Area    | Resized | Buffers | Nets repaired | Remaining
---------------------------------------------------------------------
        0 |     +0.0% |       0 |       0 |             0 |      3329
       10 |     +0.0% |       0 |       0 |             0 |      3319
       20 |     +0.0% |       0 |       0 |             0 |      3309
       30 |     +0.0% |       0 |       0 |             0 |      3299
       40 |     +0.0% |       0 |       0 |             0 |      3289
       50 |     +0.0% |       0 |       0 |             0 |      3279
       60 |     +0.0% |       0 |       0 |             0 |      3269
       70 |     +0.0% |       0 |       0 |             0 |      3259
       80 |     +0.0% |       0 |       0 |             0 |      3249
       90 |     +0.0% |       0 |       0 |             0 |      3239
      100 |     +0.0% |       0 |       0 |             0 |      3229
      110 |     +0.0% |       0 |       0 |             0 |      3219
      120 |     +0.0% |       0 |       0 |             0 |      3209
      130 |     +0.0% |       0 |       0 |             0 |      3199
      140 |     +0.0% |       0 |       0 |             0 |      3189
      150 |     +0.0% |       0 |       0 |             0 |      3179
      160 |     +0.0% |       0 |       0 |             0 |      3169
      170 |     +0.0% |       0 |       0 |             0 |      3159
      180 |     +0.0% |       0 |       0 |             0 |      3149
      190 |     +0.0% |       0 |       1 |             1 |      3139
      200 |     +0.0% |       0 |       1 |             1 |      3129
      210 |     +0.0% |       0 |       1 |             1 |      3119
      220 |     +0.0% |       0 |       1 |             1 |      3109
      230 |     +0.0% |       0 |       1 |             1 |      3099
      240 |     +0.0% |       0 |       1 |             1 |      3089
      250 |     +0.0% |       0 |       1 |             1 |      3079
      260 |     +0.0% |       0 |       1 |             1 |      3069
      270 |     +0.0% |       0 |       1 |             1 |      3059
      280 |     +0.0% |       0 |       1 |             1 |      3049
      290 |     +0.0% |       0 |       1 |             1 |      3039
      300 |     +0.0% |       0 |       1 |             1 |      3029
      310 |     +0.0% |       0 |       1 |             1 |      3019
      320 |     +0.0% |       0 |       1 |             1 |      3009
      330 |     +0.0% |       0 |       1 |             1 |      2999
      340 |     +0.0% |       0 |       1 |             1 |      2989
      350 |     +0.0% |       0 |       1 |             1 |      2979
      360 |     +0.0% |       0 |       1 |             1 |      2969
      370 |     +0.0% |       0 |       1 |             1 |      2959
      380 |     +0.0% |       0 |       1 |             1 |      2949
      390 |     +0.0% |       0 |       1 |             1 |      2939
      400 |     +0.0% |       0 |       1 |             1 |      2929
      410 |     +0.0% |       0 |       1 |             1 |      2919
      420 |     +0.0% |       0 |       1 |             1 |      2909
      430 |     +0.0% |       0 |       1 |             1 |      2899
      440 |     +0.0% |       0 |       1 |             1 |      2889
      450 |     +0.0% |       0 |       1 |             1 |      2879
      460 |     +0.0% |       0 |       1 |             1 |      2869
      470 |     +0.0% |       0 |       2 |             2 |      2859
      480 |     +0.0% |       0 |       2 |             2 |      2849
      490 |     +0.0% |       0 |       2 |             2 |      2839
      500 |     +0.0% |       0 |       2 |             2 |      2829
      510 |     +0.0% |       0 |       2 |             2 |      2819
      520 |     +0.0% |       0 |       2 |             2 |      2809
      530 |     +0.0% |       0 |       2 |             2 |      2799
      540 |     +0.0% |       0 |       2 |             2 |      2789
      550 |     +0.0% |       0 |       2 |             2 |      2779
      560 |     +0.0% |       0 |       2 |             2 |      2769
      570 |     +0.0% |       0 |       2 |             2 |      2759
      580 |     +0.0% |       0 |       2 |             2 |      2749
      590 |     +0.0% |       0 |       2 |             2 |      2739
      600 |     +0.0% |       0 |       2 |             2 |      2729
      610 |     +0.0% |       0 |       2 |             2 |      2719
      620 |     +0.0% |       0 |       2 |             2 |      2709
      630 |     +0.0% |       0 |       2 |             2 |      2699
      640 |     +0.0% |       0 |       2 |             2 |      2689
      650 |     +0.0% |       0 |       2 |             2 |      2679
      660 |     +0.0% |       0 |       2 |             2 |      2669
      670 |     +0.0% |       0 |       2 |             2 |      2659
      680 |     +0.0% |       0 |       2 |             2 |      2649
      690 |     +0.0% |       0 |       2 |             2 |      2639
      700 |     +0.0% |       0 |       2 |             2 |      2629
      710 |     +0.0% |       0 |       2 |             2 |      2619
      720 |     +0.0% |       0 |       2 |             2 |      2609
      730 |     +0.0% |       0 |       2 |             2 |      2599
      740 |     +0.0% |       0 |       2 |             2 |      2589
      750 |     +0.0% |       0 |       2 |             2 |      2579
      760 |     +0.0% |       0 |       2 |             2 |      2569
      770 |     +0.0% |       0 |       2 |             2 |      2559
      780 |     +0.0% |       0 |       2 |             2 |      2549
      790 |     +0.0% |       0 |       2 |             2 |      2539
      800 |     +0.0% |       0 |       2 |             2 |      2529
      810 |     +0.0% |       0 |       3 |             3 |      2519
      820 |     +0.0% |       0 |       3 |             3 |      2509
      830 |     +0.0% |       0 |       3 |             3 |      2499
      840 |     +0.0% |       0 |       3 |             3 |      2489
      850 |     +0.0% |       0 |       4 |             4 |      2479
      860 |     +0.1% |       0 |       5 |             5 |      2469
      870 |     +0.1% |       0 |       5 |             5 |      2459
      880 |     +0.1% |       0 |       5 |             5 |      2449
      890 |     +0.1% |       0 |       5 |             5 |      2439
      900 |     +0.1% |       0 |       5 |             5 |      2429
      910 |     +0.1% |       0 |       5 |             5 |      2419
      920 |     +0.1% |       0 |       5 |             5 |      2409
      930 |     +0.1% |       0 |       5 |             5 |      2399
      940 |     +0.1% |       0 |       5 |             5 |      2389
      950 |     +0.1% |       0 |       5 |             5 |      2379
      960 |     +0.1% |       0 |       6 |             6 |      2369
      970 |     +0.1% |       0 |       6 |             6 |      2359
      980 |     +0.1% |       0 |       6 |             6 |      2349
      990 |     +0.1% |       0 |       6 |             6 |      2339
     1000 |     +0.1% |       0 |       6 |             6 |      2329
     1010 |     +0.1% |       0 |       6 |             6 |      2319
     1020 |     +0.1% |       0 |       6 |             6 |      2309
     1030 |     +0.1% |       0 |       6 |             6 |      2299
     1040 |     +0.1% |       0 |       7 |             7 |      2289
     1050 |     +0.1% |       0 |       8 |             8 |      2279
     1060 |     +0.1% |       0 |       8 |             8 |      2269
     1070 |     +0.1% |       0 |       8 |             8 |      2259
     1080 |     +0.1% |       0 |       8 |             8 |      2249
     1090 |     +0.1% |       0 |       8 |             8 |      2239
     1100 |     +0.1% |       0 |       8 |             8 |      2229
     1110 |     +0.1% |       0 |       8 |             8 |      2219
     1120 |     +0.1% |       0 |       8 |             8 |      2209
     1130 |     +0.1% |       0 |       8 |             8 |      2199
     1140 |     +0.1% |       1 |      10 |             9 |      2189
     1150 |     +0.1% |       1 |      10 |             9 |      2179
     1160 |     +0.1% |       1 |      10 |             9 |      2169
     1170 |     +0.1% |       1 |      10 |             9 |      2159
     1180 |     +0.1% |       1 |      10 |             9 |      2149
     1190 |     +0.1% |       1 |      10 |             9 |      2139
     1200 |     +0.1% |       1 |      10 |             9 |      2129
     1210 |     +0.1% |       1 |      11 |            10 |      2119
     1220 |     +0.1% |       1 |      11 |            10 |      2109
     1230 |     +0.1% |       1 |      11 |            10 |      2099
     1240 |     +0.1% |       1 |      11 |            10 |      2089
     1250 |     +0.1% |       1 |      11 |            10 |      2079
     1260 |     +0.1% |       1 |      11 |            10 |      2069
     1270 |     +0.1% |       1 |      11 |            10 |      2059
     1280 |     +0.1% |       1 |      11 |            10 |      2049
     1290 |     +0.2% |       1 |      12 |            11 |      2039
     1300 |     +0.2% |       1 |      12 |            11 |      2029
     1310 |     +0.2% |       1 |      12 |            11 |      2019
     1320 |     +0.2% |       1 |      12 |            11 |      2009
     1330 |     +0.2% |       1 |      12 |            11 |      1999
     1340 |     +0.2% |       1 |      12 |            11 |      1989
     1350 |     +0.2% |       1 |      13 |            12 |      1979
     1360 |     +0.2% |       2 |      15 |            14 |      1969
     1370 |     +0.2% |       2 |      15 |            14 |      1959
     1380 |     +0.2% |       2 |      15 |            14 |      1949
     1390 |     +0.2% |       2 |      15 |            14 |      1939
     1400 |     +0.2% |       2 |      15 |            14 |      1929
     1410 |     +0.2% |       2 |      15 |            14 |      1919
     1420 |     +0.2% |       2 |      15 |            14 |      1909
     1430 |     +0.2% |       2 |      15 |            14 |      1899
     1440 |     +0.2% |       2 |      16 |            15 |      1889
     1450 |     +0.2% |       2 |      16 |            15 |      1879
     1460 |     +0.2% |       2 |      16 |            15 |      1869
     1470 |     +0.2% |       2 |      16 |            15 |      1859
     1480 |     +0.2% |       2 |      16 |            15 |      1849
     1490 |     +0.2% |       2 |      16 |            15 |      1839
     1500 |     +0.2% |       2 |      16 |            15 |      1829
     1510 |     +0.2% |       2 |      16 |            15 |      1819
     1520 |     +0.2% |       2 |      16 |            15 |      1809
     1530 |     +0.2% |       2 |      16 |            15 |      1799
     1540 |     +0.2% |       2 |      16 |            15 |      1789
     1550 |     +0.2% |       2 |      16 |            15 |      1779
     1560 |     +0.2% |       2 |      16 |            15 |      1769
     1570 |     +0.2% |       2 |      16 |            15 |      1759
     1580 |     +0.2% |       2 |      16 |            15 |      1749
     1590 |     +0.2% |       2 |      16 |            15 |      1739
     1600 |     +0.2% |       2 |      16 |            15 |      1729
     1610 |     +0.2% |       2 |      16 |            15 |      1719
     1620 |     +0.2% |       2 |      16 |            15 |      1709
     1630 |     +0.2% |       2 |      16 |            15 |      1699
     1640 |     +0.2% |       2 |      16 |            15 |      1689
     1650 |     +0.2% |       2 |      16 |            15 |      1679
     1660 |     +0.2% |       2 |      16 |            15 |      1669
     1670 |     +0.2% |       2 |      16 |            15 |      1659
     1680 |     +0.2% |       2 |      16 |            15 |      1649
     1690 |     +0.2% |       2 |      16 |            15 |      1639
     1700 |     +0.2% |       2 |      16 |            15 |      1629
     1710 |     +0.2% |       2 |      16 |            15 |      1619
     1720 |     +0.2% |       2 |      16 |            15 |      1609
     1730 |     +0.2% |       2 |      16 |            15 |      1599
     1740 |     +0.2% |       3 |      17 |            16 |      1589
     1750 |     +0.2% |       3 |      17 |            16 |      1579
     1760 |     +0.2% |       3 |      17 |            16 |      1569
     1770 |     +0.2% |       3 |      17 |            16 |      1559
     1780 |     +0.2% |       3 |      17 |            16 |      1549
     1790 |     +0.2% |       3 |      17 |            16 |      1539
     1800 |     +0.2% |       3 |      17 |            16 |      1529
     1810 |     +0.2% |       3 |      17 |            16 |      1519
     1820 |     +0.2% |       3 |      17 |            16 |      1509
     1830 |     +0.2% |       3 |      17 |            16 |      1499
     1840 |     +0.2% |       3 |      17 |            16 |      1489
     1850 |     +0.2% |       3 |      17 |            16 |      1479
     1860 |     +0.2% |       3 |      17 |            16 |      1469
     1870 |     +0.2% |       3 |      17 |            16 |      1459
     1880 |     +0.2% |       3 |      17 |            16 |      1449
     1890 |     +0.2% |       3 |      17 |            16 |      1439
     1900 |     +0.2% |       3 |      17 |            16 |      1429
     1910 |     +0.2% |       3 |      17 |            16 |      1419
     1920 |     +0.2% |       3 |      17 |            16 |      1409
     1930 |     +0.2% |       3 |      17 |            16 |      1399
     1940 |     +0.2% |       3 |      17 |            16 |      1389
     1950 |     +0.2% |       3 |      17 |            16 |      1379
     1960 |     +0.2% |       3 |      17 |            16 |      1369
     1970 |     +0.2% |       3 |      17 |            16 |      1359
     1980 |     +0.2% |       3 |      17 |            16 |      1349
     1990 |     +0.2% |       3 |      17 |            16 |      1339
     2000 |     +0.2% |       3 |      17 |            16 |      1329
     2010 |     +0.2% |       3 |      17 |            16 |      1319
     2020 |     +0.2% |       3 |      17 |            16 |      1309
     2030 |     +0.2% |       3 |      17 |            16 |      1299
     2040 |     +0.2% |       3 |      17 |            16 |      1289
     2050 |     +0.2% |       3 |      17 |            16 |      1279
     2060 |     +0.2% |       3 |      17 |            16 |      1269
     2070 |     +0.2% |       3 |      17 |            16 |      1259
     2080 |     +0.2% |       3 |      17 |            16 |      1249
     2090 |     +0.2% |       3 |      17 |            16 |      1239
     2100 |     +0.1% |       8 |      17 |            21 |      1229
     2110 |     +0.1% |      13 |      17 |            26 |      1219
     2120 |     +0.1% |      13 |      17 |            26 |      1209
     2130 |     +0.1% |      13 |      17 |            26 |      1199
     2140 |     +0.1% |      13 |      17 |            26 |      1189
     2150 |     +0.1% |      13 |      17 |            26 |      1179
     2160 |     +0.1% |      13 |      17 |            26 |      1169
     2170 |     +0.1% |      13 |      17 |            26 |      1159
     2180 |     +0.1% |      13 |      17 |            26 |      1149
     2190 |     +0.1% |      13 |      17 |            26 |      1139
     2200 |     +0.1% |      13 |      17 |            26 |      1129
     2210 |     +0.1% |      13 |      17 |            26 |      1119
     2220 |     +0.1% |      13 |      17 |            26 |      1109
     2230 |     +0.1% |      13 |      17 |            26 |      1099
     2240 |     +0.1% |      13 |      17 |            26 |      1089
     2250 |     +0.1% |      13 |      17 |            26 |      1079
     2260 |     +0.1% |      13 |      17 |            26 |      1069
     2270 |     +0.1% |      13 |      18 |            27 |      1059
     2280 |     +0.1% |      13 |      19 |            28 |      1049
     2290 |     +0.1% |      14 |      20 |            29 |      1039
     2300 |     -0.0% |      23 |      21 |            38 |      1029
     2310 |     -0.1% |      28 |      22 |            43 |      1019
     2320 |     -0.1% |      28 |      22 |            43 |      1009
     2330 |     -0.1% |      28 |      22 |            43 |       999
     2340 |     -0.1% |      28 |      22 |            43 |       989
     2350 |     -0.1% |      28 |      22 |            43 |       979
     2360 |     -0.1% |      28 |      22 |            43 |       969
     2370 |     -0.1% |      28 |      22 |            43 |       959
     2380 |     -0.1% |      28 |      22 |            43 |       949
     2390 |     -0.1% |      28 |      22 |            43 |       939
     2400 |     -0.1% |      28 |      22 |            43 |       929
     2410 |     -0.1% |      28 |      22 |            43 |       919
     2420 |     -0.1% |      28 |      22 |            43 |       909
     2430 |     -0.1% |      28 |      22 |            43 |       899
     2440 |     -0.1% |      28 |      22 |            43 |       889
     2450 |     -0.1% |      28 |      22 |            43 |       879
     2460 |     -0.1% |      29 |      23 |            44 |       869
     2470 |     -0.2% |      37 |      23 |            52 |       859
     2480 |     -0.2% |      39 |      23 |            54 |       849
     2490 |     -0.2% |      39 |      23 |            54 |       839
     2500 |     -0.2% |      39 |      23 |            54 |       829
     2510 |     -0.2% |      39 |      23 |            54 |       819
     2520 |     -0.2% |      39 |      23 |            54 |       809
     2530 |     -0.2% |      39 |      23 |            54 |       799
     2540 |     -0.2% |      42 |      23 |            57 |       789
     2550 |     -0.2% |      43 |      24 |            58 |       779
     2560 |     -0.2% |      43 |      24 |            58 |       769
     2570 |     -0.2% |      43 |      24 |            58 |       759
     2580 |     -0.2% |      43 |      24 |            58 |       749
     2590 |     -0.2% |      43 |      24 |            58 |       739
     2600 |     -0.2% |      46 |      27 |            61 |       729
     2610 |     -0.2% |      46 |      27 |            61 |       719
     2620 |     -0.2% |      46 |      27 |            61 |       709
     2630 |     -0.2% |      46 |      27 |            61 |       699
     2640 |     -0.2% |      46 |      27 |            61 |       689
     2650 |     -0.2% |      46 |      27 |            61 |       679
     2660 |     -0.2% |      46 |      27 |            61 |       669
     2670 |     -0.2% |      46 |      27 |            61 |       659
     2680 |     -0.2% |      46 |      27 |            61 |       649
     2690 |     -0.2% |      46 |      27 |            61 |       639
     2700 |     -0.2% |      46 |      27 |            61 |       629
     2710 |     -0.2% |      46 |      27 |            61 |       619
     2720 |     -0.2% |      46 |      27 |            61 |       609
     2730 |     -0.2% |      46 |      27 |            61 |       599
     2740 |     -0.2% |      46 |      27 |            61 |       589
     2750 |     -0.2% |      46 |      27 |            61 |       579
     2760 |     -0.2% |      46 |      27 |            61 |       569
     2770 |     -0.2% |      46 |      27 |            61 |       559
     2780 |     -0.2% |      46 |      27 |            61 |       549
     2790 |     -0.2% |      46 |      27 |            61 |       539
     2800 |     -0.2% |      46 |      27 |            61 |       529
     2810 |     -0.2% |      46 |      27 |            61 |       519
     2820 |     -0.2% |      46 |      27 |            61 |       509
     2830 |     -0.2% |      46 |      27 |            61 |       499
     2840 |     -0.2% |      46 |      27 |            61 |       489
     2850 |     -0.2% |      46 |      27 |            61 |       479
     2860 |     -0.2% |      46 |      27 |            61 |       469
     2870 |     -0.2% |      46 |      27 |            61 |       459
     2880 |     -0.2% |      46 |      27 |            61 |       449
     2890 |     -0.2% |      46 |      27 |            61 |       439
     2900 |     -0.2% |      46 |      27 |            61 |       429
     2910 |     -0.2% |      46 |      27 |            61 |       419
     2920 |     -0.2% |      46 |      27 |            61 |       409
     2930 |     -0.2% |      46 |      27 |            61 |       399
     2940 |     -0.2% |      46 |      27 |            61 |       389
     2950 |     -0.2% |      46 |      27 |            61 |       379
     2960 |     -0.2% |      46 |      27 |            61 |       369
     2970 |     -0.2% |      46 |      27 |            61 |       359
     2980 |     -0.2% |      46 |      27 |            61 |       349
     2990 |     -0.2% |      46 |      27 |            61 |       339
     3000 |     -0.2% |      46 |      27 |            61 |       329
     3010 |     -0.2% |      46 |      27 |            61 |       319
     3020 |     -0.2% |      46 |      27 |            61 |       309
     3030 |     -0.2% |      46 |      27 |            61 |       299
     3040 |     -0.2% |      46 |      27 |            61 |       289
     3050 |     -0.2% |      46 |      27 |            61 |       279
     3060 |     -0.2% |      46 |      27 |            61 |       269
     3070 |     -0.2% |      46 |      27 |            61 |       259
     3080 |     -0.2% |      46 |      27 |            61 |       249
     3090 |     -0.2% |      46 |      27 |            61 |       239
     3100 |     -0.2% |      46 |      27 |            61 |       229
     3110 |     -0.2% |      46 |      27 |            61 |       219
     3120 |     -0.2% |      46 |      27 |            61 |       209
     3130 |     -0.2% |      46 |      27 |            61 |       199
     3140 |     -0.2% |      46 |      27 |            61 |       189
     3150 |     -0.2% |      46 |      27 |            61 |       179
     3160 |     -0.2% |      46 |      27 |            61 |       169
     3170 |     -0.2% |      46 |      27 |            61 |       159
     3180 |     -0.2% |      46 |      27 |            61 |       149
     3190 |     -0.2% |      46 |      27 |            61 |       139
     3200 |     -0.2% |      46 |      27 |            61 |       129
     3210 |     -0.2% |      46 |      27 |            61 |       119
     3220 |     -0.2% |      46 |      27 |            61 |       109
     3230 |     -0.2% |      46 |      27 |            61 |        99
     3240 |     -0.2% |      46 |      27 |            61 |        89
     3250 |     -0.2% |      46 |      27 |            61 |        79
     3260 |     -0.2% |      46 |      27 |            61 |        69
     3270 |     -0.2% |      46 |      27 |            61 |        59
     3280 |     -0.2% |      46 |      27 |            61 |        49
     3290 |     -0.2% |      46 |      27 |            61 |        39
     3300 |     -0.2% |      46 |      27 |            61 |        29
     3310 |     -0.2% |      46 |      27 |            61 |        19
     3320 |     -0.2% |      46 |      27 |            61 |         9
    final |     -0.2% |      46 |      27 |            61 |         0
---------------------------------------------------------------------
[INFO RSZ-0034] Found 61 slew violations.
[INFO RSZ-0036] Found 1 capacitance violations.
[INFO RSZ-0039] Resized 46 instances.
[INFO RSZ-0038] Inserted 27 buffers in 61 nets.
[INFO RSZ-0042] Inserted 3 tie sky130_fd_sc_hd__conb_1 instances.
[INFO RSZ-0042] Inserted 2 tie sky130_fd_sc_hd__conb_1 instances.
[WARNING RSZ-0020] found 2 floating nets.
 VGND
 VPWR
+ detailed_placement -max_displacement  500 100 
Placement Analysis
---------------------------------
total displacement       8159.2 u
average displacement        1.6 u
max displacement           53.4 u
original HPWL          134987.0 u
legalized HPWL         139414.5 u
delta HPWL                    3 %

[INFO DPL-0020] Mirrored 1172 instances
[INFO DPL-0021] HPWL before          139414.5 u
[INFO DPL-0022] HPWL after           137266.8 u
[INFO DPL-0023] HPWL delta               -1.5 %
Setting global connections for newly added cells…
[INFO] Setting global connections...
[INFO ODB-0403] 492 connections made, 0 conflicts skipped.
Updating metrics…
Cell type report:                       Count       Area
  Fill cell                               234     878.34
  Tap cell                               1428    1786.71
  Buffer                                    3      12.51
  Timing Repair Buffer                    380    2437.34
  Inverter                                479    1810.49
  Sequential cell                         720   17456.74
  Multi-Input combinational cell         1767   17092.64
  Total                                  5011   41474.78
Writing OpenROAD database to '/home/cl4/Desktop/training/single_cycle/runs/RUN_2026-08-24_12-01-43/32-openroad-repairdesignpostgpl/single_cycle_cpu.odb'…
Writing netlist to '/home/cl4/Desktop/training/single_cycle/runs/RUN_2026-08-24_12-01-43/32-openroad-repairdesignpostgpl/single_cycle_cpu.nl.v'…
Writing powered netlist to '/home/cl4/Desktop/training/single_cycle/runs/RUN_2026-08-24_12-01-43/32-openroad-repairdesignpostgpl/single_cycle_cpu.pnl.v'…
Writing layout to '/home/cl4/Desktop/training/single_cycle/runs/RUN_2026-08-24_12-01-43/32-openroad-repairdesignpostgpl/single_cycle_cpu.def'…
Writing timing constraints to '/home/cl4/Desktop/training/single_cycle/runs/RUN_2026-08-24_12-01-43/32-openroad-repairdesignpostgpl/single_cycle_cpu.sdc'…
