┏━━━━━━━┳━━━━━━━━━┳━━━━━━━━━━┳━━━━━━━━━━━━━━━━━━━━━━━━┳━━━━━━━━━━━━━┳━━━━━━━┓
┃ P / R ┃ Partial ┃ Required ┃ Net                    ┃ Pin         ┃ Layer ┃
┡━━━━━━━╇━━━━━━━━━╇━━━━━━━━━━╇━━━━━━━━━━━━━━━━━━━━━━━━╇━━━━━━━━━━━━━╇━━━━━━━┩
│ 4.42  │ 1767.55 │ 400.00   │ net500                 │ output500/A │ met3  │
│ 4.04  │ 1617.24 │ 400.00   │ net495                 │ output495/A │ met3  │
│ 3.77  │ 1508.39 │ 400.00   │ net499                 │ output499/A │ met3  │
│ 1.73  │ 691.93  │ 400.00   │ net110                 │ place298/A  │ met1  │
│ 1.58  │ 632.00  │ 400.00   │ RF.registers[12\][23\] │ _5721_/A0   │ met3  │
│ 1.57  │ 629.04  │ 400.00   │ _2269_                 │ _4402_/C1   │ met3  │
│ 1.46  │ 583.13  │ 400.00   │ net496                 │ output496/A │ met1  │
│ 1.44  │ 575.44  │ 400.00   │ net536                 │ output536/A │ met3  │
│ 1.34  │ 535.18  │ 400.00   │ _1288_                 │ _3347_/A    │ met3  │
│ 1.34  │ 535.18  │ 400.00   │ _1288_                 │ _5640_/B    │ met3  │
│ 1.23  │ 493.13  │ 400.00   │ RF.registers[12\][16\] │ _5706_/A0   │ met3  │
│ 1.19  │ 477.33  │ 400.00   │ net483                 │ _4770_/B1   │ met3  │
│ 1.19  │ 477.33  │ 400.00   │ net483                 │ _5663_/A    │ met3  │
│ 1.18  │ 471.77  │ 400.00   │ net534                 │ output534/A │ met3  │
│ 1.07  │ 429.54  │ 400.00   │ net263                 │ output492/A │ met1  │
│ 1.03  │ 412.89  │ 400.00   │ net396                 │ _7412_/A    │ met1  │
│ 1.00  │ 400.41  │ 400.00   │ net521                 │ output521/A │ met1  │
└───────┴─────────┴──────────┴────────────────────────┴─────────────┴───────┘
