Clock: clk
Sources: clk 
Generated: no
Virtual: yes
Propagated: no
Period: 25.000000

===========================================================================
report_clock_properties
============================================================================
Clock                   Period          Waveform
----------------------------------------------------
clk                  25.000000    0.000000 12.500000

===========================================================================
report_clock_latency
============================================================================
Clock clk
rise -> rise
    min     max
0.000000 0.000000 source latency
1.341954         network latency _6941_/CLK
        1.401363 network latency _7015_/CLK
---------------
1.341954 1.401363 latency
        0.059409 skew

fall -> fall
    min     max
0.000000 0.000000 source latency
1.198290         network latency _7310_/CLK
        1.242262 network latency _7015_/CLK
---------------
1.198290 1.242262 latency
        0.043972 skew



===========================================================================
report_clock_min_period
============================================================================
clk period_min = 17.57 fmax = 56.93
