Clock: clk
Sources: clk 
Generated: no
Virtual: yes
Propagated: no
Period: 25.000000

===========================================================================
report_clock_properties
============================================================================
Clock                   Period          Waveform
----------------------------------------------------
clk                  25.000000    0.000000 12.500000

===========================================================================
report_clock_latency
============================================================================
Clock clk
rise -> rise
    min     max
0.000000 0.000000 source latency
0.551606         network latency _6738_/CLK
        0.578603 network latency _7395_/CLK
---------------
0.551606 0.578603 latency
        0.026997 skew

fall -> fall
    min     max
0.000000 0.000000 source latency
0.472200         network latency _6738_/CLK
        0.491950 network latency _7395_/CLK
---------------
0.472200 0.491950 latency
        0.019750 skew



===========================================================================
report_clock_min_period
============================================================================
clk period_min = 5.37 fmax = 186.08
