Reading timing models for corner max_tt_025C_1v80…
Reading timing library for the 'max_tt_025C_1v80' corner at '/home/cl4/.ciel/ciel/sky130/versions/8afc8346a57fe1ab7934ba5a6056ea8b43078e71/sky130A/libs.ref/sky130_fd_sc_hd/lib/sky130_fd_sc_hd__tt_025C_1v80.lib'…
Reading timing models for corner min_ss_100C_1v60…
Reading timing library for the 'min_ss_100C_1v60' corner at '/home/cl4/.ciel/ciel/sky130/versions/8afc8346a57fe1ab7934ba5a6056ea8b43078e71/sky130A/libs.ref/sky130_fd_sc_hd/lib/sky130_fd_sc_hd__ss_100C_1v60.lib'…
Reading timing models for corner nom_tt_025C_1v80…
Reading timing library for the 'nom_tt_025C_1v80' corner at '/home/cl4/.ciel/ciel/sky130/versions/8afc8346a57fe1ab7934ba5a6056ea8b43078e71/sky130A/libs.ref/sky130_fd_sc_hd/lib/sky130_fd_sc_hd__tt_025C_1v80.lib'…
[WARNING STA-1140] /home/cl4/.ciel/ciel/sky130/versions/8afc8346a57fe1ab7934ba5a6056ea8b43078e71/sky130A/libs.ref/sky130_fd_sc_hd/lib/sky130_fd_sc_hd__tt_025C_1v80.lib line 1, library sky130_fd_sc_hd__tt_025C_1v80 already exists.
Reading timing models for corner max_ff_n40C_1v95…
Reading timing library for the 'max_ff_n40C_1v95' corner at '/home/cl4/.ciel/ciel/sky130/versions/8afc8346a57fe1ab7934ba5a6056ea8b43078e71/sky130A/libs.ref/sky130_fd_sc_hd/lib/sky130_fd_sc_hd__ff_n40C_1v95.lib'…
Reading timing models for corner nom_ff_n40C_1v95…
Reading timing library for the 'nom_ff_n40C_1v95' corner at '/home/cl4/.ciel/ciel/sky130/versions/8afc8346a57fe1ab7934ba5a6056ea8b43078e71/sky130A/libs.ref/sky130_fd_sc_hd/lib/sky130_fd_sc_hd__ff_n40C_1v95.lib'…
[WARNING STA-1140] /home/cl4/.ciel/ciel/sky130/versions/8afc8346a57fe1ab7934ba5a6056ea8b43078e71/sky130A/libs.ref/sky130_fd_sc_hd/lib/sky130_fd_sc_hd__ff_n40C_1v95.lib line 1, library sky130_fd_sc_hd__ff_n40C_1v95 already exists.
Reading timing models for corner max_ss_100C_1v60…
Reading timing library for the 'max_ss_100C_1v60' corner at '/home/cl4/.ciel/ciel/sky130/versions/8afc8346a57fe1ab7934ba5a6056ea8b43078e71/sky130A/libs.ref/sky130_fd_sc_hd/lib/sky130_fd_sc_hd__ss_100C_1v60.lib'…
[WARNING STA-1140] /home/cl4/.ciel/ciel/sky130/versions/8afc8346a57fe1ab7934ba5a6056ea8b43078e71/sky130A/libs.ref/sky130_fd_sc_hd/lib/sky130_fd_sc_hd__ss_100C_1v60.lib line 1, library sky130_fd_sc_hd__ss_100C_1v60 already exists.
Reading timing models for corner min_tt_025C_1v80…
Reading timing library for the 'min_tt_025C_1v80' corner at '/home/cl4/.ciel/ciel/sky130/versions/8afc8346a57fe1ab7934ba5a6056ea8b43078e71/sky130A/libs.ref/sky130_fd_sc_hd/lib/sky130_fd_sc_hd__tt_025C_1v80.lib'…
[WARNING STA-1140] /home/cl4/.ciel/ciel/sky130/versions/8afc8346a57fe1ab7934ba5a6056ea8b43078e71/sky130A/libs.ref/sky130_fd_sc_hd/lib/sky130_fd_sc_hd__tt_025C_1v80.lib line 1, library sky130_fd_sc_hd__tt_025C_1v80 already exists.
Reading timing models for corner nom_ss_100C_1v60…
Reading timing library for the 'nom_ss_100C_1v60' corner at '/home/cl4/.ciel/ciel/sky130/versions/8afc8346a57fe1ab7934ba5a6056ea8b43078e71/sky130A/libs.ref/sky130_fd_sc_hd/lib/sky130_fd_sc_hd__ss_100C_1v60.lib'…
[WARNING STA-1140] /home/cl4/.ciel/ciel/sky130/versions/8afc8346a57fe1ab7934ba5a6056ea8b43078e71/sky130A/libs.ref/sky130_fd_sc_hd/lib/sky130_fd_sc_hd__ss_100C_1v60.lib line 1, library sky130_fd_sc_hd__ss_100C_1v60 already exists.
Reading timing models for corner min_ff_n40C_1v95…
Reading timing library for the 'min_ff_n40C_1v95' corner at '/home/cl4/.ciel/ciel/sky130/versions/8afc8346a57fe1ab7934ba5a6056ea8b43078e71/sky130A/libs.ref/sky130_fd_sc_hd/lib/sky130_fd_sc_hd__ff_n40C_1v95.lib'…
[WARNING STA-1140] /home/cl4/.ciel/ciel/sky130/versions/8afc8346a57fe1ab7934ba5a6056ea8b43078e71/sky130A/libs.ref/sky130_fd_sc_hd/lib/sky130_fd_sc_hd__ff_n40C_1v95.lib line 1, library sky130_fd_sc_hd__ff_n40C_1v95 already exists.
Reading OpenROAD database at '/home/cl4/Desktop/training/single_cycle/runs/RUN_2026-08-22_12-35-21/28-openroad-globalplacement/single_cycle_cpu.odb'…
Reading design constraints file at '/home/cl4/Desktop/training/single_cycle/src/impl.sdc'…
[INFO] Using clock clk…
[INFO] Setting output delay to: 2.0
[INFO] Setting input delay to: 2.0
[INFO] Setting load to: 0.033442
[INFO] Setting clock uncertainty to: 0.25
[INFO] Setting clock transition to: 0.1499999999999999944488848768742172978818416595458984375
[INFO] Setting timing derate to: 5%
[INFO] No information on clock propagation in input SDC file-- propagating all clocks.
[INFO RSZ-0027] Inserted 0 sky130_fd_sc_hd__clkdlybuf4s25_1 input buffers.
[INFO RSZ-0028] Inserted 91 sky130_fd_sc_hd__clkdlybuf4s25_1 output buffers.
+ repair_design -verbose -max_wire_length 0 -slew_margin 20 -cap_margin 20
Iteration |   Area    | Resized | Buffers | Nets repaired | Remaining
---------------------------------------------------------------------
        0 |     +0.0% |       0 |       0 |             0 |      4974
       10 |     +0.0% |       0 |       0 |             0 |      4964
       20 |     +0.0% |       0 |       0 |             0 |      4954
       30 |     +0.0% |       0 |       0 |             0 |      4944
       40 |     +0.0% |       0 |       0 |             0 |      4934
       50 |     +0.0% |       0 |       0 |             0 |      4924
       60 |     +0.0% |       0 |       0 |             0 |      4914
       70 |     +0.0% |       0 |       0 |             0 |      4904
       80 |     +0.0% |       0 |       0 |             0 |      4894
       90 |     +0.0% |       0 |       0 |             0 |      4884
      100 |     +0.0% |       0 |       0 |             0 |      4874
      110 |     +0.0% |       0 |       0 |             0 |      4864
      120 |     +0.0% |       0 |       0 |             0 |      4854
      130 |     +0.0% |       0 |       0 |             0 |      4844
      140 |     +0.0% |       0 |       0 |             0 |      4834
      150 |     +0.0% |       0 |       0 |             0 |      4824
      160 |     +0.0% |       0 |       0 |             0 |      4814
      170 |     +0.0% |       0 |       0 |             0 |      4804
      180 |     +0.0% |       0 |       0 |             0 |      4794
      190 |     +0.0% |       0 |       0 |             0 |      4784
      200 |     +0.0% |       0 |       0 |             0 |      4774
      210 |     +0.0% |       0 |       0 |             0 |      4764
      220 |     +0.0% |       0 |       0 |             0 |      4754
      230 |     +0.0% |       0 |       0 |             0 |      4744
      240 |     +0.0% |       0 |       0 |             0 |      4734
      250 |     +0.0% |       0 |       0 |             0 |      4724
      260 |     +0.0% |       0 |       0 |             0 |      4714
      270 |     +0.0% |       0 |       0 |             0 |      4704
      280 |     +0.0% |       0 |       0 |             0 |      4694
      290 |     +0.0% |       0 |       0 |             0 |      4684
      300 |     +0.0% |       0 |       1 |             1 |      4674
      310 |     +0.0% |       0 |       1 |             1 |      4664
      320 |     +0.0% |       0 |       1 |             1 |      4654
      330 |     +0.0% |       0 |       2 |             2 |      4644
      340 |     +0.0% |       0 |       2 |             2 |      4634
      350 |     +0.0% |       0 |       2 |             2 |      4624
      360 |     +0.0% |       0 |       2 |             2 |      4614
      370 |     +0.0% |       0 |       2 |             2 |      4604
      380 |     +0.0% |       0 |       2 |             2 |      4594
      390 |     +0.0% |       0 |       2 |             2 |      4584
      400 |     +0.0% |       0 |       2 |             2 |      4574
      410 |     +0.0% |       0 |       2 |             2 |      4564
      420 |     +0.0% |       0 |       2 |             2 |      4554
      430 |     +0.0% |       0 |       2 |             2 |      4544
      440 |     +0.0% |       0 |       2 |             2 |      4534
      450 |     +0.0% |       0 |       2 |             2 |      4524
      460 |     +0.0% |       0 |       2 |             2 |      4514
      470 |     +0.0% |       0 |       2 |             2 |      4504
      480 |     +0.0% |       0 |       2 |             2 |      4494
      490 |     +0.0% |       0 |       2 |             2 |      4484
      500 |     +0.0% |       0 |       2 |             2 |      4474
      510 |     +0.0% |       0 |       2 |             2 |      4464
      520 |     +0.0% |       0 |       2 |             2 |      4454
      530 |     +0.0% |       0 |       2 |             2 |      4444
      540 |     +0.0% |       0 |       3 |             3 |      4434
      550 |     +0.0% |       0 |       3 |             3 |      4424
      560 |     +0.0% |       0 |       3 |             3 |      4414
      570 |     +0.0% |       0 |       3 |             3 |      4404
      580 |     +0.0% |       0 |       3 |             3 |      4394
      590 |     +0.0% |       0 |       3 |             3 |      4384
      600 |     +0.0% |       0 |       3 |             3 |      4374
      610 |     +0.0% |       0 |       3 |             3 |      4364
      620 |     +0.0% |       0 |       3 |             3 |      4354
      630 |     +0.0% |       0 |       3 |             3 |      4344
      640 |     +0.0% |       0 |       3 |             3 |      4334
      650 |     +0.0% |       0 |       3 |             3 |      4324
      660 |     +0.0% |       0 |       3 |             3 |      4314
      670 |     +0.0% |       0 |       3 |             3 |      4304
      680 |     +0.0% |       0 |       3 |             3 |      4294
      690 |     +0.0% |       0 |       3 |             3 |      4284
      700 |     +0.0% |       0 |       3 |             3 |      4274
      710 |     +0.0% |       0 |       3 |             3 |      4264
      720 |     +0.0% |       0 |       3 |             3 |      4254
      730 |     +0.0% |       0 |       3 |             3 |      4244
      740 |     +0.0% |       0 |       3 |             3 |      4234
      750 |     +0.0% |       0 |       3 |             3 |      4224
      760 |     +0.0% |       0 |       3 |             3 |      4214
      770 |     +0.0% |       0 |       3 |             3 |      4204
      780 |     +0.0% |       0 |       4 |             4 |      4194
      790 |     +0.0% |       0 |       5 |             5 |      4184
      800 |     +0.0% |       1 |       6 |             6 |      4174
      810 |     +0.0% |       1 |       6 |             6 |      4164
      820 |     +0.0% |       1 |       6 |             6 |      4154
      830 |     +0.0% |       1 |       6 |             6 |      4144
      840 |     +0.0% |       1 |       6 |             6 |      4134
      850 |     +0.0% |       1 |       6 |             6 |      4124
      860 |     +0.0% |       1 |       6 |             6 |      4114
      870 |     +0.0% |       1 |       6 |             6 |      4104
      880 |     +0.0% |       1 |       6 |             6 |      4094
      890 |     +0.0% |       1 |       6 |             6 |      4084
      900 |     +0.0% |       1 |       6 |             6 |      4074
      910 |     +0.0% |       1 |       6 |             6 |      4064
      920 |     +0.0% |       1 |       6 |             6 |      4054
      930 |     +0.0% |       1 |       6 |             6 |      4044
      940 |     +0.0% |       1 |       6 |             6 |      4034
      950 |     +0.0% |       1 |       6 |             6 |      4024
      960 |     +0.0% |       1 |       6 |             6 |      4014
      970 |     +0.0% |       1 |       6 |             6 |      4004
      980 |     +0.0% |       1 |       6 |             6 |      3994
      990 |     +0.0% |       1 |       6 |             6 |      3984
     1000 |     +0.0% |       1 |       6 |             6 |      3974
     1010 |     +0.0% |       1 |       6 |             6 |      3964
     1020 |     +0.0% |       1 |       6 |             6 |      3954
     1030 |     +0.0% |       1 |       6 |             6 |      3944
     1040 |     +0.0% |       1 |       6 |             6 |      3934
     1050 |     +0.0% |       1 |       6 |             6 |      3924
     1060 |     +0.0% |       1 |       6 |             6 |      3914
     1070 |     +0.0% |       1 |       6 |             6 |      3904
     1080 |     +0.0% |       1 |       6 |             6 |      3894
     1090 |     +0.0% |       1 |       6 |             6 |      3884
     1100 |     +0.0% |       1 |       6 |             6 |      3874
     1110 |     +0.0% |       1 |       6 |             6 |      3864
     1120 |     +0.0% |       1 |       6 |             6 |      3854
     1130 |     +0.0% |       1 |       6 |             6 |      3844
     1140 |     +0.0% |       1 |       6 |             6 |      3834
     1150 |     +0.0% |       1 |       6 |             6 |      3824
     1160 |     +0.0% |       1 |       6 |             6 |      3814
     1170 |     +0.0% |       1 |       6 |             6 |      3804
     1180 |     +0.0% |       1 |       6 |             6 |      3794
     1190 |     +0.0% |       1 |       6 |             6 |      3784
     1200 |     +0.0% |       1 |       6 |             6 |      3774
     1210 |     +0.0% |       1 |       6 |             6 |      3764
     1220 |     +0.0% |       1 |       6 |             6 |      3754
     1230 |     +0.0% |       1 |       6 |             6 |      3744
     1240 |     +0.0% |       1 |       6 |             6 |      3734
     1250 |     +0.0% |       1 |       6 |             6 |      3724
     1260 |     +0.0% |       1 |       6 |             6 |      3714
     1270 |     +0.0% |       1 |       6 |             6 |      3704
     1280 |     +0.0% |       1 |       6 |             6 |      3694
     1290 |     +0.0% |       1 |       6 |             6 |      3684
     1300 |     +0.0% |       1 |       6 |             6 |      3674
     1310 |     +0.0% |       1 |       6 |             6 |      3664
     1320 |     +0.0% |       1 |       6 |             6 |      3654
     1330 |     +0.0% |       1 |       6 |             6 |      3644
     1340 |     +0.0% |       1 |       6 |             6 |      3634
     1350 |     +0.0% |       1 |       6 |             6 |      3624
     1360 |     +0.0% |       1 |       6 |             6 |      3614
     1370 |     +0.0% |       1 |       6 |             6 |      3604
     1380 |     +0.0% |       1 |       6 |             6 |      3594
     1390 |     +0.0% |       1 |       6 |             6 |      3584
     1400 |     +0.0% |       1 |       6 |             6 |      3574
     1410 |     +0.0% |       1 |       6 |             6 |      3564
     1420 |     +0.0% |       1 |       6 |             6 |      3554
     1430 |     +0.0% |       1 |       6 |             6 |      3544
     1440 |     +0.0% |       1 |       6 |             6 |      3534
     1450 |     +0.0% |       1 |       6 |             6 |      3524
     1460 |     +0.0% |       1 |       6 |             6 |      3514
     1470 |     +0.0% |       1 |       6 |             6 |      3504
     1480 |     +0.0% |       1 |       6 |             6 |      3494
     1490 |     +0.0% |       1 |       6 |             6 |      3484
     1500 |     +0.0% |       1 |       6 |             6 |      3474
     1510 |     +0.0% |       1 |       6 |             6 |      3464
     1520 |     +0.0% |       1 |       6 |             6 |      3454
     1530 |     +0.0% |       1 |       6 |             6 |      3444
     1540 |     +0.0% |       1 |       6 |             6 |      3434
     1550 |     +0.0% |       1 |       6 |             6 |      3424
     1560 |     +0.0% |       1 |       6 |             6 |      3414
     1570 |     +0.0% |       1 |       6 |             6 |      3404
     1580 |     +0.0% |       1 |       6 |             6 |      3394
     1590 |     +0.0% |       1 |       6 |             6 |      3384
     1600 |     +0.0% |       1 |       6 |             6 |      3374
     1610 |     +0.0% |       1 |       6 |             6 |      3364
     1620 |     +0.0% |       1 |       6 |             6 |      3354
     1630 |     +0.0% |       1 |       6 |             6 |      3344
     1640 |     +0.0% |       1 |       6 |             6 |      3334
     1650 |     +0.0% |       1 |       6 |             6 |      3324
     1660 |     +0.0% |       1 |       6 |             6 |      3314
     1670 |     +0.0% |       1 |       6 |             6 |      3304
     1680 |     +0.1% |       2 |       8 |             7 |      3294
     1690 |     +0.1% |       2 |       8 |             7 |      3284
     1700 |     +0.1% |       2 |       8 |             7 |      3274
     1710 |     +0.1% |       2 |       8 |             7 |      3264
     1720 |     +0.1% |       2 |       8 |             7 |      3254
     1730 |     +0.1% |       2 |       8 |             7 |      3244
     1740 |     +0.1% |       2 |       8 |             7 |      3234
     1750 |     +0.1% |       2 |       8 |             7 |      3224
     1760 |     +0.1% |       2 |       8 |             7 |      3214
     1770 |     +0.1% |       2 |       8 |             7 |      3204
     1780 |     +0.1% |       2 |       8 |             7 |      3194
     1790 |     +0.1% |       2 |       8 |             7 |      3184
     1800 |     +0.1% |       2 |       8 |             7 |      3174
     1810 |     +0.1% |       2 |       8 |             7 |      3164
     1820 |     +0.1% |       2 |       8 |             7 |      3154
     1830 |     +0.1% |       2 |       8 |             7 |      3144
     1840 |     +0.1% |       2 |       8 |             7 |      3134
     1850 |     +0.1% |       2 |       8 |             7 |      3124
     1860 |     +0.1% |       2 |       8 |             7 |      3114
     1870 |     +0.1% |       2 |       8 |             7 |      3104
     1880 |     +0.1% |       2 |       8 |             7 |      3094
     1890 |     +0.1% |       2 |       8 |             7 |      3084
     1900 |     +0.1% |       2 |       8 |             7 |      3074
     1910 |     +0.1% |       2 |       8 |             7 |      3064
     1920 |     +0.1% |       2 |       8 |             7 |      3054
     1930 |     +0.1% |       2 |       8 |             7 |      3044
     1940 |     +0.1% |       2 |       8 |             7 |      3034
     1950 |     +0.1% |       2 |       8 |             7 |      3024
     1960 |     +0.1% |       2 |       8 |             7 |      3014
     1970 |     +0.1% |       2 |       8 |             7 |      3004
     1980 |     +0.1% |       2 |       8 |             7 |      2994
     1990 |     +0.1% |       2 |       8 |             7 |      2984
     2000 |     +0.1% |       2 |       8 |             7 |      2974
     2010 |     +0.1% |       2 |       8 |             7 |      2964
     2020 |     +0.1% |       3 |       9 |             8 |      2954
     2030 |     +0.1% |       3 |      10 |             9 |      2944
     2040 |     +0.1% |       3 |      10 |             9 |      2934
     2050 |     +0.1% |       3 |      10 |             9 |      2924
     2060 |     +0.1% |       3 |      10 |             9 |      2914
     2070 |     +0.1% |       3 |      10 |             9 |      2904
     2080 |     +0.1% |       3 |      10 |             9 |      2894
     2090 |     +0.1% |       3 |      10 |             9 |      2884
     2100 |     +0.1% |       3 |      10 |             9 |      2874
     2110 |     +0.1% |       3 |      10 |             9 |      2864
     2120 |     +0.1% |       3 |      10 |             9 |      2854
     2130 |     +0.1% |       3 |      10 |             9 |      2844
     2140 |     +0.1% |       3 |      10 |             9 |      2834
     2150 |     +0.1% |       3 |      10 |             9 |      2824
     2160 |     +0.1% |       3 |      10 |             9 |      2814
     2170 |     +0.1% |       3 |      10 |             9 |      2804
     2180 |     +0.1% |       3 |      10 |             9 |      2794
     2190 |     +0.1% |       3 |      10 |             9 |      2784
     2200 |     +0.1% |       3 |      10 |             9 |      2774
     2210 |     +0.1% |       3 |      10 |             9 |      2764
     2220 |     +0.1% |       3 |      10 |             9 |      2754
     2230 |     +0.1% |       3 |      10 |             9 |      2744
     2240 |     +0.1% |       3 |      10 |             9 |      2734
     2250 |     +0.1% |       3 |      10 |             9 |      2724
     2260 |     +0.1% |       3 |      10 |             9 |      2714
     2270 |     +0.1% |       3 |      10 |             9 |      2704
     2280 |     +0.1% |       3 |      10 |             9 |      2694
     2290 |     +0.1% |       3 |      10 |             9 |      2684
     2300 |     +0.1% |       3 |      10 |             9 |      2674
     2310 |     +0.1% |       3 |      10 |             9 |      2664
     2320 |     +0.1% |       3 |      10 |             9 |      2654
     2330 |     +0.1% |       3 |      10 |             9 |      2644
     2340 |     +0.1% |       3 |      10 |             9 |      2634
     2350 |     +0.1% |       3 |      10 |             9 |      2624
     2360 |     +0.1% |       3 |      10 |             9 |      2614
     2370 |     +0.1% |       3 |      10 |             9 |      2604
     2380 |     +0.1% |       3 |      10 |             9 |      2594
     2390 |     +0.1% |       3 |      10 |             9 |      2584
     2400 |     +0.1% |       3 |      10 |             9 |      2574
     2410 |     +0.1% |       3 |      10 |             9 |      2564
     2420 |     +0.1% |       3 |      10 |             9 |      2554
     2430 |     +0.1% |       3 |      10 |             9 |      2544
     2440 |     +0.1% |       3 |      10 |             9 |      2534
     2450 |     +0.1% |       3 |      10 |             9 |      2524
     2460 |     +0.1% |       3 |      10 |             9 |      2514
     2470 |     +0.1% |       3 |      10 |             9 |      2504
     2480 |     +0.1% |       3 |      10 |             9 |      2494
     2490 |     +0.1% |       3 |      10 |             9 |      2484
     2500 |     +0.1% |       3 |      10 |             9 |      2474
     2510 |     +0.1% |       3 |      10 |             9 |      2464
     2520 |     +0.1% |       3 |      10 |             9 |      2454
     2530 |     +0.1% |       3 |      10 |             9 |      2444
     2540 |     +0.1% |       3 |      10 |             9 |      2434
     2550 |     +0.1% |       3 |      10 |             9 |      2424
     2560 |     +0.1% |       3 |      10 |             9 |      2414
     2570 |     +0.1% |       3 |      10 |             9 |      2404
     2580 |     +0.1% |       3 |      10 |             9 |      2394
     2590 |     +0.1% |       3 |      10 |             9 |      2384
     2600 |     +0.1% |       3 |      10 |             9 |      2374
     2610 |     +0.1% |       3 |      10 |             9 |      2364
     2620 |     +0.1% |       3 |      10 |             9 |      2354
     2630 |     +0.1% |       3 |      10 |             9 |      2344
     2640 |     +0.1% |       3 |      10 |             9 |      2334
     2650 |     +0.1% |       3 |      10 |             9 |      2324
     2660 |     +0.1% |       3 |      10 |             9 |      2314
     2670 |     +0.1% |       3 |      10 |             9 |      2304
     2680 |     +0.1% |       3 |      10 |             9 |      2294
     2690 |     +0.1% |       3 |      10 |             9 |      2284
     2700 |     +0.1% |       3 |      10 |             9 |      2274
     2710 |     +0.1% |       3 |      10 |             9 |      2264
     2720 |     +0.1% |       3 |      10 |             9 |      2254
     2730 |     +0.1% |       3 |      10 |             9 |      2244
     2740 |     +0.1% |       3 |      10 |             9 |      2234
     2750 |     +0.1% |       3 |      10 |             9 |      2224
     2760 |     +0.1% |       3 |      10 |             9 |      2214
     2770 |     +0.1% |       3 |      10 |             9 |      2204
     2780 |     +0.1% |       3 |      10 |             9 |      2194
     2790 |     +0.1% |       3 |      10 |             9 |      2184
     2800 |     +0.1% |       3 |      10 |             9 |      2174
     2810 |     +0.1% |       3 |      10 |             9 |      2164
     2820 |     +0.1% |       3 |      10 |             9 |      2154
     2830 |     +0.1% |       3 |      10 |             9 |      2144
     2840 |     +0.1% |       3 |      10 |             9 |      2134
     2850 |     +0.1% |       3 |      10 |             9 |      2124
     2860 |     +0.1% |       3 |      10 |             9 |      2114
     2870 |     +0.1% |       3 |      10 |             9 |      2104
     2880 |     +0.1% |       3 |      10 |             9 |      2094
     2890 |     +0.1% |       3 |      10 |             9 |      2084
     2900 |     +0.1% |       3 |      10 |             9 |      2074
     2910 |     +0.1% |       3 |      10 |             9 |      2064
     2920 |     +0.1% |       3 |      10 |             9 |      2054
     2930 |     +0.1% |       3 |      10 |             9 |      2044
     2940 |     +0.1% |       3 |      10 |             9 |      2034
     2950 |     +0.1% |       3 |      10 |             9 |      2024
     2960 |     +0.1% |       3 |      10 |             9 |      2014
     2970 |     +0.1% |       3 |      10 |             9 |      2004
     2980 |     +0.1% |       3 |      11 |            10 |      1994
     2990 |     +0.1% |       3 |      11 |            10 |      1984
     3000 |     +0.1% |       3 |      11 |            10 |      1974
     3010 |     +0.1% |       3 |      11 |            10 |      1964
     3020 |     +0.1% |       3 |      11 |            10 |      1954
     3030 |     +0.1% |       3 |      11 |            10 |      1944
     3040 |     +0.1% |       3 |      11 |            10 |      1934
     3050 |     +0.1% |       3 |      11 |            10 |      1924
     3060 |     +0.1% |       3 |      11 |            10 |      1914
     3070 |     +0.1% |       3 |      11 |            10 |      1904
     3080 |     +0.1% |       3 |      11 |            10 |      1894
     3090 |     +0.1% |       3 |      11 |            10 |      1884
     3100 |     +0.1% |       3 |      11 |            10 |      1874
     3110 |     +0.1% |       3 |      11 |            10 |      1864
     3120 |     +0.1% |       3 |      11 |            10 |      1854
     3130 |     +0.1% |       3 |      11 |            10 |      1844
     3140 |     +0.1% |       3 |      11 |            10 |      1834
     3150 |     +0.1% |       3 |      11 |            10 |      1824
     3160 |     +0.1% |       3 |      11 |            10 |      1814
     3170 |     +0.1% |       3 |      11 |            10 |      1804
     3180 |     +0.1% |       3 |      11 |            10 |      1794
     3190 |     +0.1% |       3 |      11 |            10 |      1784
     3200 |     +0.1% |       3 |      11 |            10 |      1774
     3210 |     +0.1% |       3 |      11 |            10 |      1764
     3220 |     +0.1% |       3 |      11 |            10 |      1754
     3230 |     +0.1% |       3 |      11 |            10 |      1744
     3240 |     +0.1% |       3 |      11 |            10 |      1734
     3250 |     +0.1% |       3 |      11 |            10 |      1724
     3260 |     +0.1% |       3 |      11 |            10 |      1714
     3270 |     +0.1% |       3 |      11 |            10 |      1704
     3280 |     +0.1% |       3 |      11 |            10 |      1694
     3290 |     +0.1% |       3 |      11 |            10 |      1684
     3300 |     +0.1% |       3 |      11 |            10 |      1674
     3310 |     +0.1% |       3 |      11 |            10 |      1664
     3320 |     +0.1% |       3 |      11 |            10 |      1654
     3330 |     +0.0% |       9 |      11 |            16 |      1644
     3340 |     +0.0% |       9 |      11 |            16 |      1634
     3350 |     +0.0% |       9 |      11 |            16 |      1624
     3360 |     +0.0% |       9 |      11 |            16 |      1614
     3370 |     +0.0% |       9 |      11 |            16 |      1604
     3380 |     +0.0% |       9 |      11 |            16 |      1594
     3390 |     +0.0% |       9 |      11 |            16 |      1584
     3400 |     +0.0% |       9 |      11 |            16 |      1574
     3410 |     +0.0% |       9 |      11 |            16 |      1564
     3420 |     +0.0% |       9 |      11 |            16 |      1554
     3430 |     +0.0% |       9 |      11 |            16 |      1544
     3440 |     +0.0% |       9 |      11 |            16 |      1534
     3450 |     +0.0% |       9 |      11 |            16 |      1524
     3460 |     +0.0% |       9 |      11 |            16 |      1514
     3470 |     +0.0% |       9 |      11 |            16 |      1504
     3480 |     +0.0% |       9 |      11 |            16 |      1494
     3490 |     +0.0% |       9 |      11 |            16 |      1484
     3500 |     +0.0% |       9 |      11 |            16 |      1474
     3510 |     +0.0% |       9 |      11 |            16 |      1464
     3520 |     +0.0% |       9 |      11 |            16 |      1454
     3530 |     +0.0% |       9 |      11 |            16 |      1444
     3540 |     +0.0% |       9 |      12 |            17 |      1434
     3550 |     +0.0% |       9 |      12 |            17 |      1424
     3560 |     +0.0% |       9 |      12 |            17 |      1414
     3570 |     +0.0% |       9 |      12 |            17 |      1404
     3580 |     +0.0% |       9 |      12 |            17 |      1394
     3590 |     +0.0% |       9 |      12 |            17 |      1384
     3600 |     +0.0% |       9 |      12 |            17 |      1374
     3610 |     +0.0% |       9 |      12 |            17 |      1364
     3620 |     +0.0% |      15 |      14 |            23 |      1354
     3630 |     -0.1% |      22 |      14 |            30 |      1344
     3640 |     -0.1% |      23 |      14 |            31 |      1334
     3650 |     -0.1% |      23 |      14 |            31 |      1324
     3660 |     -0.1% |      23 |      14 |            31 |      1314
     3670 |     -0.1% |      23 |      14 |            31 |      1304
     3680 |     -0.1% |      23 |      14 |            31 |      1294
     3690 |     -0.1% |      23 |      14 |            31 |      1284
     3700 |     -0.1% |      23 |      14 |            31 |      1274
     3710 |     -0.1% |      23 |      14 |            31 |      1264
     3720 |     -0.1% |      23 |      14 |            31 |      1254
     3730 |     -0.1% |      23 |      14 |            31 |      1244
     3740 |     -0.1% |      23 |      14 |            31 |      1234
     3750 |     -0.1% |      23 |      14 |            31 |      1224
     3760 |     -0.1% |      23 |      14 |            31 |      1214
     3770 |     -0.1% |      23 |      14 |            31 |      1204
     3780 |     -0.1% |      23 |      14 |            31 |      1194
     3790 |     -0.1% |      23 |      14 |            31 |      1184
     3800 |     -0.1% |      23 |      14 |            31 |      1174
     3810 |     -0.1% |      23 |      14 |            31 |      1164
     3820 |     -0.1% |      23 |      16 |            32 |      1154
     3830 |     -0.1% |      23 |      16 |            32 |      1144
     3840 |     -0.1% |      23 |      16 |            32 |      1134
     3850 |     -0.1% |      23 |      16 |            32 |      1124
     3860 |     -0.1% |      23 |      16 |            32 |      1114
     3870 |     -0.1% |      23 |      16 |            32 |      1104
     3880 |     -0.1% |      23 |      16 |            32 |      1094
     3890 |     -0.1% |      30 |      19 |            39 |      1084
     3900 |     -0.1% |      40 |      24 |            47 |      1074
     3910 |     -0.2% |      42 |      24 |            49 |      1064
     3920 |     -0.2% |      42 |      24 |            49 |      1054
     3930 |     -0.2% |      42 |      24 |            49 |      1044
     3940 |     -0.2% |      42 |      24 |            49 |      1034
     3950 |     -0.2% |      42 |      24 |            49 |      1024
     3960 |     -0.2% |      42 |      24 |            49 |      1014
     3970 |     -0.2% |      42 |      24 |            49 |      1004
     3980 |     -0.1% |      42 |      25 |            50 |       994
     3990 |     -0.1% |      42 |      25 |            50 |       984
     4000 |     -0.1% |      42 |      25 |            50 |       974
     4010 |     -0.1% |      42 |      25 |            50 |       964
     4020 |     -0.1% |      42 |      25 |            50 |       954
     4030 |     -0.1% |      42 |      25 |            50 |       944
     4040 |     -0.1% |      42 |      25 |            50 |       934
     4050 |     -0.1% |      42 |      25 |            50 |       924
     4060 |     -0.1% |      42 |      25 |            50 |       914
     4070 |     -0.1% |      42 |      25 |            50 |       904
     4080 |     -0.1% |      42 |      25 |            50 |       894
     4090 |     -0.1% |      42 |      25 |            50 |       884
     4100 |     -0.1% |      42 |      25 |            50 |       874
     4110 |     -0.1% |      42 |      25 |            50 |       864
     4120 |     -0.1% |      42 |      25 |            50 |       854
     4130 |     -0.1% |      42 |      25 |            50 |       844
     4140 |     -0.2% |      44 |      26 |            52 |       834
     4150 |     -0.2% |      46 |      28 |            54 |       824
     4160 |     -0.2% |      46 |      28 |            54 |       814
     4170 |     -0.2% |      46 |      28 |            54 |       804
     4180 |     -0.2% |      46 |      28 |            54 |       794
     4190 |     -0.2% |      46 |      28 |            54 |       784
     4200 |     -0.2% |      46 |      28 |            54 |       774
     4210 |     -0.2% |      47 |      29 |            55 |       764
     4220 |     -0.2% |      47 |      29 |            55 |       754
     4230 |     -0.2% |      47 |      29 |            55 |       744
     4240 |     -0.2% |      47 |      29 |            55 |       734
     4250 |     -0.2% |      47 |      29 |            55 |       724
     4260 |     -0.2% |      47 |      29 |            55 |       714
     4270 |     -0.2% |      47 |      29 |            55 |       704
     4280 |     -0.2% |      47 |      29 |            55 |       694
     4290 |     -0.2% |      47 |      29 |            55 |       684
     4300 |     -0.2% |      47 |      29 |            55 |       674
     4310 |     -0.2% |      47 |      29 |            55 |       664
     4320 |     -0.2% |      47 |      29 |            55 |       654
     4330 |     -0.2% |      47 |      29 |            55 |       644
     4340 |     -0.2% |      47 |      29 |            55 |       634
     4350 |     -0.2% |      47 |      29 |            55 |       624
     4360 |     -0.2% |      47 |      29 |            55 |       614
     4370 |     -0.2% |      47 |      29 |            55 |       604
     4380 |     -0.2% |      47 |      29 |            55 |       594
     4390 |     -0.2% |      47 |      29 |            55 |       584
     4400 |     -0.2% |      47 |      29 |            55 |       574
     4410 |     -0.2% |      47 |      29 |            55 |       564
     4420 |     -0.2% |      47 |      29 |            55 |       554
     4430 |     -0.2% |      47 |      29 |            55 |       544
     4440 |     -0.2% |      47 |      29 |            55 |       534
     4450 |     -0.2% |      47 |      29 |            55 |       524
     4460 |     -0.2% |      47 |      29 |            55 |       514
     4470 |     -0.2% |      47 |      29 |            55 |       504
     4480 |     -0.2% |      47 |      29 |            55 |       494
     4490 |     -0.2% |      47 |      29 |            55 |       484
     4500 |     -0.2% |      47 |      29 |            55 |       474
     4510 |     -0.2% |      47 |      29 |            55 |       464
     4520 |     -0.2% |      47 |      29 |            55 |       454
     4530 |     -0.2% |      47 |      29 |            55 |       444
     4540 |     -0.2% |      47 |      29 |            55 |       434
     4550 |     -0.2% |      47 |      29 |            55 |       424
     4560 |     -0.2% |      47 |      29 |            55 |       414
     4570 |     -0.2% |      47 |      29 |            55 |       404
     4580 |     -0.2% |      47 |      29 |            55 |       394
     4590 |     -0.2% |      47 |      29 |            55 |       384
     4600 |     -0.2% |      47 |      29 |            55 |       374
     4610 |     -0.2% |      47 |      29 |            55 |       364
     4620 |     -0.2% |      47 |      29 |            55 |       354
     4630 |     -0.2% |      47 |      29 |            55 |       344
     4640 |     -0.2% |      47 |      29 |            55 |       334
     4650 |     -0.2% |      47 |      29 |            55 |       324
     4660 |     -0.2% |      47 |      29 |            55 |       314
     4670 |     -0.2% |      47 |      29 |            55 |       304
     4680 |     -0.2% |      47 |      29 |            55 |       294
     4690 |     -0.2% |      47 |      29 |            55 |       284
     4700 |     -0.2% |      47 |      29 |            55 |       274
     4710 |     -0.2% |      47 |      29 |            55 |       264
     4720 |     -0.2% |      47 |      29 |            55 |       254
     4730 |     -0.2% |      47 |      29 |            55 |       244
     4740 |     -0.2% |      47 |      29 |            55 |       234
     4750 |     -0.2% |      47 |      29 |            55 |       224
     4760 |     -0.2% |      47 |      29 |            55 |       214
     4770 |     -0.2% |      47 |      29 |            55 |       204
     4780 |     -0.2% |      47 |      29 |            55 |       194
     4790 |     -0.2% |      47 |      29 |            55 |       184
     4800 |     -0.2% |      47 |      29 |            55 |       174
     4810 |     -0.2% |      47 |      29 |            55 |       164
     4820 |     -0.2% |      47 |      29 |            55 |       154
     4830 |     -0.2% |      47 |      29 |            55 |       144
     4840 |     -0.2% |      47 |      29 |            55 |       134
     4850 |     -0.2% |      47 |      29 |            55 |       124
     4860 |     -0.2% |      47 |      29 |            55 |       114
     4870 |     -0.2% |      47 |      29 |            55 |       104
     4880 |     -0.2% |      47 |      29 |            55 |        94
     4890 |     -0.2% |      47 |      29 |            55 |        84
     4900 |     -0.2% |      47 |      29 |            55 |        74
     4910 |     -0.2% |      47 |      29 |            55 |        64
     4920 |     -0.2% |      47 |      29 |            55 |        54
     4930 |     -0.2% |      47 |      29 |            55 |        44
     4940 |     -0.2% |      47 |      29 |            55 |        34
     4950 |     -0.2% |      47 |      29 |            55 |        24
     4960 |     -0.2% |      47 |      29 |            55 |        14
     4970 |     -0.2% |      47 |      29 |            55 |         4
    final |     -0.2% |      47 |      29 |            55 |         0
---------------------------------------------------------------------
[INFO RSZ-0034] Found 57 slew violations.
[INFO RSZ-0036] Found 1 capacitance violations.
[INFO RSZ-0039] Resized 47 instances.
[INFO RSZ-0038] Inserted 29 buffers in 55 nets.
[INFO RSZ-0042] Inserted 3 tie sky130_fd_sc_hd__conb_1 instances.
[INFO RSZ-0042] Inserted 2 tie sky130_fd_sc_hd__conb_1 instances.
[WARNING RSZ-0020] found 2 floating nets.
 VGND
 VPWR
+ detailed_placement -max_displacement  500 100 
Placement Analysis
---------------------------------
total displacement      14957.9 u
average displacement        2.4 u
max displacement           87.8 u
original HPWL          169801.2 u
legalized HPWL         180983.6 u
delta HPWL                    7 %

[INFO DPL-0020] Mirrored 1980 instances
[INFO DPL-0021] HPWL before          180983.6 u
[INFO DPL-0022] HPWL after           178135.1 u
[INFO DPL-0023] HPWL delta               -1.6 %
Setting global connections for newly added cells…
[INFO] Setting global connections...
[INFO ODB-0403] 500 connections made, 0 conflicts skipped.
Updating metrics…
Cell type report:                       Count       Area
  Fill cell                               204     765.73
  Tap cell                               1092    1366.31
  Buffer                                    1       5.00
  Timing Repair Buffer                   1442    8011.43
  Inverter                                542    2041.96
  Sequential cell                         759   18361.36
  Multi-Input combinational cell         2252   23751.53
  Total                                  6292   54303.33
Writing OpenROAD database to '/home/cl4/Desktop/training/single_cycle/runs/RUN_2026-08-22_12-35-21/32-openroad-repairdesignpostgpl/single_cycle_cpu.odb'…
Writing netlist to '/home/cl4/Desktop/training/single_cycle/runs/RUN_2026-08-22_12-35-21/32-openroad-repairdesignpostgpl/single_cycle_cpu.nl.v'…
Writing powered netlist to '/home/cl4/Desktop/training/single_cycle/runs/RUN_2026-08-22_12-35-21/32-openroad-repairdesignpostgpl/single_cycle_cpu.pnl.v'…
Writing layout to '/home/cl4/Desktop/training/single_cycle/runs/RUN_2026-08-22_12-35-21/32-openroad-repairdesignpostgpl/single_cycle_cpu.def'…
Writing timing constraints to '/home/cl4/Desktop/training/single_cycle/runs/RUN_2026-08-22_12-35-21/32-openroad-repairdesignpostgpl/single_cycle_cpu.sdc'…
