Reading timing models for corner nom_tt_025C_1v80…
Reading timing library for the 'nom_tt_025C_1v80' corner at '/home/cl4/.ciel/ciel/sky130/versions/8afc8346a57fe1ab7934ba5a6056ea8b43078e71/sky130A/libs.ref/sky130_fd_sc_hd/lib/sky130_fd_sc_hd__tt_025C_1v80.lib'…
Reading technology LEF file at '/home/cl4/.ciel/ciel/sky130/versions/8afc8346a57fe1ab7934ba5a6056ea8b43078e71/sky130A/libs.ref/sky130_fd_sc_hd/techlef/sky130_fd_sc_hd__nom.tlef'…
[INFO ODB-0227] LEF file: /home/cl4/.ciel/ciel/sky130/versions/8afc8346a57fe1ab7934ba5a6056ea8b43078e71/sky130A/libs.ref/sky130_fd_sc_hd/techlef/sky130_fd_sc_hd__nom.tlef, created 14 layers, 25 vias
Reading cell LEF file at '/home/cl4/.ciel/ciel/sky130/versions/8afc8346a57fe1ab7934ba5a6056ea8b43078e71/sky130A/libs.ref/sky130_fd_sc_hd/lef/sky130_fd_sc_hd.lef'…
[WARNING ODB-0220] WARNING (LEFPARS-2008): NOWIREEXTENSIONATPIN statement is obsolete in version 5.6 or later.
The NOWIREEXTENSIONATPIN statement will be ignored. See file /home/cl4/.ciel/ciel/sky130/versions/8afc8346a57fe1ab7934ba5a6056ea8b43078e71/sky130A/libs.ref/sky130_fd_sc_hd/lef/sky130_fd_sc_hd.lef at line 2.

[INFO ODB-0227] LEF file: /home/cl4/.ciel/ciel/sky130/versions/8afc8346a57fe1ab7934ba5a6056ea8b43078e71/sky130A/libs.ref/sky130_fd_sc_hd/lef/sky130_fd_sc_hd.lef, created 437 library cells
Reading cell LEF file at '/home/cl4/.ciel/ciel/sky130/versions/8afc8346a57fe1ab7934ba5a6056ea8b43078e71/sky130A/libs.ref/sky130_fd_sc_hd/lef/sky130_ef_sc_hd.lef'…
[WARNING ODB-0220] WARNING (LEFPARS-2008): NOWIREEXTENSIONATPIN statement is obsolete in version 5.6 or later.
The NOWIREEXTENSIONATPIN statement will be ignored. See file /home/cl4/.ciel/ciel/sky130/versions/8afc8346a57fe1ab7934ba5a6056ea8b43078e71/sky130A/libs.ref/sky130_fd_sc_hd/lef/sky130_ef_sc_hd.lef at line 2.

[INFO ODB-0227] LEF file: /home/cl4/.ciel/ciel/sky130/versions/8afc8346a57fe1ab7934ba5a6056ea8b43078e71/sky130A/libs.ref/sky130_fd_sc_hd/lef/sky130_ef_sc_hd.lef, created 8 library cells
Reading top-level netlist at '/home/cl4/Desktop/training/single_cycle/runs/RUN_2026-08-22_12-35-21/06-yosys-synthesis/single_cycle_cpu.nl.v'…
Linking design 'single_cycle_cpu' from netlist…
Reading design constraints file at '/home/cl4/Desktop/training/single_cycle/src/impl.sdc'…
[INFO] Using clock clk…
[INFO] Setting output delay to: 2.0
[INFO] Setting input delay to: 2.0
[INFO] Setting load to: 0.033442
[INFO] Setting clock uncertainty to: 0.25
[INFO] Setting clock transition to: 0.1499999999999999944488848768742172978818416595458984375
[INFO] Setting timing derate to: 5%
[INFO] No information on clock propagation in input SDC file-- propagating all clocks.
Using site height: 2.72 and site width: 0.46…
[INFO] Using absolute sizing for the floorplan.
[INFO] Using the set CORE_AREA; ignoring core margin parameters
+ initialize_floorplan -site unithd -die_area 0 0 300 300 -core_area 10 10 290 290
[WARNING IFP-0028] Core area lower left (10.000, 10.000) snapped to (10.120, 10.880).
[INFO IFP-0001] Added 102 rows of 608 site unithd.
[INFO IFP-0100] Die BBox:  (  0.000  0.000 ) ( 300.000 300.000 ) um
[INFO IFP-0101] Core BBox: ( 10.120 10.880 ) ( 289.800 288.320 ) um
[INFO IFP-0102] Core area:                        77594.419 um^2
[INFO IFP-0103] Total instances area:             49007.002 um^2
[INFO IFP-0104] Effective utilization:                0.632
[INFO IFP-0105] Number of instances:                   4701
[INFO IFP-0030] Inserted 0 tiecells using sky130_fd_sc_hd__conb_1/LO.
[INFO IFP-0030] Inserted 0 tiecells using sky130_fd_sc_hd__conb_1/HI.
[INFO] Extracting DIE_AREA and CORE_AREA from the floorplan
[INFO] Floorplanned on a die area of 0.0 0.0 300.0 300.0 (µm).
[INFO] Floorplanned on a core area of 10.12 10.88 289.8 288.32 (µm).
Writing metric design__die__bbox: 0.0 0.0 300.0 300.0
Writing metric design__core__bbox: 10.12 10.88 289.8 288.32
Setting global connections for newly added cells…
[INFO] Setting global connections...
[INFO ODB-0403] 0 connections made, 0 conflicts skipped.
Updating metrics…
Cell type report:                       Count       Area
  Buffer                                 1148    4848.40
  Inverter                                542    2041.96
  Sequential cell                         759   18361.36
  Multi-Input combinational cell         2252   23755.28
  Total                                  4701   49007.00
Writing OpenROAD database to '/home/cl4/Desktop/training/single_cycle/runs/RUN_2026-08-22_12-35-21/13-openroad-floorplan/single_cycle_cpu.odb'…
Writing netlist to '/home/cl4/Desktop/training/single_cycle/runs/RUN_2026-08-22_12-35-21/13-openroad-floorplan/single_cycle_cpu.nl.v'…
Writing powered netlist to '/home/cl4/Desktop/training/single_cycle/runs/RUN_2026-08-22_12-35-21/13-openroad-floorplan/single_cycle_cpu.pnl.v'…
Writing layout to '/home/cl4/Desktop/training/single_cycle/runs/RUN_2026-08-22_12-35-21/13-openroad-floorplan/single_cycle_cpu.def'…
Writing timing constraints to '/home/cl4/Desktop/training/single_cycle/runs/RUN_2026-08-22_12-35-21/13-openroad-floorplan/single_cycle_cpu.sdc'…
