Clock: clk
Sources: clk 
Generated: no
Virtual: yes
Propagated: no
Period: 25.000000

===========================================================================
report_clock_properties
============================================================================
Clock                   Period          Waveform
----------------------------------------------------
clk                  25.000000    0.000000 12.500000

===========================================================================
report_clock_latency
============================================================================
Clock clk
rise -> rise
    min     max
0.000000 0.000000 source latency
0.890025         network latency _6824_/CLK
        0.948133 network latency _7100_/CLK
---------------
0.890025 0.948133 latency
        0.058107 skew

fall -> fall
    min     max
0.000000 0.000000 source latency
0.747026         network latency _6824_/CLK
        0.793015 network latency _7100_/CLK
---------------
0.747026 0.793015 latency
        0.045988 skew



===========================================================================
report_clock_min_period
============================================================================
clk period_min = 9.52 fmax = 105.04
