Clock: clk
Sources: clk 
Generated: no
Virtual: yes
Propagated: no
Period: 25.000000

===========================================================================
report_clock_properties
============================================================================
Clock                   Period          Waveform
----------------------------------------------------
clk                  25.000000    0.000000 12.500000

===========================================================================
report_clock_latency
============================================================================
Clock clk
rise -> rise
    min     max
0.000000 0.000000 source latency
0.869393         network latency _6752_/CLK
        0.924261 network latency _7257_/CLK
---------------
0.869393 0.924261 latency
        0.054868 skew

fall -> fall
    min     max
0.000000 0.000000 source latency
0.730056         network latency _6752_/CLK
        0.773491 network latency _7257_/CLK
---------------
0.730056 0.773491 latency
        0.043435 skew



===========================================================================
report_clock_min_period
============================================================================
clk period_min = 9.33 fmax = 107.19
