
===========================================================================
report_checks -unconstrained
===========================================================================
======================= min_tt_025C_1v80 Corner ===================================

Startpoint: reset (input port clocked by clk)
Endpoint: _7204_ (recovery check against rising-edge clock clk)
Path Group: asynchronous
Path Type: max

Fanout         Cap        Slew       Delay        Time   Description
---------------------------------------------------------------------------------------------
                                  0.000000    0.000000   clock clk (rise edge)
                                  0.000000    0.000000   clock network delay (propagated)
                                  5.000000    5.000000 v input external delay
     4    0.059874    0.133080    0.094231    5.094232 v reset (in)
                                                         reset (net)
                      0.133086    0.000000    5.094232 v fanout72/A (sky130_fd_sc_hd__clkdlybuf4s25_1)
     7    0.038389    0.283911    0.472697    5.566928 v fanout72/X (sky130_fd_sc_hd__clkdlybuf4s25_1)
                                                         net72 (net)
                      0.283918    0.001678    5.568607 v fanout57/A (sky130_fd_sc_hd__clkdlybuf4s25_1)
     5    0.030749    0.230284    0.484287    6.052894 v fanout57/X (sky130_fd_sc_hd__clkdlybuf4s25_1)
                                                         net57 (net)
                      0.230284    0.000446    6.053339 v fanout54/A (sky130_fd_sc_hd__buf_2)
    10    0.062053    0.146442    0.306732    6.360072 v fanout54/X (sky130_fd_sc_hd__buf_2)
                                                         net54 (net)
                      0.146457    0.001630    6.361702 v fanout53/A (sky130_fd_sc_hd__clkdlybuf4s25_1)
     6    0.045735    0.335641    0.516597    6.878299 v fanout53/X (sky130_fd_sc_hd__clkdlybuf4s25_1)
                                                         net53 (net)
                      0.335641    0.001029    6.879329 v _6484_/A (sky130_fd_sc_hd__inv_2)
     1    0.004768    0.080595    0.126168    7.005497 ^ _6484_/Y (sky130_fd_sc_hd__inv_2)
                                                         _0225_ (net)
                      0.080595    0.000055    7.005551 ^ _7204_/RESET_B (sky130_fd_sc_hd__dfrtp_2)
                                              7.005551   data arrival time

                                 25.000000   25.000000   clock clk (rise edge)
                                  0.000000   25.000000   clock source latency
     1    0.042405    0.195132    0.136110   25.136108 ^ clk (in)
                                                         clk (net)
                      0.195149    0.000000   25.136108 ^ clkbuf_0_clk/A (sky130_fd_sc_hd__clkbuf_16)
     8    0.127009    0.140247    0.254433   25.390541 ^ clkbuf_0_clk/X (sky130_fd_sc_hd__clkbuf_16)
                                                         clknet_0_clk (net)
                      0.140417    0.003036   25.393578 ^ clkbuf_3_6__f_clk/A (sky130_fd_sc_hd__clkbuf_16)
     6    0.073513    0.090834    0.200235   25.593813 ^ clkbuf_3_6__f_clk/X (sky130_fd_sc_hd__clkbuf_16)
                                                         clknet_3_6__leaf_clk (net)
                      0.090834    0.000371   25.594183 ^ clkbuf_leaf_20_clk/A (sky130_fd_sc_hd__clkbuf_16)
    16    0.064783    0.082434    0.176941   25.771124 ^ clkbuf_leaf_20_clk/X (sky130_fd_sc_hd__clkbuf_16)
                                                         clknet_leaf_20_clk (net)
                      0.082438    0.000703   25.771828 ^ _7204_/CLK (sky130_fd_sc_hd__dfrtp_2)
                                 -0.100000   25.671827   clock uncertainty
                                  0.000000   25.671827   clock reconvergence pessimism
                                  0.220121   25.891949   library recovery time
                                             25.891949   data required time
---------------------------------------------------------------------------------------------
                                             25.891949   data required time
                                             -7.005551   data arrival time
---------------------------------------------------------------------------------------------
                                             18.886396   slack (MET)


Startpoint: _6980_ (rising edge-triggered flip-flop clocked by clk)
Endpoint: alu_result_out[0] (output port clocked by clk)
Path Group: clk
Path Type: max

Fanout         Cap        Slew       Delay        Time   Description
---------------------------------------------------------------------------------------------
                                  0.000000    0.000000   clock clk (rise edge)
                                  0.000000    0.000000   clock source latency
     1    0.042405    0.195132    0.136110    0.136110 ^ clk (in)
                                                         clk (net)
                      0.195149    0.000000    0.136110 ^ clkbuf_0_clk/A (sky130_fd_sc_hd__clkbuf_16)
     8    0.127009    0.140247    0.254433    0.390543 ^ clkbuf_0_clk/X (sky130_fd_sc_hd__clkbuf_16)
                                                         clknet_0_clk (net)
                      0.140541    0.004502    0.395045 ^ clkbuf_3_0__f_clk/A (sky130_fd_sc_hd__clkbuf_16)
     6    0.075012    0.092261    0.201061    0.596106 ^ clkbuf_3_0__f_clk/X (sky130_fd_sc_hd__clkbuf_16)
                                                         clknet_3_0__leaf_clk (net)
                      0.092281    0.001415    0.597521 ^ clkbuf_leaf_39_clk/A (sky130_fd_sc_hd__clkbuf_16)
    18    0.065290    0.082915    0.177723    0.775244 ^ clkbuf_leaf_39_clk/X (sky130_fd_sc_hd__clkbuf_16)
                                                         clknet_leaf_39_clk (net)
                      0.082922    0.000850    0.776093 ^ _6980_/CLK (sky130_fd_sc_hd__dfrtp_2)
    10    0.045464    0.221672    0.499876    1.275969 ^ _6980_/Q (sky130_fd_sc_hd__dfrtp_2)
                                                         net13 (net)
                      0.221672    0.000427    1.276396 ^ place451/A (sky130_fd_sc_hd__buf_2)
     3    0.070093    0.339600    0.369376    1.645772 ^ place451/X (sky130_fd_sc_hd__buf_2)
                                                         net451 (net)
                      0.339622    0.002276    1.648047 ^ _3313_/B (sky130_fd_sc_hd__nand4b_4)
    10    0.055692    0.271590    0.302297    1.950345 v _3313_/Y (sky130_fd_sc_hd__nand4b_4)
                                                         _1263_ (net)
                      0.271612    0.001970    1.952314 v _3403_/B (sky130_fd_sc_hd__or2_4)
     5    0.059972    0.112135    0.403068    2.355382 v _3403_/X (sky130_fd_sc_hd__or2_4)
                                                         _1345_ (net)
                      0.112135    0.000404    2.355787 v _3405_/B1 (sky130_fd_sc_hd__o31a_2)
     3    0.027368    0.108146    0.194280    2.550067 v _3405_/X (sky130_fd_sc_hd__o31a_2)
                                                         _1347_ (net)
                      0.108174    0.001674    2.551741 v _3406_/A (sky130_fd_sc_hd__inv_4)
     4    0.016215    0.058381    0.092711    2.644453 ^ _3406_/Y (sky130_fd_sc_hd__inv_4)
                                                         net497 (net)
                      0.058381    0.000207    2.644660 ^ _3415_/C (sky130_fd_sc_hd__and3_4)
     9    0.040013    0.136070    0.262439    2.907098 ^ _3415_/X (sky130_fd_sc_hd__and3_4)
                                                         _1355_ (net)
                      0.136072    0.000822    2.907920 ^ place356/A (sky130_fd_sc_hd__buf_2)
     8    0.038271    0.188946    0.243236    3.151157 ^ place356/X (sky130_fd_sc_hd__buf_2)
                                                         net356 (net)
                      0.189025    0.001622    3.152778 ^ place354/A (sky130_fd_sc_hd__buf_2)
    10    0.044784    0.219780    0.278922    3.431700 ^ place354/X (sky130_fd_sc_hd__buf_2)
                                                         net354 (net)
                      0.219788    0.001567    3.433268 ^ place353/A (sky130_fd_sc_hd__buf_2)
    10    0.044456    0.218356    0.286134    3.719402 ^ place353/X (sky130_fd_sc_hd__buf_2)
                                                         net353 (net)
                      0.218365    0.001661    3.721062 ^ place352/A (sky130_fd_sc_hd__buf_2)
     7    0.032313    0.161686    0.246104    3.967166 ^ place352/X (sky130_fd_sc_hd__buf_2)
                                                         net352 (net)
                      0.161687    0.000735    3.967901 ^ place351/A (sky130_fd_sc_hd__buf_2)
     7    0.040382    0.199000    0.256828    4.224729 ^ place351/X (sky130_fd_sc_hd__buf_2)
                                                         net351 (net)
                      0.199000    0.000421    4.225150 ^ _4090_/A2 (sky130_fd_sc_hd__a211o_2)
     1    0.002969    0.031403    0.157345    4.382494 ^ _4090_/X (sky130_fd_sc_hd__a211o_2)
                                                         _1958_ (net)
                      0.031403    0.000028    4.382522 ^ _4091_/C1 (sky130_fd_sc_hd__a221o_2)
     1    0.004370    0.046919    0.095975    4.478497 ^ _4091_/X (sky130_fd_sc_hd__a221o_2)
                                                         _1959_ (net)
                      0.046919    0.000064    4.478560 ^ _4092_/C1 (sky130_fd_sc_hd__a221o_2)
     1    0.007422    0.058273    0.113716    4.592277 ^ _4092_/X (sky130_fd_sc_hd__a221o_2)
                                                         _1960_ (net)
                      0.058273    0.000199    4.592476 ^ _4093_/C_N (sky130_fd_sc_hd__or3b_2)
     3    0.014069    0.112735    0.497403    5.089879 v _4093_/X (sky130_fd_sc_hd__or3b_2)
                                                         _1961_ (net)
                      0.112735    0.000475    5.090353 v _4094_/B (sky130_fd_sc_hd__or2_2)
     3    0.010810    0.077322    0.329290    5.419643 v _4094_/X (sky130_fd_sc_hd__or2_2)
                                                         _1962_ (net)
                      0.077322    0.000080    5.419724 v _4096_/A (sky130_fd_sc_hd__nand2_2)
     9    0.037583    0.201392    0.183568    5.603292 ^ _4096_/Y (sky130_fd_sc_hd__nand2_2)
                                                         _1964_ (net)
                      0.201394    0.000467    5.603758 ^ _4209_/A (sky130_fd_sc_hd__and4_2)
     2    0.010540    0.089108    0.278897    5.882656 ^ _4209_/X (sky130_fd_sc_hd__and4_2)
                                                         _2077_ (net)
                      0.089108    0.000094    5.882750 ^ _4384_/A (sky130_fd_sc_hd__nand3_2)
     2    0.006282    0.062252    0.074960    5.957710 v _4384_/Y (sky130_fd_sc_hd__nand3_2)
                                                         _2252_ (net)
                      0.062252    0.000071    5.957781 v _4443_/A2 (sky130_fd_sc_hd__a2111o_2)
     3    0.015017    0.096344    0.517276    6.475057 v _4443_/X (sky130_fd_sc_hd__a2111o_2)
                                                         _2311_ (net)
                      0.096345    0.000409    6.475466 v _4454_/A1 (sky130_fd_sc_hd__a211o_2)
     2    0.007129    0.058896    0.324235    6.799701 v _4454_/X (sky130_fd_sc_hd__a211o_2)
                                                         _2322_ (net)
                      0.058896    0.000051    6.799752 v _4455_/C1 (sky130_fd_sc_hd__o211a_2)
     2    0.012456    0.063470    0.145133    6.944885 v _4455_/X (sky130_fd_sc_hd__o211a_2)
                                                         _2323_ (net)
                      0.063470    0.000171    6.945056 v _4457_/A2 (sky130_fd_sc_hd__o21a_2)
     3    0.011441    0.054541    0.223298    7.168354 v _4457_/X (sky130_fd_sc_hd__o21a_2)
                                                         _2325_ (net)
                      0.054541    0.000157    7.168511 v _4459_/A2 (sky130_fd_sc_hd__o211a_2)
     3    0.021162    0.082190    0.291907    7.460418 v _4459_/X (sky130_fd_sc_hd__o211a_2)
                                                         _2327_ (net)
                      0.082200    0.000961    7.461379 v _4465_/A (sky130_fd_sc_hd__nor2_2)
     2    0.026988    0.303676    0.286992    7.748371 ^ _4465_/Y (sky130_fd_sc_hd__nor2_2)
                                                         _2333_ (net)
                      0.303693    0.001917    7.750288 ^ _5650_/A (sky130_fd_sc_hd__inv_2)
     1    0.006363    0.060722    0.066005    7.816293 v _5650_/Y (sky130_fd_sc_hd__inv_2)
                                                         net455 (net)
                      0.060722    0.000178    7.816470 v output455/A (sky130_fd_sc_hd__clkdlybuf4s25_1)
     1    0.034216    0.254844    0.421223    8.237694 v output455/X (sky130_fd_sc_hd__clkdlybuf4s25_1)
                                                         alu_result_out[0] (net)
                      0.254844    0.000248    8.237941 v alu_result_out[0] (out)
                                              8.237941   data arrival time

                                 25.000000   25.000000   clock clk (rise edge)
                                  0.000000   25.000000   clock network delay (propagated)
                                 -0.100000   24.900000   clock uncertainty
                                  0.000000   24.900000   clock reconvergence pessimism
                                 -5.000000   19.899998   output external delay
                                             19.899998   data required time
---------------------------------------------------------------------------------------------
                                             19.899998   data required time
                                             -8.237941   data arrival time
---------------------------------------------------------------------------------------------
                                             11.662058   slack (MET)




===========================================================================
report_checks --slack_max -0.01
============================================================================
======================= min_tt_025C_1v80 Corner ===================================

No paths found.


===========================================================================
 report_check_types -max_slew -max_cap -max_fanout -violators
============================================================================
======================= min_tt_025C_1v80 Corner ===================================

max fanout

Pin                                   Limit Fanout  Slack
---------------------------------------------------------
clkbuf_leaf_0_clk/X                      10     21    -11 (VIOLATED)
clkbuf_leaf_11_clk/X                     10     21    -11 (VIOLATED)
clkbuf_leaf_41_clk/X                     10     21    -11 (VIOLATED)
clkbuf_leaf_6_clk/X                      10     21    -11 (VIOLATED)
clkbuf_leaf_3_clk/X                      10     20    -10 (VIOLATED)
clkbuf_leaf_42_clk/X                     10     20    -10 (VIOLATED)
clkbuf_leaf_4_clk/X                      10     20    -10 (VIOLATED)
clkbuf_leaf_10_clk/X                     10     19     -9 (VIOLATED)
clkbuf_leaf_12_clk/X                     10     19     -9 (VIOLATED)
clkbuf_leaf_13_clk/X                     10     19     -9 (VIOLATED)
clkbuf_leaf_1_clk/X                      10     19     -9 (VIOLATED)
clkbuf_leaf_17_clk/X                     10     18     -8 (VIOLATED)
clkbuf_leaf_19_clk/X                     10     18     -8 (VIOLATED)
clkbuf_leaf_23_clk/X                     10     18     -8 (VIOLATED)
clkbuf_leaf_27_clk/X                     10     18     -8 (VIOLATED)
clkbuf_leaf_28_clk/X                     10     18     -8 (VIOLATED)
clkbuf_leaf_2_clk/X                      10     18     -8 (VIOLATED)
clkbuf_leaf_30_clk/X                     10     18     -8 (VIOLATED)
clkbuf_leaf_33_clk/X                     10     18     -8 (VIOLATED)
clkbuf_leaf_34_clk/X                     10     18     -8 (VIOLATED)
clkbuf_leaf_35_clk/X                     10     18     -8 (VIOLATED)
clkbuf_leaf_39_clk/X                     10     18     -8 (VIOLATED)
clkbuf_leaf_5_clk/X                      10     18     -8 (VIOLATED)
clkbuf_leaf_7_clk/X                      10     18     -8 (VIOLATED)
clkbuf_leaf_14_clk/X                     10     17     -7 (VIOLATED)
clkbuf_leaf_15_clk/X                     10     17     -7 (VIOLATED)
clkbuf_leaf_21_clk/X                     10     17     -7 (VIOLATED)
clkbuf_leaf_24_clk/X                     10     17     -7 (VIOLATED)
clkbuf_leaf_25_clk/X                     10     17     -7 (VIOLATED)
clkbuf_leaf_26_clk/X                     10     17     -7 (VIOLATED)
clkbuf_leaf_29_clk/X                     10     17     -7 (VIOLATED)
clkbuf_leaf_31_clk/X                     10     17     -7 (VIOLATED)
clkbuf_leaf_32_clk/X                     10     17     -7 (VIOLATED)
clkbuf_leaf_8_clk/X                      10     17     -7 (VIOLATED)
clkbuf_leaf_20_clk/X                     10     16     -6 (VIOLATED)
clkbuf_leaf_22_clk/X                     10     16     -6 (VIOLATED)
clkbuf_leaf_38_clk/X                     10     16     -6 (VIOLATED)
clkbuf_leaf_40_clk/X                     10     16     -6 (VIOLATED)
clkbuf_leaf_18_clk/X                     10     15     -5 (VIOLATED)
clkbuf_leaf_36_clk/X                     10     15     -5 (VIOLATED)
clkbuf_leaf_16_clk/X                     10     14     -4 (VIOLATED)



===========================================================================
report_parasitic_annotation -report_unannotated
============================================================================
Found 42 unannotated drivers.
 clkload0/X
 clkload1/X
 clkload10/Y
 clkload11/X
 clkload12/Y
 clkload13/Y
 clkload14/X
 clkload15/X
 clkload16/Y
 clkload17/Y
 clkload18/X
 clkload19/X
 clkload2/X
 clkload20/Y
 clkload21/X
 clkload22/Y
 clkload23/Y
 clkload24/Y
 clkload25/X
 clkload26/Y
 clkload27/X
 clkload28/X
 clkload29/Y
 clkload3/X
 clkload30/X
 clkload31/X
 clkload32/X
 clkload33/Y
 clkload34/X
 clkload35/Y
 clkload36/X
 clkload4/X
 clkload5/X
 clkload6/Y
 clkload7/Y
 clkload8/Y
 clkload9/X
 single_cycle_cpu/HI
 single_cycle_cpu_567/HI
 single_cycle_cpu_568/HI
 single_cycle_cpu_569/LO
 single_cycle_cpu_570/LO
Found 0 partially unannotated drivers.

===========================================================================
max slew violation count 0
max fanout violation count 41
max cap violation count 0
============================================================================

===========================================================================
check_setup -verbose -unconstrained_endpoints -multiple_clock -no_clock -no_input_delay -loops -generated_clocks
===========================================================================
