Clock: clk
Sources: clk 
Generated: no
Virtual: yes
Propagated: no
Period: 25.000000

===========================================================================
report_clock_properties
============================================================================
Clock                   Period          Waveform
----------------------------------------------------
clk                  25.000000    0.000000 12.500000

===========================================================================
report_clock_latency
============================================================================
Clock clk
rise -> rise
    min     max
0.000000 0.000000 source latency
1.347952         network latency _6854_/CLK
        1.405851 network latency _7015_/CLK
---------------
1.347952 1.405851 latency
        0.057899 skew

fall -> fall
    min     max
0.000000 0.000000 source latency
1.198260         network latency _6854_/CLK
        1.240709 network latency _7015_/CLK
---------------
1.198260 1.240709 latency
        0.042449 skew



===========================================================================
report_clock_min_period
============================================================================
clk period_min = 16.97 fmax = 58.92
