[WARNING ORD-0039] .openroad ignored with -python
Unannotated report:
['report_parasitic_annotation -report_unannotated\n',
 '============================================================================\n',
 'Found 44 unannotated drivers.\n',
 ' clkload0/X\n',
 ' clkload1/X\n',
 ' clkload10/X\n',
 ' clkload11/X\n',
 ' clkload12/X\n',
 ' clkload13/Y\n',
 ' clkload14/Y\n',
 ' clkload15/X\n',
 ' clkload16/Y\n',
 ' clkload17/X\n',
 ' clkload18/X\n',
 ' clkload19/X\n',
 ' clkload2/X\n',
 ' clkload20/X\n',
 ' clkload21/X\n',
 ' clkload22/X\n',
 ' clkload23/Y\n',
 ' clkload24/X\n',
 ' clkload25/X\n',
 ' clkload26/X\n',
 ' clkload27/X\n',
 ' clkload28/Y\n',
 ' clkload29/Y\n',
 ' clkload3/X\n',
 ' clkload30/Y\n',
 ' clkload31/X\n',
 ' clkload32/X\n',
 ' clkload33/Y\n',
 ' clkload34/X\n',
 ' clkload35/Y\n',
 ' clkload36/Y\n',
 ' clkload37/X\n',
 ' clkload38/X\n',
 ' clkload4/X\n',
 ' clkload5/X\n',
 ' clkload6/Y\n',
 ' clkload7/X\n',
 ' clkload8/Y\n',
 ' clkload9/X\n',
 ' single_cycle_cpu/HI\n',
 ' single_cycle_cpu_577/HI\n',
 ' single_cycle_cpu_578/HI\n',
 ' single_cycle_cpu_579/LO\n',
 ' single_cycle_cpu_580/LO\n',
 'Found 0 partially unannotated drivers.\n',
 '\n']
Reported nets:
['clkload0/X',
 'clkload1/X',
 'clkload10/X',
 'clkload11/X',
 'clkload12/X',
 'clkload13/Y',
 'clkload14/Y',
 'clkload15/X',
 'clkload16/Y',
 'clkload17/X',
 'clkload18/X',
 'clkload19/X',
 'clkload2/X',
 'clkload20/X',
 'clkload21/X',
 'clkload22/X',
 'clkload23/Y',
 'clkload24/X',
 'clkload25/X',
 'clkload26/X',
 'clkload27/X',
 'clkload28/Y',
 'clkload29/Y',
 'clkload3/X',
 'clkload30/Y',
 'clkload31/X',
 'clkload32/X',
 'clkload33/Y',
 'clkload34/X',
 'clkload35/Y',
 'clkload36/Y',
 'clkload37/X',
 'clkload38/X',
 'clkload4/X',
 'clkload5/X',
 'clkload6/Y',
 'clkload7/X',
 'clkload8/Y',
 'clkload9/X',
 'single_cycle_cpu/HI',
 'single_cycle_cpu_577/HI',
 'single_cycle_cpu_578/HI',
 'single_cycle_cpu_579/LO',
 'single_cycle_cpu_580/LO']
Filtered nets:
[]
done
