Reading timing models for corner max_tt_025C_1v80…
Reading timing library for the 'max_tt_025C_1v80' corner at '/home/cl4/.ciel/ciel/sky130/versions/8afc8346a57fe1ab7934ba5a6056ea8b43078e71/sky130A/libs.ref/sky130_fd_sc_hd/lib/sky130_fd_sc_hd__tt_025C_1v80.lib'…
Reading timing models for corner min_ss_100C_1v60…
Reading timing library for the 'min_ss_100C_1v60' corner at '/home/cl4/.ciel/ciel/sky130/versions/8afc8346a57fe1ab7934ba5a6056ea8b43078e71/sky130A/libs.ref/sky130_fd_sc_hd/lib/sky130_fd_sc_hd__ss_100C_1v60.lib'…
Reading timing models for corner nom_tt_025C_1v80…
Reading timing library for the 'nom_tt_025C_1v80' corner at '/home/cl4/.ciel/ciel/sky130/versions/8afc8346a57fe1ab7934ba5a6056ea8b43078e71/sky130A/libs.ref/sky130_fd_sc_hd/lib/sky130_fd_sc_hd__tt_025C_1v80.lib'…
[WARNING STA-1140] /home/cl4/.ciel/ciel/sky130/versions/8afc8346a57fe1ab7934ba5a6056ea8b43078e71/sky130A/libs.ref/sky130_fd_sc_hd/lib/sky130_fd_sc_hd__tt_025C_1v80.lib line 1, library sky130_fd_sc_hd__tt_025C_1v80 already exists.
Reading timing models for corner max_ff_n40C_1v95…
Reading timing library for the 'max_ff_n40C_1v95' corner at '/home/cl4/.ciel/ciel/sky130/versions/8afc8346a57fe1ab7934ba5a6056ea8b43078e71/sky130A/libs.ref/sky130_fd_sc_hd/lib/sky130_fd_sc_hd__ff_n40C_1v95.lib'…
Reading timing models for corner nom_ff_n40C_1v95…
Reading timing library for the 'nom_ff_n40C_1v95' corner at '/home/cl4/.ciel/ciel/sky130/versions/8afc8346a57fe1ab7934ba5a6056ea8b43078e71/sky130A/libs.ref/sky130_fd_sc_hd/lib/sky130_fd_sc_hd__ff_n40C_1v95.lib'…
[WARNING STA-1140] /home/cl4/.ciel/ciel/sky130/versions/8afc8346a57fe1ab7934ba5a6056ea8b43078e71/sky130A/libs.ref/sky130_fd_sc_hd/lib/sky130_fd_sc_hd__ff_n40C_1v95.lib line 1, library sky130_fd_sc_hd__ff_n40C_1v95 already exists.
Reading timing models for corner max_ss_100C_1v60…
Reading timing library for the 'max_ss_100C_1v60' corner at '/home/cl4/.ciel/ciel/sky130/versions/8afc8346a57fe1ab7934ba5a6056ea8b43078e71/sky130A/libs.ref/sky130_fd_sc_hd/lib/sky130_fd_sc_hd__ss_100C_1v60.lib'…
[WARNING STA-1140] /home/cl4/.ciel/ciel/sky130/versions/8afc8346a57fe1ab7934ba5a6056ea8b43078e71/sky130A/libs.ref/sky130_fd_sc_hd/lib/sky130_fd_sc_hd__ss_100C_1v60.lib line 1, library sky130_fd_sc_hd__ss_100C_1v60 already exists.
Reading timing models for corner min_tt_025C_1v80…
Reading timing library for the 'min_tt_025C_1v80' corner at '/home/cl4/.ciel/ciel/sky130/versions/8afc8346a57fe1ab7934ba5a6056ea8b43078e71/sky130A/libs.ref/sky130_fd_sc_hd/lib/sky130_fd_sc_hd__tt_025C_1v80.lib'…
[WARNING STA-1140] /home/cl4/.ciel/ciel/sky130/versions/8afc8346a57fe1ab7934ba5a6056ea8b43078e71/sky130A/libs.ref/sky130_fd_sc_hd/lib/sky130_fd_sc_hd__tt_025C_1v80.lib line 1, library sky130_fd_sc_hd__tt_025C_1v80 already exists.
Reading timing models for corner nom_ss_100C_1v60…
Reading timing library for the 'nom_ss_100C_1v60' corner at '/home/cl4/.ciel/ciel/sky130/versions/8afc8346a57fe1ab7934ba5a6056ea8b43078e71/sky130A/libs.ref/sky130_fd_sc_hd/lib/sky130_fd_sc_hd__ss_100C_1v60.lib'…
[WARNING STA-1140] /home/cl4/.ciel/ciel/sky130/versions/8afc8346a57fe1ab7934ba5a6056ea8b43078e71/sky130A/libs.ref/sky130_fd_sc_hd/lib/sky130_fd_sc_hd__ss_100C_1v60.lib line 1, library sky130_fd_sc_hd__ss_100C_1v60 already exists.
Reading timing models for corner min_ff_n40C_1v95…
Reading timing library for the 'min_ff_n40C_1v95' corner at '/home/cl4/.ciel/ciel/sky130/versions/8afc8346a57fe1ab7934ba5a6056ea8b43078e71/sky130A/libs.ref/sky130_fd_sc_hd/lib/sky130_fd_sc_hd__ff_n40C_1v95.lib'…
[WARNING STA-1140] /home/cl4/.ciel/ciel/sky130/versions/8afc8346a57fe1ab7934ba5a6056ea8b43078e71/sky130A/libs.ref/sky130_fd_sc_hd/lib/sky130_fd_sc_hd__ff_n40C_1v95.lib line 1, library sky130_fd_sc_hd__ff_n40C_1v95 already exists.
Reading OpenROAD database at '/home/cl4/Desktop/training/single_cycle/runs/RUN_2026-08-24_11-32-28/35-openroad-cts/single_cycle_cpu.odb'…
Reading design constraints file at '/home/cl4/Desktop/training/single_cycle/src/impl.sdc'…
[INFO] Using clock clk…
[INFO] Setting output delay to: 5.0
[INFO] Setting input delay to: 5.0
[INFO] Setting load to: 0.033442
[INFO] Setting clock uncertainty to: 0.25
[INFO] Setting clock transition to: 0.1499999999999999944488848768742172978818416595458984375
[INFO] Setting timing derate to: 5%
[INFO] No information on clock propagation in input SDC file-- propagating all clocks.
+ repair_timing -verbose -setup -setup_margin 0.05000000000000000277555756156289135105907917022705078125 -max_buffer_percent 50
[INFO RSZ-0100] Repair move sequence: UnbufferMove SizeUpMove SwapPinsMove BufferMove CloneMove SplitLoadMove 
[INFO RSZ-0098] No setup violations found
+ repair_timing -verbose -hold -setup_margin 0.05000000000000000277555756156289135105907917022705078125 -hold_margin 0.1000000000000000055511151231257827021181583404541015625 -max_buffer_percent 50
[INFO RSZ-0046] Found 669 endpoints with hold violations.
Iteration | Resized | Buffers | Cloned Gates |   Area   |   WNS   |   TNS   | Endpoint
--------------------------------------------------------------------------------------
        0 |       0 |       0 |            0 |    +0.0% |  -0.036 |  -8.985 | _6944_/D
       10 |       0 |       9 |            0 |    +0.2% |  -0.035 |  -8.664 | _6801_/D
       20 |       0 |      19 |            0 |    +0.5% |  -0.034 |  -8.318 | _6893_/D
       30 |       0 |      29 |            0 |    +0.7% |  -0.034 |  -7.975 | _6771_/D
       40 |       0 |      39 |            0 |    +1.0% |  -0.034 |  -7.634 | _6724_/D
       50 |       0 |      49 |            0 |    +1.2% |  -0.034 |  -7.294 | _6765_/D
       60 |       0 |      59 |            0 |    +1.5% |  -0.034 |  -6.955 | _6735_/D
       70 |       0 |      69 |            0 |    +1.7% |  -0.034 |  -6.617 | _6729_/D
       80 |       0 |      79 |            0 |    +1.9% |  -0.034 |  -6.279 | _6957_/D
       90 |       0 |      89 |            0 |    +2.2% |  -0.034 |  -5.942 | _6745_/D
      100 |       0 |      99 |            0 |    +2.4% |  -0.034 |  -5.605 | _6948_/D
      110 |       0 |     109 |            0 |    +2.7% |  -0.033 |  -5.270 | _6780_/D
      120 |       0 |     119 |            0 |    +2.9% |  -0.033 |  -4.936 | _6810_/D
      130 |       0 |     129 |            0 |    +3.2% |  -0.033 |  -4.602 | _6959_/D
      140 |       0 |     139 |            0 |    +3.4% |  -0.033 |  -4.269 | _6827_/D
      150 |       0 |     149 |            0 |    +3.7% |  -0.033 |  -3.937 | _6925_/D
      160 |       0 |     159 |            0 |    +3.9% |  -0.033 |  -3.606 | _6778_/D
      170 |       0 |     169 |            0 |    +4.2% |  -0.033 |  -3.275 | _6815_/D
      180 |       0 |     179 |            0 |    +4.4% |  -0.033 |  -2.944 | _6761_/D
      190 |       0 |     189 |            0 |    +4.7% |  -0.033 |  -2.615 | _6921_/D
      200 |       0 |     199 |            0 |    +4.9% |  -0.033 |  -2.286 | _6969_/D
      210 |       0 |     209 |            0 |    +5.2% |  -0.033 |  -1.958 | _6837_/D
      220 |       0 |     219 |            0 |    +5.4% |  -0.033 |  -1.632 | _6826_/D
      230 |       0 |     229 |            0 |    +5.6% |  -0.032 |  -1.306 | _6902_/D
      240 |       0 |     239 |            0 |    +5.9% |  -0.032 |  -0.981 | _6809_/D
      250 |       0 |     249 |            0 |    +6.1% |  -0.032 |  -0.659 | _6785_/D
      260 |       0 |     259 |            0 |    +6.4% |  -0.026 |  -0.352 | _6942_/D
      270 |       0 |     269 |            0 |    +6.6% |  -0.009 |  -0.234 | _7069_/D
      280 |       0 |     279 |            0 |    +6.9% |  -0.009 |  -0.144 | _7111_/D
      290 |       0 |     289 |            0 |    +7.1% |  -0.005 |  -0.072 | _7096_/D
      300 |       0 |     299 |            0 |    +7.4% |  -0.003 |  -0.031 | _7075_/D
      310 |       0 |     309 |            0 |    +7.6% |  -0.002 |  -0.008 | _7077_/D
      320 |       0 |     319 |            0 |    +7.9% |   0.003 |   0.000 | _7101_/D
      330 |       0 |     329 |            0 |    +8.1% |   0.046 |   0.000 | _6717_/D
      340 |       0 |     339 |            0 |    +8.4% |   0.048 |   0.000 | _6696_/D
      350 |       0 |     349 |            0 |    +8.6% |   0.052 |   0.000 | _7018_/D
      360 |       0 |     359 |            0 |    +8.8% |   0.056 |   0.000 | _7050_/D
      370 |       0 |     371 |            0 |    +9.1% |   0.060 |   0.000 | _7029_/D
      380 |       0 |     381 |            0 |    +9.4% |   0.063 |   0.000 | _7046_/D
      390 |       0 |     391 |            0 |    +9.6% |   0.066 |   0.000 | _7051_/D
      400 |       0 |     401 |            0 |    +9.9% |   0.069 |   0.000 | _7043_/D
      410 |       0 |     411 |            0 |   +10.1% |   0.071 |   0.000 | _7034_/D
      420 |       0 |     421 |            0 |   +10.4% |   0.074 |   0.000 | _7201_/D
      430 |       0 |     431 |            0 |   +10.6% |   0.074 |   0.000 | _7272_/D
      440 |       0 |     441 |            0 |   +10.9% |   0.074 |   0.000 | _7186_/D
      450 |       0 |     451 |            0 |   +11.1% |   0.075 |   0.000 | _7381_/D
      460 |       0 |     461 |            0 |   +11.4% |   0.075 |   0.000 | _7212_/D
      470 |       0 |     471 |            0 |   +11.6% |   0.077 |   0.000 | _7263_/D
      480 |       0 |     482 |            0 |   +11.9% |   0.077 |   0.000 | _7200_/D
      490 |       0 |     492 |            0 |   +12.1% |   0.079 |   0.000 | _7224_/D
      500 |       0 |     503 |            0 |   +12.4% |   0.082 |   0.000 | _7338_/D
      510 |       0 |     513 |            0 |   +12.6% |   0.083 |   0.000 | _7355_/D
      520 |       0 |     524 |            0 |   +12.9% |   0.083 |   0.000 | _7282_/D
      530 |       0 |     531 |            0 |   +13.1% |   0.084 |   0.000 | _7131_/D
      540 |       0 |     540 |            0 |   +13.3% |   0.085 |   0.000 | _7140_/D
      550 |       0 |     550 |            0 |   +13.6% |   0.086 |   0.000 | _7147_/D
      560 |       0 |     559 |            0 |   +13.8% |   0.086 |   0.000 | _7374_/D
      570 |       0 |     569 |            0 |   +14.0% |   0.086 |   0.000 | _7171_/D
      580 |       0 |     580 |            0 |   +14.3% |   0.087 |   0.000 | _7134_/D
      590 |       0 |     587 |            0 |   +14.5% |   0.089 |   0.000 | _7174_/D
      600 |       0 |     596 |            0 |   +14.7% |   0.090 |   0.000 | _7148_/D
      610 |       0 |     604 |            0 |   +14.9% |   0.090 |   0.000 | _7195_/D
      620 |       0 |     612 |            0 |   +15.1% |   0.091 |   0.000 | _7040_/D
      630 |       0 |     618 |            0 |   +15.2% |   0.092 |   0.000 | _7290_/D
      640 |       0 |     626 |            0 |   +15.4% |   0.095 |   0.000 | _7218_/D
      650 |       0 |     633 |            0 |   +15.6% |   0.096 |   0.000 | _7306_/D
      660 |       0 |     642 |            0 |   +15.8% |   0.098 |   0.000 | _7248_/D
    final |       0 |     650 |            0 |   +16.0% |   0.100 |   0.000 | _7344_/D
--------------------------------------------------------------------------------------
[INFO RSZ-0032] Inserted 650 hold buffers.
+ detailed_placement -max_displacement  500 100 
Placement Analysis
---------------------------------
total displacement       3785.8 u
average displacement        0.7 u
max displacement           21.8 u
original HPWL          120123.2 u
legalized HPWL         126336.7 u
delta HPWL                    5 %

[INFO DPL-0020] Mirrored 1880 instances
[INFO DPL-0021] HPWL before          126336.7 u
[INFO DPL-0022] HPWL after           121883.0 u
[INFO DPL-0023] HPWL delta               -3.5 %
Setting global connections for newly added cells…
[INFO] Setting global connections...
[INFO ODB-0403] 2600 connections made, 0 conflicts skipped.
Updating metrics…
Cell type report:                       Count       Area
  Fill cell                               234     878.34
  Tap cell                               1428    1786.71
  Buffer                                    3      12.51
  Clock buffer                             72    1574.01
  Timing Repair Buffer                   1018    8901.04
  Inverter                                479    1810.49
  Clock inverter                           20     267.76
  Sequential cell                         720   17456.74
  Multi-Input combinational cell         1767   17097.65
  Total                                  5741   49785.25
Writing OpenROAD database to '/home/cl4/Desktop/training/single_cycle/runs/RUN_2026-08-24_11-32-28/37-openroad-resizertimingpostcts/single_cycle_cpu.odb'…
Writing netlist to '/home/cl4/Desktop/training/single_cycle/runs/RUN_2026-08-24_11-32-28/37-openroad-resizertimingpostcts/single_cycle_cpu.nl.v'…
Writing powered netlist to '/home/cl4/Desktop/training/single_cycle/runs/RUN_2026-08-24_11-32-28/37-openroad-resizertimingpostcts/single_cycle_cpu.pnl.v'…
Writing layout to '/home/cl4/Desktop/training/single_cycle/runs/RUN_2026-08-24_11-32-28/37-openroad-resizertimingpostcts/single_cycle_cpu.def'…
Writing timing constraints to '/home/cl4/Desktop/training/single_cycle/runs/RUN_2026-08-24_11-32-28/37-openroad-resizertimingpostcts/single_cycle_cpu.sdc'…
